[2025-07-25 08:45:35,989][root][INFO] - ORIGINAL CWD : /home/sota/research/sotaohnuma/coffee
[2025-07-25 08:45:35,990][root][INFO] - RUN CWD      : /home/sota/research/sotaohnuma/coffee/outputs/bean_224/vit_b16/base/2025-07-25_08-45-35
[2025-07-25 08:45:35,990][root][INFO] - batch: 84, 
 {'_target_': 'models.vit_b16_pretrained.vit_b16', 'num_classes': 2, 'batch_size': 84}
[2025-07-25 08:45:35,990][root][INFO] - Start loading train data
[2025-07-25 08:45:36,249][root][INFO] - Start loading val data
[2025-07-25 08:45:36,279][root][INFO] - Start loading test data
[2025-07-25 08:45:36,306][root][INFO] - Finished DataLoader setup
[2025-07-25 08:45:36,306][root][INFO] - Starting Optimize
[2025-07-25 08:45:53,008][root][INFO] - starting train
[2025-07-25 08:45:53,009][root][INFO] - epoch: 0
[2025-07-25 09:08:06,388][root][INFO] - epoch: 1
[2025-07-25 09:30:21,400][root][INFO] - epoch: 2
[2025-07-25 09:52:36,740][root][INFO] - epoch: 3
[2025-07-25 10:14:52,981][root][INFO] - epoch: 4
[2025-07-25 10:37:11,066][root][INFO] - epoch: 5
[2025-07-25 10:59:28,840][root][INFO] - epoch: 6
[2025-07-25 11:21:47,567][root][INFO] - epoch: 7
[2025-07-25 11:44:07,210][root][INFO] - epoch: 8
[2025-07-25 12:06:28,519][root][INFO] - epoch: 9
[2025-07-25 12:28:49,000][root][INFO] - epoch: 10
[2025-07-25 12:51:10,837][root][INFO] - epoch: 11
[2025-07-25 13:13:32,066][root][INFO] - epoch: 12
[2025-07-25 13:35:53,062][root][INFO] - epoch: 13
[2025-07-25 13:58:15,129][root][INFO] - epoch: 14
[2025-07-25 14:20:37,700][root][INFO] - epoch: 15
[2025-07-25 14:43:00,055][root][INFO] - epoch: 16
[2025-07-25 15:05:22,828][root][INFO] - epoch: 17
[2025-07-25 15:27:45,962][root][INFO] - epoch: 18
[2025-07-25 15:50:11,512][root][INFO] - epoch: 19
[2025-07-25 16:12:36,092][root][INFO] - finished train
[2025-07-25 16:12:36,093][root][INFO] - starting eval
[2025-07-25 16:13:59,626][root][INFO] - finished eval
[2025-07-25 16:14:03,393][root][INFO] - starting train
[2025-07-25 16:14:03,394][root][INFO] - epoch: 0
[2025-07-25 16:36:30,405][root][INFO] - epoch: 1
[2025-07-25 16:58:55,644][root][INFO] - epoch: 2
[2025-07-25 17:21:21,017][root][INFO] - epoch: 3
[2025-07-25 17:43:46,603][root][INFO] - epoch: 4
[2025-07-25 18:06:12,394][root][INFO] - epoch: 5
[2025-07-25 18:28:38,172][root][INFO] - epoch: 6
[2025-07-25 18:51:03,662][root][INFO] - epoch: 7
[2025-07-25 19:13:30,975][root][INFO] - epoch: 8
[2025-07-25 19:35:58,457][root][INFO] - epoch: 9
[2025-07-25 19:58:26,279][root][INFO] - epoch: 10
[2025-07-25 20:20:54,184][root][INFO] - epoch: 11
[2025-07-25 20:43:22,339][root][INFO] - epoch: 12
[2025-07-25 21:05:49,758][root][INFO] - epoch: 13
[2025-07-25 21:28:18,185][root][INFO] - epoch: 14
[2025-07-25 21:50:46,492][root][INFO] - epoch: 15
[2025-07-25 22:13:14,636][root][INFO] - epoch: 16
[2025-07-25 22:35:41,899][root][INFO] - epoch: 17
[2025-07-25 22:58:10,273][root][INFO] - epoch: 18
[2025-07-25 23:20:40,237][root][INFO] - epoch: 19
[2025-07-25 23:43:10,095][root][INFO] - finished train
[2025-07-25 23:43:10,095][root][INFO] - starting eval
[2025-07-25 23:44:33,818][root][INFO] - finished eval
[2025-07-25 23:44:37,799][root][INFO] - starting train
[2025-07-25 23:44:37,800][root][INFO] - epoch: 0
[2025-07-26 00:07:07,855][root][INFO] - epoch: 1
[2025-07-26 00:29:38,947][root][INFO] - epoch: 2
[2025-07-26 00:52:08,505][root][INFO] - epoch: 3
[2025-07-26 01:14:36,511][root][INFO] - epoch: 4
[2025-07-26 01:37:03,295][root][INFO] - epoch: 5
[2025-07-26 01:59:30,294][root][INFO] - epoch: 6
[2025-07-26 02:21:56,676][root][INFO] - epoch: 7
[2025-07-26 02:44:22,146][root][INFO] - epoch: 8
[2025-07-26 03:06:48,443][root][INFO] - epoch: 9
[2025-07-26 03:29:15,276][root][INFO] - epoch: 10
[2025-07-26 03:51:42,383][root][INFO] - epoch: 11
[2025-07-26 04:14:09,857][root][INFO] - epoch: 12
[2025-07-26 04:36:37,667][root][INFO] - epoch: 13
[2025-07-26 04:59:05,639][root][INFO] - epoch: 14
[2025-07-26 05:21:33,988][root][INFO] - epoch: 15
[2025-07-26 05:44:02,839][root][INFO] - epoch: 16
[2025-07-26 06:06:32,733][root][INFO] - epoch: 17
[2025-07-26 06:29:02,329][root][INFO] - epoch: 18
[2025-07-26 06:51:31,677][root][INFO] - epoch: 19
[2025-07-26 07:14:01,777][root][INFO] - finished train
[2025-07-26 07:14:01,777][root][INFO] - starting eval
[2025-07-26 07:15:24,587][root][INFO] - finished eval
[2025-07-26 07:15:26,546][root][INFO] - starting train
[2025-07-26 07:15:26,546][root][INFO] - epoch: 0
[2025-07-26 07:37:55,991][root][INFO] - epoch: 1
[2025-07-26 08:00:26,420][root][INFO] - epoch: 2
