[2025-09-22 05:15:02,930][root][INFO] - ORIGINAL CWD : /home/sota/research/sotaohnuma/coffee
[2025-09-22 05:15:02,930][root][INFO] - RUN CWD      : /home/sota/research/sotaohnuma/coffee/outputs/bean_224/mobilenetv2_050_np/base/2025-09-22_05-15-02
[2025-09-22 05:15:02,930][root][INFO] - batch: 16, 
 {'batch_size': 16, '_target_': 'models.mobilenetv2_050_np.mobilenetv2_050_np', 'lr': 0.0001, 'weight_decay': 0.00012}
[2025-09-22 05:15:02,930][root][INFO] - lr: 0.0001, 
 {'_target_': 'models.mobilenetv2_050_np.mobilenetv2_050_np', 'lr': 0.0001, 'weight_decay': 0.00012}
[2025-09-22 05:15:02,930][root][INFO] - weight_decay: 0.00012, 
 {'_target_': 'models.mobilenetv2_050_np.mobilenetv2_050_np', 'weight_decay': 0.00012}
[2025-09-22 05:15:03,681][root][INFO] - Start loading train data
[2025-09-22 05:15:03,802][root][INFO] - Start loading val data
[2025-09-22 05:15:03,816][root][INFO] - Start loading test data
[2025-09-22 05:15:04,026][root][INFO] - Finished DataLoader setup
[2025-09-22 05:15:04,027][root][INFO] - Start: 0
[2025-09-22 05:17:29,669][root][INFO] - [01/100] train 53.342%/0.8935 | val 56.125%/0.7374
[2025-09-22 05:17:29,720][root][INFO] - Start: 1
[2025-09-22 05:19:54,389][root][INFO] - [02/100] train 56.580%/0.7289 | val 57.431%/0.7116
[2025-09-22 05:19:54,453][root][INFO] - Start: 2
[2025-09-22 05:22:17,221][root][INFO] - [03/100] train 58.141%/0.7077 | val 54.944%/0.7393
[2025-09-22 05:22:17,221][root][INFO] - Start: 3
[2025-09-22 05:24:40,773][root][INFO] - [04/100] train 59.503%/0.6941 | val 58.056%/0.6968
[2025-09-22 05:24:40,809][root][INFO] - Start: 4
[2025-09-22 05:27:06,211][root][INFO] - [05/100] train 60.991%/0.6777 | val 57.500%/0.7046
[2025-09-22 05:27:06,211][root][INFO] - Start: 5
[2025-09-22 05:29:32,734][root][INFO] - [06/100] train 61.510%/0.6680 | val 56.278%/0.7437
[2025-09-22 05:29:32,734][root][INFO] - Start: 6
[2025-09-22 05:31:54,804][root][INFO] - [07/100] train 63.104%/0.6532 | val 58.556%/0.6817
[2025-09-22 05:31:54,925][root][INFO] - Start: 7
[2025-09-22 05:34:19,596][root][INFO] - [08/100] train 65.122%/0.6304 | val 66.917%/0.6048
[2025-09-22 05:34:19,653][root][INFO] - Start: 8
[2025-09-22 05:36:44,407][root][INFO] - [09/100] train 67.104%/0.6050 | val 65.000%/0.6332
[2025-09-22 05:36:44,407][root][INFO] - Start: 9
[2025-09-22 05:39:08,913][root][INFO] - [10/100] train 72.892%/0.5382 | val 78.264%/0.4632
[2025-09-22 05:39:08,947][root][INFO] - Start: 10
[2025-09-22 05:41:32,583][root][INFO] - [11/100] train 79.413%/0.4448 | val 79.486%/0.4516
[2025-09-22 05:41:32,632][root][INFO] - Start: 11
[2025-09-22 05:43:56,804][root][INFO] - [12/100] train 83.839%/0.3668 | val 85.764%/0.3275
[2025-09-22 05:43:56,851][root][INFO] - Start: 12
[2025-09-22 05:46:20,973][root][INFO] - [13/100] train 86.891%/0.3102 | val 87.792%/0.2692
[2025-09-22 05:46:21,021][root][INFO] - Start: 13
[2025-09-22 05:48:46,526][root][INFO] - [14/100] train 88.832%/0.2697 | val 89.083%/0.2610
[2025-09-22 05:48:46,562][root][INFO] - Start: 14
[2025-09-22 05:51:12,963][root][INFO] - [15/100] train 90.405%/0.2345 | val 90.069%/0.2250
[2025-09-22 05:51:12,998][root][INFO] - Start: 15
[2025-09-22 05:53:37,967][root][INFO] - [16/100] train 91.814%/0.2038 | val 89.097%/0.2712
[2025-09-22 05:53:37,967][root][INFO] - Start: 16
[2025-09-22 05:56:04,432][root][INFO] - [17/100] train 92.825%/0.1798 | val 91.097%/0.2225
[2025-09-22 05:56:04,466][root][INFO] - Start: 17
[2025-09-22 05:58:28,818][root][INFO] - [18/100] train 93.804%/0.1579 | val 90.028%/0.2474
[2025-09-22 05:58:28,819][root][INFO] - Start: 18
[2025-09-22 06:00:54,792][root][INFO] - [19/100] train 94.439%/0.1389 | val 91.278%/0.2149
[2025-09-22 06:00:54,827][root][INFO] - Start: 19
[2025-09-22 06:03:20,448][root][INFO] - [20/100] train 95.349%/0.1180 | val 91.528%/0.2200
[2025-09-22 06:03:20,485][root][INFO] - Start: 20
[2025-09-22 06:05:41,878][root][INFO] - [21/100] train 96.010%/0.1038 | val 90.472%/0.2466
[2025-09-22 06:05:41,878][root][INFO] - Start: 21
[2025-09-22 06:08:05,130][root][INFO] - [22/100] train 96.417%/0.0934 | val 91.472%/0.2377
[2025-09-22 06:08:05,130][root][INFO] - Start: 22
[2025-09-22 06:10:25,988][root][INFO] - [23/100] train 96.738%/0.0852 | val 90.639%/0.2428
[2025-09-22 06:10:25,988][root][INFO] - Start: 23
[2025-09-22 06:12:46,200][root][INFO] - [24/100] train 97.201%/0.0730 | val 90.472%/0.2690
[2025-09-22 06:12:46,200][root][INFO] - Start: 24
[2025-09-22 06:15:08,757][root][INFO] - [25/100] train 97.502%/0.0660 | val 91.236%/0.2616
[2025-09-22 06:15:08,757][root][INFO] - Start: 25
[2025-09-22 06:17:31,276][root][INFO] - [26/100] train 97.658%/0.0609 | val 91.444%/0.2615
[2025-09-22 06:17:31,276][root][INFO] - Start: 26
[2025-09-22 06:19:53,660][root][INFO] - [27/100] train 97.865%/0.0574 | val 89.028%/0.3179
[2025-09-22 06:19:53,661][root][INFO] - Start: 27
[2025-09-22 06:22:15,988][root][INFO] - [28/100] train 98.087%/0.0514 | val 92.139%/0.2614
[2025-09-22 06:22:16,024][root][INFO] - Start: 28
[2025-09-22 06:24:37,095][root][INFO] - [29/100] train 98.278%/0.0465 | val 91.208%/0.2972
[2025-09-22 06:24:37,095][root][INFO] - Start: 29
[2025-09-22 06:26:57,959][root][INFO] - [30/100] train 98.330%/0.0451 | val 91.792%/0.2765
[2025-09-22 06:26:57,959][root][INFO] - Start: 30
[2025-09-22 06:29:25,320][root][INFO] - [31/100] train 98.519%/0.0410 | val 90.264%/0.3150
[2025-09-22 06:29:25,320][root][INFO] - Start: 31
[2025-09-22 06:31:54,387][root][INFO] - [32/100] train 98.609%/0.0377 | val 91.528%/0.2620
[2025-09-22 06:31:54,387][root][INFO] - Start: 32
[2025-09-22 06:34:20,868][root][INFO] - [33/100] train 98.637%/0.0356 | val 91.833%/0.2953
[2025-09-22 06:34:20,869][root][INFO] - Start: 33
[2025-09-22 06:36:46,161][root][INFO] - [34/100] train 98.780%/0.0351 | val 91.667%/0.2934
[2025-09-22 06:36:46,161][root][INFO] - Start: 34
[2025-09-22 06:39:12,665][root][INFO] - [35/100] train 98.740%/0.0332 | val 91.306%/0.2939
[2025-09-22 06:39:12,666][root][INFO] - Start: 35
[2025-09-22 06:41:37,752][root][INFO] - [36/100] train 98.845%/0.0323 | val 92.472%/0.2527
[2025-09-22 06:41:37,787][root][INFO] - Start: 36
[2025-09-22 06:44:03,362][root][INFO] - [37/100] train 98.918%/0.0289 | val 91.417%/0.3461
[2025-09-22 06:44:03,362][root][INFO] - Start: 37
[2025-09-22 06:46:29,542][root][INFO] - [38/100] train 99.056%/0.0254 | val 91.333%/0.3203
[2025-09-22 06:46:29,542][root][INFO] - Start: 38
[2025-09-22 06:48:54,133][root][INFO] - [39/100] train 99.137%/0.0238 | val 91.181%/0.3330
[2025-09-22 06:48:54,133][root][INFO] - Start: 39
[2025-09-22 06:51:21,000][root][INFO] - [40/100] train 99.113%/0.0238 | val 91.528%/0.3136
[2025-09-22 06:51:21,000][root][INFO] - Start: 40
[2025-09-22 06:53:45,485][root][INFO] - [41/100] train 99.226%/0.0220 | val 91.361%/0.3254
[2025-09-22 06:53:45,486][root][INFO] - Start: 41
[2025-09-22 06:56:10,998][root][INFO] - [42/100] train 99.181%/0.0228 | val 89.250%/0.4493
[2025-09-22 06:56:10,998][root][INFO] - Start: 42
[2025-09-22 06:58:39,440][root][INFO] - [43/100] train 99.283%/0.0206 | val 92.708%/0.3028
[2025-09-22 06:58:39,483][root][INFO] - Start: 43
[2025-09-22 07:01:07,537][root][INFO] - [44/100] train 99.255%/0.0196 | val 92.444%/0.3284
[2025-09-22 07:01:07,537][root][INFO] - Start: 44
[2025-09-22 07:03:35,905][root][INFO] - [45/100] train 99.307%/0.0197 | val 91.403%/0.3666
[2025-09-22 07:03:35,906][root][INFO] - Start: 45
[2025-09-22 07:06:04,653][root][INFO] - [46/100] train 99.391%/0.0162 | val 92.514%/0.3011
[2025-09-22 07:06:04,653][root][INFO] - Start: 46
[2025-09-22 07:08:32,158][root][INFO] - [47/100] train 99.441%/0.0161 | val 92.194%/0.3349
[2025-09-22 07:08:32,158][root][INFO] - Start: 47
[2025-09-22 07:10:59,273][root][INFO] - [48/100] train 99.392%/0.0165 | val 91.889%/0.3198
[2025-09-22 07:10:59,273][root][INFO] - Start: 48
[2025-09-22 07:13:27,313][root][INFO] - [49/100] train 99.481%/0.0150 | val 92.222%/0.3231
[2025-09-22 07:13:27,313][root][INFO] - Start: 49
[2025-09-22 07:15:52,728][root][INFO] - [50/100] train 99.521%/0.0137 | val 92.458%/0.3024
[2025-09-22 07:15:52,728][root][INFO] - Start: 50
[2025-09-22 07:18:19,614][root][INFO] - [51/100] train 99.595%/0.0120 | val 90.708%/0.4106
[2025-09-22 07:18:19,615][root][INFO] - Start: 51
[2025-09-22 07:20:45,631][root][INFO] - [52/100] train 99.507%/0.0138 | val 92.236%/0.3435
[2025-09-22 07:20:45,631][root][INFO] - Start: 52
[2025-09-22 07:23:09,893][root][INFO] - [53/100] train 99.597%/0.0118 | val 92.708%/0.3402
[2025-09-22 07:23:09,893][root][INFO] - Start: 53
[2025-09-22 07:25:28,889][root][INFO] - [54/100] train 99.618%/0.0111 | val 92.625%/0.3339
[2025-09-22 07:25:28,889][root][INFO] - Start: 54
[2025-09-22 07:27:48,049][root][INFO] - [55/100] train 99.691%/0.0098 | val 92.458%/0.3227
[2025-09-22 07:27:48,049][root][INFO] - Start: 55
[2025-09-22 07:30:08,473][root][INFO] - [56/100] train 99.679%/0.0095 | val 92.181%/0.3659
[2025-09-22 07:30:08,474][root][INFO] - Start: 56
[2025-09-22 07:32:28,866][root][INFO] - [57/100] train 99.712%/0.0083 | val 92.236%/0.3660
[2025-09-22 07:32:28,867][root][INFO] - Start: 57
[2025-09-22 07:34:47,828][root][INFO] - [58/100] train 99.766%/0.0073 | val 92.278%/0.3602
[2025-09-22 07:34:47,828][root][INFO] - Start: 58
[2025-09-22 07:37:06,762][root][INFO] - [59/100] train 99.717%/0.0078 | val 92.514%/0.3616
[2025-09-22 07:37:06,762][root][INFO] - Start: 59
[2025-09-22 07:39:31,788][root][INFO] - [60/100] train 99.788%/0.0067 | val 92.694%/0.3642
[2025-09-22 07:39:31,788][root][INFO] - Start: 60
[2025-09-22 07:42:03,403][root][INFO] - [61/100] train 99.785%/0.0063 | val 92.847%/0.3370
[2025-09-22 07:42:03,437][root][INFO] - Start: 61
[2025-09-22 07:44:37,659][root][INFO] - [62/100] train 99.806%/0.0060 | val 92.292%/0.3729
[2025-09-22 07:44:37,659][root][INFO] - Start: 62
[2025-09-22 07:47:06,234][root][INFO] - [63/100] train 99.802%/0.0056 | val 92.319%/0.3765
[2025-09-22 07:47:06,234][root][INFO] - Start: 63
[2025-09-22 07:49:36,239][root][INFO] - [64/100] train 99.835%/0.0053 | val 92.403%/0.3613
[2025-09-22 07:49:36,239][root][INFO] - Start: 64
[2025-09-22 07:51:58,209][root][INFO] - [65/100] train 99.882%/0.0037 | val 91.514%/0.4090
[2025-09-22 07:51:58,210][root][INFO] - Start: 65
[2025-09-22 07:54:19,795][root][INFO] - [66/100] train 99.856%/0.0043 | val 92.750%/0.3570
[2025-09-22 07:54:19,795][root][INFO] - Start: 66
[2025-09-22 07:56:45,898][root][INFO] - [67/100] train 99.870%/0.0044 | val 92.361%/0.3477
[2025-09-22 07:56:45,898][root][INFO] - Start: 67
[2025-09-22 07:59:13,771][root][INFO] - [68/100] train 99.882%/0.0037 | val 92.236%/0.3861
[2025-09-22 07:59:13,772][root][INFO] - Start: 68
[2025-09-22 08:01:41,300][root][INFO] - [69/100] train 99.894%/0.0034 | val 92.458%/0.3808
[2025-09-22 08:01:41,300][root][INFO] - Start: 69
[2025-09-22 08:04:11,438][root][INFO] - [70/100] train 99.891%/0.0032 | val 92.556%/0.3798
[2025-09-22 08:04:11,438][root][INFO] - Start: 70
[2025-09-22 08:06:41,398][root][INFO] - [71/100] train 99.922%/0.0026 | val 92.903%/0.3596
[2025-09-22 08:06:41,431][root][INFO] - Start: 71
[2025-09-22 08:09:04,463][root][INFO] - [72/100] train 99.915%/0.0024 | val 92.542%/0.3609
[2025-09-22 08:09:04,464][root][INFO] - Start: 72
[2025-09-22 08:11:31,358][root][INFO] - [73/100] train 99.938%/0.0020 | val 92.847%/0.3806
[2025-09-22 08:11:31,358][root][INFO] - Start: 73
[2025-09-22 08:13:56,922][root][INFO] - [74/100] train 99.960%/0.0015 | val 92.722%/0.3852
[2025-09-22 08:13:56,922][root][INFO] - Start: 74
[2025-09-22 08:16:24,044][root][INFO] - [75/100] train 99.957%/0.0016 | val 92.694%/0.3854
[2025-09-22 08:16:24,044][root][INFO] - Start: 75
[2025-09-22 08:18:54,890][root][INFO] - [76/100] train 99.939%/0.0019 | val 92.667%/0.3600
[2025-09-22 08:18:54,890][root][INFO] - Start: 76
[2025-09-22 08:21:15,961][root][INFO] - [77/100] train 99.962%/0.0015 | val 92.403%/0.4115
[2025-09-22 08:21:15,961][root][INFO] - Start: 77
[2025-09-22 08:23:49,989][root][INFO] - [78/100] train 99.948%/0.0016 | val 93.083%/0.3632
[2025-09-22 08:23:50,022][root][INFO] - Start: 78
[2025-09-22 08:26:18,757][root][INFO] - [79/100] train 99.970%/0.0012 | val 92.486%/0.3839
[2025-09-22 08:26:18,757][root][INFO] - Start: 79
[2025-09-22 08:28:42,782][root][INFO] - [80/100] train 99.979%/0.0008 | val 92.792%/0.3925
[2025-09-22 08:28:42,783][root][INFO] - Start: 80
[2025-09-22 08:31:00,254][root][INFO] - [81/100] train 99.981%/0.0010 | val 92.514%/0.4075
[2025-09-22 08:31:00,255][root][INFO] - Start: 81
[2025-09-22 08:33:24,887][root][INFO] - [82/100] train 99.970%/0.0011 | val 92.514%/0.3893
[2025-09-22 08:33:24,888][root][INFO] - Start: 82
[2025-09-22 08:35:51,220][root][INFO] - [83/100] train 99.988%/0.0006 | val 92.819%/0.3968
[2025-09-22 08:35:51,220][root][INFO] - Start: 83
[2025-09-22 08:38:14,763][root][INFO] - [84/100] train 99.981%/0.0007 | val 92.653%/0.3949
[2025-09-22 08:38:14,764][root][INFO] - Start: 84
[2025-09-22 08:40:37,105][root][INFO] - [85/100] train 99.990%/0.0006 | val 92.500%/0.3955
[2025-09-22 08:40:37,105][root][INFO] - Start: 85
[2025-09-22 08:43:06,964][root][INFO] - [86/100] train 99.983%/0.0006 | val 92.833%/0.4162
[2025-09-22 08:43:06,964][root][INFO] - Start: 86
[2025-09-22 08:45:31,325][root][INFO] - [87/100] train 99.976%/0.0008 | val 92.847%/0.3786
[2025-09-22 08:45:31,325][root][INFO] - Start: 87
[2025-09-22 08:47:46,482][root][INFO] - [88/100] train 99.986%/0.0006 | val 92.806%/0.3962
[2025-09-22 08:47:46,483][root][INFO] - Start: 88
[2025-09-22 08:50:15,441][root][INFO] - [89/100] train 99.991%/0.0005 | val 92.528%/0.4111
[2025-09-22 08:50:15,442][root][INFO] - Start: 89
[2025-09-22 08:52:44,773][root][INFO] - [90/100] train 99.991%/0.0004 | val 92.639%/0.4069
[2025-09-22 08:52:44,773][root][INFO] - Start: 90
[2025-09-22 08:55:07,590][root][INFO] - [91/100] train 99.990%/0.0005 | val 92.750%/0.4004
[2025-09-22 08:55:07,591][root][INFO] - Start: 91
[2025-09-22 08:57:31,285][root][INFO] - [92/100] train 99.990%/0.0005 | val 92.653%/0.4027
[2025-09-22 08:57:31,285][root][INFO] - Start: 92
[2025-09-22 08:59:56,114][root][INFO] - [93/100] train 99.991%/0.0003 | val 92.722%/0.4086
[2025-09-22 08:59:56,114][root][INFO] - Start: 93
[2025-09-22 09:02:20,399][root][INFO] - [94/100] train 99.993%/0.0004 | val 92.444%/0.4358
[2025-09-22 09:02:20,399][root][INFO] - Start: 94
[2025-09-22 09:04:51,729][root][INFO] - [95/100] train 99.993%/0.0005 | val 92.792%/0.3959
[2025-09-22 09:04:51,730][root][INFO] - Start: 95
[2025-09-22 09:07:05,562][root][INFO] - [96/100] train 99.991%/0.0004 | val 92.889%/0.3970
[2025-09-22 09:07:05,562][root][INFO] - Start: 96
[2025-09-22 09:09:30,707][root][INFO] - [97/100] train 99.995%/0.0003 | val 92.736%/0.4133
[2025-09-22 09:09:30,707][root][INFO] - Start: 97
[2025-09-22 09:12:10,470][root][INFO] - [98/100] train 99.993%/0.0003 | val 92.944%/0.3953
[2025-09-22 09:12:10,470][root][INFO] - Start: 98
[2025-09-22 09:14:35,434][root][INFO] - [99/100] train 99.995%/0.0003 | val 92.653%/0.4156
[2025-09-22 09:14:35,435][root][INFO] - Start: 99
[2025-09-22 09:16:56,000][root][INFO] - [100/100] train 99.991%/0.0004 | val 92.903%/0.4021
[2025-09-22 09:17:01,419][root][INFO] - 
[Test Evaluation]
[2025-09-22 09:17:01,419][root][INFO] -  Accuracy : 0.927
[2025-09-22 09:17:01,420][root][INFO] -  Precision: 0.925
[2025-09-22 09:17:01,420][root][INFO] -  Recall   : 0.930
[2025-09-22 09:17:01,420][root][INFO] -  F1       : 0.927
[2025-09-22 09:17:01,420][root][INFO] -  Auc      : 0.979
