[2025-09-26 09:29:24,417][root][INFO] - ORIGINAL CWD : /home/sota/research/sotaohnuma/coffee
[2025-09-26 09:29:24,418][root][INFO] - RUN CWD      : /home/sota/research/sotaohnuma/coffee/outputs/kd/cnn_student100/2025-09-26_09-29-24
[2025-09-26 09:29:26,788][root][INFO] - Start epoch 1
[2025-09-26 09:35:49,237][root][INFO] - [01/100] train 57.715%/5.5551 | val 61.431%/5.2915
[2025-09-26 09:35:49,242][root][INFO] - Start epoch 2
[2025-09-26 09:42:16,250][root][INFO] - [02/100] train 61.714%/5.4314 | val 63.958%/5.1875
[2025-09-26 09:42:16,254][root][INFO] - Start epoch 3
[2025-09-26 09:48:41,913][root][INFO] - [03/100] train 62.089%/5.3347 | val 62.389%/5.0826
[2025-09-26 09:48:41,914][root][INFO] - Start epoch 4
[2025-09-26 09:55:07,872][root][INFO] - [04/100] train 63.351%/5.2325 | val 67.278%/5.0178
[2025-09-26 09:55:07,878][root][INFO] - Start epoch 5
[2025-09-26 10:01:34,457][root][INFO] - [05/100] train 64.852%/5.1296 | val 68.736%/4.8724
[2025-09-26 10:01:34,463][root][INFO] - Start epoch 6
[2025-09-26 10:07:59,907][root][INFO] - [06/100] train 66.181%/5.0242 | val 70.708%/4.7198
[2025-09-26 10:07:59,910][root][INFO] - Start epoch 7
[2025-09-26 10:14:26,338][root][INFO] - [07/100] train 68.538%/4.8743 | val 63.417%/4.8852
[2025-09-26 10:14:26,339][root][INFO] - Start epoch 8
[2025-09-26 10:20:52,946][root][INFO] - [08/100] train 72.306%/4.6029 | val 55.764%/6.1888
[2025-09-26 10:20:52,947][root][INFO] - Start epoch 9
[2025-09-26 10:27:18,948][root][INFO] - [09/100] train 74.632%/4.3627 | val 50.056%/16.0530
[2025-09-26 10:27:18,948][root][INFO] - Start epoch 10
[2025-09-26 10:33:44,582][root][INFO] - [10/100] train 76.151%/4.1867 | val 68.708%/4.6029
[2025-09-26 10:33:44,582][root][INFO] - Start epoch 11
[2025-09-26 10:40:13,171][root][INFO] - [11/100] train 76.865%/4.0961 | val 68.417%/4.6567
[2025-09-26 10:40:13,171][root][INFO] - Start epoch 12
[2025-09-26 10:46:39,898][root][INFO] - [12/100] train 78.517%/3.9048 | val 80.875%/3.6656
[2025-09-26 10:46:39,902][root][INFO] - Start epoch 13
[2025-09-26 10:53:08,003][root][INFO] - [13/100] train 79.476%/3.7855 | val 70.167%/4.1980
[2025-09-26 10:53:08,004][root][INFO] - Start epoch 14
[2025-09-26 10:59:34,939][root][INFO] - [14/100] train 80.089%/3.7061 | val 76.500%/3.8862
[2025-09-26 10:59:34,939][root][INFO] - Start epoch 15
[2025-09-26 11:06:02,589][root][INFO] - [15/100] train 80.760%/3.6092 | val 50.000%/45.6215
[2025-09-26 11:06:02,589][root][INFO] - Start epoch 16
[2025-09-26 11:12:29,868][root][INFO] - [16/100] train 81.243%/3.5347 | val 50.000%/27.5735
[2025-09-26 11:12:29,868][root][INFO] - Start epoch 17
[2025-09-26 11:18:57,599][root][INFO] - [17/100] train 81.920%/3.4528 | val 50.000%/54.7362
[2025-09-26 11:18:57,600][root][INFO] - Start epoch 18
[2025-09-26 11:25:25,323][root][INFO] - [18/100] train 81.995%/3.4097 | val 50.139%/33.6838
[2025-09-26 11:25:25,324][root][INFO] - Start epoch 19
[2025-09-26 11:31:53,491][root][INFO] - [19/100] train 82.464%/3.3597 | val 50.000%/33.1615
[2025-09-26 11:31:53,491][root][INFO] - Start epoch 20
[2025-09-26 11:38:22,046][root][INFO] - [20/100] train 82.965%/3.2744 | val 50.347%/29.2856
[2025-09-26 11:38:22,046][root][INFO] - Start epoch 21
[2025-09-26 11:44:49,907][root][INFO] - [21/100] train 83.252%/3.2386 | val 50.069%/44.3178
[2025-09-26 11:44:49,907][root][INFO] - Start epoch 22
[2025-09-26 11:51:18,274][root][INFO] - [22/100] train 83.635%/3.1790 | val 81.833%/3.0670
[2025-09-26 11:51:18,277][root][INFO] - Start epoch 23
[2025-09-26 11:57:45,653][root][INFO] - [23/100] train 83.747%/3.1701 | val 51.528%/22.3389
[2025-09-26 11:57:45,653][root][INFO] - Start epoch 24
[2025-09-26 12:04:14,178][root][INFO] - [24/100] train 83.878%/3.1321 | val 50.500%/17.6807
[2025-09-26 12:04:14,178][root][INFO] - Start epoch 25
[2025-09-26 12:10:40,974][root][INFO] - [25/100] train 84.399%/3.0694 | val 52.625%/11.5768
[2025-09-26 12:10:40,974][root][INFO] - Start epoch 26
[2025-09-26 12:17:09,327][root][INFO] - [26/100] train 84.410%/3.0567 | val 50.000%/94.0546
[2025-09-26 12:17:09,328][root][INFO] - Start epoch 27
[2025-09-26 12:23:36,548][root][INFO] - [27/100] train 84.807%/2.9999 | val 50.444%/27.7048
[2025-09-26 12:23:36,548][root][INFO] - Start epoch 28
[2025-09-26 12:30:05,465][root][INFO] - [28/100] train 84.870%/2.9827 | val 50.000%/100.9207
[2025-09-26 12:30:05,466][root][INFO] - Start epoch 29
[2025-09-26 12:36:32,426][root][INFO] - [29/100] train 85.031%/2.9471 | val 50.083%/33.9893
[2025-09-26 12:36:32,426][root][INFO] - Start epoch 30
[2025-09-26 12:42:59,630][root][INFO] - [30/100] train 85.177%/2.9188 | val 51.403%/24.6149
[2025-09-26 12:42:59,630][root][INFO] - Start epoch 31
[2025-09-26 12:49:24,966][root][INFO] - [31/100] train 85.227%/2.9227 | val 50.000%/65.2205
[2025-09-26 12:49:24,966][root][INFO] - Start epoch 32
[2025-09-26 12:55:49,770][root][INFO] - [32/100] train 85.474%/2.8802 | val 50.000%/52.8137
[2025-09-26 12:55:49,770][root][INFO] - Start epoch 33
[2025-09-26 13:02:14,275][root][INFO] - [33/100] train 85.538%/2.8589 | val 50.000%/36.3158
[2025-09-26 13:02:14,276][root][INFO] - Start epoch 34
[2025-09-26 13:08:38,354][root][INFO] - [34/100] train 85.543%/2.8570 | val 56.111%/9.7950
[2025-09-26 13:08:38,355][root][INFO] - Start epoch 35
[2025-09-26 13:15:03,711][root][INFO] - [35/100] train 85.698%/2.8265 | val 55.139%/13.1874
[2025-09-26 13:15:03,712][root][INFO] - Start epoch 36
[2025-09-26 13:21:29,778][root][INFO] - [36/100] train 86.026%/2.7850 | val 50.250%/23.5516
[2025-09-26 13:21:29,779][root][INFO] - Start epoch 37
[2025-09-26 13:27:54,939][root][INFO] - [37/100] train 85.835%/2.7858 | val 50.000%/107.5807
[2025-09-26 13:27:54,940][root][INFO] - Start epoch 38
[2025-09-26 13:34:20,295][root][INFO] - [38/100] train 86.049%/2.7557 | val 50.000%/151.3401
[2025-09-26 13:34:20,295][root][INFO] - Start epoch 39
[2025-09-26 13:40:46,197][root][INFO] - [39/100] train 86.047%/2.7662 | val 50.000%/36.8621
[2025-09-26 13:40:46,197][root][INFO] - Start epoch 40
[2025-09-26 13:47:10,405][root][INFO] - [40/100] train 86.151%/2.7341 | val 50.000%/51.2145
[2025-09-26 13:47:10,405][root][INFO] - Start epoch 41
[2025-09-26 13:53:36,273][root][INFO] - [41/100] train 86.339%/2.7019 | val 81.417%/3.2832
[2025-09-26 13:53:36,274][root][INFO] - Start epoch 42
[2025-09-26 14:00:01,132][root][INFO] - [42/100] train 86.715%/2.6777 | val 50.000%/84.1617
[2025-09-26 14:00:01,133][root][INFO] - Start epoch 43
[2025-09-26 14:06:26,616][root][INFO] - [43/100] train 86.689%/2.6581 | val 51.972%/16.1427
[2025-09-26 14:06:26,616][root][INFO] - Start epoch 44
[2025-09-26 14:12:51,242][root][INFO] - [44/100] train 86.736%/2.6555 | val 80.972%/3.3219
[2025-09-26 14:12:51,243][root][INFO] - Start epoch 45
[2025-09-26 14:19:17,076][root][INFO] - [45/100] train 86.865%/2.6351 | val 66.847%/6.2493
[2025-09-26 14:19:17,076][root][INFO] - Start epoch 46
[2025-09-26 14:25:41,593][root][INFO] - [46/100] train 86.986%/2.6263 | val 50.125%/48.3503
[2025-09-26 14:25:41,594][root][INFO] - Start epoch 47
[2025-09-26 14:32:06,600][root][INFO] - [47/100] train 86.844%/2.6144 | val 50.125%/49.1377
[2025-09-26 14:32:06,600][root][INFO] - Start epoch 48
[2025-09-26 14:38:31,246][root][INFO] - [48/100] train 86.988%/2.5971 | val 50.014%/72.4296
[2025-09-26 14:38:31,246][root][INFO] - Start epoch 49
[2025-09-26 14:44:56,290][root][INFO] - [49/100] train 87.149%/2.5755 | val 50.097%/43.9384
[2025-09-26 14:44:56,290][root][INFO] - Start epoch 50
[2025-09-26 14:51:20,378][root][INFO] - [50/100] train 87.224%/2.5759 | val 50.000%/53.4891
[2025-09-26 14:51:20,378][root][INFO] - Start epoch 51
[2025-09-26 14:57:45,538][root][INFO] - [51/100] train 87.408%/2.5562 | val 52.000%/17.7211
[2025-09-26 14:57:45,538][root][INFO] - Start epoch 52
[2025-09-26 15:04:11,333][root][INFO] - [52/100] train 87.226%/2.5437 | val 50.042%/52.7337
[2025-09-26 15:04:11,333][root][INFO] - Start epoch 53
[2025-09-26 15:10:35,721][root][INFO] - [53/100] train 87.568%/2.5249 | val 50.375%/32.6050
[2025-09-26 15:10:35,721][root][INFO] - Start epoch 54
[2025-09-26 15:17:00,425][root][INFO] - [54/100] train 87.491%/2.5224 | val 51.417%/22.7056
[2025-09-26 15:17:00,425][root][INFO] - Start epoch 55
[2025-09-26 15:23:24,318][root][INFO] - [55/100] train 87.722%/2.5035 | val 74.514%/4.0718
[2025-09-26 15:23:24,318][root][INFO] - Start epoch 56
[2025-09-26 15:29:50,327][root][INFO] - [56/100] train 87.688%/2.5124 | val 54.708%/14.8035
[2025-09-26 15:29:50,328][root][INFO] - Start epoch 57
[2025-09-26 15:36:14,921][root][INFO] - [57/100] train 87.863%/2.4762 | val 56.194%/12.1240
[2025-09-26 15:36:14,921][root][INFO] - Start epoch 58
[2025-09-26 15:42:39,109][root][INFO] - [58/100] train 87.740%/2.4740 | val 51.069%/27.9752
[2025-09-26 15:42:39,110][root][INFO] - Start epoch 59
[2025-09-26 15:49:03,605][root][INFO] - [59/100] train 87.845%/2.4584 | val 57.569%/10.7868
[2025-09-26 15:49:03,606][root][INFO] - Start epoch 60
[2025-09-26 15:55:28,375][root][INFO] - [60/100] train 87.934%/2.4404 | val 78.222%/3.7177
[2025-09-26 15:55:28,375][root][INFO] - Start epoch 61
[2025-09-26 16:01:51,870][root][INFO] - [61/100] train 88.019%/2.4390 | val 51.861%/20.6766
[2025-09-26 16:01:51,871][root][INFO] - Start epoch 62
[2025-09-26 16:08:15,908][root][INFO] - [62/100] train 88.045%/2.4293 | val 51.472%/18.8961
[2025-09-26 16:08:15,908][root][INFO] - Start epoch 63
[2025-09-26 16:14:40,908][root][INFO] - [63/100] train 88.108%/2.4215 | val 81.264%/3.2291
[2025-09-26 16:14:40,908][root][INFO] - Start epoch 64
[2025-09-26 16:21:04,736][root][INFO] - [64/100] train 88.122%/2.4245 | val 50.431%/32.3069
[2025-09-26 16:21:04,736][root][INFO] - Start epoch 65
[2025-09-26 16:27:29,212][root][INFO] - [65/100] train 88.182%/2.4033 | val 50.139%/37.5929
[2025-09-26 16:27:29,212][root][INFO] - Start epoch 66
[2025-09-26 16:33:54,029][root][INFO] - [66/100] train 88.167%/2.4015 | val 75.125%/4.0695
[2025-09-26 16:33:54,030][root][INFO] - Start epoch 67
[2025-09-26 16:40:18,544][root][INFO] - [67/100] train 88.366%/2.3900 | val 80.736%/3.3137
[2025-09-26 16:40:18,544][root][INFO] - Start epoch 68
[2025-09-26 16:46:42,154][root][INFO] - [68/100] train 88.483%/2.3716 | val 79.625%/3.3948
[2025-09-26 16:46:42,155][root][INFO] - Start epoch 69
[2025-09-26 16:53:07,286][root][INFO] - [69/100] train 88.340%/2.3869 | val 57.458%/12.5693
[2025-09-26 16:53:07,286][root][INFO] - Start epoch 70
[2025-09-26 16:59:30,623][root][INFO] - [70/100] train 88.422%/2.3744 | val 50.069%/57.9094
[2025-09-26 16:59:30,623][root][INFO] - Start epoch 71
[2025-09-26 17:05:56,288][root][INFO] - [71/100] train 88.552%/2.3629 | val 83.819%/2.7538
[2025-09-26 17:05:56,291][root][INFO] - Start epoch 72
[2025-09-26 17:12:20,891][root][INFO] - [72/100] train 88.562%/2.3573 | val 88.333%/2.1763
[2025-09-26 17:12:20,895][root][INFO] - Start epoch 73
[2025-09-26 17:18:45,341][root][INFO] - [73/100] train 88.498%/2.3620 | val 57.417%/12.6327
[2025-09-26 17:18:45,341][root][INFO] - Start epoch 74
[2025-09-26 17:25:10,980][root][INFO] - [74/100] train 88.469%/2.3550 | val 62.250%/8.4484
[2025-09-26 17:25:10,980][root][INFO] - Start epoch 75
[2025-09-26 17:31:35,843][root][INFO] - [75/100] train 88.526%/2.3393 | val 57.972%/11.0229
[2025-09-26 17:31:35,844][root][INFO] - Start epoch 76
[2025-09-26 17:38:00,372][root][INFO] - [76/100] train 88.578%/2.3382 | val 55.861%/13.4984
[2025-09-26 17:38:00,372][root][INFO] - Start epoch 77
[2025-09-26 17:44:25,817][root][INFO] - [77/100] train 88.632%/2.3289 | val 56.778%/11.7734
[2025-09-26 17:44:25,817][root][INFO] - Start epoch 78
[2025-09-26 17:50:50,278][root][INFO] - [78/100] train 88.651%/2.3255 | val 86.625%/2.2485
[2025-09-26 17:50:50,279][root][INFO] - Start epoch 79
[2025-09-26 17:57:15,688][root][INFO] - [79/100] train 88.740%/2.3238 | val 79.847%/3.4171
[2025-09-26 17:57:15,689][root][INFO] - Start epoch 80
[2025-09-26 18:03:38,872][root][INFO] - [80/100] train 88.790%/2.3175 | val 57.806%/11.1516
[2025-09-26 18:03:38,872][root][INFO] - Start epoch 81
[2025-09-26 18:10:04,316][root][INFO] - [81/100] train 88.651%/2.3191 | val 61.556%/9.0637
[2025-09-26 18:10:04,316][root][INFO] - Start epoch 82
[2025-09-26 18:16:28,713][root][INFO] - [82/100] train 88.821%/2.3052 | val 78.819%/3.3952
[2025-09-26 18:16:28,713][root][INFO] - Start epoch 83
[2025-09-26 18:22:54,438][root][INFO] - [83/100] train 88.757%/2.3107 | val 88.347%/2.1391
[2025-09-26 18:22:54,441][root][INFO] - Start epoch 84
[2025-09-26 18:29:19,084][root][INFO] - [84/100] train 88.899%/2.2949 | val 67.653%/6.2048
[2025-09-26 18:29:19,084][root][INFO] - Start epoch 85
[2025-09-26 18:35:44,672][root][INFO] - [85/100] train 88.880%/2.2996 | val 88.528%/2.1134
[2025-09-26 18:35:44,675][root][INFO] - Start epoch 86
[2025-09-26 18:42:08,756][root][INFO] - [86/100] train 88.832%/2.2984 | val 83.417%/2.7447
[2025-09-26 18:42:08,756][root][INFO] - Start epoch 87
[2025-09-26 18:48:33,750][root][INFO] - [87/100] train 89.023%/2.2947 | val 75.486%/4.1626
[2025-09-26 18:48:33,750][root][INFO] - Start epoch 88
[2025-09-26 18:54:58,831][root][INFO] - [88/100] train 88.868%/2.2941 | val 83.097%/2.8118
[2025-09-26 18:54:58,831][root][INFO] - Start epoch 89
[2025-09-26 19:01:23,879][root][INFO] - [89/100] train 88.780%/2.2984 | val 88.708%/2.0874
[2025-09-26 19:01:23,882][root][INFO] - Start epoch 90
[2025-09-26 19:07:48,630][root][INFO] - [90/100] train 88.997%/2.2888 | val 88.597%/2.1439
[2025-09-26 19:07:48,631][root][INFO] - Start epoch 91
[2025-09-26 19:14:12,428][root][INFO] - [91/100] train 88.984%/2.2840 | val 88.819%/2.1041
[2025-09-26 19:14:12,432][root][INFO] - Start epoch 92
[2025-09-26 19:20:37,256][root][INFO] - [92/100] train 89.019%/2.2850 | val 88.194%/2.1954
[2025-09-26 19:20:37,256][root][INFO] - Start epoch 93
[2025-09-26 19:27:01,497][root][INFO] - [93/100] train 88.905%/2.2825 | val 88.083%/2.1371
[2025-09-26 19:27:01,497][root][INFO] - Start epoch 94
[2025-09-26 19:33:26,748][root][INFO] - [94/100] train 89.040%/2.2852 | val 88.792%/2.1180
[2025-09-26 19:33:26,749][root][INFO] - Start epoch 95
[2025-09-26 19:39:51,496][root][INFO] - [95/100] train 88.993%/2.2778 | val 87.931%/2.1437
[2025-09-26 19:39:51,496][root][INFO] - Start epoch 96
[2025-09-26 19:46:16,288][root][INFO] - [96/100] train 89.036%/2.2783 | val 88.653%/2.0980
[2025-09-26 19:46:16,288][root][INFO] - Start epoch 97
[2025-09-26 19:52:40,870][root][INFO] - [97/100] train 89.102%/2.2748 | val 88.153%/2.1303
[2025-09-26 19:52:40,871][root][INFO] - Start epoch 98
[2025-09-26 19:59:05,511][root][INFO] - [98/100] train 89.049%/2.2811 | val 88.375%/2.1119
[2025-09-26 19:59:05,512][root][INFO] - Start epoch 99
[2025-09-26 20:05:31,166][root][INFO] - [99/100] train 88.977%/2.2735 | val 88.694%/2.1012
[2025-09-26 20:05:31,166][root][INFO] - Start epoch 100
[2025-09-26 20:11:57,021][root][INFO] - [100/100] train 89.042%/2.2718 | val 88.875%/2.0902
[2025-09-26 20:12:02,976][root][INFO] - 
[Test Evaluation]
[2025-09-26 20:12:02,977][root][INFO] -  Accuracy : 0.890
[2025-09-26 20:12:02,977][root][INFO] -  Precision: 0.894
[2025-09-26 20:12:02,977][root][INFO] -  Recall   : 0.886
[2025-09-26 20:12:02,977][root][INFO] -  F1       : 0.890
[2025-09-26 20:12:02,977][root][INFO] -  Auc      : 0.961
