[2025-09-24 11:12:23,504][root][INFO] - ORIGINAL CWD : /home/sota/research/sotaohnuma/coffee
[2025-09-24 11:12:23,504][root][INFO] - RUN CWD      : /home/sota/research/sotaohnuma/coffee/outputs/bean_224/cnn_student100/base/2025-09-24_11-12-23
[2025-09-24 11:12:23,505][root][INFO] - batch: 688, 
 {'_target_': 'models.cnn_student100.cnn_student100', 'batch_size': 688, 'lr': 0.002, 'weight_decay': 0.009}
[2025-09-24 11:12:23,505][root][INFO] - lr: 0.002, 
 {'_target_': 'models.cnn_student100.cnn_student100', 'lr': 0.002, 'weight_decay': 0.009}
[2025-09-24 11:12:23,505][root][INFO] - weight_decay: 0.009, 
 {'_target_': 'models.cnn_student100.cnn_student100', 'weight_decay': 0.009}
[2025-09-24 11:12:23,939][root][INFO] - Start loading train data
[2025-09-24 11:12:24,067][root][INFO] - Start loading val data
[2025-09-24 11:12:24,082][root][INFO] - Start loading test data
[2025-09-24 11:12:24,096][root][INFO] - Finished DataLoader setup
[2025-09-24 11:12:24,097][root][INFO] - Start: 0
[2025-09-24 11:13:18,931][root][INFO] - [01/100] train 56.028%/0.6820 | val 65.500%/0.6614
[2025-09-24 11:13:18,943][root][INFO] - Start: 1
[2025-09-24 11:14:13,443][root][INFO] - [02/100] train 63.415%/0.6428 | val 65.681%/0.6233
[2025-09-24 11:14:13,448][root][INFO] - Start: 2
[2025-09-24 11:15:04,789][root][INFO] - [03/100] train 63.960%/0.6239 | val 58.486%/0.6959
[2025-09-24 11:15:04,789][root][INFO] - Start: 3
[2025-09-24 11:15:58,004][root][INFO] - [04/100] train 66.509%/0.6033 | val 50.000%/2.8777
[2025-09-24 11:15:58,004][root][INFO] - Start: 4
[2025-09-24 11:17:01,296][root][INFO] - [05/100] train 69.950%/0.5704 | val 50.000%/1.9483
[2025-09-24 11:17:01,297][root][INFO] - Start: 5
[2025-09-24 11:18:08,108][root][INFO] - [06/100] train 73.028%/0.5363 | val 50.000%/5.4226
[2025-09-24 11:18:08,108][root][INFO] - Start: 6
[2025-09-24 11:19:32,330][root][INFO] - [07/100] train 75.877%/0.4983 | val 80.750%/0.4566
[2025-09-24 11:19:32,335][root][INFO] - Start: 7
[2025-09-24 11:20:51,571][root][INFO] - [08/100] train 77.306%/0.4774 | val 50.000%/8.4057
[2025-09-24 11:20:51,571][root][INFO] - Start: 8
[2025-09-24 11:22:08,252][root][INFO] - [09/100] train 79.146%/0.4449 | val 50.000%/4.7874
[2025-09-24 11:22:08,252][root][INFO] - Start: 9
[2025-09-24 11:23:29,015][root][INFO] - [10/100] train 80.328%/0.4284 | val 50.000%/3.4250
[2025-09-24 11:23:29,016][root][INFO] - Start: 10
[2025-09-24 11:24:49,976][root][INFO] - [11/100] train 81.116%/0.4128 | val 50.000%/16.9853
[2025-09-24 11:24:49,976][root][INFO] - Start: 11
[2025-09-24 11:26:12,372][root][INFO] - [12/100] train 81.826%/0.4006 | val 50.000%/16.6931
[2025-09-24 11:26:12,372][root][INFO] - Start: 12
[2025-09-24 11:27:35,764][root][INFO] - [13/100] train 81.924%/0.3989 | val 50.000%/4.3762
[2025-09-24 11:27:35,764][root][INFO] - Start: 13
[2025-09-24 11:28:53,895][root][INFO] - [14/100] train 83.023%/0.3794 | val 50.000%/34.0289
[2025-09-24 11:28:53,895][root][INFO] - Start: 14
[2025-09-24 11:30:11,784][root][INFO] - [15/100] train 82.786%/0.3810 | val 50.069%/2.8081
[2025-09-24 11:30:11,785][root][INFO] - Start: 15
[2025-09-24 11:31:34,391][root][INFO] - [16/100] train 84.163%/0.3591 | val 50.000%/8.4396
[2025-09-24 11:31:34,392][root][INFO] - Start: 16
[2025-09-24 11:32:56,198][root][INFO] - [17/100] train 84.286%/0.3532 | val 50.000%/9.8929
[2025-09-24 11:32:56,199][root][INFO] - Start: 17
[2025-09-24 11:34:16,373][root][INFO] - [18/100] train 84.354%/0.3536 | val 50.750%/2.5872
[2025-09-24 11:34:16,374][root][INFO] - Start: 18
[2025-09-24 11:35:37,754][root][INFO] - [19/100] train 85.250%/0.3375 | val 50.333%/4.7319
[2025-09-24 11:35:37,754][root][INFO] - Start: 19
[2025-09-24 11:36:55,577][root][INFO] - [20/100] train 85.562%/0.3335 | val 50.000%/5.5586
[2025-09-24 11:36:55,577][root][INFO] - Start: 20
[2025-09-24 11:38:10,580][root][INFO] - [21/100] train 85.641%/0.3302 | val 50.000%/15.2135
[2025-09-24 11:38:10,580][root][INFO] - Start: 21
[2025-09-24 11:39:33,339][root][INFO] - [22/100] train 85.677%/0.3306 | val 51.097%/2.4785
[2025-09-24 11:39:33,340][root][INFO] - Start: 22
[2025-09-24 11:40:52,808][root][INFO] - [23/100] train 85.842%/0.3249 | val 50.000%/43.1716
[2025-09-24 11:40:52,809][root][INFO] - Start: 23
[2025-09-24 11:42:10,234][root][INFO] - [24/100] train 86.111%/0.3218 | val 77.903%/0.5027
[2025-09-24 11:42:10,235][root][INFO] - Start: 24
[2025-09-24 11:43:30,697][root][INFO] - [25/100] train 86.252%/0.3214 | val 50.000%/26.6534
[2025-09-24 11:43:30,697][root][INFO] - Start: 25
[2025-09-24 11:44:52,229][root][INFO] - [26/100] train 87.030%/0.3049 | val 50.000%/17.7482
[2025-09-24 11:44:52,230][root][INFO] - Start: 26
[2025-09-24 11:46:13,420][root][INFO] - [27/100] train 87.283%/0.3006 | val 50.000%/12.5167
[2025-09-24 11:46:13,420][root][INFO] - Start: 27
[2025-09-24 11:47:34,692][root][INFO] - [28/100] train 86.875%/0.3088 | val 50.000%/15.5645
[2025-09-24 11:47:34,692][root][INFO] - Start: 28
[2025-09-24 11:48:52,880][root][INFO] - [29/100] train 87.104%/0.3035 | val 50.903%/3.4707
[2025-09-24 11:48:52,881][root][INFO] - Start: 29
[2025-09-24 11:50:14,904][root][INFO] - [30/100] train 87.290%/0.3010 | val 87.375%/0.3106
[2025-09-24 11:50:14,910][root][INFO] - Start: 30
[2025-09-24 11:51:31,817][root][INFO] - [31/100] train 87.269%/0.3023 | val 50.000%/7.7663
[2025-09-24 11:51:31,817][root][INFO] - Start: 31
[2025-09-24 11:52:52,545][root][INFO] - [32/100] train 87.899%/0.2914 | val 50.000%/13.6602
[2025-09-24 11:52:52,545][root][INFO] - Start: 32
[2025-09-24 11:54:10,923][root][INFO] - [33/100] train 87.938%/0.2876 | val 50.000%/29.2525
[2025-09-24 11:54:10,923][root][INFO] - Start: 33
[2025-09-24 11:55:28,207][root][INFO] - [34/100] train 88.141%/0.2844 | val 50.000%/10.6210
[2025-09-24 11:55:28,208][root][INFO] - Start: 34
[2025-09-24 11:56:47,396][root][INFO] - [35/100] train 88.316%/0.2810 | val 77.944%/0.4510
[2025-09-24 11:56:47,396][root][INFO] - Start: 35
[2025-09-24 11:58:09,763][root][INFO] - [36/100] train 88.519%/0.2783 | val 50.000%/10.0540
[2025-09-24 11:58:09,763][root][INFO] - Start: 36
[2025-09-24 11:59:24,737][root][INFO] - [37/100] train 88.304%/0.2803 | val 55.042%/2.0179
[2025-09-24 11:59:24,737][root][INFO] - Start: 37
[2025-09-24 12:00:41,671][root][INFO] - [38/100] train 88.562%/0.2745 | val 50.000%/24.4938
[2025-09-24 12:00:41,672][root][INFO] - Start: 38
[2025-09-24 12:02:05,260][root][INFO] - [39/100] train 88.861%/0.2710 | val 50.000%/11.0209
[2025-09-24 12:02:05,260][root][INFO] - Start: 39
[2025-09-24 12:03:23,580][root][INFO] - [40/100] train 88.712%/0.2740 | val 50.028%/5.6733
[2025-09-24 12:03:23,581][root][INFO] - Start: 40
[2025-09-24 12:04:41,830][root][INFO] - [41/100] train 88.889%/0.2680 | val 50.000%/30.5089
[2025-09-24 12:04:41,831][root][INFO] - Start: 41
[2025-09-24 12:05:58,845][root][INFO] - [42/100] train 88.969%/0.2693 | val 50.000%/20.0091
[2025-09-24 12:05:58,845][root][INFO] - Start: 42
[2025-09-24 12:07:22,589][root][INFO] - [43/100] train 89.319%/0.2614 | val 50.000%/20.8806
[2025-09-24 12:07:22,589][root][INFO] - Start: 43
[2025-09-24 12:08:42,952][root][INFO] - [44/100] train 89.035%/0.2661 | val 50.361%/4.4297
[2025-09-24 12:08:42,952][root][INFO] - Start: 44
[2025-09-24 12:09:59,854][root][INFO] - [45/100] train 89.321%/0.2608 | val 50.000%/21.1577
[2025-09-24 12:09:59,855][root][INFO] - Start: 45
[2025-09-24 12:11:17,807][root][INFO] - [46/100] train 88.964%/0.2697 | val 50.000%/23.5094
[2025-09-24 12:11:17,807][root][INFO] - Start: 46
[2025-09-24 12:12:34,366][root][INFO] - [47/100] train 89.297%/0.2618 | val 50.000%/19.1111
[2025-09-24 12:12:34,366][root][INFO] - Start: 47
[2025-09-24 12:13:55,260][root][INFO] - [48/100] train 89.509%/0.2582 | val 50.000%/17.5288
[2025-09-24 12:13:55,261][root][INFO] - Start: 48
[2025-09-24 12:15:13,718][root][INFO] - [49/100] train 89.630%/0.2554 | val 50.069%/6.3701
[2025-09-24 12:15:13,718][root][INFO] - Start: 49
[2025-09-24 12:16:31,022][root][INFO] - [50/100] train 89.460%/0.2578 | val 60.333%/1.3385
[2025-09-24 12:16:31,023][root][INFO] - Start: 50
[2025-09-24 12:17:54,729][root][INFO] - [51/100] train 89.757%/0.2536 | val 50.000%/13.0645
[2025-09-24 12:17:54,730][root][INFO] - Start: 51
[2025-09-24 12:19:15,707][root][INFO] - [52/100] train 89.993%/0.2481 | val 50.000%/11.5991
[2025-09-24 12:19:15,708][root][INFO] - Start: 52
[2025-09-24 12:20:30,224][root][INFO] - [53/100] train 90.035%/0.2488 | val 50.000%/15.5365
[2025-09-24 12:20:30,224][root][INFO] - Start: 53
[2025-09-24 12:21:45,240][root][INFO] - [54/100] train 89.898%/0.2514 | val 50.000%/24.9374
[2025-09-24 12:21:45,240][root][INFO] - Start: 54
[2025-09-24 12:22:59,876][root][INFO] - [55/100] train 90.274%/0.2441 | val 50.028%/9.2494
[2025-09-24 12:22:59,876][root][INFO] - Start: 55
[2025-09-24 12:24:15,790][root][INFO] - [56/100] train 90.066%/0.2482 | val 62.000%/1.1337
[2025-09-24 12:24:15,790][root][INFO] - Start: 56
[2025-09-24 12:25:32,497][root][INFO] - [57/100] train 90.146%/0.2459 | val 53.069%/3.3282
[2025-09-24 12:25:32,497][root][INFO] - Start: 57
[2025-09-24 12:26:45,494][root][INFO] - [58/100] train 90.278%/0.2429 | val 80.944%/0.3856
[2025-09-24 12:26:45,494][root][INFO] - Start: 58
[2025-09-24 12:28:01,537][root][INFO] - [59/100] train 90.226%/0.2424 | val 81.611%/0.3802
[2025-09-24 12:28:01,538][root][INFO] - Start: 59
[2025-09-24 12:29:17,442][root][INFO] - [60/100] train 90.382%/0.2406 | val 57.014%/2.3508
[2025-09-24 12:29:17,443][root][INFO] - Start: 60
[2025-09-24 12:30:34,606][root][INFO] - [61/100] train 90.264%/0.2403 | val 90.292%/0.2322
[2025-09-24 12:30:34,611][root][INFO] - Start: 61
[2025-09-24 12:31:51,367][root][INFO] - [62/100] train 90.769%/0.2347 | val 50.000%/11.1403
[2025-09-24 12:31:51,367][root][INFO] - Start: 62
[2025-09-24 12:33:06,505][root][INFO] - [63/100] train 90.403%/0.2390 | val 50.000%/13.3607
[2025-09-24 12:33:06,505][root][INFO] - Start: 63
[2025-09-24 12:34:22,381][root][INFO] - [64/100] train 90.543%/0.2361 | val 87.125%/0.2832
[2025-09-24 12:34:22,381][root][INFO] - Start: 64
[2025-09-24 12:35:38,037][root][INFO] - [65/100] train 90.488%/0.2369 | val 50.806%/4.1476
[2025-09-24 12:35:38,037][root][INFO] - Start: 65
[2025-09-24 12:36:52,052][root][INFO] - [66/100] train 90.847%/0.2314 | val 55.083%/2.3033
[2025-09-24 12:36:52,053][root][INFO] - Start: 66
[2025-09-24 12:38:04,179][root][INFO] - [67/100] train 90.856%/0.2298 | val 90.306%/0.2370
[2025-09-24 12:38:04,184][root][INFO] - Start: 67
[2025-09-24 12:39:19,268][root][INFO] - [68/100] train 90.854%/0.2293 | val 66.542%/0.8820
[2025-09-24 12:39:19,268][root][INFO] - Start: 68
[2025-09-24 12:40:33,082][root][INFO] - [69/100] train 90.781%/0.2315 | val 54.917%/2.6286
[2025-09-24 12:40:33,082][root][INFO] - Start: 69
[2025-09-24 12:41:50,995][root][INFO] - [70/100] train 90.962%/0.2283 | val 67.222%/0.8711
[2025-09-24 12:41:50,995][root][INFO] - Start: 70
[2025-09-24 12:43:07,163][root][INFO] - [71/100] train 90.997%/0.2270 | val 50.000%/10.8854
[2025-09-24 12:43:07,163][root][INFO] - Start: 71
[2025-09-24 12:44:24,725][root][INFO] - [72/100] train 91.040%/0.2266 | val 50.569%/4.9345
[2025-09-24 12:44:24,726][root][INFO] - Start: 72
[2025-09-24 12:45:40,522][root][INFO] - [73/100] train 91.061%/0.2256 | val 89.639%/0.2445
[2025-09-24 12:45:40,523][root][INFO] - Start: 73
[2025-09-24 12:46:56,729][root][INFO] - [74/100] train 91.158%/0.2260 | val 50.000%/9.7847
[2025-09-24 12:46:56,729][root][INFO] - Start: 74
[2025-09-24 12:48:09,915][root][INFO] - [75/100] train 91.253%/0.2227 | val 50.472%/5.7915
[2025-09-24 12:48:09,915][root][INFO] - Start: 75
[2025-09-24 12:49:24,721][root][INFO] - [76/100] train 91.090%/0.2224 | val 50.389%/4.9064
[2025-09-24 12:49:24,722][root][INFO] - Start: 76
[2025-09-24 12:50:39,980][root][INFO] - [77/100] train 91.170%/0.2229 | val 79.611%/0.4477
[2025-09-24 12:50:39,980][root][INFO] - Start: 77
[2025-09-24 12:51:51,909][root][INFO] - [78/100] train 91.293%/0.2218 | val 50.778%/4.5699
[2025-09-24 12:51:51,910][root][INFO] - Start: 78
[2025-09-24 12:53:03,124][root][INFO] - [79/100] train 91.257%/0.2220 | val 61.056%/1.3661
[2025-09-24 12:53:03,125][root][INFO] - Start: 79
[2025-09-24 12:54:16,029][root][INFO] - [80/100] train 91.113%/0.2222 | val 62.597%/1.2057
[2025-09-24 12:54:16,029][root][INFO] - Start: 80
[2025-09-24 12:55:29,258][root][INFO] - [81/100] train 91.318%/0.2207 | val 53.500%/2.8948
[2025-09-24 12:55:29,258][root][INFO] - Start: 81
[2025-09-24 12:56:44,268][root][INFO] - [82/100] train 91.356%/0.2198 | val 54.250%/2.7734
[2025-09-24 12:56:44,268][root][INFO] - Start: 82
[2025-09-24 12:57:56,456][root][INFO] - [83/100] train 91.377%/0.2187 | val 54.833%/2.2412
[2025-09-24 12:57:56,456][root][INFO] - Start: 83
[2025-09-24 12:59:04,859][root][INFO] - [84/100] train 91.413%/0.2186 | val 66.819%/0.9491
[2025-09-24 12:59:04,860][root][INFO] - Start: 84
[2025-09-24 13:00:14,870][root][INFO] - [85/100] train 91.389%/0.2193 | val 51.736%/3.7914
[2025-09-24 13:00:14,871][root][INFO] - Start: 85
[2025-09-24 13:01:24,428][root][INFO] - [86/100] train 91.411%/0.2178 | val 59.139%/1.5969
[2025-09-24 13:01:24,428][root][INFO] - Start: 86
[2025-09-24 13:02:33,646][root][INFO] - [87/100] train 91.424%/0.2183 | val 90.056%/0.2393
[2025-09-24 13:02:33,646][root][INFO] - Start: 87
[2025-09-24 13:03:45,679][root][INFO] - [88/100] train 91.469%/0.2175 | val 83.514%/0.3433
[2025-09-24 13:03:45,679][root][INFO] - Start: 88
[2025-09-24 13:04:54,560][root][INFO] - [89/100] train 91.523%/0.2166 | val 82.681%/0.3611
[2025-09-24 13:04:54,560][root][INFO] - Start: 89
[2025-09-24 13:06:04,609][root][INFO] - [90/100] train 91.531%/0.2164 | val 51.861%/3.7403
[2025-09-24 13:06:04,609][root][INFO] - Start: 90
[2025-09-24 13:07:17,848][root][INFO] - [91/100] train 91.460%/0.2169 | val 62.514%/1.2244
[2025-09-24 13:07:17,849][root][INFO] - Start: 91
[2025-09-24 13:08:28,343][root][INFO] - [92/100] train 91.542%/0.2151 | val 64.264%/1.0535
[2025-09-24 13:08:28,343][root][INFO] - Start: 92
[2025-09-24 13:09:40,119][root][INFO] - [93/100] train 91.628%/0.2153 | val 83.056%/0.3441
[2025-09-24 13:09:40,119][root][INFO] - Start: 93
[2025-09-24 13:10:47,275][root][INFO] - [94/100] train 91.505%/0.2152 | val 87.875%/0.2713
[2025-09-24 13:10:47,275][root][INFO] - Start: 94
[2025-09-24 13:11:53,871][root][INFO] - [95/100] train 91.523%/0.2150 | val 88.444%/0.2605
[2025-09-24 13:11:53,871][root][INFO] - Start: 95
[2025-09-24 13:13:01,849][root][INFO] - [96/100] train 91.562%/0.2153 | val 86.556%/0.2905
[2025-09-24 13:13:01,849][root][INFO] - Start: 96
[2025-09-24 13:14:04,615][root][INFO] - [97/100] train 91.562%/0.2138 | val 90.708%/0.2261
[2025-09-24 13:14:04,621][root][INFO] - Start: 97
[2025-09-24 13:15:13,150][root][INFO] - [98/100] train 91.568%/0.2152 | val 90.681%/0.2273
[2025-09-24 13:15:13,151][root][INFO] - Start: 98
[2025-09-24 13:16:18,916][root][INFO] - [99/100] train 91.569%/0.2142 | val 90.611%/0.2256
[2025-09-24 13:16:18,916][root][INFO] - Start: 99
[2025-09-24 13:17:11,748][root][INFO] - [100/100] train 91.519%/0.2144 | val 90.597%/0.2267
[2025-09-24 13:17:18,672][root][INFO] - 
[Test Evaluation]
[2025-09-24 13:17:18,672][root][INFO] -  Accuracy : 0.908
[2025-09-24 13:17:18,672][root][INFO] -  Precision: 0.909
[2025-09-24 13:17:18,672][root][INFO] -  Recall   : 0.908
[2025-09-24 13:17:18,673][root][INFO] -  F1       : 0.908
[2025-09-24 13:17:18,673][root][INFO] -  Auc      : 0.973
