[2025-08-17 08:34:58,779][root][INFO] - ORIGINAL CWD : /home/sota/research/sotaohnuma/coffee
[2025-08-17 08:34:58,780][root][INFO] - RUN CWD      : /home/sota/research/sotaohnuma/coffee/outputs/bean_224/deit_s/base/2025-08-17_08-34-58
[2025-08-17 08:34:58,780][root][INFO] - batch: 195, 
 {'batch_size': 195, '_target_': 'models.deit_s.deit_s', 'lr': 2.1e-05, 'weight_decay': 0.0018}
[2025-08-17 08:34:58,780][root][INFO] - lr: 2.1e-05, 
 {'_target_': 'models.deit_s.deit_s', 'lr': 2.1e-05, 'weight_decay': 0.0018}
[2025-08-17 08:34:58,780][root][INFO] - weight_decay: 0.0018, 
 {'_target_': 'models.deit_s.deit_s', 'weight_decay': 0.0018}
[2025-08-17 08:35:09,300][root][INFO] - Start loading train data
[2025-08-17 08:35:09,418][root][INFO] - Start loading val data
[2025-08-17 08:35:09,432][root][INFO] - Start loading test data
[2025-08-17 08:35:09,446][root][INFO] - Finished DataLoader setup
[2025-08-17 08:35:09,448][root][INFO] - Start: 0
[2025-08-17 08:41:23,272][root][INFO] - [01/100] train 96.050%/0.1021 | val 96.778%/0.1041
[2025-08-17 08:41:23,746][root][INFO] - Start: 1
[2025-08-17 08:47:40,373][root][INFO] - [02/100] train 99.510%/0.0152 | val 96.806%/0.1251
[2025-08-17 08:47:41,437][root][INFO] - Start: 2
[2025-08-17 08:53:58,577][root][INFO] - [03/100] train 99.771%/0.0071 | val 95.903%/0.1829
[2025-08-17 08:53:58,577][root][INFO] - Start: 3
[2025-08-17 09:00:16,607][root][INFO] - [04/100] train 99.793%/0.0064 | val 96.750%/0.1658
[2025-08-17 09:00:16,607][root][INFO] - Start: 4
[2025-08-17 09:06:32,910][root][INFO] - [05/100] train 99.854%/0.0041 | val 95.917%/0.2129
[2025-08-17 09:06:32,911][root][INFO] - Start: 5
[2025-08-17 09:12:49,232][root][INFO] - [06/100] train 99.892%/0.0038 | val 97.069%/0.1534
[2025-08-17 09:12:50,242][root][INFO] - Start: 6
[2025-08-17 09:19:06,661][root][INFO] - [07/100] train 99.922%/0.0024 | val 97.222%/0.1524
[2025-08-17 09:19:07,620][root][INFO] - Start: 7
[2025-08-17 09:25:23,491][root][INFO] - [08/100] train 99.873%/0.0041 | val 96.333%/0.2265
[2025-08-17 09:25:23,491][root][INFO] - Start: 8
[2025-08-17 09:31:40,503][root][INFO] - [09/100] train 99.932%/0.0019 | val 96.736%/0.1747
[2025-08-17 09:31:40,503][root][INFO] - Start: 9
[2025-08-17 09:37:55,600][root][INFO] - [10/100] train 99.946%/0.0020 | val 97.042%/0.1728
[2025-08-17 09:37:55,600][root][INFO] - Start: 10
[2025-08-17 09:44:10,714][root][INFO] - [11/100] train 99.898%/0.0032 | val 96.069%/0.2268
[2025-08-17 09:44:10,714][root][INFO] - Start: 11
[2025-08-17 09:50:26,012][root][INFO] - [12/100] train 100.000%/0.0001 | val 96.972%/0.1886
[2025-08-17 09:50:26,013][root][INFO] - Start: 12
[2025-08-17 09:56:40,606][root][INFO] - [13/100] train 100.000%/0.0000 | val 97.000%/0.1945
[2025-08-17 09:56:40,606][root][INFO] - Start: 13
[2025-08-17 10:02:55,250][root][INFO] - [14/100] train 100.000%/0.0000 | val 96.944%/0.2026
[2025-08-17 10:02:55,251][root][INFO] - Start: 14
[2025-08-17 10:09:12,432][root][INFO] - [15/100] train 100.000%/0.0000 | val 96.958%/0.2069
[2025-08-17 10:09:12,432][root][INFO] - Start: 15
[2025-08-17 10:15:30,458][root][INFO] - [16/100] train 100.000%/0.0000 | val 96.958%/0.2113
[2025-08-17 10:15:30,459][root][INFO] - Start: 16
[2025-08-17 10:21:46,236][root][INFO] - [17/100] train 100.000%/0.0000 | val 96.986%/0.2151
[2025-08-17 10:21:46,237][root][INFO] - Start: 17
[2025-08-17 10:28:01,646][root][INFO] - [18/100] train 100.000%/0.0000 | val 97.014%/0.2184
[2025-08-17 10:28:01,646][root][INFO] - Start: 18
[2025-08-17 10:34:18,042][root][INFO] - [19/100] train 100.000%/0.0000 | val 97.028%/0.2225
[2025-08-17 10:34:18,042][root][INFO] - Start: 19
[2025-08-17 10:40:34,720][root][INFO] - [20/100] train 100.000%/0.0000 | val 97.042%/0.2258
[2025-08-17 10:40:34,721][root][INFO] - Start: 20
[2025-08-17 10:46:51,299][root][INFO] - [21/100] train 100.000%/0.0000 | val 97.042%/0.2297
[2025-08-17 10:46:51,300][root][INFO] - Start: 21
[2025-08-17 10:53:08,025][root][INFO] - [22/100] train 100.000%/0.0000 | val 97.056%/0.2326
[2025-08-17 10:53:08,026][root][INFO] - Start: 22
[2025-08-17 10:59:24,826][root][INFO] - [23/100] train 100.000%/0.0000 | val 97.056%/0.2361
[2025-08-17 10:59:24,826][root][INFO] - Start: 23
[2025-08-17 11:05:41,396][root][INFO] - [24/100] train 100.000%/0.0000 | val 97.056%/0.2394
[2025-08-17 11:05:41,397][root][INFO] - Start: 24
[2025-08-17 11:11:56,460][root][INFO] - [25/100] train 100.000%/0.0000 | val 97.056%/0.2429
[2025-08-17 11:11:56,460][root][INFO] - Start: 25
[2025-08-17 11:18:08,519][root][INFO] - [26/100] train 100.000%/0.0000 | val 97.069%/0.2466
[2025-08-17 11:18:08,519][root][INFO] - Start: 26
[2025-08-17 11:24:20,079][root][INFO] - [27/100] train 100.000%/0.0000 | val 97.097%/0.2500
[2025-08-17 11:24:20,079][root][INFO] - Start: 27
[2025-08-17 11:30:32,015][root][INFO] - [28/100] train 100.000%/0.0000 | val 97.111%/0.2530
[2025-08-17 11:30:32,016][root][INFO] - Start: 28
[2025-08-17 11:36:42,623][root][INFO] - [29/100] train 100.000%/0.0000 | val 97.111%/0.2566
[2025-08-17 11:36:42,623][root][INFO] - Start: 29
[2025-08-17 11:42:54,232][root][INFO] - [30/100] train 100.000%/0.0000 | val 97.139%/0.2595
[2025-08-17 11:42:54,232][root][INFO] - Start: 30
[2025-08-17 11:49:05,966][root][INFO] - [31/100] train 100.000%/0.0000 | val 97.167%/0.2629
[2025-08-17 11:49:05,966][root][INFO] - Start: 31
[2025-08-17 11:55:18,362][root][INFO] - [32/100] train 100.000%/0.0000 | val 97.167%/0.2664
[2025-08-17 11:55:18,362][root][INFO] - Start: 32
[2025-08-17 12:01:30,764][root][INFO] - [33/100] train 100.000%/0.0000 | val 97.167%/0.2697
[2025-08-17 12:01:30,764][root][INFO] - Start: 33
[2025-08-17 12:07:43,366][root][INFO] - [34/100] train 100.000%/0.0000 | val 97.167%/0.2734
[2025-08-17 12:07:43,366][root][INFO] - Start: 34
[2025-08-17 12:13:55,552][root][INFO] - [35/100] train 100.000%/0.0000 | val 97.181%/0.2768
[2025-08-17 12:13:55,552][root][INFO] - Start: 35
[2025-08-17 12:20:07,111][root][INFO] - [36/100] train 100.000%/0.0000 | val 97.181%/0.2804
[2025-08-17 12:20:07,111][root][INFO] - Start: 36
[2025-08-17 12:26:18,118][root][INFO] - [37/100] train 100.000%/0.0000 | val 97.194%/0.2839
[2025-08-17 12:26:18,119][root][INFO] - Start: 37
[2025-08-17 12:32:30,032][root][INFO] - [38/100] train 100.000%/0.0000 | val 97.194%/0.2878
[2025-08-17 12:32:30,032][root][INFO] - Start: 38
[2025-08-17 12:38:41,324][root][INFO] - [39/100] train 100.000%/0.0000 | val 97.194%/0.2911
[2025-08-17 12:38:41,325][root][INFO] - Start: 39
[2025-08-17 12:44:53,296][root][INFO] - [40/100] train 100.000%/0.0000 | val 97.208%/0.2948
[2025-08-17 12:44:53,296][root][INFO] - Start: 40
[2025-08-17 12:51:05,080][root][INFO] - [41/100] train 100.000%/0.0000 | val 97.208%/0.2981
[2025-08-17 12:51:05,080][root][INFO] - Start: 41
[2025-08-17 12:57:16,535][root][INFO] - [42/100] train 100.000%/0.0000 | val 97.208%/0.3017
[2025-08-17 12:57:16,535][root][INFO] - Start: 42
[2025-08-17 13:03:28,209][root][INFO] - [43/100] train 100.000%/0.0000 | val 97.208%/0.3053
[2025-08-17 13:03:28,209][root][INFO] - Start: 43
[2025-08-17 13:09:39,795][root][INFO] - [44/100] train 100.000%/0.0000 | val 97.208%/0.3091
[2025-08-17 13:09:39,795][root][INFO] - Start: 44
[2025-08-17 13:15:52,239][root][INFO] - [45/100] train 100.000%/0.0000 | val 97.208%/0.3124
[2025-08-17 13:15:52,239][root][INFO] - Start: 45
[2025-08-17 13:22:03,531][root][INFO] - [46/100] train 100.000%/0.0000 | val 97.208%/0.3162
[2025-08-17 13:22:03,531][root][INFO] - Start: 46
[2025-08-17 13:28:14,957][root][INFO] - [47/100] train 100.000%/0.0000 | val 97.208%/0.3202
[2025-08-17 13:28:14,957][root][INFO] - Start: 47
[2025-08-17 13:34:26,972][root][INFO] - [48/100] train 100.000%/0.0000 | val 97.208%/0.3235
[2025-08-17 13:34:26,973][root][INFO] - Start: 48
[2025-08-17 13:40:38,807][root][INFO] - [49/100] train 100.000%/0.0000 | val 97.208%/0.3275
[2025-08-17 13:40:38,807][root][INFO] - Start: 49
[2025-08-17 13:46:49,867][root][INFO] - [50/100] train 100.000%/0.0000 | val 97.208%/0.3313
[2025-08-17 13:46:49,867][root][INFO] - Start: 50
[2025-08-17 13:53:00,963][root][INFO] - [51/100] train 100.000%/0.0000 | val 97.208%/0.3356
[2025-08-17 13:53:00,963][root][INFO] - Start: 51
[2025-08-17 13:59:13,030][root][INFO] - [52/100] train 100.000%/0.0000 | val 97.208%/0.3397
[2025-08-17 13:59:13,031][root][INFO] - Start: 52
[2025-08-17 14:05:24,142][root][INFO] - [53/100] train 100.000%/0.0000 | val 97.222%/0.3435
[2025-08-17 14:05:24,143][root][INFO] - Start: 53
[2025-08-17 14:11:36,330][root][INFO] - [54/100] train 100.000%/0.0000 | val 97.208%/0.3468
[2025-08-17 14:11:36,331][root][INFO] - Start: 54
[2025-08-17 14:17:47,879][root][INFO] - [55/100] train 100.000%/0.0000 | val 97.222%/0.3504
[2025-08-17 14:17:47,880][root][INFO] - Start: 55
[2025-08-17 14:23:59,616][root][INFO] - [56/100] train 100.000%/0.0000 | val 97.208%/0.3531
[2025-08-17 14:23:59,617][root][INFO] - Start: 56
[2025-08-17 14:30:11,452][root][INFO] - [57/100] train 100.000%/0.0000 | val 97.222%/0.3571
[2025-08-17 14:30:11,452][root][INFO] - Start: 57
[2025-08-17 14:36:23,495][root][INFO] - [58/100] train 100.000%/0.0000 | val 97.222%/0.3605
[2025-08-17 14:36:23,495][root][INFO] - Start: 58
[2025-08-17 14:42:34,591][root][INFO] - [59/100] train 100.000%/0.0000 | val 97.222%/0.3634
[2025-08-17 14:42:34,591][root][INFO] - Start: 59
[2025-08-17 14:48:45,645][root][INFO] - [60/100] train 100.000%/0.0000 | val 97.236%/0.3665
[2025-08-17 14:48:46,504][root][INFO] - Start: 60
[2025-08-17 14:54:58,959][root][INFO] - [61/100] train 100.000%/0.0000 | val 97.222%/0.3697
[2025-08-17 14:54:58,959][root][INFO] - Start: 61
[2025-08-17 15:01:09,929][root][INFO] - [62/100] train 100.000%/0.0000 | val 97.222%/0.3728
[2025-08-17 15:01:09,929][root][INFO] - Start: 62
[2025-08-17 15:07:22,048][root][INFO] - [63/100] train 100.000%/0.0000 | val 97.208%/0.3758
[2025-08-17 15:07:22,049][root][INFO] - Start: 63
[2025-08-17 15:13:33,311][root][INFO] - [64/100] train 100.000%/0.0000 | val 97.208%/0.3788
[2025-08-17 15:13:33,311][root][INFO] - Start: 64
[2025-08-17 15:19:44,824][root][INFO] - [65/100] train 100.000%/0.0000 | val 97.222%/0.3816
[2025-08-17 15:19:44,824][root][INFO] - Start: 65
[2025-08-17 15:25:55,668][root][INFO] - [66/100] train 100.000%/0.0000 | val 97.236%/0.3843
[2025-08-17 15:25:55,668][root][INFO] - Start: 66
[2025-08-17 15:32:06,115][root][INFO] - [67/100] train 100.000%/0.0000 | val 97.222%/0.3872
[2025-08-17 15:32:06,116][root][INFO] - Start: 67
[2025-08-17 15:38:16,548][root][INFO] - [68/100] train 100.000%/0.0000 | val 97.250%/0.3893
[2025-08-17 15:38:17,473][root][INFO] - Start: 68
[2025-08-17 15:44:27,657][root][INFO] - [69/100] train 100.000%/0.0000 | val 97.250%/0.3913
[2025-08-17 15:44:27,657][root][INFO] - Start: 69
[2025-08-17 15:50:38,183][root][INFO] - [70/100] train 100.000%/0.0000 | val 97.264%/0.3941
[2025-08-17 15:50:39,154][root][INFO] - Start: 70
[2025-08-17 15:56:49,965][root][INFO] - [71/100] train 100.000%/0.0000 | val 97.250%/0.3962
[2025-08-17 15:56:49,965][root][INFO] - Start: 71
[2025-08-17 16:03:00,757][root][INFO] - [72/100] train 100.000%/0.0000 | val 97.250%/0.3993
[2025-08-17 16:03:00,757][root][INFO] - Start: 72
[2025-08-17 16:09:11,674][root][INFO] - [73/100] train 100.000%/0.0000 | val 97.250%/0.4027
[2025-08-17 16:09:11,674][root][INFO] - Start: 73
[2025-08-17 16:15:22,836][root][INFO] - [74/100] train 100.000%/0.0000 | val 97.222%/0.4047
[2025-08-17 16:15:22,836][root][INFO] - Start: 74
[2025-08-17 16:21:32,838][root][INFO] - [75/100] train 100.000%/0.0000 | val 97.236%/0.4081
[2025-08-17 16:21:32,838][root][INFO] - Start: 75
[2025-08-17 16:27:44,938][root][INFO] - [76/100] train 100.000%/0.0000 | val 97.194%/0.4098
[2025-08-17 16:27:44,938][root][INFO] - Start: 76
[2025-08-17 16:33:55,852][root][INFO] - [77/100] train 100.000%/0.0000 | val 97.153%/0.4146
[2025-08-17 16:33:55,852][root][INFO] - Start: 77
[2025-08-17 16:40:05,544][root][INFO] - [78/100] train 100.000%/0.0000 | val 97.125%/0.4164
[2025-08-17 16:40:05,544][root][INFO] - Start: 78
[2025-08-17 16:46:16,749][root][INFO] - [79/100] train 100.000%/0.0000 | val 97.139%/0.4194
[2025-08-17 16:46:16,749][root][INFO] - Start: 79
[2025-08-17 16:52:27,888][root][INFO] - [80/100] train 100.000%/0.0000 | val 97.097%/0.4263
[2025-08-17 16:52:27,888][root][INFO] - Start: 80
[2025-08-17 16:58:39,273][root][INFO] - [81/100] train 100.000%/0.0000 | val 97.111%/0.4280
[2025-08-17 16:58:39,273][root][INFO] - Start: 81
[2025-08-17 17:04:50,577][root][INFO] - [82/100] train 100.000%/0.0000 | val 97.097%/0.4296
[2025-08-17 17:04:50,577][root][INFO] - Start: 82
[2025-08-17 17:11:01,506][root][INFO] - [83/100] train 100.000%/0.0000 | val 97.097%/0.4338
[2025-08-17 17:11:01,506][root][INFO] - Start: 83
[2025-08-17 17:17:13,242][root][INFO] - [84/100] train 100.000%/0.0000 | val 97.083%/0.4378
[2025-08-17 17:17:13,242][root][INFO] - Start: 84
[2025-08-17 17:23:23,657][root][INFO] - [85/100] train 100.000%/0.0000 | val 97.069%/0.4442
[2025-08-17 17:23:23,658][root][INFO] - Start: 85
[2025-08-17 17:29:34,780][root][INFO] - [86/100] train 100.000%/0.0000 | val 97.083%/0.4458
[2025-08-17 17:29:34,781][root][INFO] - Start: 86
[2025-08-17 17:35:45,099][root][INFO] - [87/100] train 100.000%/0.0000 | val 97.083%/0.4498
[2025-08-17 17:35:45,099][root][INFO] - Start: 87
[2025-08-17 17:41:55,574][root][INFO] - [88/100] train 100.000%/0.0000 | val 97.083%/0.4525
[2025-08-17 17:41:55,575][root][INFO] - Start: 88
[2025-08-17 17:48:06,063][root][INFO] - [89/100] train 100.000%/0.0000 | val 97.083%/0.4559
[2025-08-17 17:48:06,063][root][INFO] - Start: 89
[2025-08-17 17:54:16,556][root][INFO] - [90/100] train 100.000%/0.0000 | val 97.083%/0.4585
[2025-08-17 17:54:16,556][root][INFO] - Start: 90
[2025-08-17 18:00:27,249][root][INFO] - [91/100] train 100.000%/0.0000 | val 97.083%/0.4615
[2025-08-17 18:00:27,250][root][INFO] - Start: 91
[2025-08-17 18:06:38,841][root][INFO] - [92/100] train 100.000%/0.0000 | val 97.069%/0.4645
[2025-08-17 18:06:38,842][root][INFO] - Start: 92
[2025-08-17 18:12:49,990][root][INFO] - [93/100] train 100.000%/0.0000 | val 97.069%/0.4665
[2025-08-17 18:12:49,990][root][INFO] - Start: 93
[2025-08-17 18:19:01,111][root][INFO] - [94/100] train 100.000%/0.0000 | val 97.069%/0.4702
[2025-08-17 18:19:01,112][root][INFO] - Start: 94
[2025-08-17 18:25:12,093][root][INFO] - [95/100] train 100.000%/0.0000 | val 97.069%/0.4729
[2025-08-17 18:25:12,093][root][INFO] - Start: 95
[2025-08-17 18:31:22,899][root][INFO] - [96/100] train 100.000%/0.0000 | val 97.069%/0.4759
[2025-08-17 18:31:22,899][root][INFO] - Start: 96
[2025-08-17 18:37:33,452][root][INFO] - [97/100] train 100.000%/0.0000 | val 97.069%/0.4788
[2025-08-17 18:37:33,452][root][INFO] - Start: 97
[2025-08-17 18:43:45,070][root][INFO] - [98/100] train 100.000%/0.0000 | val 97.069%/0.4807
[2025-08-17 18:43:45,070][root][INFO] - Start: 98
[2025-08-17 18:49:56,609][root][INFO] - [99/100] train 100.000%/0.0000 | val 97.069%/0.4829
[2025-08-17 18:49:56,609][root][INFO] - Start: 99
[2025-08-17 18:56:07,604][root][INFO] - [100/100] train 100.000%/0.0000 | val 97.069%/0.4856
[2025-08-17 18:56:21,566][root][INFO] - 
[Test Evaluation]
[2025-08-17 18:56:21,567][root][INFO] -  Accuracy : 0.973
[2025-08-17 18:56:21,567][root][INFO] -  Precision: 0.964
[2025-08-17 18:56:21,567][root][INFO] -  Recall   : 0.983
[2025-08-17 18:56:21,567][root][INFO] -  F1       : 0.973
[2025-08-17 18:56:21,567][root][INFO] -  Auc      : 0.992
