[2025-08-25 04:14:09,336][root][INFO] - ORIGINAL CWD : /home/sota/research/sotaohnuma/coffee
[2025-08-25 04:14:09,337][root][INFO] - RUN CWD      : /home/sota/research/sotaohnuma/coffee/outputs/bean_224/vit_second/base/2025-08-25_04-14-09
[2025-08-25 04:14:09,337][root][INFO] - batch: 680, 
 {'_target_': 'vit_pytorch.ViT', 'batch_size': 680, 'lr': 0.0018, 'weight_decay': 2.9e-05, 'image_size': 224, 'patch_size': 16, 'num_classes': 2, 'dim': 192, 'depth': 3, 'heads': 6, 'mlp_dim': 192, 'dropout': 0.2, 'emb_dropout': 0.2}
[2025-08-25 04:14:09,337][root][INFO] - lr: 0.0018, 
 {'_target_': 'vit_pytorch.ViT', 'lr': 0.0018, 'weight_decay': 2.9e-05, 'image_size': 224, 'patch_size': 16, 'num_classes': 2, 'dim': 192, 'depth': 3, 'heads': 6, 'mlp_dim': 192, 'dropout': 0.2, 'emb_dropout': 0.2}
[2025-08-25 04:14:09,338][root][INFO] - weight_decay: 2.9e-05, 
 {'_target_': 'vit_pytorch.ViT', 'weight_decay': 2.9e-05, 'image_size': 224, 'patch_size': 16, 'num_classes': 2, 'dim': 192, 'depth': 3, 'heads': 6, 'mlp_dim': 192, 'dropout': 0.2, 'emb_dropout': 0.2}
[2025-08-25 04:14:10,895][root][INFO] - Start loading train data
[2025-08-25 04:14:11,024][root][INFO] - Start loading val data
[2025-08-25 04:14:11,039][root][INFO] - Start loading test data
[2025-08-25 04:14:11,055][root][INFO] - Finished DataLoader setup
[2025-08-25 04:14:11,056][root][INFO] - Start: 0
[2025-08-25 04:16:00,572][root][INFO] - [01/100] train 54.715%/0.6950 | val 67.181%/0.6109
[2025-08-25 04:16:00,597][root][INFO] - Start: 1
[2025-08-25 04:17:08,143][root][INFO] - [02/100] train 65.078%/0.6192 | val 68.167%/0.5899
[2025-08-25 04:17:08,158][root][INFO] - Start: 2
[2025-08-25 04:18:18,864][root][INFO] - [03/100] train 71.382%/0.5481 | val 75.292%/0.5075
[2025-08-25 04:18:18,922][root][INFO] - Start: 3
[2025-08-25 04:19:29,244][root][INFO] - [04/100] train 75.479%/0.4948 | val 81.028%/0.4248
[2025-08-25 04:19:29,296][root][INFO] - Start: 4
[2025-08-25 04:20:43,205][root][INFO] - [05/100] train 79.017%/0.4450 | val 77.417%/0.5274
[2025-08-25 04:20:43,206][root][INFO] - Start: 5
[2025-08-25 04:21:54,694][root][INFO] - [06/100] train 80.007%/0.4293 | val 82.972%/0.4167
[2025-08-25 04:21:54,752][root][INFO] - Start: 6
[2025-08-25 04:23:05,955][root][INFO] - [07/100] train 81.894%/0.3996 | val 82.861%/0.4323
[2025-08-25 04:23:05,955][root][INFO] - Start: 7
[2025-08-25 04:24:17,170][root][INFO] - [08/100] train 82.158%/0.3944 | val 82.625%/0.4164
[2025-08-25 04:24:17,171][root][INFO] - Start: 8
[2025-08-25 04:25:28,220][root][INFO] - [09/100] train 83.285%/0.3738 | val 84.250%/0.3783
[2025-08-25 04:25:28,244][root][INFO] - Start: 9
[2025-08-25 04:26:37,273][root][INFO] - [10/100] train 84.215%/0.3581 | val 85.056%/0.3886
[2025-08-25 04:26:37,299][root][INFO] - Start: 10
[2025-08-25 04:27:45,547][root][INFO] - [11/100] train 84.771%/0.3466 | val 85.931%/0.3724
[2025-08-25 04:27:45,572][root][INFO] - Start: 11
[2025-08-25 04:28:52,594][root][INFO] - [12/100] train 85.457%/0.3381 | val 82.361%/0.4828
[2025-08-25 04:28:52,594][root][INFO] - Start: 12
[2025-08-25 04:30:04,188][root][INFO] - [13/100] train 85.635%/0.3321 | val 86.208%/0.3385
[2025-08-25 04:30:04,215][root][INFO] - Start: 13
[2025-08-25 04:31:14,860][root][INFO] - [14/100] train 86.148%/0.3207 | val 84.931%/0.4138
[2025-08-25 04:31:14,860][root][INFO] - Start: 14
[2025-08-25 04:32:22,908][root][INFO] - [15/100] train 86.844%/0.3061 | val 86.792%/0.3410
[2025-08-25 04:32:22,969][root][INFO] - Start: 15
[2025-08-25 04:33:33,659][root][INFO] - [16/100] train 87.224%/0.3014 | val 84.250%/0.4291
[2025-08-25 04:33:33,659][root][INFO] - Start: 16
[2025-08-25 04:34:44,696][root][INFO] - [17/100] train 87.625%/0.2918 | val 86.569%/0.3429
[2025-08-25 04:34:44,696][root][INFO] - Start: 17
[2025-08-25 04:35:50,918][root][INFO] - [18/100] train 87.811%/0.2883 | val 85.917%/0.3992
[2025-08-25 04:35:50,918][root][INFO] - Start: 18
[2025-08-25 04:37:00,550][root][INFO] - [19/100] train 88.227%/0.2794 | val 87.236%/0.3491
[2025-08-25 04:37:00,576][root][INFO] - Start: 19
[2025-08-25 04:38:10,592][root][INFO] - [20/100] train 89.017%/0.2619 | val 86.486%/0.3770
[2025-08-25 04:38:10,593][root][INFO] - Start: 20
[2025-08-25 04:39:17,650][root][INFO] - [21/100] train 89.092%/0.2607 | val 87.583%/0.3327
[2025-08-25 04:39:17,680][root][INFO] - Start: 21
[2025-08-25 04:40:30,253][root][INFO] - [22/100] train 89.411%/0.2526 | val 85.944%/0.3821
[2025-08-25 04:40:30,253][root][INFO] - Start: 22
[2025-08-25 04:41:38,941][root][INFO] - [23/100] train 89.748%/0.2461 | val 85.625%/0.4100
[2025-08-25 04:41:38,941][root][INFO] - Start: 23
[2025-08-25 04:42:48,647][root][INFO] - [24/100] train 90.036%/0.2385 | val 86.375%/0.3710
[2025-08-25 04:42:48,647][root][INFO] - Start: 24
[2025-08-25 04:43:59,906][root][INFO] - [25/100] train 90.139%/0.2373 | val 87.222%/0.3522
[2025-08-25 04:43:59,906][root][INFO] - Start: 25
[2025-08-25 04:45:07,983][root][INFO] - [26/100] train 90.583%/0.2273 | val 85.819%/0.4087
[2025-08-25 04:45:07,984][root][INFO] - Start: 26
[2025-08-25 04:46:18,633][root][INFO] - [27/100] train 90.948%/0.2220 | val 86.319%/0.3699
[2025-08-25 04:46:18,633][root][INFO] - Start: 27
[2025-08-25 04:47:26,195][root][INFO] - [28/100] train 91.073%/0.2167 | val 86.014%/0.4096
[2025-08-25 04:47:26,196][root][INFO] - Start: 28
[2025-08-25 04:48:34,519][root][INFO] - [29/100] train 90.865%/0.2209 | val 88.042%/0.3301
[2025-08-25 04:48:34,571][root][INFO] - Start: 29
[2025-08-25 04:49:45,432][root][INFO] - [30/100] train 91.599%/0.2050 | val 87.472%/0.3883
[2025-08-25 04:49:45,432][root][INFO] - Start: 30
[2025-08-25 04:50:52,861][root][INFO] - [31/100] train 91.840%/0.1998 | val 86.306%/0.4723
[2025-08-25 04:50:52,861][root][INFO] - Start: 31
[2025-08-25 04:52:02,418][root][INFO] - [32/100] train 91.998%/0.1969 | val 85.500%/0.4266
[2025-08-25 04:52:02,418][root][INFO] - Start: 32
[2025-08-25 04:53:09,909][root][INFO] - [33/100] train 92.130%/0.1926 | val 86.417%/0.4427
[2025-08-25 04:53:09,909][root][INFO] - Start: 33
[2025-08-25 04:54:19,295][root][INFO] - [34/100] train 92.319%/0.1881 | val 85.528%/0.4975
[2025-08-25 04:54:19,296][root][INFO] - Start: 34
[2025-08-25 04:55:30,838][root][INFO] - [35/100] train 92.377%/0.1888 | val 85.694%/0.4424
[2025-08-25 04:55:30,838][root][INFO] - Start: 35
[2025-08-25 04:56:41,062][root][INFO] - [36/100] train 92.865%/0.1773 | val 87.736%/0.3358
[2025-08-25 04:56:41,063][root][INFO] - Start: 36
[2025-08-25 04:57:52,934][root][INFO] - [37/100] train 93.069%/0.1719 | val 87.083%/0.4150
[2025-08-25 04:57:52,935][root][INFO] - Start: 37
[2025-08-25 04:59:03,819][root][INFO] - [38/100] train 93.406%/0.1641 | val 83.986%/0.5040
[2025-08-25 04:59:03,820][root][INFO] - Start: 38
[2025-08-25 05:00:15,747][root][INFO] - [39/100] train 93.469%/0.1623 | val 85.528%/0.4754
[2025-08-25 05:00:15,748][root][INFO] - Start: 39
[2025-08-25 05:01:27,282][root][INFO] - [40/100] train 93.583%/0.1573 | val 83.819%/0.5201
[2025-08-25 05:01:27,283][root][INFO] - Start: 40
[2025-08-25 05:02:36,717][root][INFO] - [41/100] train 93.670%/0.1545 | val 84.944%/0.5141
[2025-08-25 05:02:36,717][root][INFO] - Start: 41
[2025-08-25 05:03:46,434][root][INFO] - [42/100] train 94.099%/0.1460 | val 85.708%/0.5370
[2025-08-25 05:03:46,434][root][INFO] - Start: 42
[2025-08-25 05:04:55,128][root][INFO] - [43/100] train 94.049%/0.1454 | val 85.736%/0.4846
[2025-08-25 05:04:55,128][root][INFO] - Start: 43
[2025-08-25 05:06:05,803][root][INFO] - [44/100] train 94.528%/0.1380 | val 86.958%/0.4220
[2025-08-25 05:06:05,804][root][INFO] - Start: 44
[2025-08-25 05:07:16,903][root][INFO] - [45/100] train 94.493%/0.1389 | val 87.667%/0.4115
[2025-08-25 05:07:16,904][root][INFO] - Start: 45
[2025-08-25 05:08:26,618][root][INFO] - [46/100] train 94.816%/0.1298 | val 86.667%/0.4729
[2025-08-25 05:08:26,618][root][INFO] - Start: 46
[2025-08-25 05:09:38,185][root][INFO] - [47/100] train 94.694%/0.1313 | val 87.222%/0.4671
[2025-08-25 05:09:38,185][root][INFO] - Start: 47
[2025-08-25 05:10:48,257][root][INFO] - [48/100] train 95.111%/0.1223 | val 85.847%/0.5563
[2025-08-25 05:10:48,258][root][INFO] - Start: 48
[2025-08-25 05:11:57,913][root][INFO] - [49/100] train 95.405%/0.1174 | val 85.694%/0.5717
[2025-08-25 05:11:57,913][root][INFO] - Start: 49
[2025-08-25 05:13:08,160][root][INFO] - [50/100] train 95.566%/0.1117 | val 87.972%/0.4646
[2025-08-25 05:13:08,160][root][INFO] - Start: 50
[2025-08-25 05:14:18,231][root][INFO] - [51/100] train 95.259%/0.1181 | val 86.542%/0.5134
[2025-08-25 05:14:18,231][root][INFO] - Start: 51
[2025-08-25 05:15:26,933][root][INFO] - [52/100] train 95.856%/0.1041 | val 87.611%/0.4996
[2025-08-25 05:15:26,933][root][INFO] - Start: 52
[2025-08-25 05:16:34,536][root][INFO] - [53/100] train 95.653%/0.1087 | val 87.167%/0.5485
[2025-08-25 05:16:34,536][root][INFO] - Start: 53
[2025-08-25 05:17:44,284][root][INFO] - [54/100] train 95.920%/0.1020 | val 87.181%/0.5997
[2025-08-25 05:17:44,284][root][INFO] - Start: 54
[2025-08-25 05:18:55,006][root][INFO] - [55/100] train 96.264%/0.0958 | val 85.667%/0.6524
[2025-08-25 05:18:55,007][root][INFO] - Start: 55
[2025-08-25 05:20:08,767][root][INFO] - [56/100] train 96.311%/0.0932 | val 85.458%/0.6267
[2025-08-25 05:20:08,767][root][INFO] - Start: 56
[2025-08-25 05:21:16,572][root][INFO] - [57/100] train 96.502%/0.0903 | val 86.514%/0.6245
[2025-08-25 05:21:16,572][root][INFO] - Start: 57
[2025-08-25 05:22:26,621][root][INFO] - [58/100] train 96.425%/0.0908 | val 86.028%/0.6240
[2025-08-25 05:22:26,621][root][INFO] - Start: 58
[2025-08-25 05:23:36,076][root][INFO] - [59/100] train 96.521%/0.0873 | val 87.028%/0.5652
[2025-08-25 05:23:36,076][root][INFO] - Start: 59
[2025-08-25 05:24:45,070][root][INFO] - [60/100] train 96.837%/0.0821 | val 87.292%/0.6261
[2025-08-25 05:24:45,070][root][INFO] - Start: 60
[2025-08-25 05:25:55,418][root][INFO] - [61/100] train 96.821%/0.0805 | val 86.889%/0.6622
[2025-08-25 05:25:55,418][root][INFO] - Start: 61
[2025-08-25 05:27:06,084][root][INFO] - [62/100] train 97.047%/0.0770 | val 87.222%/0.6298
[2025-08-25 05:27:06,085][root][INFO] - Start: 62
[2025-08-25 05:28:16,307][root][INFO] - [63/100] train 97.085%/0.0749 | val 86.500%/0.7715
[2025-08-25 05:28:16,308][root][INFO] - Start: 63
[2025-08-25 05:29:25,143][root][INFO] - [64/100] train 97.156%/0.0727 | val 86.639%/0.6686
[2025-08-25 05:29:25,144][root][INFO] - Start: 64
[2025-08-25 05:30:33,638][root][INFO] - [65/100] train 97.293%/0.0692 | val 87.208%/0.6838
[2025-08-25 05:30:33,638][root][INFO] - Start: 65
[2025-08-25 05:31:45,250][root][INFO] - [66/100] train 97.486%/0.0643 | val 87.208%/0.6825
[2025-08-25 05:31:45,250][root][INFO] - Start: 66
[2025-08-25 05:32:56,726][root][INFO] - [67/100] train 97.538%/0.0626 | val 86.458%/0.7176
[2025-08-25 05:32:56,727][root][INFO] - Start: 67
[2025-08-25 05:34:06,594][root][INFO] - [68/100] train 97.611%/0.0606 | val 86.764%/0.7220
[2025-08-25 05:34:06,594][root][INFO] - Start: 68
[2025-08-25 05:35:16,438][root][INFO] - [69/100] train 97.785%/0.0560 | val 87.417%/0.6997
[2025-08-25 05:35:16,439][root][INFO] - Start: 69
[2025-08-25 05:36:26,645][root][INFO] - [70/100] train 97.821%/0.0554 | val 87.333%/0.6849
[2025-08-25 05:36:26,646][root][INFO] - Start: 70
[2025-08-25 05:37:35,323][root][INFO] - [71/100] train 97.731%/0.0577 | val 86.847%/0.7587
[2025-08-25 05:37:35,323][root][INFO] - Start: 71
[2025-08-25 05:38:43,603][root][INFO] - [72/100] train 97.983%/0.0528 | val 86.250%/0.7604
[2025-08-25 05:38:43,603][root][INFO] - Start: 72
[2025-08-25 05:39:52,967][root][INFO] - [73/100] train 98.083%/0.0496 | val 87.208%/0.7363
[2025-08-25 05:39:52,967][root][INFO] - Start: 73
[2025-08-25 05:41:01,247][root][INFO] - [74/100] train 98.175%/0.0491 | val 88.222%/0.6715
[2025-08-25 05:41:01,298][root][INFO] - Start: 74
[2025-08-25 05:42:10,015][root][INFO] - [75/100] train 98.253%/0.0467 | val 86.806%/0.8130
[2025-08-25 05:42:10,015][root][INFO] - Start: 75
[2025-08-25 05:43:24,416][root][INFO] - [76/100] train 98.281%/0.0451 | val 87.014%/0.8388
[2025-08-25 05:43:24,416][root][INFO] - Start: 76
[2025-08-25 05:44:34,354][root][INFO] - [77/100] train 98.304%/0.0445 | val 86.778%/0.8063
[2025-08-25 05:44:34,354][root][INFO] - Start: 77
[2025-08-25 05:45:43,489][root][INFO] - [78/100] train 98.352%/0.0429 | val 86.750%/0.8810
[2025-08-25 05:45:43,489][root][INFO] - Start: 78
[2025-08-25 05:46:55,241][root][INFO] - [79/100] train 98.450%/0.0402 | val 86.542%/0.8955
[2025-08-25 05:46:55,242][root][INFO] - Start: 79
[2025-08-25 05:48:06,029][root][INFO] - [80/100] train 98.477%/0.0391 | val 87.236%/0.8609
[2025-08-25 05:48:06,029][root][INFO] - Start: 80
[2025-08-25 05:49:16,610][root][INFO] - [81/100] train 98.554%/0.0375 | val 87.125%/0.8686
[2025-08-25 05:49:16,611][root][INFO] - Start: 81
[2025-08-25 05:50:25,073][root][INFO] - [82/100] train 98.573%/0.0365 | val 86.889%/0.9020
[2025-08-25 05:50:25,073][root][INFO] - Start: 82
[2025-08-25 05:51:38,036][root][INFO] - [83/100] train 98.608%/0.0369 | val 87.306%/0.8493
[2025-08-25 05:51:38,036][root][INFO] - Start: 83
[2025-08-25 05:52:47,425][root][INFO] - [84/100] train 98.736%/0.0339 | val 86.972%/0.9017
[2025-08-25 05:52:47,425][root][INFO] - Start: 84
[2025-08-25 05:53:55,173][root][INFO] - [85/100] train 98.767%/0.0341 | val 86.917%/0.8779
[2025-08-25 05:53:55,173][root][INFO] - Start: 85
[2025-08-25 05:55:04,714][root][INFO] - [86/100] train 98.856%/0.0317 | val 87.417%/0.8401
[2025-08-25 05:55:04,715][root][INFO] - Start: 86
[2025-08-25 05:56:14,532][root][INFO] - [87/100] train 98.727%/0.0332 | val 87.028%/0.8945
[2025-08-25 05:56:14,532][root][INFO] - Start: 87
[2025-08-25 05:57:26,860][root][INFO] - [88/100] train 98.918%/0.0286 | val 86.986%/0.9184
[2025-08-25 05:57:26,861][root][INFO] - Start: 88
[2025-08-25 05:58:34,136][root][INFO] - [89/100] train 98.903%/0.0303 | val 86.944%/0.9599
[2025-08-25 05:58:34,137][root][INFO] - Start: 89
[2025-08-25 05:59:42,764][root][INFO] - [90/100] train 98.929%/0.0290 | val 87.194%/0.9372
[2025-08-25 05:59:42,764][root][INFO] - Start: 90
[2025-08-25 06:00:51,622][root][INFO] - [91/100] train 98.957%/0.0290 | val 87.111%/0.9474
[2025-08-25 06:00:51,623][root][INFO] - Start: 91
[2025-08-25 06:01:59,922][root][INFO] - [92/100] train 98.934%/0.0292 | val 86.819%/0.9706
[2025-08-25 06:01:59,922][root][INFO] - Start: 92
[2025-08-25 06:03:10,430][root][INFO] - [93/100] train 99.009%/0.0278 | val 86.639%/0.9881
[2025-08-25 06:03:10,430][root][INFO] - Start: 93
[2025-08-25 06:04:20,131][root][INFO] - [94/100] train 99.019%/0.0260 | val 86.931%/0.9738
[2025-08-25 06:04:20,132][root][INFO] - Start: 94
[2025-08-25 06:05:28,575][root][INFO] - [95/100] train 99.017%/0.0268 | val 87.208%/0.9454
[2025-08-25 06:05:28,575][root][INFO] - Start: 95
[2025-08-25 06:06:37,900][root][INFO] - [96/100] train 99.042%/0.0255 | val 87.042%/0.9747
[2025-08-25 06:06:37,900][root][INFO] - Start: 96
[2025-08-25 06:07:45,567][root][INFO] - [97/100] train 98.951%/0.0272 | val 87.014%/0.9701
[2025-08-25 06:07:45,567][root][INFO] - Start: 97
[2025-08-25 06:08:51,655][root][INFO] - [98/100] train 98.981%/0.0281 | val 87.042%/0.9699
[2025-08-25 06:08:51,655][root][INFO] - Start: 98
[2025-08-25 06:09:57,845][root][INFO] - [99/100] train 99.016%/0.0258 | val 87.000%/0.9737
[2025-08-25 06:09:57,845][root][INFO] - Start: 99
[2025-08-25 06:11:02,088][root][INFO] - [100/100] train 98.958%/0.0274 | val 86.986%/0.9748
[2025-08-25 06:11:10,851][root][INFO] - 
[Test Evaluation]
[2025-08-25 06:11:10,851][root][INFO] -  Accuracy : 0.887
[2025-08-25 06:11:10,851][root][INFO] -  Precision: 0.848
[2025-08-25 06:11:10,851][root][INFO] -  Recall   : 0.943
[2025-08-25 06:11:10,851][root][INFO] -  F1       : 0.893
[2025-08-25 06:11:10,851][root][INFO] -  Auc      : 0.962
