[2025-09-14 04:17:11,881][root][INFO] - ORIGINAL CWD : /home/sota/research/sotaohnuma/coffee
[2025-09-14 04:17:11,881][root][INFO] - RUN CWD      : /home/sota/research/sotaohnuma/coffee/outputs/bean_224/mobilenetv2/base/2025-09-14_04-17-11
[2025-09-14 04:17:11,881][root][INFO] - batch: 86, 
 {'batch_size': 86, '_target_': 'models.mobilenetv2.mobilenetv2', 'lr': 0.008, 'weight_decay': 0.0079}
[2025-09-14 04:17:11,881][root][INFO] - lr: 0.008, 
 {'_target_': 'models.mobilenetv2.mobilenetv2', 'lr': 0.008, 'weight_decay': 0.0079}
[2025-09-14 04:17:11,881][root][INFO] - weight_decay: 0.0079, 
 {'_target_': 'models.mobilenetv2.mobilenetv2', 'weight_decay': 0.0079}
[2025-09-14 04:17:12,952][root][INFO] - Start loading train data
[2025-09-14 04:17:13,074][root][INFO] - Start loading val data
[2025-09-14 04:17:13,087][root][INFO] - Start loading test data
[2025-09-14 04:17:13,311][root][INFO] - Finished DataLoader setup
[2025-09-14 04:17:13,313][root][INFO] - Start: 0
[2025-09-14 04:22:18,248][root][INFO] - [01/100] train 87.696%/0.4451 | val 92.597%/0.2199
[2025-09-14 04:22:18,317][root][INFO] - Start: 1
[2025-09-14 04:27:23,006][root][INFO] - [02/100] train 97.066%/0.0753 | val 94.431%/0.1722
[2025-09-14 04:27:23,247][root][INFO] - Start: 2
[2025-09-14 04:32:27,310][root][INFO] - [03/100] train 98.076%/0.0545 | val 95.097%/0.1224
[2025-09-14 04:32:27,479][root][INFO] - Start: 3
[2025-09-14 04:37:31,728][root][INFO] - [04/100] train 98.229%/0.0482 | val 96.139%/0.1286
[2025-09-14 04:37:31,907][root][INFO] - Start: 4
[2025-09-14 04:42:36,017][root][INFO] - [05/100] train 98.319%/0.0466 | val 94.986%/0.1926
[2025-09-14 04:42:36,017][root][INFO] - Start: 5
[2025-09-14 04:47:40,168][root][INFO] - [06/100] train 98.229%/0.0502 | val 93.819%/0.2052
[2025-09-14 04:47:40,169][root][INFO] - Start: 6
[2025-09-14 04:52:44,363][root][INFO] - [07/100] train 98.104%/0.0520 | val 95.403%/0.1243
[2025-09-14 04:52:44,364][root][INFO] - Start: 7
[2025-09-14 04:57:48,463][root][INFO] - [08/100] train 97.979%/0.0558 | val 95.167%/0.1353
[2025-09-14 04:57:48,463][root][INFO] - Start: 8
[2025-09-14 05:02:52,644][root][INFO] - [09/100] train 97.766%/0.0614 | val 95.097%/0.1411
[2025-09-14 05:02:52,644][root][INFO] - Start: 9
[2025-09-14 05:07:56,629][root][INFO] - [10/100] train 97.533%/0.0666 | val 71.111%/1.5074
[2025-09-14 05:07:56,629][root][INFO] - Start: 10
[2025-09-14 05:13:00,995][root][INFO] - [11/100] train 97.696%/0.0630 | val 92.306%/0.2533
[2025-09-14 05:13:00,995][root][INFO] - Start: 11
[2025-09-14 05:18:05,671][root][INFO] - [12/100] train 98.003%/0.0550 | val 92.972%/0.1793
[2025-09-14 05:18:05,672][root][INFO] - Start: 12
[2025-09-14 05:23:09,857][root][INFO] - [13/100] train 97.976%/0.0549 | val 94.764%/0.1868
[2025-09-14 05:23:09,858][root][INFO] - Start: 13
[2025-09-14 05:28:13,979][root][INFO] - [14/100] train 97.988%/0.0530 | val 95.097%/0.1396
[2025-09-14 05:28:13,979][root][INFO] - Start: 14
[2025-09-14 05:33:18,392][root][INFO] - [15/100] train 98.361%/0.0455 | val 92.972%/0.1967
[2025-09-14 05:33:18,392][root][INFO] - Start: 15
[2025-09-14 05:38:22,832][root][INFO] - [16/100] train 97.965%/0.0588 | val 50.611%/4.1102
[2025-09-14 05:38:22,832][root][INFO] - Start: 16
[2025-09-14 05:43:27,020][root][INFO] - [17/100] train 98.062%/0.0522 | val 95.639%/0.1449
[2025-09-14 05:43:27,020][root][INFO] - Start: 17
[2025-09-14 05:48:31,217][root][INFO] - [18/100] train 98.635%/0.0377 | val 94.750%/0.1678
[2025-09-14 05:48:31,217][root][INFO] - Start: 18
[2025-09-14 05:53:35,552][root][INFO] - [19/100] train 98.731%/0.0353 | val 94.278%/0.1716
[2025-09-14 05:53:35,552][root][INFO] - Start: 19
[2025-09-14 05:58:39,714][root][INFO] - [20/100] train 98.726%/0.0346 | val 95.028%/0.2147
[2025-09-14 05:58:39,714][root][INFO] - Start: 20
[2025-09-14 06:03:43,975][root][INFO] - [21/100] train 98.967%/0.0291 | val 63.514%/3.2615
[2025-09-14 06:03:43,976][root][INFO] - Start: 21
[2025-09-14 06:08:48,116][root][INFO] - [22/100] train 98.894%/0.0321 | val 93.750%/0.2545
[2025-09-14 06:08:48,116][root][INFO] - Start: 22
[2025-09-14 06:13:52,056][root][INFO] - [23/100] train 99.047%/0.0272 | val 94.097%/0.2262
[2025-09-14 06:13:52,056][root][INFO] - Start: 23
[2025-09-14 06:18:55,988][root][INFO] - [24/100] train 99.057%/0.0267 | val 94.375%/0.2364
[2025-09-14 06:18:55,988][root][INFO] - Start: 24
[2025-09-14 06:24:00,177][root][INFO] - [25/100] train 99.193%/0.0228 | val 86.167%/0.5854
[2025-09-14 06:24:00,177][root][INFO] - Start: 25
[2025-09-14 06:29:04,045][root][INFO] - [26/100] train 99.078%/0.0261 | val 94.736%/0.1689
[2025-09-14 06:29:04,045][root][INFO] - Start: 26
[2025-09-14 06:34:08,214][root][INFO] - [27/100] train 99.266%/0.0207 | val 93.264%/0.2580
[2025-09-14 06:34:08,214][root][INFO] - Start: 27
[2025-09-14 06:39:12,387][root][INFO] - [28/100] train 99.250%/0.0216 | val 95.500%/0.1751
[2025-09-14 06:39:12,387][root][INFO] - Start: 28
[2025-09-14 06:44:16,292][root][INFO] - [29/100] train 99.333%/0.0191 | val 93.514%/0.3050
[2025-09-14 06:44:16,292][root][INFO] - Start: 29
[2025-09-14 06:49:19,996][root][INFO] - [30/100] train 99.361%/0.0182 | val 94.444%/0.1902
[2025-09-14 06:49:19,996][root][INFO] - Start: 30
[2025-09-14 06:54:23,571][root][INFO] - [31/100] train 99.387%/0.0180 | val 94.153%/0.2093
[2025-09-14 06:54:23,572][root][INFO] - Start: 31
[2025-09-14 06:59:27,579][root][INFO] - [32/100] train 99.351%/0.0188 | val 92.764%/0.4805
[2025-09-14 06:59:27,579][root][INFO] - Start: 32
[2025-09-14 07:04:31,196][root][INFO] - [33/100] train 99.340%/0.0186 | val 95.472%/0.1836
[2025-09-14 07:04:31,197][root][INFO] - Start: 33
[2025-09-14 07:09:35,022][root][INFO] - [34/100] train 99.370%/0.0175 | val 94.875%/0.2203
[2025-09-14 07:09:35,022][root][INFO] - Start: 34
[2025-09-14 07:14:38,819][root][INFO] - [35/100] train 99.502%/0.0144 | val 94.722%/0.2235
[2025-09-14 07:14:38,819][root][INFO] - Start: 35
[2025-09-14 07:19:42,082][root][INFO] - [36/100] train 99.512%/0.0141 | val 93.806%/0.2931
[2025-09-14 07:19:42,082][root][INFO] - Start: 36
[2025-09-14 07:24:45,936][root][INFO] - [37/100] train 99.514%/0.0131 | val 95.611%/0.2229
[2025-09-14 07:24:45,937][root][INFO] - Start: 37
[2025-09-14 07:29:49,333][root][INFO] - [38/100] train 99.571%/0.0130 | val 95.097%/0.2509
[2025-09-14 07:29:49,333][root][INFO] - Start: 38
[2025-09-14 07:34:52,821][root][INFO] - [39/100] train 99.528%/0.0144 | val 92.097%/0.3782
[2025-09-14 07:34:52,821][root][INFO] - Start: 39
[2025-09-14 07:39:56,835][root][INFO] - [40/100] train 99.559%/0.0133 | val 95.556%/0.1583
[2025-09-14 07:39:56,835][root][INFO] - Start: 40
[2025-09-14 07:45:00,824][root][INFO] - [41/100] train 99.582%/0.0122 | val 95.625%/0.2249
[2025-09-14 07:45:00,824][root][INFO] - Start: 41
[2025-09-14 07:50:05,332][root][INFO] - [42/100] train 99.509%/0.0141 | val 94.958%/0.3271
[2025-09-14 07:50:05,332][root][INFO] - Start: 42
[2025-09-14 07:55:08,940][root][INFO] - [43/100] train 99.542%/0.0130 | val 95.806%/0.1746
[2025-09-14 07:55:08,940][root][INFO] - Start: 43
[2025-09-14 08:00:13,174][root][INFO] - [44/100] train 99.576%/0.0124 | val 96.153%/0.1485
[2025-09-14 08:00:13,412][root][INFO] - Start: 44
[2025-09-14 08:05:17,331][root][INFO] - [45/100] train 99.729%/0.0077 | val 94.153%/0.3375
[2025-09-14 08:05:17,332][root][INFO] - Start: 45
[2025-09-14 08:10:21,332][root][INFO] - [46/100] train 99.568%/0.0129 | val 95.000%/0.2197
[2025-09-14 08:10:21,332][root][INFO] - Start: 46
[2025-09-14 08:15:25,088][root][INFO] - [47/100] train 99.722%/0.0081 | val 92.750%/0.3673
[2025-09-14 08:15:25,088][root][INFO] - Start: 47
[2025-09-14 08:20:28,832][root][INFO] - [48/100] train 99.628%/0.0100 | val 95.319%/0.2292
[2025-09-14 08:20:28,833][root][INFO] - Start: 48
[2025-09-14 08:25:32,488][root][INFO] - [49/100] train 99.714%/0.0081 | val 96.250%/0.2123
[2025-09-14 08:25:32,719][root][INFO] - Start: 49
[2025-09-14 08:30:36,073][root][INFO] - [50/100] train 99.675%/0.0096 | val 94.431%/0.3060
[2025-09-14 08:30:36,073][root][INFO] - Start: 50
[2025-09-14 08:35:39,923][root][INFO] - [51/100] train 99.734%/0.0078 | val 95.722%/0.2176
[2025-09-14 08:35:39,924][root][INFO] - Start: 51
[2025-09-14 08:40:43,786][root][INFO] - [52/100] train 99.694%/0.0086 | val 95.875%/0.1486
[2025-09-14 08:40:43,786][root][INFO] - Start: 52
[2025-09-14 08:45:47,534][root][INFO] - [53/100] train 99.792%/0.0062 | val 95.083%/0.2403
[2025-09-14 08:45:47,534][root][INFO] - Start: 53
[2025-09-14 08:50:51,420][root][INFO] - [54/100] train 99.757%/0.0070 | val 94.139%/0.3084
[2025-09-14 08:50:51,420][root][INFO] - Start: 54
[2025-09-14 08:55:55,351][root][INFO] - [55/100] train 99.828%/0.0050 | val 95.472%/0.2558
[2025-09-14 08:55:55,351][root][INFO] - Start: 55
[2025-09-14 09:00:58,591][root][INFO] - [56/100] train 99.727%/0.0079 | val 94.111%/0.2941
[2025-09-14 09:00:58,592][root][INFO] - Start: 56
[2025-09-14 09:06:02,982][root][INFO] - [57/100] train 99.823%/0.0052 | val 95.361%/0.2436
[2025-09-14 09:06:02,982][root][INFO] - Start: 57
[2025-09-14 09:11:06,604][root][INFO] - [58/100] train 99.823%/0.0050 | val 95.972%/0.2130
[2025-09-14 09:11:06,604][root][INFO] - Start: 58
[2025-09-14 09:16:09,801][root][INFO] - [59/100] train 99.812%/0.0059 | val 96.903%/0.1874
[2025-09-14 09:16:10,038][root][INFO] - Start: 59
[2025-09-14 09:21:13,585][root][INFO] - [60/100] train 99.854%/0.0043 | val 95.569%/0.3143
[2025-09-14 09:21:13,586][root][INFO] - Start: 60
[2025-09-14 09:26:17,324][root][INFO] - [61/100] train 99.832%/0.0049 | val 94.986%/0.3271
[2025-09-14 09:26:17,324][root][INFO] - Start: 61
[2025-09-14 09:31:21,022][root][INFO] - [62/100] train 99.898%/0.0040 | val 93.250%/0.3410
[2025-09-14 09:31:21,022][root][INFO] - Start: 62
[2025-09-14 09:36:24,627][root][INFO] - [63/100] train 99.863%/0.0040 | val 95.306%/0.2478
[2025-09-14 09:36:24,628][root][INFO] - Start: 63
[2025-09-14 09:41:28,239][root][INFO] - [64/100] train 99.922%/0.0024 | val 95.792%/0.2971
[2025-09-14 09:41:28,239][root][INFO] - Start: 64
[2025-09-14 09:46:32,697][root][INFO] - [65/100] train 99.852%/0.0042 | val 96.333%/0.2557
[2025-09-14 09:46:32,697][root][INFO] - Start: 65
[2025-09-14 09:51:36,741][root][INFO] - [66/100] train 99.936%/0.0020 | val 95.597%/0.2405
[2025-09-14 09:51:36,741][root][INFO] - Start: 66
[2025-09-14 09:56:40,456][root][INFO] - [67/100] train 99.901%/0.0035 | val 96.139%/0.2688
[2025-09-14 09:56:40,456][root][INFO] - Start: 67
[2025-09-14 10:01:43,881][root][INFO] - [68/100] train 99.951%/0.0012 | val 96.278%/0.2217
[2025-09-14 10:01:43,881][root][INFO] - Start: 68
[2025-09-14 10:06:47,211][root][INFO] - [69/100] train 99.856%/0.0042 | val 96.153%/0.1867
[2025-09-14 10:06:47,211][root][INFO] - Start: 69
[2025-09-14 10:11:51,606][root][INFO] - [70/100] train 99.960%/0.0013 | val 96.181%/0.2224
[2025-09-14 10:11:51,607][root][INFO] - Start: 70
[2025-09-14 10:16:55,227][root][INFO] - [71/100] train 99.938%/0.0017 | val 96.333%/0.2442
[2025-09-14 10:16:55,227][root][INFO] - Start: 71
[2025-09-14 10:21:58,763][root][INFO] - [72/100] train 99.977%/0.0008 | val 96.528%/0.2168
[2025-09-14 10:21:58,764][root][INFO] - Start: 72
[2025-09-14 10:27:01,886][root][INFO] - [73/100] train 99.944%/0.0019 | val 95.069%/0.2884
[2025-09-14 10:27:01,886][root][INFO] - Start: 73
[2025-09-14 10:32:06,066][root][INFO] - [74/100] train 99.955%/0.0014 | val 96.417%/0.2604
[2025-09-14 10:32:06,066][root][INFO] - Start: 74
[2025-09-14 10:37:09,821][root][INFO] - [75/100] train 99.991%/0.0003 | val 96.069%/0.2582
[2025-09-14 10:37:09,821][root][INFO] - Start: 75
[2025-09-14 10:42:13,760][root][INFO] - [76/100] train 99.995%/0.0002 | val 96.431%/0.2744
[2025-09-14 10:42:13,760][root][INFO] - Start: 76
[2025-09-14 10:47:17,454][root][INFO] - [77/100] train 99.931%/0.0017 | val 96.639%/0.2386
[2025-09-14 10:47:17,454][root][INFO] - Start: 77
[2025-09-14 10:52:21,293][root][INFO] - [78/100] train 99.993%/0.0003 | val 96.278%/0.2914
[2025-09-14 10:52:21,293][root][INFO] - Start: 78
[2025-09-14 10:57:25,058][root][INFO] - [79/100] train 100.000%/0.0000 | val 96.375%/0.2861
[2025-09-14 10:57:25,058][root][INFO] - Start: 79
[2025-09-14 11:02:28,655][root][INFO] - [80/100] train 100.000%/0.0001 | val 96.264%/0.2930
[2025-09-14 11:02:28,655][root][INFO] - Start: 80
[2025-09-14 11:07:32,884][root][INFO] - [81/100] train 99.955%/0.0012 | val 96.056%/0.2923
[2025-09-14 11:07:32,884][root][INFO] - Start: 81
[2025-09-14 11:12:36,692][root][INFO] - [82/100] train 99.990%/0.0003 | val 95.917%/0.2801
[2025-09-14 11:12:36,692][root][INFO] - Start: 82
[2025-09-14 11:17:40,381][root][INFO] - [83/100] train 99.998%/0.0001 | val 95.917%/0.3004
[2025-09-14 11:17:40,381][root][INFO] - Start: 83
[2025-09-14 11:22:44,567][root][INFO] - [84/100] train 99.998%/0.0001 | val 96.403%/0.2959
[2025-09-14 11:22:44,567][root][INFO] - Start: 84
[2025-09-14 11:27:48,131][root][INFO] - [85/100] train 99.998%/0.0000 | val 96.417%/0.2863
[2025-09-14 11:27:48,131][root][INFO] - Start: 85
[2025-09-14 11:32:51,522][root][INFO] - [86/100] train 100.000%/0.0000 | val 96.194%/0.2840
[2025-09-14 11:32:51,522][root][INFO] - Start: 86
[2025-09-14 11:37:56,117][root][INFO] - [87/100] train 99.997%/0.0001 | val 94.958%/0.3534
[2025-09-14 11:37:56,117][root][INFO] - Start: 87
[2025-09-14 11:42:59,577][root][INFO] - [88/100] train 100.000%/0.0000 | val 96.250%/0.3163
[2025-09-14 11:42:59,577][root][INFO] - Start: 88
[2025-09-14 11:48:03,444][root][INFO] - [89/100] train 100.000%/0.0000 | val 96.028%/0.3355
[2025-09-14 11:48:03,444][root][INFO] - Start: 89
[2025-09-14 11:53:07,054][root][INFO] - [90/100] train 99.998%/0.0001 | val 96.125%/0.3583
[2025-09-14 11:53:07,054][root][INFO] - Start: 90
[2025-09-14 11:58:11,039][root][INFO] - [91/100] train 100.000%/0.0000 | val 96.236%/0.3514
[2025-09-14 11:58:11,039][root][INFO] - Start: 91
[2025-09-14 12:03:15,353][root][INFO] - [92/100] train 100.000%/0.0000 | val 96.292%/0.3231
[2025-09-14 12:03:15,353][root][INFO] - Start: 92
[2025-09-14 12:08:19,355][root][INFO] - [93/100] train 99.998%/0.0000 | val 96.431%/0.3096
[2025-09-14 12:08:19,355][root][INFO] - Start: 93
[2025-09-14 12:13:23,409][root][INFO] - [94/100] train 100.000%/0.0000 | val 96.444%/0.3005
[2025-09-14 12:13:23,410][root][INFO] - Start: 94
[2025-09-14 12:18:27,568][root][INFO] - [95/100] train 100.000%/0.0000 | val 96.375%/0.3153
[2025-09-14 12:18:27,569][root][INFO] - Start: 95
[2025-09-14 12:23:31,169][root][INFO] - [96/100] train 100.000%/0.0000 | val 96.597%/0.2967
[2025-09-14 12:23:31,170][root][INFO] - Start: 96
[2025-09-14 12:28:34,406][root][INFO] - [97/100] train 100.000%/0.0000 | val 96.500%/0.3109
[2025-09-14 12:28:34,406][root][INFO] - Start: 97
[2025-09-14 12:33:38,923][root][INFO] - [98/100] train 100.000%/0.0000 | val 96.444%/0.3092
[2025-09-14 12:33:38,923][root][INFO] - Start: 98
[2025-09-14 12:38:42,853][root][INFO] - [99/100] train 100.000%/0.0000 | val 96.417%/0.3175
[2025-09-14 12:38:42,853][root][INFO] - Start: 99
[2025-09-14 12:43:46,851][root][INFO] - [100/100] train 100.000%/0.0000 | val 96.500%/0.3041
[2025-09-14 12:43:56,997][root][INFO] - 
[Test Evaluation]
[2025-09-14 12:43:56,997][root][INFO] -  Accuracy : 0.961
[2025-09-14 12:43:56,997][root][INFO] -  Precision: 0.948
[2025-09-14 12:43:56,997][root][INFO] -  Recall   : 0.976
[2025-09-14 12:43:56,997][root][INFO] -  F1       : 0.962
[2025-09-14 12:43:56,997][root][INFO] -  Auc      : 0.995
