[2025-09-24 02:22:15,539][root][INFO] - ORIGINAL CWD : /home/sota/research/sotaohnuma/coffee
[2025-09-24 02:22:15,539][root][INFO] - RUN CWD      : /home/sota/research/sotaohnuma/coffee/outputs/bean_224/cnn_student/base/2025-09-24_02-22-15
[2025-09-24 02:22:15,539][root][INFO] - batch: 688, 
 {'_target_': 'models.cnn_student.cnn_student', 'batch_size': 688, 'lr': 0.0001, 'weight_decay': 0.0005}
[2025-09-24 02:22:15,539][root][INFO] - lr: 0.0001, 
 {'_target_': 'models.cnn_student.cnn_student', 'lr': 0.0001, 'weight_decay': 0.0005}
[2025-09-24 02:22:15,539][root][INFO] - weight_decay: 0.0005, 
 {'_target_': 'models.cnn_student.cnn_student', 'weight_decay': 0.0005}
[2025-09-24 02:22:16,143][root][INFO] - Start loading train data
[2025-09-24 02:22:16,276][root][INFO] - Start loading val data
[2025-09-24 02:22:16,290][root][INFO] - Start loading test data
[2025-09-24 02:22:16,304][root][INFO] - Finished DataLoader setup
[2025-09-24 02:22:16,304][root][INFO] - Start: 0
[2025-09-24 02:23:16,368][root][INFO] - [01/100] train 50.000%/0.7200 | val 50.000%/0.7129
[2025-09-24 02:23:16,373][root][INFO] - Start: 1
[2025-09-24 02:24:14,740][root][INFO] - [02/100] train 50.000%/0.7072 | val 50.000%/0.6979
[2025-09-24 02:24:14,740][root][INFO] - Start: 2
[2025-09-24 02:25:14,678][root][INFO] - [03/100] train 50.000%/0.6924 | val 50.000%/0.6833
[2025-09-24 02:25:14,679][root][INFO] - Start: 3
[2025-09-24 02:26:13,199][root][INFO] - [04/100] train 51.484%/0.6802 | val 54.278%/0.6724
[2025-09-24 02:26:13,205][root][INFO] - Start: 4
[2025-09-24 02:27:12,897][root][INFO] - [05/100] train 61.252%/0.6693 | val 62.347%/0.6609
[2025-09-24 02:27:12,900][root][INFO] - Start: 5
[2025-09-24 02:28:14,760][root][INFO] - [06/100] train 64.373%/0.6582 | val 64.125%/0.6494
[2025-09-24 02:28:14,764][root][INFO] - Start: 6
[2025-09-24 02:29:17,688][root][INFO] - [07/100] train 63.655%/0.6473 | val 63.847%/0.6389
[2025-09-24 02:29:17,688][root][INFO] - Start: 7
[2025-09-24 02:30:18,638][root][INFO] - [08/100] train 63.165%/0.6382 | val 63.458%/0.6290
[2025-09-24 02:30:18,638][root][INFO] - Start: 8
[2025-09-24 02:31:15,822][root][INFO] - [09/100] train 63.347%/0.6310 | val 57.722%/0.6512
[2025-09-24 02:31:15,822][root][INFO] - Start: 9
[2025-09-24 02:32:13,206][root][INFO] - [10/100] train 63.910%/0.6254 | val 61.792%/0.6304
[2025-09-24 02:32:13,206][root][INFO] - Start: 10
[2025-09-24 02:33:17,329][root][INFO] - [11/100] train 64.227%/0.6197 | val 66.181%/0.6083
[2025-09-24 02:33:17,335][root][INFO] - Start: 11
[2025-09-24 02:34:11,798][root][INFO] - [12/100] train 65.024%/0.6137 | val 68.486%/0.5992
[2025-09-24 02:34:11,801][root][INFO] - Start: 12
[2025-09-24 02:35:11,890][root][INFO] - [13/100] train 66.351%/0.6059 | val 69.903%/0.5907
[2025-09-24 02:35:11,898][root][INFO] - Start: 13
[2025-09-24 02:36:14,490][root][INFO] - [14/100] train 67.240%/0.5979 | val 68.806%/0.5852
[2025-09-24 02:36:14,491][root][INFO] - Start: 14
[2025-09-24 02:37:14,371][root][INFO] - [15/100] train 68.542%/0.5888 | val 58.889%/0.7195
[2025-09-24 02:37:14,371][root][INFO] - Start: 15
[2025-09-24 02:38:17,296][root][INFO] - [16/100] train 69.168%/0.5817 | val 68.681%/0.5756
[2025-09-24 02:38:17,296][root][INFO] - Start: 16
[2025-09-24 02:39:17,099][root][INFO] - [17/100] train 70.186%/0.5732 | val 58.694%/0.7129
[2025-09-24 02:39:17,099][root][INFO] - Start: 17
[2025-09-24 02:40:15,305][root][INFO] - [18/100] train 71.064%/0.5655 | val 50.736%/1.7854
[2025-09-24 02:40:15,306][root][INFO] - Start: 18
[2025-09-24 02:41:14,406][root][INFO] - [19/100] train 72.259%/0.5584 | val 70.833%/0.5483
[2025-09-24 02:41:14,409][root][INFO] - Start: 19
[2025-09-24 02:42:14,135][root][INFO] - [20/100] train 72.741%/0.5513 | val 67.944%/0.5685
[2025-09-24 02:42:14,135][root][INFO] - Start: 20
[2025-09-24 02:43:12,946][root][INFO] - [21/100] train 73.250%/0.5455 | val 75.347%/0.5217
[2025-09-24 02:43:12,951][root][INFO] - Start: 21
[2025-09-24 02:44:09,715][root][INFO] - [22/100] train 73.757%/0.5398 | val 50.042%/1.1042
[2025-09-24 02:44:09,715][root][INFO] - Start: 22
[2025-09-24 02:45:09,149][root][INFO] - [23/100] train 74.243%/0.5348 | val 50.069%/1.1089
[2025-09-24 02:45:09,150][root][INFO] - Start: 23
[2025-09-24 02:46:07,150][root][INFO] - [24/100] train 74.575%/0.5310 | val 71.653%/0.5347
[2025-09-24 02:46:07,150][root][INFO] - Start: 24
[2025-09-24 02:47:07,407][root][INFO] - [25/100] train 74.878%/0.5267 | val 77.000%/0.5073
[2025-09-24 02:47:07,413][root][INFO] - Start: 25
[2025-09-24 02:48:04,351][root][INFO] - [26/100] train 75.002%/0.5239 | val 69.417%/0.5454
[2025-09-24 02:48:04,352][root][INFO] - Start: 26
[2025-09-24 02:49:03,671][root][INFO] - [27/100] train 75.238%/0.5198 | val 69.250%/0.5532
[2025-09-24 02:49:03,671][root][INFO] - Start: 27
[2025-09-24 02:50:00,516][root][INFO] - [28/100] train 75.448%/0.5159 | val 50.000%/1.8522
[2025-09-24 02:50:00,516][root][INFO] - Start: 28
[2025-09-24 02:51:00,813][root][INFO] - [29/100] train 75.726%/0.5132 | val 55.847%/0.7330
[2025-09-24 02:51:00,814][root][INFO] - Start: 29
[2025-09-24 02:51:58,857][root][INFO] - [30/100] train 75.849%/0.5096 | val 77.931%/0.4878
[2025-09-24 02:51:58,860][root][INFO] - Start: 30
[2025-09-24 02:52:58,421][root][INFO] - [31/100] train 76.108%/0.5066 | val 75.806%/0.4964
[2025-09-24 02:52:58,421][root][INFO] - Start: 31
[2025-09-24 02:53:56,390][root][INFO] - [32/100] train 76.255%/0.5046 | val 78.583%/0.4818
[2025-09-24 02:53:56,394][root][INFO] - Start: 32
[2025-09-24 02:54:55,566][root][INFO] - [33/100] train 76.366%/0.5025 | val 63.750%/0.6161
[2025-09-24 02:54:55,566][root][INFO] - Start: 33
[2025-09-24 02:55:54,387][root][INFO] - [34/100] train 76.512%/0.4997 | val 76.653%/0.4857
[2025-09-24 02:55:54,387][root][INFO] - Start: 34
[2025-09-24 02:56:52,468][root][INFO] - [35/100] train 76.863%/0.4968 | val 72.472%/0.5144
[2025-09-24 02:56:52,469][root][INFO] - Start: 35
[2025-09-24 02:57:53,607][root][INFO] - [36/100] train 76.889%/0.4952 | val 79.833%/0.4693
[2025-09-24 02:57:53,613][root][INFO] - Start: 36
[2025-09-24 02:58:48,089][root][INFO] - [37/100] train 77.193%/0.4920 | val 78.486%/0.4828
[2025-09-24 02:58:48,089][root][INFO] - Start: 37
[2025-09-24 02:59:46,256][root][INFO] - [38/100] train 77.359%/0.4898 | val 69.028%/0.5662
[2025-09-24 02:59:46,256][root][INFO] - Start: 38
[2025-09-24 03:00:48,035][root][INFO] - [39/100] train 77.514%/0.4877 | val 78.958%/0.4678
[2025-09-24 03:00:48,035][root][INFO] - Start: 39
[2025-09-24 03:01:48,686][root][INFO] - [40/100] train 77.601%/0.4862 | val 50.986%/1.1658
[2025-09-24 03:01:48,687][root][INFO] - Start: 40
[2025-09-24 03:02:45,218][root][INFO] - [41/100] train 77.601%/0.4830 | val 72.931%/0.5178
[2025-09-24 03:02:45,218][root][INFO] - Start: 41
[2025-09-24 03:03:43,638][root][INFO] - [42/100] train 77.885%/0.4811 | val 66.750%/0.5697
[2025-09-24 03:03:43,638][root][INFO] - Start: 42
[2025-09-24 03:04:39,801][root][INFO] - [43/100] train 78.028%/0.4784 | val 64.319%/0.6796
[2025-09-24 03:04:39,801][root][INFO] - Start: 43
[2025-09-24 03:05:39,599][root][INFO] - [44/100] train 78.184%/0.4762 | val 72.375%/0.5116
[2025-09-24 03:05:39,600][root][INFO] - Start: 44
[2025-09-24 03:06:38,928][root][INFO] - [45/100] train 78.293%/0.4745 | val 74.569%/0.4882
[2025-09-24 03:06:38,928][root][INFO] - Start: 45
[2025-09-24 03:07:34,725][root][INFO] - [46/100] train 78.595%/0.4706 | val 62.972%/0.7278
[2025-09-24 03:07:34,726][root][INFO] - Start: 46
[2025-09-24 03:08:33,267][root][INFO] - [47/100] train 78.406%/0.4723 | val 62.181%/0.7530
[2025-09-24 03:08:33,267][root][INFO] - Start: 47
[2025-09-24 03:09:34,744][root][INFO] - [48/100] train 78.800%/0.4672 | val 73.319%/0.5008
[2025-09-24 03:09:34,745][root][INFO] - Start: 48
[2025-09-24 03:10:36,145][root][INFO] - [49/100] train 78.941%/0.4661 | val 62.639%/0.7569
[2025-09-24 03:10:36,146][root][INFO] - Start: 49
[2025-09-24 03:11:32,098][root][INFO] - [50/100] train 79.071%/0.4651 | val 57.806%/0.7457
[2025-09-24 03:11:32,098][root][INFO] - Start: 50
[2025-09-24 03:12:34,236][root][INFO] - [51/100] train 79.465%/0.4604 | val 63.667%/0.6990
[2025-09-24 03:12:34,236][root][INFO] - Start: 51
[2025-09-24 03:13:32,944][root][INFO] - [52/100] train 79.398%/0.4600 | val 62.403%/0.6414
[2025-09-24 03:13:32,944][root][INFO] - Start: 52
[2025-09-24 03:14:28,302][root][INFO] - [53/100] train 79.599%/0.4578 | val 77.319%/0.4622
[2025-09-24 03:14:28,302][root][INFO] - Start: 53
[2025-09-24 03:15:26,536][root][INFO] - [54/100] train 79.760%/0.4557 | val 70.764%/0.5486
[2025-09-24 03:15:26,536][root][INFO] - Start: 54
[2025-09-24 03:16:27,947][root][INFO] - [55/100] train 79.889%/0.4544 | val 58.486%/0.7536
[2025-09-24 03:16:27,947][root][INFO] - Start: 55
[2025-09-24 03:17:18,277][root][INFO] - [56/100] train 79.944%/0.4530 | val 72.708%/0.5292
[2025-09-24 03:17:18,277][root][INFO] - Start: 56
[2025-09-24 03:18:04,529][root][INFO] - [57/100] train 80.066%/0.4508 | val 81.167%/0.4483
[2025-09-24 03:18:04,533][root][INFO] - Start: 57
[2025-09-24 03:18:50,357][root][INFO] - [58/100] train 80.102%/0.4505 | val 74.486%/0.5071
[2025-09-24 03:18:50,357][root][INFO] - Start: 58
[2025-09-24 03:19:38,503][root][INFO] - [59/100] train 80.224%/0.4486 | val 54.458%/0.9109
[2025-09-24 03:19:38,503][root][INFO] - Start: 59
[2025-09-24 03:20:28,570][root][INFO] - [60/100] train 80.332%/0.4468 | val 65.667%/0.6403
[2025-09-24 03:20:28,571][root][INFO] - Start: 60
[2025-09-24 03:21:17,043][root][INFO] - [61/100] train 80.460%/0.4451 | val 76.722%/0.4883
[2025-09-24 03:21:17,043][root][INFO] - Start: 61
[2025-09-24 03:22:06,237][root][INFO] - [62/100] train 80.595%/0.4443 | val 74.639%/0.5078
[2025-09-24 03:22:06,237][root][INFO] - Start: 62
[2025-09-24 03:22:53,800][root][INFO] - [63/100] train 80.592%/0.4430 | val 81.000%/0.4354
[2025-09-24 03:22:53,800][root][INFO] - Start: 63
[2025-09-24 03:23:43,171][root][INFO] - [64/100] train 80.734%/0.4420 | val 81.097%/0.4358
[2025-09-24 03:23:43,172][root][INFO] - Start: 64
[2025-09-24 03:24:31,961][root][INFO] - [65/100] train 80.807%/0.4402 | val 80.292%/0.4528
[2025-09-24 03:24:31,961][root][INFO] - Start: 65
[2025-09-24 03:25:20,872][root][INFO] - [66/100] train 80.837%/0.4395 | val 61.556%/0.8267
[2025-09-24 03:25:20,872][root][INFO] - Start: 66
[2025-09-24 03:26:08,707][root][INFO] - [67/100] train 80.785%/0.4387 | val 54.889%/0.9152
[2025-09-24 03:26:08,708][root][INFO] - Start: 67
[2025-09-24 03:26:58,794][root][INFO] - [68/100] train 80.875%/0.4373 | val 81.056%/0.4273
[2025-09-24 03:26:58,794][root][INFO] - Start: 68
[2025-09-24 03:27:47,004][root][INFO] - [69/100] train 80.873%/0.4368 | val 69.694%/0.5358
[2025-09-24 03:27:47,005][root][INFO] - Start: 69
[2025-09-24 03:28:34,109][root][INFO] - [70/100] train 81.024%/0.4360 | val 69.319%/0.5710
[2025-09-24 03:28:34,109][root][INFO] - Start: 70
[2025-09-24 03:29:21,670][root][INFO] - [71/100] train 80.950%/0.4357 | val 79.153%/0.4383
[2025-09-24 03:29:21,671][root][INFO] - Start: 71
[2025-09-24 03:30:10,784][root][INFO] - [72/100] train 81.068%/0.4353 | val 80.278%/0.4482
[2025-09-24 03:30:10,785][root][INFO] - Start: 72
[2025-09-24 03:31:00,207][root][INFO] - [73/100] train 81.259%/0.4336 | val 79.319%/0.4369
[2025-09-24 03:31:00,207][root][INFO] - Start: 73
[2025-09-24 03:31:48,717][root][INFO] - [74/100] train 81.191%/0.4329 | val 78.167%/0.4476
[2025-09-24 03:31:48,718][root][INFO] - Start: 74
[2025-09-24 03:32:39,265][root][INFO] - [75/100] train 81.283%/0.4322 | val 81.861%/0.4256
[2025-09-24 03:32:39,269][root][INFO] - Start: 75
[2025-09-24 03:33:28,763][root][INFO] - [76/100] train 81.281%/0.4317 | val 81.250%/0.4234
[2025-09-24 03:33:28,764][root][INFO] - Start: 76
[2025-09-24 03:34:16,739][root][INFO] - [77/100] train 81.387%/0.4311 | val 77.181%/0.4560
[2025-09-24 03:34:16,739][root][INFO] - Start: 77
[2025-09-24 03:35:06,498][root][INFO] - [78/100] train 81.490%/0.4306 | val 81.167%/0.4221
[2025-09-24 03:35:06,499][root][INFO] - Start: 78
[2025-09-24 03:35:55,460][root][INFO] - [79/100] train 81.474%/0.4303 | val 81.708%/0.4247
[2025-09-24 03:35:55,460][root][INFO] - Start: 79
[2025-09-24 03:36:45,765][root][INFO] - [80/100] train 81.484%/0.4299 | val 81.111%/0.4210
[2025-09-24 03:36:45,766][root][INFO] - Start: 80
[2025-09-24 03:37:35,191][root][INFO] - [81/100] train 81.387%/0.4291 | val 80.431%/0.4247
[2025-09-24 03:37:35,192][root][INFO] - Start: 81
[2025-09-24 03:38:24,395][root][INFO] - [82/100] train 81.474%/0.4298 | val 81.819%/0.4246
[2025-09-24 03:38:24,395][root][INFO] - Start: 82
[2025-09-24 03:39:10,661][root][INFO] - [83/100] train 81.438%/0.4286 | val 81.625%/0.4216
[2025-09-24 03:39:10,661][root][INFO] - Start: 83
[2025-09-24 03:39:57,752][root][INFO] - [84/100] train 81.488%/0.4294 | val 79.694%/0.4544
[2025-09-24 03:39:57,753][root][INFO] - Start: 84
[2025-09-24 03:40:46,209][root][INFO] - [85/100] train 81.512%/0.4284 | val 81.000%/0.4396
[2025-09-24 03:40:46,210][root][INFO] - Start: 85
[2025-09-24 03:41:32,325][root][INFO] - [86/100] train 81.642%/0.4283 | val 81.486%/0.4202
[2025-09-24 03:41:32,326][root][INFO] - Start: 86
[2025-09-24 03:42:21,130][root][INFO] - [87/100] train 81.552%/0.4277 | val 81.472%/0.4198
[2025-09-24 03:42:21,130][root][INFO] - Start: 87
[2025-09-24 03:43:09,258][root][INFO] - [88/100] train 81.595%/0.4279 | val 81.389%/0.4203
[2025-09-24 03:43:09,258][root][INFO] - Start: 88
[2025-09-24 03:43:56,350][root][INFO] - [89/100] train 81.484%/0.4283 | val 81.625%/0.4215
[2025-09-24 03:43:56,351][root][INFO] - Start: 89
[2025-09-24 03:44:42,475][root][INFO] - [90/100] train 81.693%/0.4267 | val 80.125%/0.4264
[2025-09-24 03:44:42,475][root][INFO] - Start: 90
[2025-09-24 03:45:30,280][root][INFO] - [91/100] train 81.516%/0.4280 | val 81.486%/0.4199
[2025-09-24 03:45:30,280][root][INFO] - Start: 91
[2025-09-24 03:46:19,024][root][INFO] - [92/100] train 81.601%/0.4277 | val 81.514%/0.4204
[2025-09-24 03:46:19,024][root][INFO] - Start: 92
[2025-09-24 03:47:07,789][root][INFO] - [93/100] train 81.639%/0.4273 | val 81.208%/0.4198
[2025-09-24 03:47:07,790][root][INFO] - Start: 93
[2025-09-24 03:47:55,570][root][INFO] - [94/100] train 81.606%/0.4274 | val 81.542%/0.4192
[2025-09-24 03:47:55,571][root][INFO] - Start: 94
[2025-09-24 03:48:40,857][root][INFO] - [95/100] train 81.625%/0.4271 | val 81.389%/0.4193
[2025-09-24 03:48:40,857][root][INFO] - Start: 95
[2025-09-24 03:49:31,126][root][INFO] - [96/100] train 81.589%/0.4268 | val 81.306%/0.4196
[2025-09-24 03:49:31,127][root][INFO] - Start: 96
[2025-09-24 03:50:18,588][root][INFO] - [97/100] train 81.611%/0.4272 | val 81.444%/0.4195
[2025-09-24 03:50:18,588][root][INFO] - Start: 97
[2025-09-24 03:51:08,603][root][INFO] - [98/100] train 81.582%/0.4267 | val 81.361%/0.4195
[2025-09-24 03:51:08,603][root][INFO] - Start: 98
[2025-09-24 03:51:58,451][root][INFO] - [99/100] train 81.545%/0.4278 | val 81.389%/0.4196
[2025-09-24 03:51:58,451][root][INFO] - Start: 99
[2025-09-24 03:52:44,794][root][INFO] - [100/100] train 81.594%/0.4271 | val 81.431%/0.4192
[2025-09-24 03:52:51,698][root][INFO] - 
[Test Evaluation]
[2025-09-24 03:52:51,698][root][INFO] -  Accuracy : 0.808
[2025-09-24 03:52:51,698][root][INFO] -  Precision: 0.834
[2025-09-24 03:52:51,698][root][INFO] -  Recall   : 0.769
[2025-09-24 03:52:51,698][root][INFO] -  F1       : 0.800
[2025-09-24 03:52:51,698][root][INFO] -  Auc      : 0.906
