[2025-08-17 08:37:25,979][root][INFO] - ORIGINAL CWD : /home/sota/research/sotaohnuma/coffee
[2025-08-17 08:37:25,980][root][INFO] - RUN CWD      : /home/sota/research/sotaohnuma/coffee/outputs/bean_224/vit_second/base/2025-08-17_08-37-25
[2025-08-17 08:37:25,980][root][INFO] - batch: 680, 
 {'_target_': 'vit_pytorch.ViT', 'batch_size': 680, 'lr': 0.0018, 'weight_decay': 2.9e-05, 'image_size': 224, 'patch_size': 16, 'num_classes': 2, 'dim': 192, 'depth': 3, 'heads': 6, 'mlp_dim': 192, 'dropout': 0.2, 'emb_dropout': 0.2}
[2025-08-17 08:37:25,980][root][INFO] - lr: 0.0018, 
 {'_target_': 'vit_pytorch.ViT', 'lr': 0.0018, 'weight_decay': 2.9e-05, 'image_size': 224, 'patch_size': 16, 'num_classes': 2, 'dim': 192, 'depth': 3, 'heads': 6, 'mlp_dim': 192, 'dropout': 0.2, 'emb_dropout': 0.2}
[2025-08-17 08:37:25,980][root][INFO] - weight_decay: 2.9e-05, 
 {'_target_': 'vit_pytorch.ViT', 'weight_decay': 2.9e-05, 'image_size': 224, 'patch_size': 16, 'num_classes': 2, 'dim': 192, 'depth': 3, 'heads': 6, 'mlp_dim': 192, 'dropout': 0.2, 'emb_dropout': 0.2}
[2025-08-17 08:37:26,669][root][INFO] - Start loading train data
[2025-08-17 08:37:26,850][root][INFO] - Start loading val data
[2025-08-17 08:37:26,877][root][INFO] - Start loading test data
[2025-08-17 08:37:26,902][root][INFO] - Finished DataLoader setup
[2025-08-17 08:37:26,904][root][INFO] - Start: 0
[2025-08-17 08:38:56,911][root][INFO] - [01/100] train 59.066%/0.6906 | val 68.903%/0.5781
[2025-08-17 08:38:56,934][root][INFO] - Start: 1
[2025-08-17 08:40:32,408][root][INFO] - [02/100] train 68.288%/0.5842 | val 72.167%/0.5260
[2025-08-17 08:40:32,456][root][INFO] - Start: 2
[2025-08-17 08:42:06,708][root][INFO] - [03/100] train 74.208%/0.5179 | val 80.514%/0.4446
[2025-08-17 08:42:06,738][root][INFO] - Start: 3
[2025-08-17 08:43:39,970][root][INFO] - [04/100] train 77.932%/0.4641 | val 80.306%/0.4699
[2025-08-17 08:43:39,970][root][INFO] - Start: 4
[2025-08-17 08:45:11,534][root][INFO] - [05/100] train 80.538%/0.4234 | val 83.681%/0.4095
[2025-08-17 08:45:11,557][root][INFO] - Start: 5
[2025-08-17 08:46:47,126][root][INFO] - [06/100] train 81.970%/0.3992 | val 81.806%/0.4605
[2025-08-17 08:46:47,126][root][INFO] - Start: 6
[2025-08-17 08:48:19,362][root][INFO] - [07/100] train 83.002%/0.3855 | val 83.861%/0.3722
[2025-08-17 08:48:19,411][root][INFO] - Start: 7
[2025-08-17 08:49:55,060][root][INFO] - [08/100] train 83.819%/0.3676 | val 83.792%/0.3994
[2025-08-17 08:49:55,060][root][INFO] - Start: 8
[2025-08-17 08:51:24,596][root][INFO] - [09/100] train 84.467%/0.3552 | val 84.931%/0.3773
[2025-08-17 08:51:24,652][root][INFO] - Start: 9
[2025-08-17 08:52:54,131][root][INFO] - [10/100] train 85.137%/0.3436 | val 85.125%/0.3810
[2025-08-17 08:52:54,154][root][INFO] - Start: 10
[2025-08-17 08:54:29,200][root][INFO] - [11/100] train 85.538%/0.3336 | val 85.403%/0.3703
[2025-08-17 08:54:29,230][root][INFO] - Start: 11
[2025-08-17 08:55:57,698][root][INFO] - [12/100] train 85.995%/0.3268 | val 85.653%/0.3876
[2025-08-17 08:55:57,723][root][INFO] - Start: 12
[2025-08-17 08:57:30,292][root][INFO] - [13/100] train 86.432%/0.3165 | val 86.222%/0.3379
[2025-08-17 08:57:30,349][root][INFO] - Start: 13
[2025-08-17 08:59:00,888][root][INFO] - [14/100] train 86.724%/0.3111 | val 86.417%/0.3366
[2025-08-17 08:59:00,927][root][INFO] - Start: 14
[2025-08-17 09:00:35,398][root][INFO] - [15/100] train 87.188%/0.3008 | val 83.264%/0.4734
[2025-08-17 09:00:35,398][root][INFO] - Start: 15
[2025-08-17 09:02:07,609][root][INFO] - [16/100] train 87.389%/0.2942 | val 86.583%/0.3515
[2025-08-17 09:02:07,640][root][INFO] - Start: 16
[2025-08-17 09:03:37,805][root][INFO] - [17/100] train 88.250%/0.2805 | val 86.653%/0.3383
[2025-08-17 09:03:37,853][root][INFO] - Start: 17
[2025-08-17 09:05:06,190][root][INFO] - [18/100] train 88.016%/0.2833 | val 83.861%/0.4370
[2025-08-17 09:05:06,190][root][INFO] - Start: 18
[2025-08-17 09:06:39,855][root][INFO] - [19/100] train 88.524%/0.2717 | val 84.639%/0.3954
[2025-08-17 09:06:39,857][root][INFO] - Start: 19
[2025-08-17 09:08:11,209][root][INFO] - [20/100] train 88.979%/0.2631 | val 86.708%/0.3721
[2025-08-17 09:08:11,230][root][INFO] - Start: 20
[2025-08-17 09:09:37,364][root][INFO] - [21/100] train 89.260%/0.2554 | val 87.278%/0.3117
[2025-08-17 09:09:37,397][root][INFO] - Start: 21
[2025-08-17 09:11:15,350][root][INFO] - [22/100] train 89.330%/0.2542 | val 86.083%/0.3908
[2025-08-17 09:11:15,351][root][INFO] - Start: 22
[2025-08-17 09:12:36,800][root][INFO] - [23/100] train 89.729%/0.2445 | val 86.250%/0.3747
[2025-08-17 09:12:36,801][root][INFO] - Start: 23
[2025-08-17 09:14:08,315][root][INFO] - [24/100] train 90.203%/0.2362 | val 86.028%/0.4099
[2025-08-17 09:14:08,315][root][INFO] - Start: 24
[2025-08-17 09:15:41,413][root][INFO] - [25/100] train 90.168%/0.2355 | val 85.958%/0.3970
[2025-08-17 09:15:41,413][root][INFO] - Start: 25
[2025-08-17 09:17:13,772][root][INFO] - [26/100] train 90.762%/0.2230 | val 88.208%/0.3348
[2025-08-17 09:17:13,802][root][INFO] - Start: 26
[2025-08-17 09:18:45,900][root][INFO] - [27/100] train 91.069%/0.2164 | val 88.347%/0.3255
[2025-08-17 09:18:45,926][root][INFO] - Start: 27
[2025-08-17 09:20:15,128][root][INFO] - [28/100] train 90.915%/0.2191 | val 82.750%/0.5140
[2025-08-17 09:20:15,128][root][INFO] - Start: 28
[2025-08-17 09:21:43,403][root][INFO] - [29/100] train 91.087%/0.2154 | val 85.708%/0.4379
[2025-08-17 09:21:43,403][root][INFO] - Start: 29
[2025-08-17 09:23:20,687][root][INFO] - [30/100] train 91.373%/0.2107 | val 86.208%/0.3990
[2025-08-17 09:23:20,688][root][INFO] - Start: 30
[2025-08-17 09:24:51,751][root][INFO] - [31/100] train 91.493%/0.2039 | val 84.542%/0.4318
[2025-08-17 09:24:51,752][root][INFO] - Start: 31
[2025-08-17 09:26:27,641][root][INFO] - [32/100] train 91.842%/0.1949 | val 86.306%/0.4494
[2025-08-17 09:26:27,641][root][INFO] - Start: 32
[2025-08-17 09:27:58,881][root][INFO] - [33/100] train 91.988%/0.1946 | val 83.972%/0.4893
[2025-08-17 09:27:58,881][root][INFO] - Start: 33
[2025-08-17 09:29:25,794][root][INFO] - [34/100] train 92.155%/0.1919 | val 86.681%/0.3950
[2025-08-17 09:29:25,794][root][INFO] - Start: 34
[2025-08-17 09:31:01,868][root][INFO] - [35/100] train 92.637%/0.1807 | val 85.875%/0.4398
[2025-08-17 09:31:01,868][root][INFO] - Start: 35
[2025-08-17 09:32:37,557][root][INFO] - [36/100] train 92.655%/0.1811 | val 87.014%/0.3777
[2025-08-17 09:32:37,557][root][INFO] - Start: 36
[2025-08-17 09:34:08,816][root][INFO] - [37/100] train 92.823%/0.1762 | val 85.292%/0.4770
[2025-08-17 09:34:08,816][root][INFO] - Start: 37
[2025-08-17 09:35:38,612][root][INFO] - [38/100] train 92.986%/0.1719 | val 85.444%/0.3972
[2025-08-17 09:35:38,612][root][INFO] - Start: 38
[2025-08-17 09:37:15,217][root][INFO] - [39/100] train 92.793%/0.1727 | val 88.486%/0.3543
[2025-08-17 09:37:15,250][root][INFO] - Start: 39
[2025-08-17 09:38:48,492][root][INFO] - [40/100] train 93.266%/0.1637 | val 86.111%/0.4762
[2025-08-17 09:38:48,492][root][INFO] - Start: 40
[2025-08-17 09:40:24,419][root][INFO] - [41/100] train 93.547%/0.1606 | val 83.681%/0.5322
[2025-08-17 09:40:24,420][root][INFO] - Start: 41
[2025-08-17 09:41:59,487][root][INFO] - [42/100] train 93.556%/0.1579 | val 83.569%/0.5145
[2025-08-17 09:41:59,488][root][INFO] - Start: 42
[2025-08-17 09:43:30,346][root][INFO] - [43/100] train 93.503%/0.1581 | val 83.972%/0.5938
[2025-08-17 09:43:30,346][root][INFO] - Start: 43
[2025-08-17 09:45:02,880][root][INFO] - [44/100] train 93.800%/0.1511 | val 85.806%/0.5051
[2025-08-17 09:45:02,881][root][INFO] - Start: 44
[2025-08-17 09:46:40,742][root][INFO] - [45/100] train 94.045%/0.1482 | val 86.319%/0.4645
[2025-08-17 09:46:40,742][root][INFO] - Start: 45
[2025-08-17 09:48:06,949][root][INFO] - [46/100] train 94.266%/0.1418 | val 85.486%/0.5093
[2025-08-17 09:48:06,950][root][INFO] - Start: 46
[2025-08-17 09:49:41,836][root][INFO] - [47/100] train 94.311%/0.1404 | val 83.722%/0.5833
[2025-08-17 09:49:41,837][root][INFO] - Start: 47
[2025-08-17 09:51:16,231][root][INFO] - [48/100] train 94.405%/0.1414 | val 86.208%/0.4309
[2025-08-17 09:51:16,231][root][INFO] - Start: 48
[2025-08-17 09:52:45,934][root][INFO] - [49/100] train 94.398%/0.1387 | val 85.917%/0.5601
[2025-08-17 09:52:45,935][root][INFO] - Start: 49
[2025-08-17 09:54:17,273][root][INFO] - [50/100] train 94.462%/0.1361 | val 86.083%/0.5812
[2025-08-17 09:54:17,274][root][INFO] - Start: 50
[2025-08-17 09:55:47,978][root][INFO] - [51/100] train 94.667%/0.1312 | val 85.542%/0.5584
[2025-08-17 09:55:47,979][root][INFO] - Start: 51
[2025-08-17 09:57:23,436][root][INFO] - [52/100] train 94.825%/0.1283 | val 85.694%/0.5500
[2025-08-17 09:57:23,437][root][INFO] - Start: 52
[2025-08-17 09:58:55,791][root][INFO] - [53/100] train 95.083%/0.1226 | val 84.319%/0.5628
[2025-08-17 09:58:55,792][root][INFO] - Start: 53
[2025-08-17 10:00:32,464][root][INFO] - [54/100] train 94.845%/0.1269 | val 84.833%/0.5605
[2025-08-17 10:00:32,465][root][INFO] - Start: 54
[2025-08-17 10:02:05,045][root][INFO] - [55/100] train 95.170%/0.1209 | val 85.875%/0.5485
[2025-08-17 10:02:05,045][root][INFO] - Start: 55
[2025-08-17 10:03:39,658][root][INFO] - [56/100] train 95.128%/0.1206 | val 85.125%/0.6142
[2025-08-17 10:03:39,658][root][INFO] - Start: 56
[2025-08-17 10:05:13,512][root][INFO] - [57/100] train 95.161%/0.1204 | val 85.528%/0.6100
[2025-08-17 10:05:13,513][root][INFO] - Start: 57
[2025-08-17 10:06:42,074][root][INFO] - [58/100] train 95.109%/0.1211 | val 86.014%/0.5472
[2025-08-17 10:06:42,074][root][INFO] - Start: 58
[2025-08-17 10:08:14,445][root][INFO] - [59/100] train 95.562%/0.1115 | val 84.319%/0.6860
[2025-08-17 10:08:14,446][root][INFO] - Start: 59
[2025-08-17 10:09:44,435][root][INFO] - [60/100] train 95.625%/0.1086 | val 86.250%/0.5920
[2025-08-17 10:09:44,436][root][INFO] - Start: 60
[2025-08-17 10:11:19,877][root][INFO] - [61/100] train 95.365%/0.1135 | val 85.347%/0.5624
[2025-08-17 10:11:19,877][root][INFO] - Start: 61
[2025-08-17 10:12:47,510][root][INFO] - [62/100] train 95.835%/0.1033 | val 86.903%/0.5793
[2025-08-17 10:12:47,511][root][INFO] - Start: 62
[2025-08-17 10:14:22,279][root][INFO] - [63/100] train 95.806%/0.1049 | val 88.931%/0.3837
[2025-08-17 10:14:22,310][root][INFO] - Start: 63
[2025-08-17 10:15:43,154][root][INFO] - [64/100] train 95.722%/0.1062 | val 85.597%/0.5715
[2025-08-17 10:15:43,154][root][INFO] - Start: 64
[2025-08-17 10:17:06,060][root][INFO] - [65/100] train 96.158%/0.0995 | val 86.153%/0.5991
[2025-08-17 10:17:06,060][root][INFO] - Start: 65
[2025-08-17 10:18:38,617][root][INFO] - [66/100] train 96.273%/0.0948 | val 87.958%/0.5596
[2025-08-17 10:18:38,617][root][INFO] - Start: 66
[2025-08-17 10:20:07,674][root][INFO] - [67/100] train 96.016%/0.1008 | val 87.306%/0.5937
[2025-08-17 10:20:07,675][root][INFO] - Start: 67
[2025-08-17 10:21:39,116][root][INFO] - [68/100] train 96.339%/0.0936 | val 87.194%/0.5147
[2025-08-17 10:21:39,117][root][INFO] - Start: 68
[2025-08-17 10:23:10,663][root][INFO] - [69/100] train 96.182%/0.0966 | val 85.222%/0.6023
[2025-08-17 10:23:10,663][root][INFO] - Start: 69
[2025-08-17 10:24:44,573][root][INFO] - [70/100] train 96.311%/0.0930 | val 87.569%/0.5526
[2025-08-17 10:24:44,573][root][INFO] - Start: 70
[2025-08-17 10:26:16,966][root][INFO] - [71/100] train 96.396%/0.0905 | val 86.292%/0.5883
[2025-08-17 10:26:16,967][root][INFO] - Start: 71
[2025-08-17 10:27:51,389][root][INFO] - [72/100] train 96.316%/0.0916 | val 86.556%/0.6243
[2025-08-17 10:27:51,389][root][INFO] - Start: 72
[2025-08-17 10:29:23,992][root][INFO] - [73/100] train 96.540%/0.0863 | val 85.042%/0.6742
[2025-08-17 10:29:23,992][root][INFO] - Start: 73
[2025-08-17 10:30:54,220][root][INFO] - [74/100] train 96.580%/0.0883 | val 86.806%/0.6556
[2025-08-17 10:30:54,220][root][INFO] - Start: 74
[2025-08-17 10:32:25,333][root][INFO] - [75/100] train 96.745%/0.0824 | val 88.083%/0.5995
[2025-08-17 10:32:25,333][root][INFO] - Start: 75
[2025-08-17 10:33:54,059][root][INFO] - [76/100] train 96.665%/0.0843 | val 86.139%/0.6448
[2025-08-17 10:33:54,060][root][INFO] - Start: 76
[2025-08-17 10:35:30,512][root][INFO] - [77/100] train 96.806%/0.0803 | val 86.917%/0.6797
[2025-08-17 10:35:30,512][root][INFO] - Start: 77
[2025-08-17 10:37:00,320][root][INFO] - [78/100] train 96.759%/0.0815 | val 87.250%/0.6372
[2025-08-17 10:37:00,320][root][INFO] - Start: 78
[2025-08-17 10:38:32,471][root][INFO] - [79/100] train 96.859%/0.0795 | val 86.556%/0.6504
[2025-08-17 10:38:32,472][root][INFO] - Start: 79
[2025-08-17 10:40:03,958][root][INFO] - [80/100] train 96.901%/0.0793 | val 86.694%/0.6328
[2025-08-17 10:40:03,958][root][INFO] - Start: 80
[2025-08-17 10:41:38,285][root][INFO] - [81/100] train 96.929%/0.0783 | val 85.625%/0.7209
[2025-08-17 10:41:38,286][root][INFO] - Start: 81
[2025-08-17 10:43:10,446][root][INFO] - [82/100] train 97.080%/0.0748 | val 86.444%/0.6979
[2025-08-17 10:43:10,447][root][INFO] - Start: 82
[2025-08-17 10:44:40,318][root][INFO] - [83/100] train 97.099%/0.0742 | val 86.028%/0.7680
[2025-08-17 10:44:40,319][root][INFO] - Start: 83
[2025-08-17 10:46:10,936][root][INFO] - [84/100] train 97.021%/0.0751 | val 87.139%/0.5647
[2025-08-17 10:46:10,936][root][INFO] - Start: 84
[2025-08-17 10:47:43,474][root][INFO] - [85/100] train 96.977%/0.0782 | val 86.292%/0.6866
[2025-08-17 10:47:43,474][root][INFO] - Start: 85
[2025-08-17 10:49:14,143][root][INFO] - [86/100] train 97.156%/0.0731 | val 85.542%/0.7407
[2025-08-17 10:49:14,144][root][INFO] - Start: 86
[2025-08-17 10:50:48,276][root][INFO] - [87/100] train 97.109%/0.0736 | val 86.542%/0.6433
[2025-08-17 10:50:48,276][root][INFO] - Start: 87
[2025-08-17 10:52:22,899][root][INFO] - [88/100] train 97.285%/0.0698 | val 87.347%/0.5693
[2025-08-17 10:52:22,900][root][INFO] - Start: 88
[2025-08-17 10:53:55,336][root][INFO] - [89/100] train 97.252%/0.0727 | val 85.306%/0.7818
[2025-08-17 10:53:55,336][root][INFO] - Start: 89
[2025-08-17 10:55:21,917][root][INFO] - [90/100] train 97.252%/0.0716 | val 86.500%/0.6682
[2025-08-17 10:55:21,917][root][INFO] - Start: 90
[2025-08-17 10:56:49,887][root][INFO] - [91/100] train 97.469%/0.0656 | val 86.139%/0.7307
[2025-08-17 10:56:49,887][root][INFO] - Start: 91
[2025-08-17 10:58:22,004][root][INFO] - [92/100] train 97.361%/0.0684 | val 87.375%/0.6175
[2025-08-17 10:58:22,004][root][INFO] - Start: 92
[2025-08-17 10:59:46,488][root][INFO] - [93/100] train 97.476%/0.0652 | val 87.069%/0.6871
[2025-08-17 10:59:46,488][root][INFO] - Start: 93
[2025-08-17 11:01:18,376][root][INFO] - [94/100] train 97.564%/0.0624 | val 86.139%/0.7878
[2025-08-17 11:01:18,377][root][INFO] - Start: 94
[2025-08-17 11:02:54,381][root][INFO] - [95/100] train 97.415%/0.0659 | val 87.222%/0.6425
[2025-08-17 11:02:54,381][root][INFO] - Start: 95
[2025-08-17 11:04:29,768][root][INFO] - [96/100] train 97.399%/0.0659 | val 86.097%/0.7340
[2025-08-17 11:04:29,768][root][INFO] - Start: 96
[2025-08-17 11:06:01,355][root][INFO] - [97/100] train 97.778%/0.0591 | val 86.056%/0.7853
[2025-08-17 11:06:01,356][root][INFO] - Start: 97
[2025-08-17 11:07:30,486][root][INFO] - [98/100] train 97.677%/0.0609 | val 87.250%/0.6675
[2025-08-17 11:07:30,487][root][INFO] - Start: 98
[2025-08-17 11:09:03,748][root][INFO] - [99/100] train 97.524%/0.0633 | val 88.292%/0.5307
[2025-08-17 11:09:03,749][root][INFO] - Start: 99
[2025-08-17 11:10:30,191][root][INFO] - [100/100] train 97.658%/0.0619 | val 87.292%/0.6460
[2025-08-17 11:10:46,037][root][INFO] - 
[Test Evaluation]
[2025-08-17 11:10:46,041][root][INFO] -  Accuracy : 0.888
[2025-08-17 11:10:46,041][root][INFO] -  Precision: 0.853
[2025-08-17 11:10:46,041][root][INFO] -  Recall   : 0.938
[2025-08-17 11:10:46,041][root][INFO] -  F1       : 0.894
[2025-08-17 11:10:46,041][root][INFO] -  Auc      : 0.960
