[2025-09-03 07:37:16,672][root][INFO] - ORIGINAL CWD : /home/sota/research/sotaohnuma/coffee
[2025-09-03 07:37:16,673][root][INFO] - RUN CWD      : /home/sota/research/sotaohnuma/coffee/outputs/bean_224/swin_t/base/2025-09-03_07-37-16
[2025-09-03 07:37:16,673][root][INFO] - batch: 110, 
 {'batch_size': 110, '_target_': 'models.swin_t.swin_t', 'lr': 2.09e-05, 'weight_decay': 5.34e-05}
[2025-09-03 07:37:16,673][root][INFO] - lr: 2.09e-05, 
 {'_target_': 'models.swin_t.swin_t', 'lr': 2.09e-05, 'weight_decay': 5.34e-05}
[2025-09-03 07:37:16,673][root][INFO] - weight_decay: 5.34e-05, 
 {'_target_': 'models.swin_t.swin_t', 'weight_decay': 5.34e-05}
[2025-09-03 07:37:17,745][root][INFO] - Start loading train data
[2025-09-03 07:37:17,860][root][INFO] - Start loading val data
[2025-09-03 07:37:17,873][root][INFO] - Start loading test data
[2025-09-03 07:37:17,887][root][INFO] - Finished DataLoader setup
[2025-09-03 07:37:17,888][root][INFO] - Start: 0
[2025-09-03 07:45:16,844][root][INFO] - [01/100] train 78.517%/0.4426 | val 95.431%/0.1252
[2025-09-03 07:45:16,987][root][INFO] - Start: 1
[2025-09-03 07:53:19,784][root][INFO] - [02/100] train 95.095%/0.1275 | val 96.792%/0.0907
[2025-09-03 07:53:20,939][root][INFO] - Start: 2
[2025-09-03 08:01:23,427][root][INFO] - [03/100] train 97.333%/0.0738 | val 97.111%/0.0882
[2025-09-03 08:01:24,619][root][INFO] - Start: 3
[2025-09-03 08:09:27,934][root][INFO] - [04/100] train 98.467%/0.0423 | val 97.236%/0.1013
[2025-09-03 08:09:29,152][root][INFO] - Start: 4
[2025-09-03 08:17:32,981][root][INFO] - [05/100] train 99.158%/0.0237 | val 97.264%/0.1090
[2025-09-03 08:17:34,278][root][INFO] - Start: 5
[2025-09-03 08:25:36,000][root][INFO] - [06/100] train 99.398%/0.0170 | val 96.917%/0.1499
[2025-09-03 08:25:36,001][root][INFO] - Start: 6
[2025-09-03 08:33:39,262][root][INFO] - [07/100] train 99.661%/0.0111 | val 96.347%/0.1834
[2025-09-03 08:33:39,262][root][INFO] - Start: 7
[2025-09-03 08:41:40,660][root][INFO] - [08/100] train 99.576%/0.0121 | val 97.222%/0.1360
[2025-09-03 08:41:40,660][root][INFO] - Start: 8
[2025-09-03 08:49:43,508][root][INFO] - [09/100] train 99.825%/0.0060 | val 97.236%/0.1914
[2025-09-03 08:49:43,508][root][INFO] - Start: 9
[2025-09-03 08:57:46,777][root][INFO] - [10/100] train 99.705%/0.0081 | val 96.764%/0.2257
[2025-09-03 08:57:46,777][root][INFO] - Start: 10
[2025-09-03 09:05:49,994][root][INFO] - [11/100] train 99.776%/0.0064 | val 97.444%/0.2110
[2025-09-03 09:05:51,143][root][INFO] - Start: 11
[2025-09-03 09:13:56,298][root][INFO] - [12/100] train 99.797%/0.0068 | val 96.875%/0.1685
[2025-09-03 09:13:56,298][root][INFO] - Start: 12
[2025-09-03 09:22:00,083][root][INFO] - [13/100] train 99.812%/0.0059 | val 96.250%/0.2537
[2025-09-03 09:22:00,083][root][INFO] - Start: 13
[2025-09-03 09:30:03,925][root][INFO] - [14/100] train 99.823%/0.0055 | val 97.597%/0.2049
[2025-09-03 09:30:05,542][root][INFO] - Start: 14
[2025-09-03 09:38:07,684][root][INFO] - [15/100] train 99.880%/0.0032 | val 96.236%/0.2702
[2025-09-03 09:38:07,684][root][INFO] - Start: 15
[2025-09-03 09:46:11,589][root][INFO] - [16/100] train 99.884%/0.0037 | val 96.639%/0.2223
[2025-09-03 09:46:11,590][root][INFO] - Start: 16
[2025-09-03 09:54:14,041][root][INFO] - [17/100] train 99.882%/0.0038 | val 97.389%/0.1797
[2025-09-03 09:54:14,041][root][INFO] - Start: 17
[2025-09-03 10:02:16,500][root][INFO] - [18/100] train 99.927%/0.0026 | val 97.458%/0.1560
[2025-09-03 10:02:16,500][root][INFO] - Start: 18
[2025-09-03 10:10:19,284][root][INFO] - [19/100] train 99.943%/0.0021 | val 97.708%/0.1674
[2025-09-03 10:10:21,004][root][INFO] - Start: 19
[2025-09-03 10:18:25,265][root][INFO] - [20/100] train 99.915%/0.0027 | val 97.181%/0.2199
[2025-09-03 10:18:25,265][root][INFO] - Start: 20
[2025-09-03 10:26:29,444][root][INFO] - [21/100] train 99.944%/0.0019 | val 96.653%/0.2846
[2025-09-03 10:26:29,444][root][INFO] - Start: 21
[2025-09-03 10:34:32,829][root][INFO] - [22/100] train 99.892%/0.0031 | val 94.542%/0.4237
[2025-09-03 10:34:32,829][root][INFO] - Start: 22
[2025-09-03 10:42:34,902][root][INFO] - [23/100] train 99.875%/0.0037 | val 96.667%/0.2079
[2025-09-03 10:42:34,902][root][INFO] - Start: 23
[2025-09-03 10:50:40,093][root][INFO] - [24/100] train 99.943%/0.0020 | val 97.347%/0.2049
[2025-09-03 10:50:40,093][root][INFO] - Start: 24
[2025-09-03 10:58:43,379][root][INFO] - [25/100] train 99.943%/0.0018 | val 97.042%/0.2156
[2025-09-03 10:58:43,379][root][INFO] - Start: 25
[2025-09-03 11:06:46,859][root][INFO] - [26/100] train 99.965%/0.0010 | val 96.667%/0.3030
[2025-09-03 11:06:46,859][root][INFO] - Start: 26
[2025-09-03 11:14:50,883][root][INFO] - [27/100] train 99.922%/0.0022 | val 96.097%/0.2586
[2025-09-03 11:14:50,884][root][INFO] - Start: 27
[2025-09-03 11:22:52,646][root][INFO] - [28/100] train 99.944%/0.0017 | val 95.764%/0.3373
[2025-09-03 11:22:52,647][root][INFO] - Start: 28
[2025-09-03 11:30:57,885][root][INFO] - [29/100] train 99.950%/0.0016 | val 96.361%/0.2409
[2025-09-03 11:30:57,886][root][INFO] - Start: 29
[2025-09-03 11:39:00,758][root][INFO] - [30/100] train 99.938%/0.0018 | val 97.736%/0.1941
[2025-09-03 11:39:02,065][root][INFO] - Start: 30
[2025-09-03 11:47:05,185][root][INFO] - [31/100] train 99.984%/0.0006 | val 96.917%/0.2539
[2025-09-03 11:47:05,185][root][INFO] - Start: 31
[2025-09-03 11:55:08,137][root][INFO] - [32/100] train 99.962%/0.0013 | val 97.139%/0.1718
[2025-09-03 11:55:08,137][root][INFO] - Start: 32
[2025-09-03 12:03:11,899][root][INFO] - [33/100] train 99.948%/0.0013 | val 96.319%/0.3217
[2025-09-03 12:03:11,899][root][INFO] - Start: 33
[2025-09-03 12:11:14,595][root][INFO] - [34/100] train 99.969%/0.0015 | val 97.361%/0.2508
[2025-09-03 12:11:14,595][root][INFO] - Start: 34
[2025-09-03 12:19:16,822][root][INFO] - [35/100] train 99.976%/0.0008 | val 95.528%/0.3740
[2025-09-03 12:19:16,822][root][INFO] - Start: 35
[2025-09-03 12:27:20,537][root][INFO] - [36/100] train 99.957%/0.0018 | val 97.431%/0.2299
[2025-09-03 12:27:20,538][root][INFO] - Start: 36
[2025-09-03 12:35:23,732][root][INFO] - [37/100] train 99.960%/0.0012 | val 96.806%/0.2420
[2025-09-03 12:35:23,733][root][INFO] - Start: 37
[2025-09-03 12:43:25,946][root][INFO] - [38/100] train 99.976%/0.0006 | val 97.917%/0.2202
[2025-09-03 12:43:27,142][root][INFO] - Start: 38
[2025-09-03 12:51:30,598][root][INFO] - [39/100] train 99.960%/0.0013 | val 95.944%/0.2932
[2025-09-03 12:51:30,599][root][INFO] - Start: 39
[2025-09-03 12:59:32,663][root][INFO] - [40/100] train 99.981%/0.0006 | val 96.694%/0.3002
[2025-09-03 12:59:32,663][root][INFO] - Start: 40
[2025-09-03 13:07:34,868][root][INFO] - [41/100] train 99.979%/0.0006 | val 96.472%/0.3171
[2025-09-03 13:07:34,868][root][INFO] - Start: 41
[2025-09-03 13:15:36,753][root][INFO] - [42/100] train 99.974%/0.0009 | val 96.278%/0.3012
[2025-09-03 13:15:36,753][root][INFO] - Start: 42
[2025-09-03 13:23:39,066][root][INFO] - [43/100] train 99.977%/0.0010 | val 97.083%/0.2057
[2025-09-03 13:23:39,066][root][INFO] - Start: 43
[2025-09-03 13:31:40,656][root][INFO] - [44/100] train 99.983%/0.0005 | val 97.292%/0.2691
[2025-09-03 13:31:40,657][root][INFO] - Start: 44
[2025-09-03 13:39:41,718][root][INFO] - [45/100] train 99.965%/0.0011 | val 97.278%/0.2262
[2025-09-03 13:39:41,718][root][INFO] - Start: 45
[2025-09-03 13:47:42,775][root][INFO] - [46/100] train 99.977%/0.0006 | val 97.014%/0.2912
[2025-09-03 13:47:42,775][root][INFO] - Start: 46
[2025-09-03 13:55:43,497][root][INFO] - [47/100] train 99.977%/0.0007 | val 96.736%/0.3092
[2025-09-03 13:55:43,498][root][INFO] - Start: 47
[2025-09-03 14:03:47,859][root][INFO] - [48/100] train 99.977%/0.0006 | val 96.764%/0.2948
[2025-09-03 14:03:47,859][root][INFO] - Start: 48
[2025-09-03 14:11:50,200][root][INFO] - [49/100] train 99.967%/0.0010 | val 97.028%/0.2296
[2025-09-03 14:11:50,200][root][INFO] - Start: 49
[2025-09-03 14:19:52,350][root][INFO] - [50/100] train 99.986%/0.0004 | val 96.333%/0.2997
[2025-09-03 14:19:52,351][root][INFO] - Start: 50
[2025-09-03 14:27:54,749][root][INFO] - [51/100] train 99.993%/0.0002 | val 96.667%/0.3086
[2025-09-03 14:27:54,749][root][INFO] - Start: 51
[2025-09-03 14:35:56,760][root][INFO] - [52/100] train 99.962%/0.0009 | val 95.903%/0.2718
[2025-09-03 14:35:56,761][root][INFO] - Start: 52
[2025-09-03 14:43:58,557][root][INFO] - [53/100] train 99.997%/0.0001 | val 96.806%/0.2873
[2025-09-03 14:43:58,558][root][INFO] - Start: 53
[2025-09-03 14:51:58,988][root][INFO] - [54/100] train 99.977%/0.0005 | val 97.083%/0.2661
[2025-09-03 14:51:58,988][root][INFO] - Start: 54
[2025-09-03 15:00:01,995][root][INFO] - [55/100] train 99.995%/0.0002 | val 96.847%/0.3073
[2025-09-03 15:00:01,995][root][INFO] - Start: 55
[2025-09-03 15:08:06,117][root][INFO] - [56/100] train 99.993%/0.0003 | val 96.681%/0.3142
[2025-09-03 15:08:06,117][root][INFO] - Start: 56
[2025-09-03 15:16:07,011][root][INFO] - [57/100] train 99.979%/0.0007 | val 97.542%/0.2315
[2025-09-03 15:16:07,012][root][INFO] - Start: 57
[2025-09-03 15:24:08,723][root][INFO] - [58/100] train 99.998%/0.0001 | val 96.556%/0.3028
[2025-09-03 15:24:08,723][root][INFO] - Start: 58
[2025-09-03 15:32:13,893][root][INFO] - [59/100] train 99.983%/0.0005 | val 96.708%/0.2636
[2025-09-03 15:32:13,893][root][INFO] - Start: 59
[2025-09-03 15:40:16,145][root][INFO] - [60/100] train 99.983%/0.0007 | val 97.250%/0.1827
[2025-09-03 15:40:16,146][root][INFO] - Start: 60
[2025-09-03 15:48:18,884][root][INFO] - [61/100] train 99.997%/0.0001 | val 97.181%/0.2154
[2025-09-03 15:48:18,884][root][INFO] - Start: 61
[2025-09-03 15:56:22,333][root][INFO] - [62/100] train 99.998%/0.0001 | val 97.236%/0.2278
[2025-09-03 15:56:22,333][root][INFO] - Start: 62
[2025-09-03 16:04:25,487][root][INFO] - [63/100] train 99.993%/0.0002 | val 97.458%/0.2280
[2025-09-03 16:04:25,488][root][INFO] - Start: 63
[2025-09-03 16:12:29,491][root][INFO] - [64/100] train 99.998%/0.0001 | val 97.764%/0.2423
[2025-09-03 16:12:29,492][root][INFO] - Start: 64
[2025-09-03 16:20:33,568][root][INFO] - [65/100] train 100.000%/0.0000 | val 97.750%/0.2574
[2025-09-03 16:20:33,568][root][INFO] - Start: 65
[2025-09-03 16:28:33,669][root][INFO] - [66/100] train 99.993%/0.0002 | val 97.319%/0.3080
[2025-09-03 16:28:33,669][root][INFO] - Start: 66
[2025-09-03 16:36:36,367][root][INFO] - [67/100] train 99.998%/0.0001 | val 97.125%/0.3171
[2025-09-03 16:36:36,367][root][INFO] - Start: 67
[2025-09-03 16:44:39,395][root][INFO] - [68/100] train 99.995%/0.0002 | val 97.194%/0.2984
[2025-09-03 16:44:39,395][root][INFO] - Start: 68
[2025-09-03 16:52:41,985][root][INFO] - [69/100] train 99.995%/0.0002 | val 96.736%/0.3061
[2025-09-03 16:52:41,985][root][INFO] - Start: 69
[2025-09-03 17:00:44,178][root][INFO] - [70/100] train 99.983%/0.0004 | val 96.486%/0.3183
[2025-09-03 17:00:44,179][root][INFO] - Start: 70
[2025-09-03 17:08:45,987][root][INFO] - [71/100] train 99.998%/0.0001 | val 97.097%/0.2734
[2025-09-03 17:08:45,987][root][INFO] - Start: 71
[2025-09-03 17:16:48,675][root][INFO] - [72/100] train 99.998%/0.0001 | val 97.014%/0.3016
[2025-09-03 17:16:48,676][root][INFO] - Start: 72
[2025-09-03 17:24:50,522][root][INFO] - [73/100] train 99.991%/0.0002 | val 97.583%/0.2654
[2025-09-03 17:24:50,522][root][INFO] - Start: 73
[2025-09-03 17:32:52,375][root][INFO] - [74/100] train 99.998%/0.0001 | val 96.931%/0.3263
[2025-09-03 17:32:52,375][root][INFO] - Start: 74
[2025-09-03 17:40:51,517][root][INFO] - [75/100] train 100.000%/0.0000 | val 97.278%/0.2999
[2025-09-03 17:40:51,518][root][INFO] - Start: 75
[2025-09-03 17:48:53,010][root][INFO] - [76/100] train 99.997%/0.0001 | val 97.181%/0.2939
[2025-09-03 17:48:53,011][root][INFO] - Start: 76
[2025-09-03 17:56:56,101][root][INFO] - [77/100] train 99.998%/0.0001 | val 97.319%/0.3025
[2025-09-03 17:56:56,101][root][INFO] - Start: 77
[2025-09-03 18:04:58,393][root][INFO] - [78/100] train 100.000%/0.0000 | val 97.333%/0.3084
[2025-09-03 18:04:58,393][root][INFO] - Start: 78
[2025-09-03 18:13:01,745][root][INFO] - [79/100] train 99.995%/0.0002 | val 97.236%/0.3000
[2025-09-03 18:13:01,745][root][INFO] - Start: 79
[2025-09-03 18:21:05,265][root][INFO] - [80/100] train 99.998%/0.0001 | val 97.653%/0.2703
[2025-09-03 18:21:05,265][root][INFO] - Start: 80
[2025-09-03 18:29:06,702][root][INFO] - [81/100] train 100.000%/0.0000 | val 97.222%/0.3154
[2025-09-03 18:29:06,703][root][INFO] - Start: 81
[2025-09-03 18:37:10,279][root][INFO] - [82/100] train 99.998%/0.0000 | val 97.319%/0.3138
[2025-09-03 18:37:10,280][root][INFO] - Start: 82
[2025-09-03 18:45:11,296][root][INFO] - [83/100] train 100.000%/0.0000 | val 97.472%/0.3133
[2025-09-03 18:45:11,296][root][INFO] - Start: 83
[2025-09-03 18:53:13,394][root][INFO] - [84/100] train 99.998%/0.0001 | val 97.042%/0.3433
[2025-09-03 18:53:13,395][root][INFO] - Start: 84
[2025-09-03 19:01:15,070][root][INFO] - [85/100] train 99.997%/0.0001 | val 97.514%/0.3174
[2025-09-03 19:01:15,071][root][INFO] - Start: 85
[2025-09-03 19:09:17,406][root][INFO] - [86/100] train 100.000%/0.0000 | val 97.319%/0.3309
[2025-09-03 19:09:17,406][root][INFO] - Start: 86
[2025-09-03 19:17:20,958][root][INFO] - [87/100] train 99.997%/0.0001 | val 97.347%/0.3215
[2025-09-03 19:17:20,958][root][INFO] - Start: 87
[2025-09-03 19:25:22,243][root][INFO] - [88/100] train 100.000%/0.0000 | val 97.264%/0.3297
[2025-09-03 19:25:22,244][root][INFO] - Start: 88
[2025-09-03 19:33:23,354][root][INFO] - [89/100] train 100.000%/0.0000 | val 97.319%/0.3293
[2025-09-03 19:33:23,354][root][INFO] - Start: 89
[2025-09-03 19:41:26,449][root][INFO] - [90/100] train 100.000%/0.0000 | val 97.167%/0.3445
[2025-09-03 19:41:26,449][root][INFO] - Start: 90
[2025-09-03 19:49:30,802][root][INFO] - [91/100] train 99.997%/0.0001 | val 97.292%/0.3278
[2025-09-03 19:49:30,803][root][INFO] - Start: 91
[2025-09-03 19:57:31,197][root][INFO] - [92/100] train 99.998%/0.0000 | val 97.306%/0.3270
[2025-09-03 19:57:31,198][root][INFO] - Start: 92
[2025-09-03 20:05:33,902][root][INFO] - [93/100] train 99.998%/0.0001 | val 97.417%/0.3174
[2025-09-03 20:05:33,902][root][INFO] - Start: 93
[2025-09-03 20:13:37,558][root][INFO] - [94/100] train 100.000%/0.0000 | val 97.431%/0.3160
[2025-09-03 20:13:37,558][root][INFO] - Start: 94
[2025-09-03 20:21:41,619][root][INFO] - [95/100] train 100.000%/0.0000 | val 97.431%/0.3166
[2025-09-03 20:21:41,619][root][INFO] - Start: 95
[2025-09-03 20:29:43,929][root][INFO] - [96/100] train 100.000%/0.0000 | val 97.431%/0.3165
[2025-09-03 20:29:43,929][root][INFO] - Start: 96
[2025-09-03 20:37:47,455][root][INFO] - [97/100] train 99.998%/0.0000 | val 97.375%/0.3201
[2025-09-03 20:37:47,455][root][INFO] - Start: 97
[2025-09-03 20:45:50,307][root][INFO] - [98/100] train 100.000%/0.0000 | val 97.375%/0.3202
[2025-09-03 20:45:50,308][root][INFO] - Start: 98
[2025-09-03 20:53:53,956][root][INFO] - [99/100] train 99.997%/0.0001 | val 97.389%/0.3200
[2025-09-03 20:53:53,956][root][INFO] - Start: 99
[2025-09-03 21:01:57,631][root][INFO] - [100/100] train 100.000%/0.0000 | val 97.375%/0.3201
[2025-09-03 21:02:20,944][root][INFO] - 
[Test Evaluation]
[2025-09-03 21:02:20,945][root][INFO] -  Accuracy : 0.981
[2025-09-03 21:02:20,945][root][INFO] -  Precision: 0.983
[2025-09-03 21:02:20,945][root][INFO] -  Recall   : 0.979
[2025-09-03 21:02:20,945][root][INFO] -  F1       : 0.981
[2025-09-03 21:02:20,945][root][INFO] -  Auc      : 0.999
