[2025-09-12 02:19:39,985][root][INFO] - ORIGINAL CWD : /home/sota/research/sotaohnuma/coffee
[2025-09-12 02:19:39,985][root][INFO] - RUN CWD      : /home/sota/research/sotaohnuma/coffee/outputs/bean_224/tiny_vit/base/2025-09-12_02-19-39
[2025-09-12 02:19:39,986][root][INFO] - batch: 134, 
 {'batch_size': 134, '_target_': 'models.tiny_vit.tiny_vit'}
[2025-09-12 02:19:39,986][root][INFO] - Start loading train data
[2025-09-12 02:19:40,112][root][INFO] - Start loading val data
[2025-09-12 02:19:40,126][root][INFO] - Start loading test data
[2025-09-12 02:19:40,140][root][INFO] - Finished DataLoader setup
[2025-09-12 02:19:40,141][root][INFO] - Starting Optimize
[2025-09-12 02:19:41,460][root][INFO] - starting train
[2025-09-12 02:19:41,461][root][INFO] - epoch: 0
[2025-09-12 02:24:18,372][root][INFO] - epoch: 1
[2025-09-12 02:28:48,299][root][INFO] - epoch: 2
[2025-09-12 02:33:17,688][root][INFO] - epoch: 3
[2025-09-12 02:37:46,806][root][INFO] - epoch: 4
[2025-09-12 02:42:15,747][root][INFO] - epoch: 5
[2025-09-12 02:46:44,626][root][INFO] - epoch: 6
[2025-09-12 02:51:13,600][root][INFO] - epoch: 7
[2025-09-12 02:55:42,422][root][INFO] - epoch: 8
[2025-09-12 03:00:11,187][root][INFO] - epoch: 9
[2025-09-12 03:04:39,880][root][INFO] - epoch: 10
[2025-09-12 03:09:09,376][root][INFO] - epoch: 11
[2025-09-12 03:13:38,683][root][INFO] - epoch: 12
[2025-09-12 03:18:07,791][root][INFO] - epoch: 13
[2025-09-12 03:22:36,842][root][INFO] - epoch: 14
[2025-09-12 03:27:05,770][root][INFO] - epoch: 15
[2025-09-12 03:31:34,701][root][INFO] - epoch: 16
[2025-09-12 03:36:03,416][root][INFO] - epoch: 17
[2025-09-12 03:40:32,398][root][INFO] - epoch: 18
[2025-09-12 03:45:01,315][root][INFO] - epoch: 19
[2025-09-12 03:49:30,187][root][INFO] - finished train
[2025-09-12 03:49:30,187][root][INFO] - starting eval
[2025-09-12 03:49:40,412][root][INFO] - finished eval
[2025-09-12 03:49:41,304][root][INFO] - starting train
[2025-09-12 03:49:41,304][root][INFO] - epoch: 0
[2025-09-12 03:54:10,400][root][INFO] - epoch: 1
[2025-09-12 03:58:39,755][root][INFO] - epoch: 2
[2025-09-12 04:03:09,024][root][INFO] - epoch: 3
[2025-09-12 04:07:38,157][root][INFO] - epoch: 4
[2025-09-12 04:12:07,473][root][INFO] - epoch: 5
[2025-09-12 04:16:36,630][root][INFO] - epoch: 6
[2025-09-12 04:21:05,776][root][INFO] - epoch: 7
[2025-09-12 04:25:34,997][root][INFO] - epoch: 8
[2025-09-12 04:30:03,881][root][INFO] - epoch: 9
[2025-09-12 04:34:32,758][root][INFO] - epoch: 10
[2025-09-12 04:39:01,586][root][INFO] - epoch: 11
[2025-09-12 04:43:30,270][root][INFO] - epoch: 12
[2025-09-12 04:47:59,781][root][INFO] - epoch: 13
[2025-09-12 04:52:28,953][root][INFO] - epoch: 14
[2025-09-12 04:56:58,187][root][INFO] - epoch: 15
[2025-09-12 05:01:27,125][root][INFO] - epoch: 16
[2025-09-12 05:05:56,087][root][INFO] - epoch: 17
[2025-09-12 05:10:25,447][root][INFO] - epoch: 18
[2025-09-12 05:14:54,395][root][INFO] - epoch: 19
[2025-09-12 05:19:23,251][root][INFO] - finished train
[2025-09-12 05:19:23,251][root][INFO] - starting eval
[2025-09-12 05:19:33,433][root][INFO] - finished eval
[2025-09-12 05:19:33,722][root][INFO] - starting train
[2025-09-12 05:19:33,722][root][INFO] - epoch: 0
[2025-09-12 05:24:02,728][root][INFO] - epoch: 1
[2025-09-12 05:28:31,712][root][INFO] - epoch: 2
[2025-09-12 05:33:01,010][root][INFO] - epoch: 3
[2025-09-12 05:37:30,175][root][INFO] - epoch: 4
[2025-09-12 05:41:59,453][root][INFO] - epoch: 5
[2025-09-12 05:46:28,657][root][INFO] - epoch: 6
[2025-09-12 05:50:57,758][root][INFO] - epoch: 7
[2025-09-12 05:55:26,724][root][INFO] - epoch: 8
[2025-09-12 05:59:55,902][root][INFO] - epoch: 9
[2025-09-12 06:04:24,954][root][INFO] - epoch: 10
[2025-09-12 06:08:54,064][root][INFO] - epoch: 11
[2025-09-12 06:13:23,314][root][INFO] - epoch: 12
[2025-09-12 06:17:52,506][root][INFO] - epoch: 13
[2025-09-12 06:22:21,367][root][INFO] - epoch: 14
[2025-09-12 06:26:51,266][root][INFO] - epoch: 15
[2025-09-12 06:31:20,410][root][INFO] - epoch: 16
[2025-09-12 06:35:49,645][root][INFO] - epoch: 17
[2025-09-12 06:40:18,899][root][INFO] - epoch: 18
[2025-09-12 06:44:48,225][root][INFO] - epoch: 19
[2025-09-12 06:49:17,459][root][INFO] - finished train
[2025-09-12 06:49:17,459][root][INFO] - starting eval
[2025-09-12 06:49:27,664][root][INFO] - finished eval
[2025-09-12 06:49:27,939][root][INFO] - starting train
[2025-09-12 06:49:27,940][root][INFO] - epoch: 0
[2025-09-12 06:53:57,262][root][INFO] - epoch: 1
[2025-09-12 06:58:26,721][root][INFO] - epoch: 2
[2025-09-12 07:02:56,056][root][INFO] - epoch: 3
[2025-09-12 07:07:25,351][root][INFO] - epoch: 4
[2025-09-12 07:11:54,744][root][INFO] - epoch: 5
[2025-09-12 07:16:24,228][root][INFO] - epoch: 6
[2025-09-12 07:20:53,530][root][INFO] - epoch: 7
[2025-09-12 07:25:22,665][root][INFO] - epoch: 8
[2025-09-12 07:29:52,028][root][INFO] - epoch: 9
[2025-09-12 07:34:21,342][root][INFO] - epoch: 10
[2025-09-12 07:38:50,801][root][INFO] - epoch: 11
[2025-09-12 07:43:20,098][root][INFO] - epoch: 12
[2025-09-12 07:47:49,214][root][INFO] - epoch: 13
[2025-09-12 07:52:18,570][root][INFO] - epoch: 14
[2025-09-12 07:56:47,990][root][INFO] - epoch: 15
[2025-09-12 08:01:17,256][root][INFO] - epoch: 16
[2025-09-12 08:05:46,208][root][INFO] - epoch: 17
[2025-09-12 08:10:15,901][root][INFO] - epoch: 18
[2025-09-12 08:14:45,291][root][INFO] - epoch: 19
[2025-09-12 08:19:14,379][root][INFO] - finished train
[2025-09-12 08:19:14,379][root][INFO] - starting eval
[2025-09-12 08:19:24,352][root][INFO] - finished eval
[2025-09-12 08:19:24,628][root][INFO] - starting train
[2025-09-12 08:19:24,628][root][INFO] - epoch: 0
[2025-09-12 08:23:54,305][root][INFO] - epoch: 1
[2025-09-12 08:28:23,906][root][INFO] - epoch: 2
[2025-09-12 08:32:53,353][root][INFO] - epoch: 3
[2025-09-12 08:37:23,541][root][INFO] - epoch: 4
[2025-09-12 08:41:52,927][root][INFO] - epoch: 5
[2025-09-12 08:46:21,834][root][INFO] - epoch: 6
[2025-09-12 08:50:50,701][root][INFO] - epoch: 7
[2025-09-12 08:55:20,816][root][INFO] - epoch: 8
[2025-09-12 08:59:50,206][root][INFO] - epoch: 9
[2025-09-12 09:04:19,503][root][INFO] - epoch: 10
[2025-09-12 09:08:49,382][root][INFO] - epoch: 11
[2025-09-12 09:13:18,479][root][INFO] - epoch: 12
[2025-09-12 09:17:47,691][root][INFO] - epoch: 13
[2025-09-12 09:22:17,637][root][INFO] - epoch: 14
[2025-09-12 09:26:46,901][root][INFO] - epoch: 15
[2025-09-12 09:31:15,718][root][INFO] - epoch: 16
[2025-09-12 09:35:45,573][root][INFO] - epoch: 17
[2025-09-12 09:40:15,496][root][INFO] - epoch: 18
[2025-09-12 09:44:44,680][root][INFO] - epoch: 19
[2025-09-12 09:49:13,837][root][INFO] - finished train
[2025-09-12 09:49:13,838][root][INFO] - starting eval
[2025-09-12 09:49:23,887][root][INFO] - finished eval
[2025-09-12 09:49:24,183][root][INFO] - starting train
[2025-09-12 09:49:24,183][root][INFO] - epoch: 0
[2025-09-12 09:53:53,983][root][INFO] - epoch: 1
[2025-09-12 09:58:23,208][root][INFO] - epoch: 2
[2025-09-12 10:02:52,603][root][INFO] - epoch: 3
[2025-09-12 10:07:22,913][root][INFO] - epoch: 4
[2025-09-12 10:11:52,628][root][INFO] - epoch: 5
[2025-09-12 10:16:21,933][root][INFO] - epoch: 6
[2025-09-12 10:20:51,984][root][INFO] - epoch: 7
[2025-09-12 10:25:21,418][root][INFO] - epoch: 8
[2025-09-12 10:29:50,611][root][INFO] - epoch: 9
[2025-09-12 10:34:20,033][root][INFO] - epoch: 10
[2025-09-12 10:38:49,937][root][INFO] - epoch: 11
[2025-09-12 10:43:19,192][root][INFO] - epoch: 12
[2025-09-12 10:47:49,033][root][INFO] - epoch: 13
[2025-09-12 10:52:19,044][root][INFO] - epoch: 14
[2025-09-12 10:56:48,402][root][INFO] - epoch: 15
[2025-09-12 11:01:17,429][root][INFO] - epoch: 16
[2025-09-12 11:05:47,726][root][INFO] - epoch: 17
[2025-09-12 11:10:17,580][root][INFO] - epoch: 18
[2025-09-12 11:14:46,806][root][INFO] - epoch: 19
[2025-09-12 11:19:16,801][root][INFO] - finished train
[2025-09-12 11:19:16,801][root][INFO] - starting eval
[2025-09-12 11:19:26,884][root][INFO] - finished eval
[2025-09-12 11:19:27,159][root][INFO] - starting train
[2025-09-12 11:19:27,159][root][INFO] - epoch: 0
[2025-09-12 11:23:56,912][root][INFO] - epoch: 1
[2025-09-12 11:28:26,348][root][INFO] - epoch: 2
[2025-09-12 11:32:56,610][root][INFO] - epoch: 3
[2025-09-12 11:37:26,271][root][INFO] - epoch: 4
[2025-09-12 11:41:55,495][root][INFO] - epoch: 5
[2025-09-12 11:46:25,111][root][INFO] - epoch: 6
[2025-09-12 11:50:55,312][root][INFO] - epoch: 7
[2025-09-12 11:55:24,634][root][INFO] - epoch: 8
[2025-09-12 11:59:53,845][root][INFO] - epoch: 9
[2025-09-12 12:04:24,127][root][INFO] - epoch: 10
[2025-09-12 12:08:53,807][root][INFO] - epoch: 11
[2025-09-12 12:13:23,145][root][INFO] - epoch: 12
[2025-09-12 12:17:53,325][root][INFO] - epoch: 13
[2025-09-12 12:22:22,944][root][INFO] - epoch: 14
[2025-09-12 12:26:52,064][root][INFO] - epoch: 15
[2025-09-12 12:31:21,908][root][INFO] - epoch: 16
[2025-09-12 12:35:52,085][root][INFO] - epoch: 17
[2025-09-12 12:40:21,523][root][INFO] - epoch: 18
[2025-09-12 12:44:51,114][root][INFO] - epoch: 19
[2025-09-12 12:49:21,322][root][INFO] - finished train
[2025-09-12 12:49:21,322][root][INFO] - starting eval
[2025-09-12 12:49:31,332][root][INFO] - finished eval
[2025-09-12 12:49:31,607][root][INFO] - starting train
[2025-09-12 12:49:31,607][root][INFO] - epoch: 0
[2025-09-12 12:54:01,163][root][INFO] - epoch: 1
[2025-09-12 12:58:31,146][root][INFO] - epoch: 2
[2025-09-12 13:03:00,974][root][INFO] - epoch: 3
[2025-09-12 13:07:30,539][root][INFO] - epoch: 4
[2025-09-12 13:12:00,647][root][INFO] - epoch: 5
[2025-09-12 13:16:30,221][root][INFO] - epoch: 6
[2025-09-12 13:20:59,517][root][INFO] - epoch: 7
[2025-09-12 13:25:29,943][root][INFO] - epoch: 8
[2025-09-12 13:29:59,492][root][INFO] - epoch: 9
[2025-09-12 13:34:29,471][root][INFO] - epoch: 10
[2025-09-12 13:38:59,358][root][INFO] - epoch: 11
[2025-09-12 13:43:28,816][root][INFO] - epoch: 12
[2025-09-12 13:47:59,064][root][INFO] - epoch: 13
[2025-09-12 13:52:28,959][root][INFO] - epoch: 14
[2025-09-12 13:56:58,518][root][INFO] - epoch: 15
[2025-09-12 14:01:28,879][root][INFO] - epoch: 16
[2025-09-12 14:05:58,627][root][INFO] - epoch: 17
[2025-09-12 14:10:28,803][root][INFO] - epoch: 18
[2025-09-12 14:14:58,662][root][INFO] - epoch: 19
[2025-09-12 14:19:28,306][root][INFO] - finished train
[2025-09-12 14:19:28,307][root][INFO] - starting eval
[2025-09-12 14:19:38,355][root][INFO] - finished eval
[2025-09-12 14:19:38,647][root][INFO] - starting train
[2025-09-12 14:19:38,647][root][INFO] - epoch: 0
[2025-09-12 14:24:08,740][root][INFO] - epoch: 1
[2025-09-12 14:28:38,595][root][INFO] - epoch: 2
[2025-09-12 14:33:08,064][root][INFO] - epoch: 3
[2025-09-12 14:37:38,143][root][INFO] - epoch: 4
[2025-09-12 14:42:08,381][root][INFO] - epoch: 5
[2025-09-12 14:46:37,837][root][INFO] - epoch: 6
[2025-09-12 14:51:07,739][root][INFO] - epoch: 7
[2025-09-12 14:55:37,840][root][INFO] - epoch: 8
[2025-09-12 15:00:07,268][root][INFO] - epoch: 9
[2025-09-12 15:04:37,364][root][INFO] - epoch: 10
[2025-09-12 15:09:07,414][root][INFO] - epoch: 11
[2025-09-12 15:13:36,941][root][INFO] - epoch: 12
[2025-09-12 15:18:06,692][root][INFO] - epoch: 13
[2025-09-12 15:22:36,975][root][INFO] - epoch: 14
[2025-09-12 15:27:06,432][root][INFO] - epoch: 15
[2025-09-12 15:31:36,712][root][INFO] - epoch: 16
[2025-09-12 15:36:06,465][root][INFO] - epoch: 17
[2025-09-12 15:40:35,752][root][INFO] - epoch: 18
[2025-09-12 15:45:05,456][root][INFO] - epoch: 19
[2025-09-12 15:49:35,341][root][INFO] - finished train
[2025-09-12 15:49:35,341][root][INFO] - starting eval
[2025-09-12 15:49:45,456][root][INFO] - finished eval
[2025-09-12 15:49:45,740][root][INFO] - starting train
[2025-09-12 15:49:45,741][root][INFO] - epoch: 0
[2025-09-12 15:54:15,522][root][INFO] - epoch: 1
[2025-09-12 15:58:45,862][root][INFO] - epoch: 2
[2025-09-12 16:03:16,063][root][INFO] - epoch: 3
[2025-09-12 16:07:45,424][root][INFO] - epoch: 4
[2025-09-12 16:12:15,671][root][INFO] - epoch: 5
[2025-09-12 16:16:45,692][root][INFO] - epoch: 6
[2025-09-12 16:21:15,010][root][INFO] - epoch: 7
[2025-09-12 16:25:44,958][root][INFO] - epoch: 8
[2025-09-12 16:30:14,987][root][INFO] - epoch: 9
[2025-09-12 16:34:44,820][root][INFO] - epoch: 10
[2025-09-12 16:39:15,176][root][INFO] - epoch: 11
[2025-09-12 16:43:44,937][root][INFO] - epoch: 12
[2025-09-12 16:48:15,395][root][INFO] - epoch: 13
[2025-09-12 16:52:45,323][root][INFO] - epoch: 14
[2025-09-12 16:57:15,020][root][INFO] - epoch: 15
[2025-09-12 17:01:44,991][root][INFO] - epoch: 16
[2025-09-12 17:06:15,205][root][INFO] - epoch: 17
[2025-09-12 17:10:44,742][root][INFO] - epoch: 18
[2025-09-12 17:15:14,778][root][INFO] - epoch: 19
[2025-09-12 17:19:45,155][root][INFO] - finished train
[2025-09-12 17:19:45,156][root][INFO] - starting eval
[2025-09-12 17:19:55,375][root][INFO] - finished eval
[2025-09-12 17:19:55,727][root][INFO] - starting train
[2025-09-12 17:19:55,728][root][INFO] - epoch: 0
[2025-09-12 17:24:25,431][root][INFO] - epoch: 1
[2025-09-12 17:28:55,681][root][INFO] - epoch: 2
[2025-09-12 17:33:25,646][root][INFO] - epoch: 3
[2025-09-12 17:37:55,208][root][INFO] - epoch: 4
[2025-09-12 17:42:25,655][root][INFO] - epoch: 5
[2025-09-12 17:46:55,565][root][INFO] - epoch: 6
[2025-09-12 17:51:25,324][root][INFO] - epoch: 7
[2025-09-12 17:55:55,782][root][INFO] - epoch: 8
[2025-09-12 18:00:25,562][root][INFO] - epoch: 9
[2025-09-12 18:04:55,637][root][INFO] - epoch: 10
[2025-09-12 18:09:25,810][root][INFO] - epoch: 11
[2025-09-12 18:13:55,401][root][INFO] - epoch: 12
[2025-09-12 18:18:25,223][root][INFO] - epoch: 13
[2025-09-12 18:22:55,292][root][INFO] - epoch: 14
[2025-09-12 18:27:24,904][root][INFO] - epoch: 15
[2025-09-12 18:31:55,355][root][INFO] - epoch: 16
[2025-09-12 18:36:25,084][root][INFO] - epoch: 17
[2025-09-12 18:40:55,521][root][INFO] - epoch: 18
[2025-09-12 18:45:25,352][root][INFO] - epoch: 19
[2025-09-12 18:49:55,349][root][INFO] - finished train
[2025-09-12 18:49:55,350][root][INFO] - starting eval
[2025-09-12 18:50:05,375][root][INFO] - finished eval
[2025-09-12 18:50:05,717][root][INFO] - starting train
[2025-09-12 18:50:05,717][root][INFO] - epoch: 0
[2025-09-12 18:54:35,443][root][INFO] - epoch: 1
[2025-09-12 18:59:05,893][root][INFO] - epoch: 2
[2025-09-12 19:03:35,711][root][INFO] - epoch: 3
[2025-09-12 19:08:05,405][root][INFO] - epoch: 4
[2025-09-12 19:12:35,626][root][INFO] - epoch: 5
[2025-09-12 19:17:05,056][root][INFO] - epoch: 6
[2025-09-12 19:21:35,255][root][INFO] - epoch: 7
[2025-09-12 19:26:05,076][root][INFO] - epoch: 8
[2025-09-12 19:30:34,801][root][INFO] - epoch: 9
[2025-09-12 19:35:05,159][root][INFO] - epoch: 10
[2025-09-12 19:39:35,366][root][INFO] - epoch: 11
[2025-09-12 19:44:04,944][root][INFO] - epoch: 12
[2025-09-12 19:48:35,240][root][INFO] - epoch: 13
[2025-09-12 19:53:05,176][root][INFO] - epoch: 14
[2025-09-12 19:57:34,647][root][INFO] - epoch: 15
[2025-09-12 20:02:05,164][root][INFO] - epoch: 16
[2025-09-12 20:06:35,042][root][INFO] - epoch: 17
[2025-09-12 20:11:04,428][root][INFO] - epoch: 18
[2025-09-12 20:15:34,456][root][INFO] - epoch: 19
[2025-09-12 20:20:04,537][root][INFO] - finished train
[2025-09-12 20:20:04,538][root][INFO] - starting eval
[2025-09-12 20:20:14,788][root][INFO] - finished eval
[2025-09-12 20:20:15,086][root][INFO] - starting train
[2025-09-12 20:20:15,086][root][INFO] - epoch: 0
[2025-09-12 20:24:44,686][root][INFO] - epoch: 1
[2025-09-12 20:29:14,973][root][INFO] - epoch: 2
[2025-09-12 20:33:44,795][root][INFO] - epoch: 3
[2025-09-12 20:38:14,398][root][INFO] - epoch: 4
[2025-09-12 20:42:44,849][root][INFO] - epoch: 5
[2025-09-12 20:47:14,827][root][INFO] - epoch: 6
[2025-09-12 20:51:44,589][root][INFO] - epoch: 7
[2025-09-12 20:56:15,154][root][INFO] - epoch: 8
[2025-09-12 21:00:44,835][root][INFO] - epoch: 9
[2025-09-12 21:05:14,604][root][INFO] - epoch: 10
[2025-09-12 21:09:45,251][root][INFO] - epoch: 11
[2025-09-12 21:14:14,726][root][INFO] - epoch: 12
[2025-09-12 21:18:44,512][root][INFO] - epoch: 13
[2025-09-12 21:23:14,796][root][INFO] - epoch: 14
[2025-09-12 21:27:44,587][root][INFO] - epoch: 15
[2025-09-12 21:32:14,338][root][INFO] - epoch: 16
[2025-09-12 21:36:44,900][root][INFO] - epoch: 17
[2025-09-12 21:41:14,939][root][INFO] - epoch: 18
[2025-09-12 21:45:44,415][root][INFO] - epoch: 19
[2025-09-12 21:50:14,371][root][INFO] - finished train
[2025-09-12 21:50:14,371][root][INFO] - starting eval
[2025-09-12 21:50:24,467][root][INFO] - finished eval
[2025-09-12 21:50:24,749][root][INFO] - starting train
[2025-09-12 21:50:24,750][root][INFO] - epoch: 0
[2025-09-12 21:54:54,705][root][INFO] - epoch: 1
[2025-09-12 21:59:24,265][root][INFO] - epoch: 2
[2025-09-12 22:03:54,720][root][INFO] - epoch: 3
[2025-09-12 22:08:24,712][root][INFO] - epoch: 4
[2025-09-12 22:12:54,259][root][INFO] - epoch: 5
[2025-09-12 22:17:24,740][root][INFO] - epoch: 6
[2025-09-12 22:21:54,816][root][INFO] - epoch: 7
[2025-09-12 22:26:24,505][root][INFO] - epoch: 8
[2025-09-12 22:30:55,198][root][INFO] - epoch: 9
[2025-09-12 22:35:24,968][root][INFO] - epoch: 10
[2025-09-12 22:39:54,727][root][INFO] - epoch: 11
[2025-09-12 22:44:24,990][root][INFO] - epoch: 12
[2025-09-12 22:48:54,974][root][INFO] - epoch: 13
[2025-09-12 22:53:24,928][root][INFO] - epoch: 14
[2025-09-12 22:57:55,800][root][INFO] - epoch: 15
[2025-09-12 23:02:25,479][root][INFO] - epoch: 16
[2025-09-12 23:06:55,240][root][INFO] - epoch: 17
[2025-09-12 23:11:25,827][root][INFO] - epoch: 18
[2025-09-12 23:15:55,604][root][INFO] - epoch: 19
[2025-09-12 23:20:25,227][root][INFO] - finished train
[2025-09-12 23:20:25,227][root][INFO] - starting eval
[2025-09-12 23:20:35,352][root][INFO] - finished eval
[2025-09-12 23:20:35,631][root][INFO] - starting train
[2025-09-12 23:20:35,631][root][INFO] - epoch: 0
[2025-09-12 23:25:05,938][root][INFO] - epoch: 1
[2025-09-12 23:29:35,489][root][INFO] - epoch: 2
[2025-09-12 23:34:05,628][root][INFO] - epoch: 3
[2025-09-12 23:38:36,003][root][INFO] - epoch: 4
[2025-09-12 23:43:05,741][root][INFO] - epoch: 5
[2025-09-12 23:47:35,154][root][INFO] - epoch: 6
[2025-09-12 23:52:04,822][root][INFO] - epoch: 7
[2025-09-12 23:56:35,620][root][INFO] - epoch: 8
[2025-09-13 00:01:05,520][root][INFO] - epoch: 9
[2025-09-13 00:05:35,353][root][INFO] - epoch: 10
[2025-09-13 00:10:05,847][root][INFO] - epoch: 11
[2025-09-13 00:14:35,705][root][INFO] - epoch: 12
[2025-09-13 00:19:05,541][root][INFO] - epoch: 13
[2025-09-13 00:23:35,535][root][INFO] - epoch: 14
[2025-09-13 00:28:05,486][root][INFO] - epoch: 15
[2025-09-13 00:32:35,740][root][INFO] - epoch: 16
[2025-09-13 00:37:05,610][root][INFO] - epoch: 17
[2025-09-13 00:41:35,440][root][INFO] - epoch: 18
[2025-09-13 00:46:05,443][root][INFO] - epoch: 19
[2025-09-13 00:50:35,409][root][INFO] - finished train
[2025-09-13 00:50:35,410][root][INFO] - starting eval
[2025-09-13 00:50:45,379][root][INFO] - finished eval
[2025-09-13 00:50:45,689][root][INFO] - starting train
[2025-09-13 00:50:45,689][root][INFO] - epoch: 0
[2025-09-13 00:55:15,697][root][INFO] - epoch: 1
[2025-09-13 00:59:45,662][root][INFO] - epoch: 2
[2025-09-13 01:04:15,405][root][INFO] - epoch: 3
[2025-09-13 01:08:45,082][root][INFO] - epoch: 4
[2025-09-13 01:13:15,078][root][INFO] - epoch: 5
[2025-09-13 01:17:44,997][root][INFO] - epoch: 6
[2025-09-13 01:22:14,960][root][INFO] - epoch: 7
[2025-09-13 01:26:44,896][root][INFO] - epoch: 8
[2025-09-13 01:31:14,645][root][INFO] - epoch: 9
[2025-09-13 01:35:44,559][root][INFO] - epoch: 10
[2025-09-13 01:40:14,527][root][INFO] - epoch: 11
[2025-09-13 01:44:44,449][root][INFO] - epoch: 12
[2025-09-13 01:49:14,171][root][INFO] - epoch: 13
[2025-09-13 01:53:43,927][root][INFO] - epoch: 14
[2025-09-13 01:58:13,834][root][INFO] - epoch: 15
[2025-09-13 02:02:43,585][root][INFO] - epoch: 16
[2025-09-13 02:07:13,432][root][INFO] - epoch: 17
[2025-09-13 02:11:43,232][root][INFO] - epoch: 18
[2025-09-13 02:16:13,077][root][INFO] - epoch: 19
[2025-09-13 02:20:42,993][root][INFO] - finished train
[2025-09-13 02:20:42,994][root][INFO] - starting eval
[2025-09-13 02:20:53,101][root][INFO] - finished eval
[2025-09-13 02:20:53,392][root][INFO] - starting train
[2025-09-13 02:20:53,392][root][INFO] - epoch: 0
[2025-09-13 02:25:23,233][root][INFO] - epoch: 1
[2025-09-13 02:29:53,238][root][INFO] - epoch: 2
[2025-09-13 02:34:22,983][root][INFO] - epoch: 3
[2025-09-13 02:38:53,138][root][INFO] - epoch: 4
[2025-09-13 02:43:23,068][root][INFO] - epoch: 5
[2025-09-13 02:47:52,937][root][INFO] - epoch: 6
[2025-09-13 02:52:22,291][root][INFO] - epoch: 7
[2025-09-13 02:56:53,078][root][INFO] - epoch: 8
[2025-09-13 03:01:23,417][root][INFO] - epoch: 9
[2025-09-13 03:05:53,311][root][INFO] - epoch: 10
[2025-09-13 03:10:23,353][root][INFO] - epoch: 11
[2025-09-13 03:14:53,412][root][INFO] - epoch: 12
[2025-09-13 03:19:23,564][root][INFO] - epoch: 13
[2025-09-13 03:23:53,495][root][INFO] - epoch: 14
[2025-09-13 03:28:23,302][root][INFO] - epoch: 15
[2025-09-13 03:32:53,217][root][INFO] - epoch: 16
[2025-09-13 03:37:23,384][root][INFO] - epoch: 17
[2025-09-13 03:41:53,274][root][INFO] - epoch: 18
[2025-09-13 03:46:23,078][root][INFO] - epoch: 19
[2025-09-13 03:50:52,986][root][INFO] - finished train
[2025-09-13 03:50:52,986][root][INFO] - starting eval
[2025-09-13 03:51:03,109][root][INFO] - finished eval
[2025-09-13 03:51:03,415][root][INFO] - starting train
[2025-09-13 03:51:03,415][root][INFO] - epoch: 0
[2025-09-13 03:55:33,383][root][INFO] - epoch: 1
[2025-09-13 04:00:03,144][root][INFO] - epoch: 2
[2025-09-13 04:04:32,923][root][INFO] - epoch: 3
[2025-09-13 04:09:02,817][root][INFO] - epoch: 4
[2025-09-13 04:13:32,668][root][INFO] - epoch: 5
[2025-09-13 04:18:02,826][root][INFO] - epoch: 6
[2025-09-13 04:22:32,714][root][INFO] - epoch: 7
[2025-09-13 04:27:02,219][root][INFO] - epoch: 8
[2025-09-13 04:31:31,739][root][INFO] - epoch: 9
[2025-09-13 04:36:02,314][root][INFO] - epoch: 10
[2025-09-13 04:40:32,189][root][INFO] - epoch: 11
[2025-09-13 04:45:02,039][root][INFO] - epoch: 12
[2025-09-13 04:49:32,330][root][INFO] - epoch: 13
[2025-09-13 04:54:02,373][root][INFO] - epoch: 14
[2025-09-13 04:58:32,209][root][INFO] - epoch: 15
[2025-09-13 05:03:02,180][root][INFO] - epoch: 16
[2025-09-13 05:07:32,110][root][INFO] - epoch: 17
[2025-09-13 05:12:01,932][root][INFO] - epoch: 18
[2025-09-13 05:16:31,947][root][INFO] - epoch: 19
[2025-09-13 05:21:01,627][root][INFO] - finished train
[2025-09-13 05:21:01,628][root][INFO] - starting eval
[2025-09-13 05:21:11,766][root][INFO] - finished eval
[2025-09-13 05:21:12,053][root][INFO] - starting train
[2025-09-13 05:21:12,053][root][INFO] - epoch: 0
[2025-09-13 05:25:41,918][root][INFO] - epoch: 1
[2025-09-13 05:30:11,832][root][INFO] - epoch: 2
[2025-09-13 05:34:41,867][root][INFO] - epoch: 3
[2025-09-13 05:39:11,855][root][INFO] - epoch: 4
[2025-09-13 05:43:41,656][root][INFO] - epoch: 5
[2025-09-13 05:48:11,636][root][INFO] - epoch: 6
[2025-09-13 05:52:41,522][root][INFO] - epoch: 7
[2025-09-13 05:57:11,255][root][INFO] - epoch: 8
[2025-09-13 06:01:41,162][root][INFO] - epoch: 9
[2025-09-13 06:06:11,077][root][INFO] - epoch: 10
[2025-09-13 06:10:40,440][root][INFO] - epoch: 11
[2025-09-13 06:15:10,629][root][INFO] - epoch: 12
[2025-09-13 06:19:40,894][root][INFO] - epoch: 13
[2025-09-13 06:24:11,029][root][INFO] - epoch: 14
[2025-09-13 06:28:40,861][root][INFO] - epoch: 15
[2025-09-13 06:33:10,760][root][INFO] - epoch: 16
[2025-09-13 06:37:40,871][root][INFO] - epoch: 17
[2025-09-13 06:42:10,734][root][INFO] - epoch: 18
[2025-09-13 06:46:40,523][root][INFO] - epoch: 19
[2025-09-13 06:51:10,064][root][INFO] - finished train
[2025-09-13 06:51:10,064][root][INFO] - starting eval
[2025-09-13 06:51:20,116][root][INFO] - finished eval
[2025-09-13 06:51:20,406][root][INFO] - starting train
[2025-09-13 06:51:20,406][root][INFO] - epoch: 0
[2025-09-13 06:55:50,994][root][INFO] - epoch: 1
[2025-09-13 07:00:21,259][root][INFO] - epoch: 2
[2025-09-13 07:04:50,941][root][INFO] - epoch: 3
[2025-09-13 07:09:20,802][root][INFO] - epoch: 4
[2025-09-13 07:13:51,450][root][INFO] - epoch: 5
[2025-09-13 07:18:21,325][root][INFO] - epoch: 6
[2025-09-13 07:22:51,322][root][INFO] - epoch: 7
[2025-09-13 07:27:21,869][root][INFO] - epoch: 8
[2025-09-13 07:31:51,998][root][INFO] - epoch: 9
[2025-09-13 07:36:22,777][root][INFO] - epoch: 10
[2025-09-13 07:40:53,116][root][INFO] - epoch: 11
[2025-09-13 07:45:23,209][root][INFO] - epoch: 12
[2025-09-13 07:49:52,621][root][INFO] - epoch: 13
[2025-09-13 07:54:23,336][root][INFO] - epoch: 14
[2025-09-13 07:58:53,725][root][INFO] - epoch: 15
[2025-09-13 08:03:23,402][root][INFO] - epoch: 16
[2025-09-13 08:07:53,390][root][INFO] - epoch: 17
[2025-09-13 08:12:24,267][root][INFO] - epoch: 18
[2025-09-13 08:16:54,318][root][INFO] - epoch: 19
[2025-09-13 08:21:25,085][root][INFO] - finished train
[2025-09-13 08:21:25,085][root][INFO] - starting eval
[2025-09-13 08:21:35,170][root][INFO] - finished eval
[2025-09-13 08:21:35,453][root][INFO] - starting train
[2025-09-13 08:21:35,453][root][INFO] - epoch: 0
[2025-09-13 08:26:05,722][root][INFO] - epoch: 1
[2025-09-13 08:30:35,794][root][INFO] - epoch: 2
[2025-09-13 08:35:05,641][root][INFO] - epoch: 3
[2025-09-13 08:39:36,574][root][INFO] - epoch: 4
[2025-09-13 08:44:06,574][root][INFO] - epoch: 5
[2025-09-13 08:48:36,334][root][INFO] - epoch: 6
[2025-09-13 08:53:06,435][root][INFO] - epoch: 7
[2025-09-13 08:57:37,071][root][INFO] - epoch: 8
[2025-09-13 09:02:07,146][root][INFO] - epoch: 9
[2025-09-13 09:06:38,055][root][INFO] - epoch: 10
[2025-09-13 09:11:08,438][root][INFO] - epoch: 11
[2025-09-13 09:15:38,546][root][INFO] - epoch: 12
[2025-09-13 09:20:08,532][root][INFO] - epoch: 13
[2025-09-13 09:24:39,566][root][INFO] - epoch: 14
[2025-09-13 09:29:09,700][root][INFO] - epoch: 15
[2025-09-13 09:33:39,374][root][INFO] - epoch: 16
[2025-09-13 09:38:10,136][root][INFO] - epoch: 17
[2025-09-13 09:42:40,276][root][INFO] - epoch: 18
[2025-09-13 09:47:10,009][root][INFO] - epoch: 19
[2025-09-13 09:51:40,417][root][INFO] - finished train
[2025-09-13 09:51:40,418][root][INFO] - starting eval
[2025-09-13 09:51:50,488][root][INFO] - finished eval
[2025-09-13 09:51:50,772][root][INFO] - starting train
[2025-09-13 09:51:50,772][root][INFO] - epoch: 0
[2025-09-13 09:56:20,768][root][INFO] - epoch: 1
[2025-09-13 10:00:50,609][root][INFO] - epoch: 2
[2025-09-13 10:05:20,448][root][INFO] - epoch: 3
[2025-09-13 10:09:51,330][root][INFO] - epoch: 4
[2025-09-13 10:14:21,486][root][INFO] - epoch: 5
[2025-09-13 10:18:51,301][root][INFO] - epoch: 6
[2025-09-13 10:23:21,995][root][INFO] - epoch: 7
[2025-09-13 10:27:52,175][root][INFO] - epoch: 8
[2025-09-13 10:32:21,952][root][INFO] - epoch: 9
[2025-09-13 10:36:52,796][root][INFO] - epoch: 10
[2025-09-13 10:41:22,951][root][INFO] - epoch: 11
[2025-09-13 10:45:52,569][root][INFO] - epoch: 12
[2025-09-13 10:50:22,297][root][INFO] - epoch: 13
[2025-09-13 10:54:52,964][root][INFO] - epoch: 14
[2025-09-13 10:59:22,895][root][INFO] - epoch: 15
[2025-09-13 11:03:53,309][root][INFO] - epoch: 16
[2025-09-13 11:08:24,011][root][INFO] - epoch: 17
[2025-09-13 11:12:54,096][root][INFO] - epoch: 18
[2025-09-13 11:17:24,247][root][INFO] - epoch: 19
[2025-09-13 11:21:55,003][root][INFO] - finished train
[2025-09-13 11:21:55,003][root][INFO] - starting eval
[2025-09-13 11:22:05,047][root][INFO] - finished eval
[2025-09-13 11:22:05,364][root][INFO] - starting train
[2025-09-13 11:22:05,364][root][INFO] - epoch: 0
[2025-09-13 11:26:35,158][root][INFO] - epoch: 1
[2025-09-13 11:31:04,628][root][INFO] - epoch: 2
[2025-09-13 11:35:34,426][root][INFO] - epoch: 3
[2025-09-13 11:40:05,482][root][INFO] - epoch: 4
[2025-09-13 11:44:35,355][root][INFO] - epoch: 5
[2025-09-13 11:49:05,303][root][INFO] - epoch: 6
[2025-09-13 11:53:36,078][root][INFO] - epoch: 7
[2025-09-13 11:58:06,236][root][INFO] - epoch: 8
[2025-09-13 12:02:36,343][root][INFO] - epoch: 9
[2025-09-13 12:07:07,514][root][INFO] - epoch: 10
[2025-09-13 12:11:37,485][root][INFO] - epoch: 11
[2025-09-13 12:16:07,686][root][INFO] - epoch: 12
[2025-09-13 12:20:38,171][root][INFO] - epoch: 13
[2025-09-13 12:25:08,139][root][INFO] - epoch: 14
[2025-09-13 12:29:38,178][root][INFO] - epoch: 15
[2025-09-13 12:34:08,694][root][INFO] - epoch: 16
[2025-09-13 12:38:38,473][root][INFO] - epoch: 17
[2025-09-13 12:43:08,883][root][INFO] - epoch: 18
[2025-09-13 12:47:39,217][root][INFO] - epoch: 19
[2025-09-13 12:52:09,060][root][INFO] - finished train
[2025-09-13 12:52:09,060][root][INFO] - starting eval
[2025-09-13 12:52:19,212][root][INFO] - finished eval
[2025-09-13 12:52:19,507][root][INFO] - starting train
[2025-09-13 12:52:19,507][root][INFO] - epoch: 0
[2025-09-13 12:56:50,102][root][INFO] - epoch: 1
[2025-09-13 13:01:20,091][root][INFO] - epoch: 2
[2025-09-13 13:05:49,816][root][INFO] - epoch: 3
[2025-09-13 13:10:20,176][root][INFO] - epoch: 4
[2025-09-13 13:14:50,467][root][INFO] - epoch: 5
[2025-09-13 13:19:20,057][root][INFO] - epoch: 6
[2025-09-13 13:23:50,777][root][INFO] - epoch: 7
[2025-09-13 13:28:20,651][root][INFO] - epoch: 8
[2025-09-13 13:32:50,527][root][INFO] - epoch: 9
[2025-09-13 13:37:21,094][root][INFO] - epoch: 10
[2025-09-13 13:41:50,919][root][INFO] - epoch: 11
[2025-09-13 13:46:21,478][root][INFO] - epoch: 12
[2025-09-13 13:50:51,877][root][INFO] - epoch: 13
[2025-09-13 13:55:21,630][root][INFO] - epoch: 14
[2025-09-13 13:59:52,142][root][INFO] - epoch: 15
[2025-09-13 14:04:22,383][root][INFO] - epoch: 16
[2025-09-13 14:08:52,403][root][INFO] - epoch: 17
[2025-09-13 14:13:23,516][root][INFO] - epoch: 18
[2025-09-13 14:17:53,485][root][INFO] - epoch: 19
[2025-09-13 14:22:23,502][root][INFO] - finished train
[2025-09-13 14:22:23,503][root][INFO] - starting eval
[2025-09-13 14:22:33,679][root][INFO] - finished eval
[2025-09-13 14:22:33,968][root][INFO] - starting train
[2025-09-13 14:22:33,968][root][INFO] - epoch: 0
[2025-09-13 14:27:05,058][root][INFO] - epoch: 1
[2025-09-13 14:31:35,292][root][INFO] - epoch: 2
[2025-09-13 14:36:05,535][root][INFO] - epoch: 3
[2025-09-13 14:40:36,293][root][INFO] - epoch: 4
[2025-09-13 14:45:06,256][root][INFO] - epoch: 5
[2025-09-13 14:49:36,561][root][INFO] - epoch: 6
[2025-09-13 14:54:07,327][root][INFO] - epoch: 7
[2025-09-13 14:58:37,502][root][INFO] - epoch: 8
[2025-09-13 15:03:07,620][root][INFO] - epoch: 9
[2025-09-13 15:07:38,557][root][INFO] - epoch: 10
[2025-09-13 15:12:08,624][root][INFO] - epoch: 11
[2025-09-13 15:16:38,588][root][INFO] - epoch: 12
[2025-09-13 15:21:09,784][root][INFO] - epoch: 13
[2025-09-13 15:25:40,327][root][INFO] - epoch: 14
[2025-09-13 15:30:10,206][root][INFO] - epoch: 15
[2025-09-13 15:34:40,764][root][INFO] - epoch: 16
[2025-09-13 15:39:11,660][root][INFO] - epoch: 17
[2025-09-13 15:43:42,021][root][INFO] - epoch: 18
[2025-09-13 15:48:12,191][root][INFO] - epoch: 19
[2025-09-13 15:52:42,172][root][INFO] - finished train
[2025-09-13 15:52:42,172][root][INFO] - starting eval
[2025-09-13 15:52:52,213][root][INFO] - finished eval
[2025-09-13 15:52:52,497][root][INFO] - starting train
[2025-09-13 15:52:52,497][root][INFO] - epoch: 0
[2025-09-13 15:57:23,652][root][INFO] - epoch: 1
[2025-09-13 16:01:53,898][root][INFO] - epoch: 2
[2025-09-13 16:06:24,089][root][INFO] - epoch: 3
[2025-09-13 16:10:54,291][root][INFO] - epoch: 4
[2025-09-13 16:15:24,501][root][INFO] - epoch: 5
[2025-09-13 16:19:54,673][root][INFO] - epoch: 6
[2025-09-13 16:24:24,927][root][INFO] - epoch: 7
[2025-09-13 16:28:55,085][root][INFO] - epoch: 8
[2025-09-13 16:33:25,267][root][INFO] - epoch: 9
[2025-09-13 16:37:55,626][root][INFO] - epoch: 10
[2025-09-13 16:42:25,745][root][INFO] - epoch: 11
[2025-09-13 16:46:55,942][root][INFO] - epoch: 12
[2025-09-13 16:51:26,094][root][INFO] - epoch: 13
[2025-09-13 16:55:56,342][root][INFO] - epoch: 14
[2025-09-13 17:00:27,486][root][INFO] - epoch: 15
[2025-09-13 17:04:58,487][root][INFO] - epoch: 16
[2025-09-13 17:09:28,827][root][INFO] - epoch: 17
[2025-09-13 17:13:59,175][root][INFO] - epoch: 18
[2025-09-13 17:18:29,303][root][INFO] - epoch: 19
[2025-09-13 17:22:59,541][root][INFO] - finished train
[2025-09-13 17:22:59,541][root][INFO] - starting eval
[2025-09-13 17:23:09,587][root][INFO] - finished eval
[2025-09-13 17:23:09,869][root][INFO] - starting train
[2025-09-13 17:23:09,869][root][INFO] - epoch: 0
[2025-09-13 17:27:39,719][root][INFO] - epoch: 1
[2025-09-13 17:32:10,268][root][INFO] - epoch: 2
[2025-09-13 17:36:41,136][root][INFO] - epoch: 3
[2025-09-13 17:41:11,836][root][INFO] - epoch: 4
[2025-09-13 17:45:42,505][root][INFO] - epoch: 5
[2025-09-13 17:50:12,843][root][INFO] - epoch: 6
[2025-09-13 17:54:43,114][root][INFO] - epoch: 7
[2025-09-13 17:59:13,380][root][INFO] - epoch: 8
[2025-09-13 18:03:43,640][root][INFO] - epoch: 9
[2025-09-13 18:08:13,959][root][INFO] - epoch: 10
[2025-09-13 18:12:44,219][root][INFO] - epoch: 11
[2025-09-13 18:17:14,701][root][INFO] - epoch: 12
[2025-09-13 18:21:45,035][root][INFO] - epoch: 13
[2025-09-13 18:26:15,203][root][INFO] - epoch: 14
[2025-09-13 18:30:45,388][root][INFO] - epoch: 15
[2025-09-13 18:35:15,503][root][INFO] - epoch: 16
[2025-09-13 18:39:45,869][root][INFO] - epoch: 17
[2025-09-13 18:44:16,722][root][INFO] - epoch: 18
[2025-09-13 18:48:47,920][root][INFO] - epoch: 19
[2025-09-13 18:53:18,221][root][INFO] - finished train
[2025-09-13 18:53:18,221][root][INFO] - starting eval
[2025-09-13 18:53:28,352][root][INFO] - finished eval
[2025-09-13 18:53:28,633][root][INFO] - starting train
[2025-09-13 18:53:28,633][root][INFO] - epoch: 0
[2025-09-13 18:57:58,721][root][INFO] - epoch: 1
[2025-09-13 19:02:28,743][root][INFO] - epoch: 2
[2025-09-13 19:06:59,759][root][INFO] - epoch: 3
[2025-09-13 19:11:30,509][root][INFO] - epoch: 4
[2025-09-13 19:16:01,009][root][INFO] - epoch: 5
[2025-09-13 19:20:31,393][root][INFO] - epoch: 6
[2025-09-13 19:25:01,793][root][INFO] - epoch: 7
[2025-09-13 19:29:31,738][root][INFO] - epoch: 8
[2025-09-13 19:34:01,874][root][INFO] - epoch: 9
[2025-09-13 19:38:31,985][root][INFO] - epoch: 10
[2025-09-13 19:43:02,287][root][INFO] - epoch: 11
[2025-09-13 19:47:32,573][root][INFO] - epoch: 12
[2025-09-13 19:52:02,662][root][INFO] - epoch: 13
[2025-09-13 19:56:32,721][root][INFO] - epoch: 14
[2025-09-13 20:01:03,142][root][INFO] - epoch: 15
[2025-09-13 20:05:33,212][root][INFO] - epoch: 16
[2025-09-13 20:10:03,220][root][INFO] - epoch: 17
[2025-09-13 20:14:33,391][root][INFO] - epoch: 18
[2025-09-13 20:19:03,427][root][INFO] - epoch: 19
[2025-09-13 20:23:33,703][root][INFO] - finished train
[2025-09-13 20:23:33,703][root][INFO] - starting eval
[2025-09-13 20:23:43,699][root][INFO] - finished eval
[2025-09-13 20:23:43,965][root][INFO] - starting train
[2025-09-13 20:23:43,965][root][INFO] - epoch: 0
[2025-09-13 20:28:14,054][root][INFO] - epoch: 1
[2025-09-13 20:32:43,908][root][INFO] - epoch: 2
[2025-09-13 20:37:14,651][root][INFO] - epoch: 3
[2025-09-13 20:41:45,388][root][INFO] - epoch: 4
[2025-09-13 20:46:15,320][root][INFO] - epoch: 5
[2025-09-13 20:50:46,324][root][INFO] - epoch: 6
[2025-09-13 20:55:17,075][root][INFO] - epoch: 7
[2025-09-13 20:59:47,437][root][INFO] - epoch: 8
[2025-09-13 21:04:17,598][root][INFO] - epoch: 9
[2025-09-13 21:08:47,716][root][INFO] - epoch: 10
[2025-09-13 21:13:17,827][root][INFO] - epoch: 11
[2025-09-13 21:17:48,005][root][INFO] - epoch: 12
[2025-09-13 21:22:18,202][root][INFO] - epoch: 13
[2025-09-13 21:26:48,301][root][INFO] - epoch: 14
[2025-09-13 21:31:18,399][root][INFO] - epoch: 15
[2025-09-13 21:35:48,705][root][INFO] - epoch: 16
[2025-09-13 21:40:18,694][root][INFO] - epoch: 17
[2025-09-13 21:44:48,759][root][INFO] - epoch: 18
[2025-09-13 21:49:18,847][root][INFO] - epoch: 19
[2025-09-13 21:53:48,790][root][INFO] - finished train
[2025-09-13 21:53:48,790][root][INFO] - starting eval
[2025-09-13 21:53:58,984][root][INFO] - finished eval
[2025-09-13 21:53:59,264][root][INFO] - starting train
[2025-09-13 21:53:59,264][root][INFO] - epoch: 0
[2025-09-13 21:58:29,316][root][INFO] - epoch: 1
[2025-09-13 22:02:59,616][root][INFO] - epoch: 2
[2025-09-13 22:07:29,652][root][INFO] - epoch: 3
[2025-09-13 22:11:59,668][root][INFO] - epoch: 4
[2025-09-13 22:16:29,571][root][INFO] - epoch: 5
[2025-09-13 22:20:59,698][root][INFO] - epoch: 6
[2025-09-13 22:25:29,553][root][INFO] - epoch: 7
[2025-09-13 22:29:59,708][root][INFO] - epoch: 8
[2025-09-13 22:34:30,913][root][INFO] - epoch: 9
[2025-09-13 22:39:01,126][root][INFO] - epoch: 10
[2025-09-13 22:43:31,226][root][INFO] - epoch: 11
[2025-09-13 22:48:01,102][root][INFO] - epoch: 12
[2025-09-13 22:52:31,167][root][INFO] - epoch: 13
[2025-09-13 22:57:01,295][root][INFO] - epoch: 14
[2025-09-13 23:01:31,400][root][INFO] - epoch: 15
[2025-09-13 23:06:01,467][root][INFO] - epoch: 16
[2025-09-13 23:10:31,436][root][INFO] - epoch: 17
[2025-09-13 23:15:01,439][root][INFO] - epoch: 18
[2025-09-13 23:19:31,247][root][INFO] - epoch: 19
[2025-09-13 23:24:01,215][root][INFO] - finished train
[2025-09-13 23:24:01,215][root][INFO] - starting eval
[2025-09-13 23:24:11,387][root][INFO] - finished eval
[2025-09-13 23:24:11,392][root][INFO] - Finished
[2025-09-13 23:24:11,392][root][INFO] -  lr: 0.0010845582017384736
[2025-09-13 23:24:11,392][root][INFO] -  weight_decay: 0.0015580747597270092
