[2025-08-28 06:43:49,119][root][INFO] - ORIGINAL CWD : /home/sota/research/sotaohnuma/coffee
[2025-08-28 06:43:49,119][root][INFO] - RUN CWD      : /home/sota/research/sotaohnuma/coffee/outputs/bean_224/swin_t/base/2025-08-28_06-43-49
[2025-08-28 06:43:49,120][root][INFO] - batch: 110, 
 {'batch_size': 110, '_target_': 'models.swin_t.swin_t'}
[2025-08-28 06:43:49,120][root][INFO] - Start loading train data
[2025-08-28 06:43:49,229][root][INFO] - Start loading val data
[2025-08-28 06:43:49,242][root][INFO] - Start loading test data
[2025-08-28 06:43:49,255][root][INFO] - Finished DataLoader setup
[2025-08-28 06:43:49,255][root][INFO] - Starting Optimize
[2025-08-28 06:43:50,563][root][INFO] - starting train
[2025-08-28 06:43:50,563][root][INFO] - epoch: 0
[2025-08-28 06:51:31,567][root][INFO] - epoch: 1
[2025-08-28 06:59:18,321][root][INFO] - epoch: 2
[2025-08-28 07:07:03,595][root][INFO] - epoch: 3
[2025-08-28 07:14:49,370][root][INFO] - epoch: 4
[2025-08-28 07:22:35,671][root][INFO] - epoch: 5
[2025-08-28 07:30:21,083][root][INFO] - epoch: 6
[2025-08-28 07:38:06,660][root][INFO] - epoch: 7
[2025-08-28 07:45:52,783][root][INFO] - epoch: 8
[2025-08-28 07:53:38,683][root][INFO] - epoch: 9
[2025-08-28 08:01:23,345][root][INFO] - epoch: 10
[2025-08-28 08:09:09,583][root][INFO] - epoch: 11
[2025-08-28 08:16:55,856][root][INFO] - epoch: 12
[2025-08-28 08:24:41,795][root][INFO] - epoch: 13
[2025-08-28 08:32:28,874][root][INFO] - epoch: 14
[2025-08-28 08:40:15,211][root][INFO] - epoch: 15
[2025-08-28 08:47:59,630][root][INFO] - epoch: 16
[2025-08-28 08:55:44,553][root][INFO] - epoch: 17
[2025-08-28 09:03:29,640][root][INFO] - epoch: 18
[2025-08-28 09:11:15,901][root][INFO] - epoch: 19
[2025-08-28 09:19:02,488][root][INFO] - finished train
[2025-08-28 09:19:02,488][root][INFO] - starting eval
[2025-08-28 09:19:26,307][root][INFO] - finished eval
[2025-08-28 09:19:26,915][root][INFO] - starting train
[2025-08-28 09:19:26,916][root][INFO] - epoch: 0
[2025-08-28 09:27:11,878][root][INFO] - epoch: 1
[2025-08-28 09:34:57,585][root][INFO] - epoch: 2
[2025-08-28 09:42:44,906][root][INFO] - epoch: 3
[2025-08-28 09:50:30,200][root][INFO] - epoch: 4
[2025-08-28 09:58:15,126][root][INFO] - epoch: 5
[2025-08-28 10:06:01,755][root][INFO] - epoch: 6
[2025-08-28 10:13:47,906][root][INFO] - epoch: 7
[2025-08-28 10:21:32,541][root][INFO] - epoch: 8
[2025-08-28 10:29:19,281][root][INFO] - epoch: 9
[2025-08-28 10:37:05,694][root][INFO] - epoch: 10
[2025-08-28 10:44:52,447][root][INFO] - epoch: 11
[2025-08-28 10:52:37,701][root][INFO] - epoch: 12
[2025-08-28 11:00:23,536][root][INFO] - epoch: 13
[2025-08-28 11:08:09,580][root][INFO] - epoch: 14
[2025-08-28 11:15:53,792][root][INFO] - epoch: 15
[2025-08-28 11:23:40,095][root][INFO] - epoch: 16
[2025-08-28 11:31:27,225][root][INFO] - epoch: 17
[2025-08-28 11:39:12,913][root][INFO] - epoch: 18
[2025-08-28 11:46:58,832][root][INFO] - epoch: 19
[2025-08-28 11:54:46,009][root][INFO] - finished train
[2025-08-28 11:54:46,009][root][INFO] - starting eval
[2025-08-28 11:55:09,706][root][INFO] - finished eval
[2025-08-28 11:55:10,298][root][INFO] - starting train
[2025-08-28 11:55:10,299][root][INFO] - epoch: 0
[2025-08-28 12:02:57,324][root][INFO] - epoch: 1
[2025-08-28 12:10:42,703][root][INFO] - epoch: 2
[2025-08-28 12:18:27,712][root][INFO] - epoch: 3
[2025-08-28 12:26:13,412][root][INFO] - epoch: 4
[2025-08-28 12:34:01,798][root][INFO] - epoch: 5
[2025-08-28 12:41:47,875][root][INFO] - epoch: 6
[2025-08-28 12:49:33,686][root][INFO] - epoch: 7
[2025-08-28 12:57:19,935][root][INFO] - epoch: 8
[2025-08-28 13:05:05,420][root][INFO] - epoch: 9
[2025-08-28 13:12:50,602][root][INFO] - epoch: 10
[2025-08-28 13:20:35,787][root][INFO] - epoch: 11
[2025-08-28 13:28:21,621][root][INFO] - epoch: 12
[2025-08-28 13:36:08,253][root][INFO] - epoch: 13
[2025-08-28 13:43:54,354][root][INFO] - epoch: 14
[2025-08-28 13:51:41,744][root][INFO] - epoch: 15
[2025-08-28 13:59:27,921][root][INFO] - epoch: 16
[2025-08-28 14:07:13,557][root][INFO] - epoch: 17
[2025-08-28 14:15:00,898][root][INFO] - epoch: 18
[2025-08-28 14:22:46,273][root][INFO] - epoch: 19
[2025-08-28 14:30:33,220][root][INFO] - finished train
[2025-08-28 14:30:33,220][root][INFO] - starting eval
[2025-08-28 14:30:56,957][root][INFO] - finished eval
[2025-08-28 14:30:57,545][root][INFO] - starting train
[2025-08-28 14:30:57,545][root][INFO] - epoch: 0
[2025-08-28 14:38:43,744][root][INFO] - epoch: 1
[2025-08-28 14:46:28,581][root][INFO] - epoch: 2
[2025-08-28 14:54:14,635][root][INFO] - epoch: 3
[2025-08-28 15:02:00,524][root][INFO] - epoch: 4
[2025-08-28 15:09:47,384][root][INFO] - epoch: 5
[2025-08-28 15:17:33,312][root][INFO] - epoch: 6
[2025-08-28 15:25:18,222][root][INFO] - epoch: 7
[2025-08-28 15:33:03,700][root][INFO] - epoch: 8
[2025-08-28 15:40:49,612][root][INFO] - epoch: 9
[2025-08-28 15:48:35,322][root][INFO] - epoch: 10
[2025-08-28 15:56:20,333][root][INFO] - epoch: 11
[2025-08-28 16:04:04,772][root][INFO] - epoch: 12
[2025-08-28 16:11:52,236][root][INFO] - epoch: 13
[2025-08-28 16:19:37,640][root][INFO] - epoch: 14
[2025-08-28 16:27:23,782][root][INFO] - epoch: 15
[2025-08-28 16:35:10,807][root][INFO] - epoch: 16
[2025-08-28 16:42:57,411][root][INFO] - epoch: 17
[2025-08-28 16:50:45,190][root][INFO] - epoch: 18
[2025-08-28 16:58:30,641][root][INFO] - epoch: 19
[2025-08-28 17:06:18,239][root][INFO] - finished train
[2025-08-28 17:06:18,239][root][INFO] - starting eval
[2025-08-28 17:06:41,959][root][INFO] - finished eval
[2025-08-28 17:06:42,554][root][INFO] - starting train
[2025-08-28 17:06:42,554][root][INFO] - epoch: 0
[2025-08-28 17:14:29,018][root][INFO] - epoch: 1
[2025-08-28 17:22:15,541][root][INFO] - epoch: 2
[2025-08-28 17:30:01,057][root][INFO] - epoch: 3
[2025-08-28 17:37:46,517][root][INFO] - epoch: 4
[2025-08-28 17:45:31,411][root][INFO] - epoch: 5
[2025-08-28 17:53:15,585][root][INFO] - epoch: 6
[2025-08-28 18:01:01,519][root][INFO] - epoch: 7
[2025-08-28 18:08:48,014][root][INFO] - epoch: 8
[2025-08-28 18:16:33,860][root][INFO] - epoch: 9
[2025-08-28 18:24:20,792][root][INFO] - epoch: 10
[2025-08-28 18:32:09,280][root][INFO] - epoch: 11
[2025-08-28 18:39:55,994][root][INFO] - epoch: 12
[2025-08-28 18:47:41,217][root][INFO] - epoch: 13
[2025-08-28 18:55:28,775][root][INFO] - epoch: 14
[2025-08-28 19:03:14,666][root][INFO] - epoch: 15
[2025-08-28 19:11:00,546][root][INFO] - epoch: 16
[2025-08-28 19:18:45,369][root][INFO] - epoch: 17
[2025-08-28 19:26:30,551][root][INFO] - epoch: 18
[2025-08-28 19:34:15,809][root][INFO] - epoch: 19
[2025-08-28 19:42:03,648][root][INFO] - finished train
[2025-08-28 19:42:03,648][root][INFO] - starting eval
[2025-08-28 19:42:27,303][root][INFO] - finished eval
[2025-08-28 19:42:27,849][root][INFO] - starting train
[2025-08-28 19:42:27,849][root][INFO] - epoch: 0
[2025-08-28 19:50:15,596][root][INFO] - epoch: 1
[2025-08-28 19:58:01,709][root][INFO] - epoch: 2
[2025-08-28 20:05:48,477][root][INFO] - epoch: 3
[2025-08-28 20:13:34,727][root][INFO] - epoch: 4
[2025-08-28 20:21:21,442][root][INFO] - epoch: 5
[2025-08-28 20:29:06,396][root][INFO] - epoch: 6
[2025-08-28 20:36:53,071][root][INFO] - epoch: 7
[2025-08-28 20:44:37,764][root][INFO] - epoch: 8
[2025-08-28 20:52:24,431][root][INFO] - epoch: 9
[2025-08-28 21:00:10,765][root][INFO] - epoch: 10
[2025-08-28 21:07:58,814][root][INFO] - epoch: 11
[2025-08-28 21:15:44,790][root][INFO] - epoch: 12
[2025-08-28 21:23:34,044][root][INFO] - epoch: 13
[2025-08-28 21:31:20,462][root][INFO] - epoch: 14
[2025-08-28 21:39:07,159][root][INFO] - epoch: 15
[2025-08-28 21:46:54,305][root][INFO] - epoch: 16
[2025-08-28 21:54:40,883][root][INFO] - epoch: 17
[2025-08-28 22:02:27,151][root][INFO] - epoch: 18
[2025-08-28 22:10:12,479][root][INFO] - epoch: 19
[2025-08-28 22:17:58,332][root][INFO] - finished train
[2025-08-28 22:17:58,332][root][INFO] - starting eval
[2025-08-28 22:18:22,107][root][INFO] - finished eval
[2025-08-28 22:18:22,663][root][INFO] - starting train
[2025-08-28 22:18:22,663][root][INFO] - epoch: 0
[2025-08-28 22:26:10,096][root][INFO] - epoch: 1
[2025-08-28 22:33:54,809][root][INFO] - epoch: 2
[2025-08-28 22:41:38,847][root][INFO] - epoch: 3
[2025-08-28 22:49:24,103][root][INFO] - epoch: 4
[2025-08-28 22:57:08,325][root][INFO] - epoch: 5
[2025-08-28 23:04:53,739][root][INFO] - epoch: 6
[2025-08-28 23:12:37,902][root][INFO] - epoch: 7
[2025-08-28 23:20:23,291][root][INFO] - epoch: 8
[2025-08-28 23:28:08,245][root][INFO] - epoch: 9
[2025-08-28 23:35:53,165][root][INFO] - epoch: 10
[2025-08-28 23:43:38,586][root][INFO] - epoch: 11
[2025-08-28 23:51:23,937][root][INFO] - epoch: 12
[2025-08-28 23:59:09,902][root][INFO] - epoch: 13
[2025-08-29 00:06:54,703][root][INFO] - epoch: 14
[2025-08-29 00:14:39,944][root][INFO] - epoch: 15
[2025-08-29 00:22:25,769][root][INFO] - epoch: 16
[2025-08-29 00:30:11,739][root][INFO] - epoch: 17
[2025-08-29 00:37:57,545][root][INFO] - epoch: 18
[2025-08-29 00:45:44,301][root][INFO] - epoch: 19
[2025-08-29 00:53:28,864][root][INFO] - finished train
[2025-08-29 00:53:28,864][root][INFO] - starting eval
[2025-08-29 00:53:52,759][root][INFO] - finished eval
[2025-08-29 00:53:53,358][root][INFO] - starting train
[2025-08-29 00:53:53,358][root][INFO] - epoch: 0
[2025-08-29 01:01:38,105][root][INFO] - epoch: 1
[2025-08-29 01:09:23,920][root][INFO] - epoch: 2
[2025-08-29 01:17:09,052][root][INFO] - epoch: 3
[2025-08-29 01:24:54,435][root][INFO] - epoch: 4
[2025-08-29 01:32:40,892][root][INFO] - epoch: 5
[2025-08-29 01:40:27,858][root][INFO] - epoch: 6
[2025-08-29 01:48:13,973][root][INFO] - epoch: 7
[2025-08-29 01:56:00,947][root][INFO] - epoch: 8
[2025-08-29 02:03:46,146][root][INFO] - epoch: 9
[2025-08-29 02:11:32,256][root][INFO] - epoch: 10
[2025-08-29 02:19:18,778][root][INFO] - epoch: 11
[2025-08-29 02:27:04,631][root][INFO] - epoch: 12
[2025-08-29 02:34:50,161][root][INFO] - epoch: 13
[2025-08-29 02:42:37,909][root][INFO] - epoch: 14
[2025-08-29 02:50:24,670][root][INFO] - epoch: 15
[2025-08-29 02:58:10,134][root][INFO] - epoch: 16
[2025-08-29 03:05:55,666][root][INFO] - epoch: 17
[2025-08-29 03:13:41,355][root][INFO] - epoch: 18
[2025-08-29 03:21:27,220][root][INFO] - epoch: 19
[2025-08-29 03:29:14,210][root][INFO] - finished train
[2025-08-29 03:29:14,210][root][INFO] - starting eval
[2025-08-29 03:29:37,868][root][INFO] - finished eval
[2025-08-29 03:29:38,442][root][INFO] - starting train
[2025-08-29 03:29:38,443][root][INFO] - epoch: 0
[2025-08-29 03:37:24,833][root][INFO] - epoch: 1
[2025-08-29 03:45:12,388][root][INFO] - epoch: 2
[2025-08-29 03:52:58,991][root][INFO] - epoch: 3
[2025-08-29 04:00:43,539][root][INFO] - epoch: 4
[2025-08-29 04:08:27,872][root][INFO] - epoch: 5
[2025-08-29 04:16:13,668][root][INFO] - epoch: 6
[2025-08-29 04:24:00,071][root][INFO] - epoch: 7
[2025-08-29 04:31:46,040][root][INFO] - epoch: 8
[2025-08-29 04:39:32,938][root][INFO] - epoch: 9
[2025-08-29 04:47:19,736][root][INFO] - epoch: 10
[2025-08-29 04:55:05,538][root][INFO] - epoch: 11
[2025-08-29 05:02:51,700][root][INFO] - epoch: 12
[2025-08-29 05:10:36,979][root][INFO] - epoch: 13
[2025-08-29 05:18:22,764][root][INFO] - epoch: 14
[2025-08-29 05:26:08,133][root][INFO] - epoch: 15
[2025-08-29 05:33:53,971][root][INFO] - epoch: 16
[2025-08-29 05:41:40,116][root][INFO] - epoch: 17
[2025-08-29 05:49:25,060][root][INFO] - epoch: 18
[2025-08-29 05:57:11,440][root][INFO] - epoch: 19
[2025-08-29 06:04:56,621][root][INFO] - finished train
[2025-08-29 06:04:56,622][root][INFO] - starting eval
[2025-08-29 06:05:20,161][root][INFO] - finished eval
[2025-08-29 06:05:20,740][root][INFO] - starting train
[2025-08-29 06:05:20,740][root][INFO] - epoch: 0
[2025-08-29 06:13:05,651][root][INFO] - epoch: 1
[2025-08-29 06:20:53,574][root][INFO] - epoch: 2
[2025-08-29 06:28:39,341][root][INFO] - epoch: 3
[2025-08-29 06:36:24,402][root][INFO] - epoch: 4
[2025-08-29 06:44:10,423][root][INFO] - epoch: 5
[2025-08-29 06:51:57,828][root][INFO] - epoch: 6
[2025-08-29 06:59:42,710][root][INFO] - epoch: 7
[2025-08-29 07:07:29,398][root][INFO] - epoch: 8
[2025-08-29 07:15:15,539][root][INFO] - epoch: 9
[2025-08-29 07:23:01,436][root][INFO] - epoch: 10
[2025-08-29 07:30:48,556][root][INFO] - epoch: 11
[2025-08-29 07:38:34,397][root][INFO] - epoch: 12
[2025-08-29 07:46:19,511][root][INFO] - epoch: 13
[2025-08-29 07:54:07,155][root][INFO] - epoch: 14
[2025-08-29 08:01:54,031][root][INFO] - epoch: 15
[2025-08-29 08:09:39,257][root][INFO] - epoch: 16
[2025-08-29 08:17:24,932][root][INFO] - epoch: 17
[2025-08-29 08:25:10,646][root][INFO] - epoch: 18
[2025-08-29 08:32:57,475][root][INFO] - epoch: 19
[2025-08-29 08:40:44,320][root][INFO] - finished train
[2025-08-29 08:40:44,321][root][INFO] - starting eval
[2025-08-29 08:41:07,974][root][INFO] - finished eval
[2025-08-29 08:41:08,572][root][INFO] - starting train
[2025-08-29 08:41:08,572][root][INFO] - epoch: 0
[2025-08-29 08:48:53,484][root][INFO] - epoch: 1
[2025-08-29 08:56:38,497][root][INFO] - epoch: 2
[2025-08-29 09:04:24,984][root][INFO] - epoch: 3
[2025-08-29 09:12:10,519][root][INFO] - epoch: 4
[2025-08-29 09:19:54,102][root][INFO] - epoch: 5
[2025-08-29 09:27:39,111][root][INFO] - epoch: 6
[2025-08-29 09:35:25,127][root][INFO] - epoch: 7
[2025-08-29 09:43:11,317][root][INFO] - epoch: 8
[2025-08-29 09:50:58,981][root][INFO] - epoch: 9
[2025-08-29 09:58:46,728][root][INFO] - epoch: 10
[2025-08-29 10:06:32,475][root][INFO] - epoch: 11
[2025-08-29 10:14:20,504][root][INFO] - epoch: 12
[2025-08-29 10:22:07,767][root][INFO] - epoch: 13
[2025-08-29 10:29:53,613][root][INFO] - epoch: 14
[2025-08-29 10:37:40,924][root][INFO] - epoch: 15
[2025-08-29 10:45:26,744][root][INFO] - epoch: 16
[2025-08-29 10:53:11,606][root][INFO] - epoch: 17
[2025-08-29 11:00:57,228][root][INFO] - epoch: 18
[2025-08-29 11:08:43,984][root][INFO] - epoch: 19
[2025-08-29 11:16:30,520][root][INFO] - finished train
[2025-08-29 11:16:30,520][root][INFO] - starting eval
[2025-08-29 11:16:54,098][root][INFO] - finished eval
[2025-08-29 11:16:54,671][root][INFO] - starting train
[2025-08-29 11:16:54,671][root][INFO] - epoch: 0
[2025-08-29 11:24:39,485][root][INFO] - epoch: 1
[2025-08-29 11:32:25,882][root][INFO] - epoch: 2
[2025-08-29 11:40:12,401][root][INFO] - epoch: 3
[2025-08-29 11:48:00,562][root][INFO] - epoch: 4
[2025-08-29 11:55:46,305][root][INFO] - epoch: 5
[2025-08-29 12:03:33,461][root][INFO] - epoch: 6
[2025-08-29 12:11:18,531][root][INFO] - epoch: 7
[2025-08-29 12:19:05,645][root][INFO] - epoch: 8
[2025-08-29 12:26:52,466][root][INFO] - epoch: 9
[2025-08-29 12:34:36,934][root][INFO] - epoch: 10
[2025-08-29 12:42:23,827][root][INFO] - epoch: 11
[2025-08-29 12:50:12,928][root][INFO] - epoch: 12
[2025-08-29 12:57:58,805][root][INFO] - epoch: 13
[2025-08-29 13:05:44,740][root][INFO] - epoch: 14
[2025-08-29 13:13:31,905][root][INFO] - epoch: 15
[2025-08-29 13:21:17,032][root][INFO] - epoch: 16
[2025-08-29 13:29:03,687][root][INFO] - epoch: 17
[2025-08-29 13:36:50,975][root][INFO] - epoch: 18
[2025-08-29 13:44:36,211][root][INFO] - epoch: 19
[2025-08-29 13:52:23,292][root][INFO] - finished train
[2025-08-29 13:52:23,292][root][INFO] - starting eval
[2025-08-29 13:52:47,156][root][INFO] - finished eval
[2025-08-29 13:52:47,719][root][INFO] - starting train
[2025-08-29 13:52:47,719][root][INFO] - epoch: 0
[2025-08-29 14:00:34,502][root][INFO] - epoch: 1
[2025-08-29 14:08:20,647][root][INFO] - epoch: 2
[2025-08-29 14:16:07,037][root][INFO] - epoch: 3
[2025-08-29 14:23:52,205][root][INFO] - epoch: 4
[2025-08-29 14:31:37,939][root][INFO] - epoch: 5
[2025-08-29 14:39:23,477][root][INFO] - epoch: 6
[2025-08-29 14:47:08,985][root][INFO] - epoch: 7
[2025-08-29 14:54:54,033][root][INFO] - epoch: 8
[2025-08-29 15:02:41,058][root][INFO] - epoch: 9
[2025-08-29 15:10:25,358][root][INFO] - epoch: 10
[2025-08-29 15:18:10,536][root][INFO] - epoch: 11
[2025-08-29 15:25:57,282][root][INFO] - epoch: 12
[2025-08-29 15:33:43,289][root][INFO] - epoch: 13
[2025-08-29 15:41:30,611][root][INFO] - epoch: 14
[2025-08-29 15:49:16,571][root][INFO] - epoch: 15
[2025-08-29 15:57:01,487][root][INFO] - epoch: 16
[2025-08-29 16:04:48,117][root][INFO] - epoch: 17
[2025-08-29 16:12:33,235][root][INFO] - epoch: 18
[2025-08-29 16:20:19,513][root][INFO] - epoch: 19
[2025-08-29 16:28:05,712][root][INFO] - finished train
[2025-08-29 16:28:05,713][root][INFO] - starting eval
[2025-08-29 16:28:29,365][root][INFO] - finished eval
[2025-08-29 16:28:29,962][root][INFO] - starting train
[2025-08-29 16:28:29,962][root][INFO] - epoch: 0
[2025-08-29 16:36:16,056][root][INFO] - epoch: 1
[2025-08-29 16:44:01,732][root][INFO] - epoch: 2
[2025-08-29 16:51:48,265][root][INFO] - epoch: 3
[2025-08-29 16:59:34,963][root][INFO] - epoch: 4
[2025-08-29 17:07:21,149][root][INFO] - epoch: 5
[2025-08-29 17:15:06,409][root][INFO] - epoch: 6
[2025-08-29 17:22:51,973][root][INFO] - epoch: 7
[2025-08-29 17:30:40,644][root][INFO] - epoch: 8
[2025-08-29 17:38:26,357][root][INFO] - epoch: 9
[2025-08-29 17:46:13,045][root][INFO] - epoch: 10
[2025-08-29 17:53:59,550][root][INFO] - epoch: 11
[2025-08-29 18:01:45,424][root][INFO] - epoch: 12
[2025-08-29 18:09:31,009][root][INFO] - epoch: 13
[2025-08-29 18:17:15,891][root][INFO] - epoch: 14
[2025-08-29 18:25:01,448][root][INFO] - epoch: 15
[2025-08-29 18:32:47,389][root][INFO] - epoch: 16
[2025-08-29 18:40:34,074][root][INFO] - epoch: 17
[2025-08-29 18:48:19,289][root][INFO] - epoch: 18
[2025-08-29 18:56:04,919][root][INFO] - epoch: 19
[2025-08-29 19:03:52,489][root][INFO] - finished train
[2025-08-29 19:03:52,490][root][INFO] - starting eval
[2025-08-29 19:04:16,194][root][INFO] - finished eval
[2025-08-29 19:04:16,788][root][INFO] - starting train
[2025-08-29 19:04:16,788][root][INFO] - epoch: 0
[2025-08-29 19:12:02,217][root][INFO] - epoch: 1
[2025-08-29 19:19:49,020][root][INFO] - epoch: 2
[2025-08-29 19:27:34,140][root][INFO] - epoch: 3
[2025-08-29 19:35:20,237][root][INFO] - epoch: 4
[2025-08-29 19:43:06,988][root][INFO] - epoch: 5
[2025-08-29 19:50:54,331][root][INFO] - epoch: 6
[2025-08-29 19:58:40,357][root][INFO] - epoch: 7
[2025-08-29 20:06:25,222][root][INFO] - epoch: 8
[2025-08-29 20:14:10,246][root][INFO] - epoch: 9
[2025-08-29 20:21:56,456][root][INFO] - epoch: 10
[2025-08-29 20:29:41,951][root][INFO] - epoch: 11
[2025-08-29 20:37:27,600][root][INFO] - epoch: 12
[2025-08-29 20:45:13,601][root][INFO] - epoch: 13
[2025-08-29 20:52:58,775][root][INFO] - epoch: 14
[2025-08-29 21:00:45,201][root][INFO] - epoch: 15
[2025-08-29 21:08:31,426][root][INFO] - epoch: 16
[2025-08-29 21:16:15,875][root][INFO] - epoch: 17
[2025-08-29 21:24:03,613][root][INFO] - epoch: 18
[2025-08-29 21:31:49,531][root][INFO] - epoch: 19
[2025-08-29 21:39:35,686][root][INFO] - finished train
[2025-08-29 21:39:35,686][root][INFO] - starting eval
[2025-08-29 21:39:59,408][root][INFO] - finished eval
[2025-08-29 21:39:59,980][root][INFO] - starting train
[2025-08-29 21:39:59,980][root][INFO] - epoch: 0
[2025-08-29 21:47:47,125][root][INFO] - epoch: 1
[2025-08-29 21:55:31,707][root][INFO] - epoch: 2
[2025-08-29 22:03:17,390][root][INFO] - epoch: 3
[2025-08-29 22:11:02,632][root][INFO] - epoch: 4
[2025-08-29 22:18:48,501][root][INFO] - epoch: 5
[2025-08-29 22:26:35,272][root][INFO] - epoch: 6
[2025-08-29 22:34:20,761][root][INFO] - epoch: 7
[2025-08-29 22:42:07,316][root][INFO] - epoch: 8
[2025-08-29 22:49:54,253][root][INFO] - epoch: 9
[2025-08-29 22:57:39,912][root][INFO] - epoch: 10
[2025-08-29 23:05:25,395][root][INFO] - epoch: 11
[2025-08-29 23:13:12,290][root][INFO] - epoch: 12
[2025-08-29 23:20:58,600][root][INFO] - epoch: 13
[2025-08-29 23:28:44,873][root][INFO] - epoch: 14
[2025-08-29 23:36:30,090][root][INFO] - epoch: 15
[2025-08-29 23:44:16,364][root][INFO] - epoch: 16
[2025-08-29 23:52:02,785][root][INFO] - epoch: 17
[2025-08-29 23:59:51,138][root][INFO] - epoch: 18
[2025-08-30 00:07:38,619][root][INFO] - epoch: 19
[2025-08-30 00:15:26,718][root][INFO] - finished train
[2025-08-30 00:15:26,719][root][INFO] - starting eval
[2025-08-30 00:15:50,529][root][INFO] - finished eval
[2025-08-30 00:15:51,133][root][INFO] - starting train
[2025-08-30 00:15:51,134][root][INFO] - epoch: 0
[2025-08-30 00:23:38,529][root][INFO] - epoch: 1
[2025-08-30 00:31:23,123][root][INFO] - epoch: 2
[2025-08-30 00:39:09,338][root][INFO] - epoch: 3
[2025-08-30 00:46:55,489][root][INFO] - epoch: 4
[2025-08-30 00:54:40,368][root][INFO] - epoch: 5
[2025-08-30 01:02:27,743][root][INFO] - epoch: 6
[2025-08-30 01:10:14,877][root][INFO] - epoch: 7
[2025-08-30 01:18:01,354][root][INFO] - epoch: 8
[2025-08-30 01:25:48,608][root][INFO] - epoch: 9
[2025-08-30 01:33:35,008][root][INFO] - epoch: 10
[2025-08-30 01:41:21,822][root][INFO] - epoch: 11
[2025-08-30 01:49:10,075][root][INFO] - epoch: 12
[2025-08-30 01:56:56,968][root][INFO] - epoch: 13
[2025-08-30 02:04:42,489][root][INFO] - epoch: 14
[2025-08-30 02:12:29,363][root][INFO] - epoch: 15
[2025-08-30 02:20:17,093][root][INFO] - epoch: 16
[2025-08-30 02:28:03,369][root][INFO] - epoch: 17
[2025-08-30 02:35:48,979][root][INFO] - epoch: 18
[2025-08-30 02:43:35,536][root][INFO] - epoch: 19
[2025-08-30 02:51:21,287][root][INFO] - finished train
[2025-08-30 02:51:21,287][root][INFO] - starting eval
[2025-08-30 02:51:45,005][root][INFO] - finished eval
[2025-08-30 02:51:45,578][root][INFO] - starting train
[2025-08-30 02:51:45,578][root][INFO] - epoch: 0
[2025-08-30 02:59:32,212][root][INFO] - epoch: 1
[2025-08-30 03:07:19,045][root][INFO] - epoch: 2
[2025-08-30 03:15:07,049][root][INFO] - epoch: 3
[2025-08-30 03:22:54,925][root][INFO] - epoch: 4
[2025-08-30 03:30:40,789][root][INFO] - epoch: 5
[2025-08-30 03:38:24,557][root][INFO] - epoch: 6
[2025-08-30 03:46:10,287][root][INFO] - epoch: 7
[2025-08-30 03:53:56,007][root][INFO] - epoch: 8
[2025-08-30 04:01:41,936][root][INFO] - epoch: 9
[2025-08-30 04:09:28,110][root][INFO] - epoch: 10
[2025-08-30 04:17:13,943][root][INFO] - epoch: 11
[2025-08-30 04:25:00,403][root][INFO] - epoch: 12
[2025-08-30 04:32:46,055][root][INFO] - epoch: 13
[2025-08-30 04:40:32,318][root][INFO] - epoch: 14
[2025-08-30 04:48:20,734][root][INFO] - epoch: 15
[2025-08-30 04:56:07,795][root][INFO] - epoch: 16
[2025-08-30 05:03:54,685][root][INFO] - epoch: 17
[2025-08-30 05:11:41,098][root][INFO] - epoch: 18
[2025-08-30 05:19:26,943][root][INFO] - epoch: 19
[2025-08-30 05:27:12,912][root][INFO] - finished train
[2025-08-30 05:27:12,912][root][INFO] - starting eval
[2025-08-30 05:27:36,478][root][INFO] - finished eval
[2025-08-30 05:27:37,070][root][INFO] - starting train
[2025-08-30 05:27:37,070][root][INFO] - epoch: 0
[2025-08-30 05:35:24,361][root][INFO] - epoch: 1
[2025-08-30 05:43:10,722][root][INFO] - epoch: 2
[2025-08-30 05:50:56,248][root][INFO] - epoch: 3
[2025-08-30 05:58:43,388][root][INFO] - epoch: 4
[2025-08-30 06:06:30,385][root][INFO] - epoch: 5
[2025-08-30 06:14:16,727][root][INFO] - epoch: 6
[2025-08-30 06:22:00,874][root][INFO] - epoch: 7
[2025-08-30 06:29:46,522][root][INFO] - epoch: 8
[2025-08-30 06:37:32,394][root][INFO] - epoch: 9
[2025-08-30 06:45:18,056][root][INFO] - epoch: 10
[2025-08-30 06:53:04,021][root][INFO] - epoch: 11
[2025-08-30 07:00:50,695][root][INFO] - epoch: 12
[2025-08-30 07:08:37,796][root][INFO] - epoch: 13
[2025-08-30 07:16:24,107][root][INFO] - epoch: 14
[2025-08-30 07:24:12,289][root][INFO] - epoch: 15
[2025-08-30 07:31:58,046][root][INFO] - epoch: 16
[2025-08-30 07:39:44,523][root][INFO] - epoch: 17
[2025-08-30 07:47:33,499][root][INFO] - epoch: 18
[2025-08-30 07:55:20,439][root][INFO] - epoch: 19
[2025-08-30 08:03:05,631][root][INFO] - finished train
[2025-08-30 08:03:05,632][root][INFO] - starting eval
[2025-08-30 08:03:29,328][root][INFO] - finished eval
[2025-08-30 08:03:29,907][root][INFO] - starting train
[2025-08-30 08:03:29,908][root][INFO] - epoch: 0
[2025-08-30 08:11:15,385][root][INFO] - epoch: 1
[2025-08-30 08:19:02,860][root][INFO] - epoch: 2
[2025-08-30 08:26:48,913][root][INFO] - epoch: 3
[2025-08-30 08:34:35,616][root][INFO] - epoch: 4
[2025-08-30 08:42:22,483][root][INFO] - epoch: 5
[2025-08-30 08:50:08,803][root][INFO] - epoch: 6
[2025-08-30 08:57:55,162][root][INFO] - epoch: 7
[2025-08-30 09:05:42,170][root][INFO] - epoch: 8
[2025-08-30 09:13:28,874][root][INFO] - epoch: 9
[2025-08-30 09:21:13,445][root][INFO] - epoch: 10
[2025-08-30 09:28:58,564][root][INFO] - epoch: 11
[2025-08-30 09:36:45,796][root][INFO] - epoch: 12
[2025-08-30 09:44:31,933][root][INFO] - epoch: 13
[2025-08-30 09:52:17,969][root][INFO] - epoch: 14
[2025-08-30 10:00:03,099][root][INFO] - epoch: 15
[2025-08-30 10:07:49,427][root][INFO] - epoch: 16
[2025-08-30 10:15:36,049][root][INFO] - epoch: 17
[2025-08-30 10:23:21,525][root][INFO] - epoch: 18
[2025-08-30 10:31:07,015][root][INFO] - epoch: 19
[2025-08-30 10:38:54,217][root][INFO] - finished train
[2025-08-30 10:38:54,218][root][INFO] - starting eval
[2025-08-30 10:39:18,088][root][INFO] - finished eval
[2025-08-30 10:39:18,644][root][INFO] - starting train
[2025-08-30 10:39:18,645][root][INFO] - epoch: 0
[2025-08-30 10:47:04,284][root][INFO] - epoch: 1
[2025-08-30 10:54:50,929][root][INFO] - epoch: 2
[2025-08-30 11:02:37,650][root][INFO] - epoch: 3
[2025-08-30 11:10:23,515][root][INFO] - epoch: 4
[2025-08-30 11:18:10,817][root][INFO] - epoch: 5
[2025-08-30 11:25:56,281][root][INFO] - epoch: 6
[2025-08-30 11:33:41,828][root][INFO] - epoch: 7
[2025-08-30 11:41:27,849][root][INFO] - epoch: 8
[2025-08-30 11:49:14,607][root][INFO] - epoch: 9
[2025-08-30 11:57:01,150][root][INFO] - epoch: 10
[2025-08-30 12:04:46,660][root][INFO] - epoch: 11
[2025-08-30 12:12:31,156][root][INFO] - epoch: 12
[2025-08-30 12:20:17,622][root][INFO] - epoch: 13
[2025-08-30 12:28:04,538][root][INFO] - epoch: 14
[2025-08-30 12:35:51,012][root][INFO] - epoch: 15
[2025-08-30 12:43:39,276][root][INFO] - epoch: 16
[2025-08-30 12:51:25,116][root][INFO] - epoch: 17
[2025-08-30 12:59:11,661][root][INFO] - epoch: 18
[2025-08-30 13:06:57,601][root][INFO] - epoch: 19
[2025-08-30 13:14:44,214][root][INFO] - finished train
[2025-08-30 13:14:44,214][root][INFO] - starting eval
[2025-08-30 13:15:07,864][root][INFO] - finished eval
[2025-08-30 13:15:08,459][root][INFO] - starting train
[2025-08-30 13:15:08,459][root][INFO] - epoch: 0
[2025-08-30 13:22:55,079][root][INFO] - epoch: 1
[2025-08-30 13:30:41,399][root][INFO] - epoch: 2
[2025-08-30 13:38:26,309][root][INFO] - epoch: 3
[2025-08-30 13:46:13,218][root][INFO] - epoch: 4
[2025-08-30 13:53:59,168][root][INFO] - epoch: 5
[2025-08-30 14:01:45,385][root][INFO] - epoch: 6
[2025-08-30 14:09:30,944][root][INFO] - epoch: 7
[2025-08-30 14:17:18,247][root][INFO] - epoch: 8
[2025-08-30 14:25:03,847][root][INFO] - epoch: 9
[2025-08-30 14:32:49,902][root][INFO] - epoch: 10
[2025-08-30 14:40:36,603][root][INFO] - epoch: 11
[2025-08-30 14:48:23,643][root][INFO] - epoch: 12
[2025-08-30 14:56:09,838][root][INFO] - epoch: 13
[2025-08-30 15:03:55,995][root][INFO] - epoch: 14
[2025-08-30 15:11:40,558][root][INFO] - epoch: 15
[2025-08-30 15:19:27,449][root][INFO] - epoch: 16
[2025-08-30 15:27:13,650][root][INFO] - epoch: 17
[2025-08-30 15:34:58,670][root][INFO] - epoch: 18
[2025-08-30 15:42:45,716][root][INFO] - epoch: 19
[2025-08-30 15:50:30,756][root][INFO] - finished train
[2025-08-30 15:50:30,756][root][INFO] - starting eval
[2025-08-30 15:50:54,283][root][INFO] - finished eval
[2025-08-30 15:50:54,831][root][INFO] - starting train
[2025-08-30 15:50:54,831][root][INFO] - epoch: 0
[2025-08-30 15:58:40,951][root][INFO] - epoch: 1
[2025-08-30 16:06:27,802][root][INFO] - epoch: 2
[2025-08-30 16:14:13,861][root][INFO] - epoch: 3
[2025-08-30 16:22:00,531][root][INFO] - epoch: 4
[2025-08-30 16:29:47,251][root][INFO] - epoch: 5
[2025-08-30 16:37:34,616][root][INFO] - epoch: 6
[2025-08-30 16:45:20,369][root][INFO] - epoch: 7
[2025-08-30 16:53:06,982][root][INFO] - epoch: 8
[2025-08-30 17:00:54,129][root][INFO] - epoch: 9
[2025-08-30 17:08:40,201][root][INFO] - epoch: 10
[2025-08-30 17:16:28,061][root][INFO] - epoch: 11
[2025-08-30 17:24:13,391][root][INFO] - epoch: 12
[2025-08-30 17:32:00,566][root][INFO] - epoch: 13
[2025-08-30 17:39:46,766][root][INFO] - epoch: 14
[2025-08-30 17:47:34,012][root][INFO] - epoch: 15
[2025-08-30 17:55:20,926][root][INFO] - epoch: 16
[2025-08-30 18:03:06,469][root][INFO] - epoch: 17
[2025-08-30 18:10:54,055][root][INFO] - epoch: 18
[2025-08-30 18:18:41,431][root][INFO] - epoch: 19
[2025-08-30 18:26:28,455][root][INFO] - finished train
[2025-08-30 18:26:28,455][root][INFO] - starting eval
[2025-08-30 18:26:52,060][root][INFO] - finished eval
[2025-08-30 18:26:52,662][root][INFO] - starting train
[2025-08-30 18:26:52,662][root][INFO] - epoch: 0
[2025-08-30 18:34:38,806][root][INFO] - epoch: 1
[2025-08-30 18:42:25,005][root][INFO] - epoch: 2
[2025-08-30 18:50:12,117][root][INFO] - epoch: 3
[2025-08-30 18:57:57,680][root][INFO] - epoch: 4
[2025-08-30 19:05:43,780][root][INFO] - epoch: 5
[2025-08-30 19:13:30,048][root][INFO] - epoch: 6
[2025-08-30 19:21:15,153][root][INFO] - epoch: 7
[2025-08-30 19:29:01,784][root][INFO] - epoch: 8
[2025-08-30 19:36:49,435][root][INFO] - epoch: 9
[2025-08-30 19:44:35,383][root][INFO] - epoch: 10
[2025-08-30 19:52:22,224][root][INFO] - epoch: 11
[2025-08-30 20:00:09,302][root][INFO] - epoch: 12
[2025-08-30 20:07:55,340][root][INFO] - epoch: 13
[2025-08-30 20:15:40,897][root][INFO] - epoch: 14
[2025-08-30 20:23:27,365][root][INFO] - epoch: 15
[2025-08-30 20:31:13,265][root][INFO] - epoch: 16
[2025-08-30 20:38:59,967][root][INFO] - epoch: 17
[2025-08-30 20:46:44,590][root][INFO] - epoch: 18
[2025-08-30 20:54:31,395][root][INFO] - epoch: 19
[2025-08-30 21:02:18,414][root][INFO] - finished train
[2025-08-30 21:02:18,414][root][INFO] - starting eval
[2025-08-30 21:02:42,278][root][INFO] - finished eval
[2025-08-30 21:02:42,906][root][INFO] - starting train
[2025-08-30 21:02:42,906][root][INFO] - epoch: 0
[2025-08-30 21:10:28,506][root][INFO] - epoch: 1
[2025-08-30 21:18:14,028][root][INFO] - epoch: 2
[2025-08-30 21:26:00,119][root][INFO] - epoch: 3
[2025-08-30 21:33:44,469][root][INFO] - epoch: 4
[2025-08-30 21:41:31,948][root][INFO] - epoch: 5
[2025-08-30 21:49:18,450][root][INFO] - epoch: 6
[2025-08-30 21:57:04,824][root][INFO] - epoch: 7
[2025-08-30 22:04:50,864][root][INFO] - epoch: 8
[2025-08-30 22:12:37,340][root][INFO] - epoch: 9
[2025-08-30 22:20:26,075][root][INFO] - epoch: 10
[2025-08-30 22:28:12,844][root][INFO] - epoch: 11
[2025-08-30 22:35:58,651][root][INFO] - epoch: 12
[2025-08-30 22:43:44,410][root][INFO] - epoch: 13
[2025-08-30 22:51:29,567][root][INFO] - epoch: 14
[2025-08-30 22:59:15,917][root][INFO] - epoch: 15
[2025-08-30 23:07:01,567][root][INFO] - epoch: 16
[2025-08-30 23:14:47,141][root][INFO] - epoch: 17
[2025-08-30 23:22:32,961][root][INFO] - epoch: 18
[2025-08-30 23:30:17,996][root][INFO] - epoch: 19
[2025-08-30 23:38:03,429][root][INFO] - finished train
[2025-08-30 23:38:03,429][root][INFO] - starting eval
[2025-08-30 23:38:27,153][root][INFO] - finished eval
[2025-08-30 23:38:27,728][root][INFO] - starting train
[2025-08-30 23:38:27,728][root][INFO] - epoch: 0
[2025-08-30 23:46:14,763][root][INFO] - epoch: 1
[2025-08-30 23:54:01,899][root][INFO] - epoch: 2
[2025-08-31 00:01:48,199][root][INFO] - epoch: 3
[2025-08-31 00:09:33,911][root][INFO] - epoch: 4
[2025-08-31 00:17:20,955][root][INFO] - epoch: 5
[2025-08-31 00:25:07,586][root][INFO] - epoch: 6
[2025-08-31 00:32:54,716][root][INFO] - epoch: 7
[2025-08-31 00:40:40,482][root][INFO] - epoch: 8
[2025-08-31 00:48:27,237][root][INFO] - epoch: 9
[2025-08-31 00:56:12,210][root][INFO] - epoch: 10
[2025-08-31 01:03:59,832][root][INFO] - epoch: 11
[2025-08-31 01:11:46,326][root][INFO] - epoch: 12
[2025-08-31 01:19:32,538][root][INFO] - epoch: 13
[2025-08-31 01:27:18,576][root][INFO] - epoch: 14
[2025-08-31 01:35:07,122][root][INFO] - epoch: 15
[2025-08-31 01:42:53,175][root][INFO] - epoch: 16
[2025-08-31 01:50:39,824][root][INFO] - epoch: 17
[2025-08-31 01:58:26,738][root][INFO] - epoch: 18
[2025-08-31 02:06:11,606][root][INFO] - epoch: 19
[2025-08-31 02:13:55,874][root][INFO] - finished train
[2025-08-31 02:13:55,874][root][INFO] - starting eval
[2025-08-31 02:14:19,688][root][INFO] - finished eval
[2025-08-31 02:14:20,248][root][INFO] - starting train
[2025-08-31 02:14:20,248][root][INFO] - epoch: 0
[2025-08-31 02:22:05,673][root][INFO] - epoch: 1
[2025-08-31 02:29:51,317][root][INFO] - epoch: 2
[2025-08-31 02:37:35,719][root][INFO] - epoch: 3
[2025-08-31 02:45:21,469][root][INFO] - epoch: 4
[2025-08-31 02:53:06,628][root][INFO] - epoch: 5
[2025-08-31 03:00:52,451][root][INFO] - epoch: 6
[2025-08-31 03:08:38,583][root][INFO] - epoch: 7
[2025-08-31 03:16:23,970][root][INFO] - epoch: 8
[2025-08-31 03:24:09,004][root][INFO] - epoch: 9
[2025-08-31 03:31:53,687][root][INFO] - epoch: 10
[2025-08-31 03:39:40,304][root][INFO] - epoch: 11
[2025-08-31 03:47:28,309][root][INFO] - epoch: 12
[2025-08-31 03:55:15,492][root][INFO] - epoch: 13
[2025-08-31 04:03:00,964][root][INFO] - epoch: 14
[2025-08-31 04:10:47,130][root][INFO] - epoch: 15
[2025-08-31 04:18:33,826][root][INFO] - epoch: 16
[2025-08-31 04:26:20,367][root][INFO] - epoch: 17
[2025-08-31 04:34:06,141][root][INFO] - epoch: 18
[2025-08-31 04:41:53,423][root][INFO] - epoch: 19
[2025-08-31 04:49:39,180][root][INFO] - finished train
[2025-08-31 04:49:39,180][root][INFO] - starting eval
[2025-08-31 04:50:02,680][root][INFO] - finished eval
[2025-08-31 04:50:03,272][root][INFO] - starting train
[2025-08-31 04:50:03,272][root][INFO] - epoch: 0
[2025-08-31 04:57:48,298][root][INFO] - epoch: 1
[2025-08-31 05:05:32,105][root][INFO] - epoch: 2
[2025-08-31 05:13:18,297][root][INFO] - epoch: 3
[2025-08-31 05:21:04,414][root][INFO] - epoch: 4
[2025-08-31 05:28:50,714][root][INFO] - epoch: 5
[2025-08-31 05:36:36,156][root][INFO] - epoch: 6
[2025-08-31 05:44:21,108][root][INFO] - epoch: 7
[2025-08-31 05:52:07,346][root][INFO] - epoch: 8
[2025-08-31 05:59:53,072][root][INFO] - epoch: 9
[2025-08-31 06:07:39,056][root][INFO] - epoch: 10
[2025-08-31 06:15:24,146][root][INFO] - epoch: 11
[2025-08-31 06:23:09,770][root][INFO] - epoch: 12
[2025-08-31 06:30:56,808][root][INFO] - epoch: 13
[2025-08-31 06:38:42,977][root][INFO] - epoch: 14
[2025-08-31 06:46:30,430][root][INFO] - epoch: 15
[2025-08-31 06:54:15,396][root][INFO] - epoch: 16
[2025-08-31 07:02:01,639][root][INFO] - epoch: 17
[2025-08-31 07:09:48,652][root][INFO] - epoch: 18
[2025-08-31 07:17:34,324][root][INFO] - epoch: 19
[2025-08-31 07:25:19,547][root][INFO] - finished train
[2025-08-31 07:25:19,548][root][INFO] - starting eval
[2025-08-31 07:25:43,270][root][INFO] - finished eval
[2025-08-31 07:25:43,824][root][INFO] - starting train
[2025-08-31 07:25:43,825][root][INFO] - epoch: 0
[2025-08-31 07:33:30,511][root][INFO] - epoch: 1
[2025-08-31 07:41:15,675][root][INFO] - epoch: 2
[2025-08-31 07:49:02,457][root][INFO] - epoch: 3
[2025-08-31 07:56:48,052][root][INFO] - epoch: 4
[2025-08-31 08:04:34,553][root][INFO] - epoch: 5
[2025-08-31 08:12:20,852][root][INFO] - epoch: 6
[2025-08-31 08:20:06,612][root][INFO] - epoch: 7
[2025-08-31 08:27:53,575][root][INFO] - epoch: 8
[2025-08-31 08:35:38,913][root][INFO] - epoch: 9
[2025-08-31 08:43:24,866][root][INFO] - epoch: 10
[2025-08-31 08:51:13,212][root][INFO] - epoch: 11
[2025-08-31 08:58:58,981][root][INFO] - epoch: 12
[2025-08-31 09:06:44,829][root][INFO] - epoch: 13
[2025-08-31 09:14:29,309][root][INFO] - epoch: 14
[2025-08-31 09:22:17,115][root][INFO] - epoch: 15
[2025-08-31 09:30:02,605][root][INFO] - epoch: 16
[2025-08-31 09:37:48,155][root][INFO] - epoch: 17
[2025-08-31 09:45:35,295][root][INFO] - epoch: 18
[2025-08-31 09:53:23,115][root][INFO] - epoch: 19
[2025-08-31 10:01:08,563][root][INFO] - finished train
[2025-08-31 10:01:08,563][root][INFO] - starting eval
[2025-08-31 10:01:32,216][root][INFO] - finished eval
[2025-08-31 10:01:32,770][root][INFO] - starting train
[2025-08-31 10:01:32,770][root][INFO] - epoch: 0
[2025-08-31 10:09:19,921][root][INFO] - epoch: 1
[2025-08-31 10:17:06,302][root][INFO] - epoch: 2
[2025-08-31 10:24:52,864][root][INFO] - epoch: 3
[2025-08-31 10:32:36,901][root][INFO] - epoch: 4
[2025-08-31 10:40:22,817][root][INFO] - epoch: 5
[2025-08-31 10:48:08,369][root][INFO] - epoch: 6
[2025-08-31 10:55:54,014][root][INFO] - epoch: 7
[2025-08-31 11:03:38,106][root][INFO] - epoch: 8
[2025-08-31 11:11:19,845][root][INFO] - epoch: 9
[2025-08-31 11:19:03,262][root][INFO] - epoch: 10
[2025-08-31 11:26:46,016][root][INFO] - epoch: 11
[2025-08-31 11:34:30,404][root][INFO] - epoch: 12
[2025-08-31 11:42:13,341][root][INFO] - epoch: 13
[2025-08-31 11:49:55,865][root][INFO] - epoch: 14
[2025-08-31 11:57:38,575][root][INFO] - epoch: 15
[2025-08-31 12:05:20,463][root][INFO] - epoch: 16
[2025-08-31 12:13:01,834][root][INFO] - epoch: 17
[2025-08-31 12:20:44,647][root][INFO] - epoch: 18
[2025-08-31 12:28:27,370][root][INFO] - epoch: 19
[2025-08-31 12:36:09,246][root][INFO] - finished train
[2025-08-31 12:36:09,246][root][INFO] - starting eval
[2025-08-31 12:36:32,942][root][INFO] - finished eval
[2025-08-31 12:36:32,946][root][INFO] - Finished
[2025-08-31 12:36:32,946][root][INFO] -  lr: 3.6074173128668235e-05
[2025-08-31 12:36:32,946][root][INFO] -  weight_decay: 0.0029871032182834595
