[2025-08-17 08:34:36,379][root][INFO] - ORIGINAL CWD : /home/sota/research/sotaohnuma/coffee
[2025-08-17 08:34:36,379][root][INFO] - RUN CWD      : /home/sota/research/sotaohnuma/coffee/outputs/bean_224/deit_b/base/2025-08-17_08-34-36
[2025-08-17 08:34:36,380][root][INFO] - batch: 92, 
 {'batch_size': 92, '_target_': 'models.deit_b.deit_b', 'lr': 2.1e-05, 'weight_decay': 0.00037}
[2025-08-17 08:34:36,380][root][INFO] - lr: 2.1e-05, 
 {'_target_': 'models.deit_b.deit_b', 'lr': 2.1e-05, 'weight_decay': 0.00037}
[2025-08-17 08:34:36,380][root][INFO] - weight_decay: 0.00037, 
 {'_target_': 'models.deit_b.deit_b', 'weight_decay': 0.00037}
[2025-08-17 08:34:54,791][root][INFO] - Start loading train data
[2025-08-17 08:34:54,913][root][INFO] - Start loading val data
[2025-08-17 08:34:54,926][root][INFO] - Start loading test data
[2025-08-17 08:34:54,939][root][INFO] - Finished DataLoader setup
[2025-08-17 08:34:54,941][root][INFO] - Start: 0
[2025-08-17 08:57:23,697][root][INFO] - [01/100] train 97.269%/0.0684 | val 96.708%/0.1325
[2025-08-17 08:57:24,830][root][INFO] - Start: 1
[2025-08-17 09:19:50,801][root][INFO] - [02/100] train 99.733%/0.0080 | val 96.681%/0.1798
[2025-08-17 09:19:50,802][root][INFO] - Start: 2
[2025-08-17 09:42:15,161][root][INFO] - [03/100] train 99.839%/0.0053 | val 96.917%/0.1600
[2025-08-17 09:42:19,557][root][INFO] - Start: 3
[2025-08-17 10:04:45,869][root][INFO] - [04/100] train 99.891%/0.0031 | val 95.708%/0.2474
[2025-08-17 10:04:45,870][root][INFO] - Start: 4
[2025-08-17 10:27:12,026][root][INFO] - [05/100] train 99.906%/0.0030 | val 96.597%/0.2240
[2025-08-17 10:27:12,027][root][INFO] - Start: 5
[2025-08-17 10:49:38,137][root][INFO] - [06/100] train 99.849%/0.0046 | val 96.903%/0.1810
[2025-08-17 10:49:38,137][root][INFO] - Start: 6
[2025-08-17 11:12:03,296][root][INFO] - [07/100] train 99.951%/0.0017 | val 97.042%/0.1929
[2025-08-17 11:12:07,133][root][INFO] - Start: 7
[2025-08-17 11:34:29,319][root][INFO] - [08/100] train 99.816%/0.0053 | val 95.847%/0.1849
[2025-08-17 11:34:29,319][root][INFO] - Start: 8
[2025-08-17 11:56:50,195][root][INFO] - [09/100] train 100.000%/0.0001 | val 97.014%/0.1994
[2025-08-17 11:56:50,196][root][INFO] - Start: 9
[2025-08-17 12:19:11,152][root][INFO] - [10/100] train 100.000%/0.0000 | val 96.972%/0.2073
[2025-08-17 12:19:11,153][root][INFO] - Start: 10
[2025-08-17 12:41:35,336][root][INFO] - [11/100] train 100.000%/0.0000 | val 96.972%/0.2141
[2025-08-17 12:41:35,336][root][INFO] - Start: 11
[2025-08-17 13:03:58,367][root][INFO] - [12/100] train 100.000%/0.0000 | val 96.972%/0.2205
[2025-08-17 13:03:58,367][root][INFO] - Start: 12
[2025-08-17 13:26:20,886][root][INFO] - [13/100] train 100.000%/0.0000 | val 97.000%/0.2267
[2025-08-17 13:26:20,887][root][INFO] - Start: 13
[2025-08-17 13:48:42,987][root][INFO] - [14/100] train 100.000%/0.0000 | val 96.986%/0.2339
[2025-08-17 13:48:42,987][root][INFO] - Start: 14
[2025-08-17 14:11:05,064][root][INFO] - [15/100] train 100.000%/0.0000 | val 97.028%/0.2400
[2025-08-17 14:11:05,064][root][INFO] - Start: 15
[2025-08-17 14:33:28,522][root][INFO] - [16/100] train 100.000%/0.0000 | val 97.083%/0.2464
[2025-08-17 14:33:32,237][root][INFO] - Start: 16
[2025-08-17 14:55:56,699][root][INFO] - [17/100] train 100.000%/0.0000 | val 97.042%/0.2535
[2025-08-17 14:55:56,699][root][INFO] - Start: 17
[2025-08-17 15:18:20,436][root][INFO] - [18/100] train 100.000%/0.0000 | val 97.042%/0.2608
[2025-08-17 15:18:20,436][root][INFO] - Start: 18
[2025-08-17 15:40:44,943][root][INFO] - [19/100] train 100.000%/0.0000 | val 97.028%/0.2680
[2025-08-17 15:40:44,943][root][INFO] - Start: 19
[2025-08-17 16:03:09,160][root][INFO] - [20/100] train 100.000%/0.0000 | val 97.042%/0.2754
[2025-08-17 16:03:09,160][root][INFO] - Start: 20
[2025-08-17 16:25:34,013][root][INFO] - [21/100] train 100.000%/0.0000 | val 97.000%/0.2839
[2025-08-17 16:25:34,013][root][INFO] - Start: 21
[2025-08-17 16:47:59,664][root][INFO] - [22/100] train 100.000%/0.0000 | val 96.986%/0.2919
[2025-08-17 16:47:59,665][root][INFO] - Start: 22
[2025-08-17 17:10:24,243][root][INFO] - [23/100] train 100.000%/0.0000 | val 96.972%/0.2987
[2025-08-17 17:10:24,243][root][INFO] - Start: 23
[2025-08-17 17:32:49,644][root][INFO] - [24/100] train 100.000%/0.0000 | val 96.972%/0.3067
[2025-08-17 17:32:49,644][root][INFO] - Start: 24
[2025-08-17 17:55:13,492][root][INFO] - [25/100] train 100.000%/0.0000 | val 96.958%/0.3141
[2025-08-17 17:55:13,492][root][INFO] - Start: 25
[2025-08-17 18:17:38,627][root][INFO] - [26/100] train 100.000%/0.0000 | val 96.958%/0.3217
[2025-08-17 18:17:38,627][root][INFO] - Start: 26
[2025-08-17 18:40:03,989][root][INFO] - [27/100] train 100.000%/0.0000 | val 96.944%/0.3296
[2025-08-17 18:40:03,990][root][INFO] - Start: 27
[2025-08-17 19:02:28,995][root][INFO] - [28/100] train 100.000%/0.0000 | val 96.931%/0.3365
[2025-08-17 19:02:28,995][root][INFO] - Start: 28
[2025-08-17 19:24:46,639][root][INFO] - [29/100] train 100.000%/0.0000 | val 96.917%/0.3443
[2025-08-17 19:24:46,640][root][INFO] - Start: 29
[2025-08-17 19:47:02,961][root][INFO] - [30/100] train 100.000%/0.0000 | val 96.903%/0.3512
[2025-08-17 19:47:02,961][root][INFO] - Start: 30
[2025-08-17 20:09:20,035][root][INFO] - [31/100] train 100.000%/0.0000 | val 96.903%/0.3578
[2025-08-17 20:09:20,035][root][INFO] - Start: 31
[2025-08-17 20:31:36,280][root][INFO] - [32/100] train 100.000%/0.0000 | val 96.903%/0.3648
[2025-08-17 20:31:36,280][root][INFO] - Start: 32
[2025-08-17 20:53:54,803][root][INFO] - [33/100] train 100.000%/0.0000 | val 96.903%/0.3713
[2025-08-17 20:53:54,804][root][INFO] - Start: 33
[2025-08-17 21:16:13,679][root][INFO] - [34/100] train 100.000%/0.0000 | val 96.903%/0.3771
[2025-08-17 21:16:13,679][root][INFO] - Start: 34
[2025-08-17 21:38:31,634][root][INFO] - [35/100] train 100.000%/0.0000 | val 96.875%/0.3829
[2025-08-17 21:38:31,634][root][INFO] - Start: 35
[2025-08-17 22:00:48,949][root][INFO] - [36/100] train 100.000%/0.0000 | val 96.861%/0.3883
[2025-08-17 22:00:48,949][root][INFO] - Start: 36
[2025-08-17 22:23:06,693][root][INFO] - [37/100] train 100.000%/0.0000 | val 96.861%/0.3942
[2025-08-17 22:23:06,693][root][INFO] - Start: 37
[2025-08-17 22:45:25,333][root][INFO] - [38/100] train 100.000%/0.0000 | val 96.861%/0.3998
[2025-08-17 22:45:25,333][root][INFO] - Start: 38
[2025-08-17 23:07:42,659][root][INFO] - [39/100] train 100.000%/0.0000 | val 96.847%/0.4046
[2025-08-17 23:07:42,659][root][INFO] - Start: 39
[2025-08-17 23:29:59,574][root][INFO] - [40/100] train 100.000%/0.0000 | val 96.819%/0.4107
[2025-08-17 23:29:59,574][root][INFO] - Start: 40
[2025-08-17 23:52:18,029][root][INFO] - [41/100] train 100.000%/0.0000 | val 96.819%/0.4154
[2025-08-17 23:52:18,029][root][INFO] - Start: 41
[2025-08-18 00:14:34,931][root][INFO] - [42/100] train 100.000%/0.0000 | val 96.819%/0.4200
[2025-08-18 00:14:34,931][root][INFO] - Start: 42
[2025-08-18 00:36:52,034][root][INFO] - [43/100] train 100.000%/0.0000 | val 96.806%/0.4250
[2025-08-18 00:36:52,035][root][INFO] - Start: 43
[2025-08-18 00:59:10,159][root][INFO] - [44/100] train 100.000%/0.0000 | val 96.806%/0.4298
[2025-08-18 00:59:10,160][root][INFO] - Start: 44
[2025-08-18 01:21:28,425][root][INFO] - [45/100] train 100.000%/0.0000 | val 96.792%/0.4342
[2025-08-18 01:21:28,426][root][INFO] - Start: 45
[2025-08-18 01:43:45,964][root][INFO] - [46/100] train 100.000%/0.0000 | val 96.792%/0.4391
[2025-08-18 01:43:45,965][root][INFO] - Start: 46
[2025-08-18 02:06:03,829][root][INFO] - [47/100] train 100.000%/0.0000 | val 96.806%/0.4436
[2025-08-18 02:06:03,829][root][INFO] - Start: 47
[2025-08-18 02:28:19,721][root][INFO] - [48/100] train 100.000%/0.0000 | val 96.806%/0.4482
[2025-08-18 02:28:19,722][root][INFO] - Start: 48
[2025-08-18 02:50:37,638][root][INFO] - [49/100] train 100.000%/0.0000 | val 96.806%/0.4524
[2025-08-18 02:50:37,638][root][INFO] - Start: 49
[2025-08-18 03:12:55,696][root][INFO] - [50/100] train 100.000%/0.0000 | val 96.806%/0.4566
[2025-08-18 03:12:55,696][root][INFO] - Start: 50
[2025-08-18 03:35:16,033][root][INFO] - [51/100] train 100.000%/0.0000 | val 96.806%/0.4606
[2025-08-18 03:35:16,033][root][INFO] - Start: 51
[2025-08-18 03:57:32,705][root][INFO] - [52/100] train 100.000%/0.0000 | val 96.792%/0.4644
[2025-08-18 03:57:32,705][root][INFO] - Start: 52
[2025-08-18 04:19:51,572][root][INFO] - [53/100] train 100.000%/0.0000 | val 96.792%/0.4678
[2025-08-18 04:19:51,572][root][INFO] - Start: 53
[2025-08-18 04:42:10,008][root][INFO] - [54/100] train 100.000%/0.0000 | val 96.792%/0.4708
[2025-08-18 04:42:10,009][root][INFO] - Start: 54
[2025-08-18 05:04:27,885][root][INFO] - [55/100] train 100.000%/0.0000 | val 96.792%/0.4737
[2025-08-18 05:04:27,885][root][INFO] - Start: 55
[2025-08-18 05:26:45,018][root][INFO] - [56/100] train 100.000%/0.0000 | val 96.792%/0.4764
[2025-08-18 05:26:45,018][root][INFO] - Start: 56
[2025-08-18 05:49:03,438][root][INFO] - [57/100] train 100.000%/0.0000 | val 96.792%/0.4788
[2025-08-18 05:49:03,438][root][INFO] - Start: 57
[2025-08-18 06:11:21,080][root][INFO] - [58/100] train 100.000%/0.0000 | val 96.792%/0.4810
[2025-08-18 06:11:21,080][root][INFO] - Start: 58
[2025-08-18 06:33:38,414][root][INFO] - [59/100] train 100.000%/0.0000 | val 96.792%/0.4830
[2025-08-18 06:33:38,414][root][INFO] - Start: 59
[2025-08-18 06:55:55,783][root][INFO] - [60/100] train 100.000%/0.0000 | val 96.792%/0.4849
[2025-08-18 06:55:55,783][root][INFO] - Start: 60
[2025-08-18 07:18:14,409][root][INFO] - [61/100] train 100.000%/0.0000 | val 96.792%/0.4867
[2025-08-18 07:18:14,409][root][INFO] - Start: 61
[2025-08-18 07:40:32,416][root][INFO] - [62/100] train 100.000%/0.0000 | val 96.792%/0.4882
[2025-08-18 07:40:32,417][root][INFO] - Start: 62
[2025-08-18 08:02:51,808][root][INFO] - [63/100] train 100.000%/0.0000 | val 96.792%/0.4897
[2025-08-18 08:02:51,809][root][INFO] - Start: 63
[2025-08-18 08:25:10,260][root][INFO] - [64/100] train 100.000%/0.0000 | val 96.792%/0.4912
[2025-08-18 08:25:10,260][root][INFO] - Start: 64
[2025-08-18 08:47:28,853][root][INFO] - [65/100] train 100.000%/0.0000 | val 96.792%/0.4925
[2025-08-18 08:47:28,854][root][INFO] - Start: 65
[2025-08-18 09:09:46,819][root][INFO] - [66/100] train 100.000%/0.0000 | val 96.792%/0.4938
[2025-08-18 09:09:46,820][root][INFO] - Start: 66
[2025-08-18 09:32:04,521][root][INFO] - [67/100] train 100.000%/0.0000 | val 96.792%/0.4950
[2025-08-18 09:32:04,522][root][INFO] - Start: 67
[2025-08-18 09:54:22,290][root][INFO] - [68/100] train 100.000%/0.0000 | val 96.792%/0.4961
[2025-08-18 09:54:22,290][root][INFO] - Start: 68
[2025-08-18 10:16:39,933][root][INFO] - [69/100] train 100.000%/0.0000 | val 96.792%/0.4973
[2025-08-18 10:16:39,933][root][INFO] - Start: 69
[2025-08-18 10:38:58,315][root][INFO] - [70/100] train 100.000%/0.0000 | val 96.792%/0.4983
[2025-08-18 10:38:58,316][root][INFO] - Start: 70
[2025-08-18 11:01:14,209][root][INFO] - [71/100] train 100.000%/0.0000 | val 96.792%/0.4993
[2025-08-18 11:01:14,209][root][INFO] - Start: 71
[2025-08-18 11:23:31,337][root][INFO] - [72/100] train 100.000%/0.0000 | val 96.792%/0.5002
[2025-08-18 11:23:31,337][root][INFO] - Start: 72
[2025-08-18 11:45:48,398][root][INFO] - [73/100] train 100.000%/0.0000 | val 96.792%/0.5011
[2025-08-18 11:45:48,398][root][INFO] - Start: 73
[2025-08-18 12:08:05,521][root][INFO] - [74/100] train 100.000%/0.0000 | val 96.792%/0.5019
[2025-08-18 12:08:05,522][root][INFO] - Start: 74
[2025-08-18 12:30:22,123][root][INFO] - [75/100] train 100.000%/0.0000 | val 96.792%/0.5028
[2025-08-18 12:30:22,123][root][INFO] - Start: 75
[2025-08-18 12:52:40,086][root][INFO] - [76/100] train 100.000%/0.0000 | val 96.792%/0.5035
[2025-08-18 12:52:40,087][root][INFO] - Start: 76
[2025-08-18 13:14:58,145][root][INFO] - [77/100] train 100.000%/0.0000 | val 96.792%/0.5043
[2025-08-18 13:14:58,146][root][INFO] - Start: 77
[2025-08-18 13:37:14,941][root][INFO] - [78/100] train 100.000%/0.0000 | val 96.792%/0.5051
[2025-08-18 13:37:14,941][root][INFO] - Start: 78
[2025-08-18 13:59:31,083][root][INFO] - [79/100] train 100.000%/0.0000 | val 96.792%/0.5058
[2025-08-18 13:59:31,084][root][INFO] - Start: 79
[2025-08-18 14:21:49,019][root][INFO] - [80/100] train 100.000%/0.0000 | val 96.792%/0.5065
[2025-08-18 14:21:49,019][root][INFO] - Start: 80
[2025-08-18 14:44:08,446][root][INFO] - [81/100] train 100.000%/0.0000 | val 96.792%/0.5071
[2025-08-18 14:44:08,446][root][INFO] - Start: 81
[2025-08-18 15:06:25,685][root][INFO] - [82/100] train 100.000%/0.0000 | val 96.792%/0.5078
[2025-08-18 15:06:25,686][root][INFO] - Start: 82
[2025-08-18 15:28:44,640][root][INFO] - [83/100] train 100.000%/0.0000 | val 96.792%/0.5084
[2025-08-18 15:28:44,640][root][INFO] - Start: 83
[2025-08-18 15:51:00,619][root][INFO] - [84/100] train 100.000%/0.0000 | val 96.792%/0.5090
[2025-08-18 15:51:00,619][root][INFO] - Start: 84
[2025-08-18 16:13:16,537][root][INFO] - [85/100] train 100.000%/0.0000 | val 96.792%/0.5097
[2025-08-18 16:13:16,538][root][INFO] - Start: 85
[2025-08-18 16:35:32,923][root][INFO] - [86/100] train 100.000%/0.0000 | val 96.792%/0.5103
[2025-08-18 16:35:32,923][root][INFO] - Start: 86
[2025-08-18 16:57:49,437][root][INFO] - [87/100] train 100.000%/0.0000 | val 96.792%/0.5108
[2025-08-18 16:57:49,438][root][INFO] - Start: 87
[2025-08-18 17:20:05,167][root][INFO] - [88/100] train 100.000%/0.0000 | val 96.792%/0.5114
[2025-08-18 17:20:05,167][root][INFO] - Start: 88
[2025-08-18 17:42:22,779][root][INFO] - [89/100] train 100.000%/0.0000 | val 96.792%/0.5119
[2025-08-18 17:42:22,779][root][INFO] - Start: 89
[2025-08-18 18:04:38,392][root][INFO] - [90/100] train 100.000%/0.0000 | val 96.792%/0.5124
[2025-08-18 18:04:38,392][root][INFO] - Start: 90
[2025-08-18 18:26:55,183][root][INFO] - [91/100] train 100.000%/0.0000 | val 96.792%/0.5130
[2025-08-18 18:26:55,183][root][INFO] - Start: 91
[2025-08-18 18:49:12,628][root][INFO] - [92/100] train 100.000%/0.0000 | val 96.792%/0.5134
[2025-08-18 18:49:12,628][root][INFO] - Start: 92
[2025-08-18 19:11:27,107][root][INFO] - [93/100] train 100.000%/0.0000 | val 96.792%/0.5139
[2025-08-18 19:11:27,107][root][INFO] - Start: 93
[2025-08-18 19:33:43,226][root][INFO] - [94/100] train 100.000%/0.0000 | val 96.792%/0.5144
[2025-08-18 19:33:43,227][root][INFO] - Start: 94
[2025-08-18 19:56:00,288][root][INFO] - [95/100] train 100.000%/0.0000 | val 96.792%/0.5149
[2025-08-18 19:56:00,289][root][INFO] - Start: 95
[2025-08-18 20:18:16,062][root][INFO] - [96/100] train 100.000%/0.0000 | val 96.792%/0.5153
[2025-08-18 20:18:16,063][root][INFO] - Start: 96
[2025-08-18 20:40:33,404][root][INFO] - [97/100] train 100.000%/0.0000 | val 96.792%/0.5158
[2025-08-18 20:40:33,405][root][INFO] - Start: 97
[2025-08-18 21:02:50,989][root][INFO] - [98/100] train 100.000%/0.0000 | val 96.792%/0.5162
[2025-08-18 21:02:50,990][root][INFO] - Start: 98
[2025-08-18 21:25:08,527][root][INFO] - [99/100] train 100.000%/0.0000 | val 96.792%/0.5166
[2025-08-18 21:25:08,527][root][INFO] - Start: 99
[2025-08-18 21:47:27,006][root][INFO] - [100/100] train 100.000%/0.0000 | val 96.792%/0.5171
[2025-08-18 21:48:37,574][root][INFO] - 
[Test Evaluation]
[2025-08-18 21:48:37,574][root][INFO] -  Accuracy : 0.970
[2025-08-18 21:48:37,574][root][INFO] -  Precision: 0.954
[2025-08-18 21:48:37,574][root][INFO] -  Recall   : 0.989
[2025-08-18 21:48:37,574][root][INFO] -  F1       : 0.971
[2025-08-18 21:48:37,574][root][INFO] -  Auc      : 0.997
