[2025-09-26 08:40:09,473][root][INFO] - ORIGINAL CWD : /home/sota/research/sotaohnuma/coffee
[2025-09-26 08:40:09,473][root][INFO] - RUN CWD      : /home/sota/research/sotaohnuma/coffee/outputs/kd/cnn_student100/2025-09-26_08-40-09
[2025-09-26 08:40:11,479][root][INFO] - Start epoch 1
[2025-09-26 08:46:43,588][root][INFO] - [01/100] train 62.556%/7.9917 | val 50.000%/9.9639
[2025-09-26 08:46:43,591][root][INFO] - Start epoch 2
[2025-09-26 08:53:23,656][root][INFO] - [02/100] train 68.170%/7.5191 | val 71.194%/6.8855
[2025-09-26 08:53:23,659][root][INFO] - Start epoch 3
[2025-09-26 08:59:59,894][root][INFO] - [03/100] train 72.811%/7.0050 | val 76.625%/6.3932
[2025-09-26 08:59:59,897][root][INFO] - Start epoch 4
[2025-09-26 09:06:36,213][root][INFO] - [04/100] train 75.731%/6.5941 | val 78.583%/6.0573
[2025-09-26 09:06:36,216][root][INFO] - Start epoch 5
[2025-09-26 09:13:13,957][root][INFO] - [05/100] train 76.646%/6.3719 | val 73.819%/6.2998
[2025-09-26 09:13:13,957][root][INFO] - Start epoch 6
[2025-09-26 09:19:49,760][root][INFO] - [06/100] train 77.585%/6.1903 | val 69.250%/6.7453
[2025-09-26 09:19:49,760][root][INFO] - Start epoch 7
[2025-09-26 09:26:26,931][root][INFO] - [07/100] train 78.116%/6.0755 | val 53.792%/16.8960
[2025-09-26 09:26:26,931][root][INFO] - Start epoch 8
[2025-09-26 09:33:02,884][root][INFO] - [08/100] train 78.903%/5.9213 | val 50.000%/54.1196
[2025-09-26 09:33:02,884][root][INFO] - Start epoch 9
[2025-09-26 09:39:38,200][root][INFO] - [09/100] train 79.234%/5.8289 | val 50.431%/25.6688
[2025-09-26 09:39:38,200][root][INFO] - Start epoch 10
[2025-09-26 09:46:14,887][root][INFO] - [10/100] train 79.615%/5.7750 | val 50.000%/52.9578
[2025-09-26 09:46:14,887][root][INFO] - Start epoch 11
[2025-09-26 09:52:50,502][root][INFO] - [11/100] train 80.231%/5.6620 | val 54.181%/12.6584
[2025-09-26 09:52:50,503][root][INFO] - Start epoch 12
[2025-09-26 09:59:25,885][root][INFO] - [12/100] train 80.738%/5.5713 | val 50.125%/39.7435
[2025-09-26 09:59:25,885][root][INFO] - Start epoch 13
[2025-09-26 10:06:02,286][root][INFO] - [13/100] train 81.062%/5.4913 | val 51.736%/26.7455
[2025-09-26 10:06:02,286][root][INFO] - Start epoch 14
[2025-09-26 10:12:38,074][root][INFO] - [14/100] train 81.491%/5.4167 | val 50.625%/38.0881
[2025-09-26 10:12:38,074][root][INFO] - Start epoch 15
[2025-09-26 10:19:14,005][root][INFO] - [15/100] train 81.957%/5.3270 | val 68.083%/8.5309
[2025-09-26 10:19:14,006][root][INFO] - Start epoch 16
[2025-09-26 10:25:49,684][root][INFO] - [16/100] train 82.172%/5.2803 | val 50.111%/48.2277
[2025-09-26 10:25:49,684][root][INFO] - Start epoch 17
[2025-09-26 10:32:27,871][root][INFO] - [17/100] train 82.434%/5.2395 | val 53.194%/17.5720
[2025-09-26 10:32:27,871][root][INFO] - Start epoch 18
[2025-09-26 10:39:11,018][root][INFO] - [18/100] train 82.450%/5.1929 | val 50.000%/109.8368
[2025-09-26 10:39:11,018][root][INFO] - Start epoch 19
[2025-09-26 10:45:50,660][root][INFO] - [19/100] train 82.878%/5.1252 | val 51.389%/24.0898
[2025-09-26 10:45:50,661][root][INFO] - Start epoch 20
[2025-09-26 10:52:33,248][root][INFO] - [20/100] train 83.321%/5.0313 | val 50.056%/48.4452
[2025-09-26 10:52:33,248][root][INFO] - Start epoch 21
[2025-09-26 10:59:13,150][root][INFO] - [21/100] train 83.432%/5.0122 | val 50.389%/32.9827
[2025-09-26 10:59:13,150][root][INFO] - Start epoch 22
[2025-09-26 11:05:54,549][root][INFO] - [22/100] train 83.634%/4.9536 | val 54.694%/21.5073
[2025-09-26 11:05:54,549][root][INFO] - Start epoch 23
[2025-09-26 11:12:33,989][root][INFO] - [23/100] train 83.691%/4.9090 | val 50.292%/44.1234
[2025-09-26 11:12:33,989][root][INFO] - Start epoch 24
[2025-09-26 11:19:15,617][root][INFO] - [24/100] train 83.988%/4.8624 | val 51.694%/25.1968
[2025-09-26 11:19:15,618][root][INFO] - Start epoch 25
[2025-09-26 11:25:56,799][root][INFO] - [25/100] train 84.125%/4.8659 | val 83.139%/4.7155
[2025-09-26 11:25:56,802][root][INFO] - Start epoch 26
[2025-09-26 11:32:38,101][root][INFO] - [26/100] train 84.304%/4.7888 | val 62.889%/9.0409
[2025-09-26 11:32:38,101][root][INFO] - Start epoch 27
[2025-09-26 11:39:18,503][root][INFO] - [27/100] train 84.323%/4.7877 | val 50.181%/50.1528
[2025-09-26 11:39:18,504][root][INFO] - Start epoch 28
[2025-09-26 11:45:58,871][root][INFO] - [28/100] train 84.495%/4.7517 | val 50.000%/69.4690
[2025-09-26 11:45:58,871][root][INFO] - Start epoch 29
[2025-09-26 11:52:41,512][root][INFO] - [29/100] train 84.802%/4.6789 | val 50.000%/148.0147
[2025-09-26 11:52:41,512][root][INFO] - Start epoch 30
[2025-09-26 11:59:23,077][root][INFO] - [30/100] train 84.856%/4.6390 | val 50.000%/108.2560
[2025-09-26 11:59:23,077][root][INFO] - Start epoch 31
[2025-09-26 12:06:04,491][root][INFO] - [31/100] train 85.123%/4.6028 | val 50.000%/118.5108
[2025-09-26 12:06:04,491][root][INFO] - Start epoch 32
[2025-09-26 12:12:43,604][root][INFO] - [32/100] train 84.993%/4.6352 | val 50.111%/49.8402
[2025-09-26 12:12:43,604][root][INFO] - Start epoch 33
[2025-09-26 12:19:25,716][root][INFO] - [33/100] train 85.498%/4.5347 | val 50.000%/120.5349
[2025-09-26 12:19:25,716][root][INFO] - Start epoch 34
[2025-09-26 12:26:05,722][root][INFO] - [34/100] train 85.556%/4.4981 | val 86.125%/4.2449
[2025-09-26 12:26:05,725][root][INFO] - Start epoch 35
[2025-09-26 12:32:47,198][root][INFO] - [35/100] train 85.267%/4.5252 | val 52.069%/30.0485
[2025-09-26 12:32:47,198][root][INFO] - Start epoch 36
[2025-09-26 12:39:27,308][root][INFO] - [36/100] train 85.627%/4.4771 | val 50.278%/55.3637
[2025-09-26 12:39:27,308][root][INFO] - Start epoch 37
[2025-09-26 12:46:05,910][root][INFO] - [37/100] train 85.724%/4.4405 | val 84.639%/4.5215
[2025-09-26 12:46:05,910][root][INFO] - Start epoch 38
[2025-09-26 12:52:48,146][root][INFO] - [38/100] train 85.661%/4.4497 | val 51.556%/39.2790
[2025-09-26 12:52:48,146][root][INFO] - Start epoch 39
[2025-09-26 12:59:31,339][root][INFO] - [39/100] train 85.559%/4.4526 | val 76.319%/6.1031
[2025-09-26 12:59:31,339][root][INFO] - Start epoch 40
[2025-09-26 13:06:14,474][root][INFO] - [40/100] train 85.819%/4.4242 | val 50.000%/104.6817
[2025-09-26 13:06:14,475][root][INFO] - Start epoch 41
[2025-09-26 13:12:56,366][root][INFO] - [41/100] train 85.868%/4.4068 | val 54.042%/23.3204
[2025-09-26 13:12:56,367][root][INFO] - Start epoch 42
[2025-09-26 13:19:39,523][root][INFO] - [42/100] train 86.007%/4.3326 | val 54.500%/24.4435
[2025-09-26 13:19:39,523][root][INFO] - Start epoch 43
[2025-09-26 13:26:22,668][root][INFO] - [43/100] train 86.031%/4.3649 | val 50.000%/67.9979
[2025-09-26 13:26:22,669][root][INFO] - Start epoch 44
[2025-09-26 13:33:03,876][root][INFO] - [44/100] train 86.226%/4.2992 | val 61.389%/11.4265
[2025-09-26 13:33:03,876][root][INFO] - Start epoch 45
[2025-09-26 13:39:46,553][root][INFO] - [45/100] train 86.300%/4.2860 | val 50.056%/54.0809
[2025-09-26 13:39:46,554][root][INFO] - Start epoch 46
[2025-09-26 13:46:28,309][root][INFO] - [46/100] train 86.436%/4.2752 | val 51.347%/27.4991
[2025-09-26 13:46:28,309][root][INFO] - Start epoch 47
[2025-09-26 13:53:12,077][root][INFO] - [47/100] train 86.486%/4.2657 | val 81.625%/4.8402
[2025-09-26 13:53:12,077][root][INFO] - Start epoch 48
[2025-09-26 13:59:53,299][root][INFO] - [48/100] train 86.417%/4.2691 | val 50.097%/50.6322
[2025-09-26 13:59:53,300][root][INFO] - Start epoch 49
[2025-09-26 14:06:35,659][root][INFO] - [49/100] train 86.583%/4.2178 | val 53.917%/22.4050
[2025-09-26 14:06:35,659][root][INFO] - Start epoch 50
[2025-09-26 14:13:17,533][root][INFO] - [50/100] train 86.439%/4.2455 | val 76.986%/5.6848
[2025-09-26 14:13:17,534][root][INFO] - Start epoch 51
[2025-09-26 14:20:01,649][root][INFO] - [51/100] train 86.710%/4.2051 | val 70.014%/7.1148
[2025-09-26 14:20:01,649][root][INFO] - Start epoch 52
[2025-09-26 14:26:43,227][root][INFO] - [52/100] train 86.720%/4.1600 | val 78.764%/5.7930
[2025-09-26 14:26:43,228][root][INFO] - Start epoch 53
[2025-09-26 14:33:26,999][root][INFO] - [53/100] train 86.665%/4.1741 | val 50.000%/92.3564
[2025-09-26 14:33:26,999][root][INFO] - Start epoch 54
[2025-09-26 14:40:08,637][root][INFO] - [54/100] train 86.715%/4.1632 | val 51.347%/30.8898
[2025-09-26 14:40:08,637][root][INFO] - Start epoch 55
[2025-09-26 14:46:51,717][root][INFO] - [55/100] train 87.134%/4.0795 | val 74.500%/7.4710
[2025-09-26 14:46:51,717][root][INFO] - Start epoch 56
[2025-09-26 14:53:32,569][root][INFO] - [56/100] train 86.898%/4.1280 | val 50.000%/279.0448
[2025-09-26 14:53:32,569][root][INFO] - Start epoch 57
[2025-09-26 15:00:13,739][root][INFO] - [57/100] train 86.929%/4.1350 | val 85.500%/4.1892
[2025-09-26 15:00:13,739][root][INFO] - Start epoch 58
[2025-09-26 15:06:57,181][root][INFO] - [58/100] train 87.040%/4.0806 | val 62.222%/11.7855
[2025-09-26 15:06:57,181][root][INFO] - Start epoch 59
[2025-09-26 15:13:38,706][root][INFO] - [59/100] train 87.382%/4.0403 | val 50.056%/66.5853
[2025-09-26 15:13:38,706][root][INFO] - Start epoch 60
[2025-09-26 15:20:21,709][root][INFO] - [60/100] train 87.106%/4.0877 | val 71.097%/8.2661
[2025-09-26 15:20:21,709][root][INFO] - Start epoch 61
[2025-09-26 15:27:05,273][root][INFO] - [61/100] train 87.304%/4.0478 | val 78.194%/5.5620
[2025-09-26 15:27:05,273][root][INFO] - Start epoch 62
[2025-09-26 15:33:48,169][root][INFO] - [62/100] train 87.267%/4.0219 | val 50.569%/41.9962
[2025-09-26 15:33:48,169][root][INFO] - Start epoch 63
[2025-09-26 15:40:31,352][root][INFO] - [63/100] train 87.141%/4.0485 | val 50.000%/211.4851
[2025-09-26 15:40:31,353][root][INFO] - Start epoch 64
[2025-09-26 15:47:14,420][root][INFO] - [64/100] train 87.726%/3.9638 | val 50.000%/179.2354
[2025-09-26 15:47:14,420][root][INFO] - Start epoch 65
[2025-09-26 15:53:56,632][root][INFO] - [65/100] train 87.446%/3.9869 | val 50.000%/179.6653
[2025-09-26 15:53:56,633][root][INFO] - Start epoch 66
[2025-09-26 16:00:40,299][root][INFO] - [66/100] train 87.399%/4.0077 | val 50.000%/230.7907
[2025-09-26 16:00:40,299][root][INFO] - Start epoch 67
[2025-09-26 16:07:22,920][root][INFO] - [67/100] train 87.564%/3.9798 | val 51.556%/30.1414
[2025-09-26 16:07:22,920][root][INFO] - Start epoch 68
[2025-09-26 16:14:05,221][root][INFO] - [68/100] train 87.694%/3.9465 | val 80.264%/5.1341
[2025-09-26 16:14:05,221][root][INFO] - Start epoch 69
[2025-09-26 16:20:45,822][root][INFO] - [69/100] train 87.729%/3.9590 | val 50.000%/170.8339
[2025-09-26 16:20:45,822][root][INFO] - Start epoch 70
[2025-09-26 16:27:29,104][root][INFO] - [70/100] train 87.868%/3.9084 | val 88.847%/3.4679
[2025-09-26 16:27:29,107][root][INFO] - Start epoch 71
[2025-09-26 16:34:10,702][root][INFO] - [71/100] train 87.431%/3.9864 | val 50.000%/196.3388
[2025-09-26 16:34:10,703][root][INFO] - Start epoch 72
[2025-09-26 16:40:54,129][root][INFO] - [72/100] train 87.812%/3.9340 | val 85.222%/4.3018
[2025-09-26 16:40:54,129][root][INFO] - Start epoch 73
[2025-09-26 16:47:35,264][root][INFO] - [73/100] train 87.859%/3.8886 | val 50.000%/192.0086
[2025-09-26 16:47:35,264][root][INFO] - Start epoch 74
[2025-09-26 16:54:18,312][root][INFO] - [74/100] train 87.889%/3.8995 | val 50.000%/152.5840
[2025-09-26 16:54:18,312][root][INFO] - Start epoch 75
[2025-09-26 17:00:59,381][root][INFO] - [75/100] train 88.056%/3.8804 | val 50.014%/69.2045
[2025-09-26 17:00:59,381][root][INFO] - Start epoch 76
[2025-09-26 17:07:41,777][root][INFO] - [76/100] train 87.568%/3.9510 | val 51.556%/30.8855
[2025-09-26 17:07:41,777][root][INFO] - Start epoch 77
[2025-09-26 17:14:22,764][root][INFO] - [77/100] train 88.021%/3.8747 | val 50.000%/111.1146
[2025-09-26 17:14:22,764][root][INFO] - Start epoch 78
[2025-09-26 17:21:06,010][root][INFO] - [78/100] train 88.128%/3.8303 | val 52.458%/47.5437
[2025-09-26 17:21:06,010][root][INFO] - Start epoch 79
[2025-09-26 17:27:47,866][root][INFO] - [79/100] train 87.927%/3.8597 | val 50.000%/83.0218
[2025-09-26 17:27:47,866][root][INFO] - Start epoch 80
[2025-09-26 17:34:31,928][root][INFO] - [80/100] train 87.882%/3.8908 | val 62.292%/12.2409
[2025-09-26 17:34:31,928][root][INFO] - Start epoch 81
[2025-09-26 17:41:12,871][root][INFO] - [81/100] train 87.991%/3.8623 | val 62.000%/12.9650
[2025-09-26 17:41:12,872][root][INFO] - Start epoch 82
[2025-09-26 17:47:56,715][root][INFO] - [82/100] train 88.095%/3.8567 | val 89.375%/3.3619
[2025-09-26 17:47:56,718][root][INFO] - Start epoch 83
[2025-09-26 17:54:38,562][root][INFO] - [83/100] train 88.233%/3.8071 | val 57.819%/16.1887
[2025-09-26 17:54:38,562][root][INFO] - Start epoch 84
[2025-09-26 18:01:20,389][root][INFO] - [84/100] train 88.233%/3.8039 | val 82.903%/4.4912
[2025-09-26 18:01:20,389][root][INFO] - Start epoch 85
[2025-09-26 18:08:02,632][root][INFO] - [85/100] train 88.165%/3.7889 | val 82.208%/4.5968
[2025-09-26 18:08:02,632][root][INFO] - Start epoch 86
[2025-09-26 18:14:47,163][root][INFO] - [86/100] train 88.224%/3.8039 | val 51.361%/34.0254
[2025-09-26 18:14:47,163][root][INFO] - Start epoch 87
[2025-09-26 18:21:30,481][root][INFO] - [87/100] train 88.356%/3.7955 | val 50.000%/133.7274
[2025-09-26 18:21:30,481][root][INFO] - Start epoch 88
[2025-09-26 18:28:15,270][root][INFO] - [88/100] train 88.326%/3.7610 | val 50.014%/66.6061
[2025-09-26 18:28:15,270][root][INFO] - Start epoch 89
[2025-09-26 18:34:58,848][root][INFO] - [89/100] train 88.373%/3.7588 | val 81.639%/4.7843
[2025-09-26 18:34:58,848][root][INFO] - Start epoch 90
[2025-09-26 18:41:43,188][root][INFO] - [90/100] train 88.434%/3.7485 | val 73.458%/7.2338
[2025-09-26 18:41:43,189][root][INFO] - Start epoch 91
[2025-09-26 18:48:26,964][root][INFO] - [91/100] train 88.524%/3.7505 | val 82.611%/4.4250
[2025-09-26 18:48:26,964][root][INFO] - Start epoch 92
[2025-09-26 18:55:10,788][root][INFO] - [92/100] train 88.385%/3.7233 | val 50.000%/171.6161
[2025-09-26 18:55:10,789][root][INFO] - Start epoch 93
[2025-09-26 19:01:54,496][root][INFO] - [93/100] train 88.470%/3.7289 | val 55.806%/20.4661
[2025-09-26 19:01:54,496][root][INFO] - Start epoch 94
[2025-09-26 19:08:37,857][root][INFO] - [94/100] train 88.510%/3.7402 | val 50.000%/137.1760
[2025-09-26 19:08:37,858][root][INFO] - Start epoch 95
[2025-09-26 19:15:20,937][root][INFO] - [95/100] train 88.451%/3.7362 | val 50.000%/96.9562
[2025-09-26 19:15:20,937][root][INFO] - Start epoch 96
[2025-09-26 19:22:04,507][root][INFO] - [96/100] train 88.420%/3.7339 | val 50.042%/61.0227
[2025-09-26 19:22:04,507][root][INFO] - Start epoch 97
[2025-09-26 19:28:47,756][root][INFO] - [97/100] train 88.538%/3.7438 | val 50.000%/157.8075
[2025-09-26 19:28:47,757][root][INFO] - Start epoch 98
[2025-09-26 19:35:31,210][root][INFO] - [98/100] train 88.700%/3.6866 | val 50.000%/266.9068
[2025-09-26 19:35:31,210][root][INFO] - Start epoch 99
[2025-09-26 19:42:15,646][root][INFO] - [99/100] train 88.832%/3.6771 | val 50.000%/123.6136
[2025-09-26 19:42:15,646][root][INFO] - Start epoch 100
[2025-09-26 19:48:59,333][root][INFO] - [100/100] train 88.554%/3.7059 | val 50.000%/166.9071
[2025-09-26 19:49:05,306][root][INFO] - 
[Test Evaluation]
[2025-09-26 19:49:05,307][root][INFO] -  Accuracy : 0.870
[2025-09-26 19:49:05,307][root][INFO] -  Precision: 0.827
[2025-09-26 19:49:05,307][root][INFO] -  Recall   : 0.935
[2025-09-26 19:49:05,307][root][INFO] -  F1       : 0.878
[2025-09-26 19:49:05,307][root][INFO] -  Auc      : 0.959
