[2025-08-17 08:34:44,066][root][INFO] - ORIGINAL CWD : /home/sota/research/sotaohnuma/coffee
[2025-08-17 08:34:44,066][root][INFO] - RUN CWD      : /home/sota/research/sotaohnuma/coffee/outputs/bean_224/deit_bd/base/2025-08-17_08-34-43
[2025-08-17 08:34:44,066][root][INFO] - batch: 90, 
 {'batch_size': 90, '_target_': 'models.deit_bd.deit_bd', 'lr': 1e-05, 'weight_decay': 0.0053}
[2025-08-17 08:34:44,066][root][INFO] - lr: 1e-05, 
 {'_target_': 'models.deit_bd.deit_bd', 'lr': 1e-05, 'weight_decay': 0.0053}
[2025-08-17 08:34:44,067][root][INFO] - weight_decay: 0.0053, 
 {'_target_': 'models.deit_bd.deit_bd', 'weight_decay': 0.0053}
[2025-08-17 08:35:02,036][root][INFO] - Start loading train data
[2025-08-17 08:35:02,143][root][INFO] - Start loading val data
[2025-08-17 08:35:02,155][root][INFO] - Start loading test data
[2025-08-17 08:35:02,169][root][INFO] - Finished DataLoader setup
[2025-08-17 08:35:02,170][root][INFO] - Start: 0
[2025-08-17 08:59:48,386][root][INFO] - [01/100] train 96.922%/0.0820 | val 96.722%/0.1078
[2025-08-17 08:59:49,326][root][INFO] - Start: 1
[2025-08-17 09:24:38,149][root][INFO] - [02/100] train 99.773%/0.0071 | val 96.819%/0.1435
[2025-08-17 09:24:42,059][root][INFO] - Start: 2
[2025-08-17 09:49:29,976][root][INFO] - [03/100] train 99.910%/0.0034 | val 97.208%/0.1429
[2025-08-17 09:49:33,985][root][INFO] - Start: 3
[2025-08-17 10:14:22,783][root][INFO] - [04/100] train 99.889%/0.0035 | val 96.917%/0.1350
[2025-08-17 10:14:22,784][root][INFO] - Start: 4
[2025-08-17 10:39:11,087][root][INFO] - [05/100] train 99.988%/0.0005 | val 96.708%/0.1816
[2025-08-17 10:39:11,088][root][INFO] - Start: 5
[2025-08-17 11:03:59,412][root][INFO] - [06/100] train 100.000%/0.0000 | val 96.819%/0.1827
[2025-08-17 11:03:59,412][root][INFO] - Start: 6
[2025-08-17 11:28:44,796][root][INFO] - [07/100] train 100.000%/0.0000 | val 96.833%/0.1941
[2025-08-17 11:28:44,797][root][INFO] - Start: 7
[2025-08-17 11:53:26,260][root][INFO] - [08/100] train 100.000%/0.0000 | val 96.847%/0.1970
[2025-08-17 11:53:26,260][root][INFO] - Start: 8
[2025-08-17 12:18:06,044][root][INFO] - [09/100] train 100.000%/0.0000 | val 96.903%/0.2052
[2025-08-17 12:18:06,045][root][INFO] - Start: 9
[2025-08-17 12:42:46,018][root][INFO] - [10/100] train 100.000%/0.0000 | val 96.861%/0.2160
[2025-08-17 12:42:46,019][root][INFO] - Start: 10
[2025-08-17 13:07:25,560][root][INFO] - [11/100] train 100.000%/0.0000 | val 96.861%/0.2209
[2025-08-17 13:07:25,560][root][INFO] - Start: 11
[2025-08-17 13:32:05,565][root][INFO] - [12/100] train 100.000%/0.0000 | val 96.847%/0.2306
[2025-08-17 13:32:05,565][root][INFO] - Start: 12
[2025-08-17 13:56:46,489][root][INFO] - [13/100] train 100.000%/0.0000 | val 96.847%/0.2356
[2025-08-17 13:56:46,489][root][INFO] - Start: 13
[2025-08-17 14:21:26,239][root][INFO] - [14/100] train 100.000%/0.0000 | val 96.847%/0.2446
[2025-08-17 14:21:26,240][root][INFO] - Start: 14
[2025-08-17 14:46:06,879][root][INFO] - [15/100] train 100.000%/0.0000 | val 96.861%/0.2525
[2025-08-17 14:46:06,879][root][INFO] - Start: 15
[2025-08-17 15:10:46,989][root][INFO] - [16/100] train 100.000%/0.0000 | val 96.819%/0.2629
[2025-08-17 15:10:46,990][root][INFO] - Start: 16
[2025-08-17 15:35:27,157][root][INFO] - [17/100] train 100.000%/0.0000 | val 96.847%/0.2649
[2025-08-17 15:35:27,157][root][INFO] - Start: 17
[2025-08-17 16:00:07,623][root][INFO] - [18/100] train 100.000%/0.0000 | val 96.847%/0.2751
[2025-08-17 16:00:07,623][root][INFO] - Start: 18
[2025-08-17 16:24:47,972][root][INFO] - [19/100] train 100.000%/0.0000 | val 96.847%/0.2833
[2025-08-17 16:24:47,972][root][INFO] - Start: 19
[2025-08-17 16:49:27,468][root][INFO] - [20/100] train 100.000%/0.0000 | val 96.847%/0.2868
[2025-08-17 16:49:27,468][root][INFO] - Start: 20
[2025-08-17 17:14:08,243][root][INFO] - [21/100] train 100.000%/0.0000 | val 96.861%/0.2982
[2025-08-17 17:14:08,243][root][INFO] - Start: 21
[2025-08-17 17:38:48,417][root][INFO] - [22/100] train 100.000%/0.0000 | val 96.875%/0.3026
[2025-08-17 17:38:48,418][root][INFO] - Start: 22
[2025-08-17 18:03:28,519][root][INFO] - [23/100] train 100.000%/0.0000 | val 96.875%/0.3121
[2025-08-17 18:03:28,519][root][INFO] - Start: 23
[2025-08-17 18:28:07,895][root][INFO] - [24/100] train 100.000%/0.0000 | val 96.875%/0.3211
[2025-08-17 18:28:07,895][root][INFO] - Start: 24
[2025-08-17 18:52:48,688][root][INFO] - [25/100] train 100.000%/0.0000 | val 96.889%/0.3226
[2025-08-17 18:52:48,688][root][INFO] - Start: 25
[2025-08-17 19:17:29,143][root][INFO] - [26/100] train 100.000%/0.0000 | val 96.861%/0.3397
[2025-08-17 19:17:29,143][root][INFO] - Start: 26
[2025-08-17 19:42:09,192][root][INFO] - [27/100] train 100.000%/0.0000 | val 96.875%/0.3443
[2025-08-17 19:42:09,192][root][INFO] - Start: 27
[2025-08-17 20:06:48,585][root][INFO] - [28/100] train 100.000%/0.0000 | val 96.861%/0.3523
[2025-08-17 20:06:48,585][root][INFO] - Start: 28
[2025-08-17 20:31:26,569][root][INFO] - [29/100] train 100.000%/0.0000 | val 96.875%/0.3561
[2025-08-17 20:31:26,570][root][INFO] - Start: 29
[2025-08-17 20:56:06,103][root][INFO] - [30/100] train 100.000%/0.0000 | val 96.847%/0.3642
[2025-08-17 20:56:06,103][root][INFO] - Start: 30
[2025-08-17 21:20:45,009][root][INFO] - [31/100] train 100.000%/0.0000 | val 96.847%/0.3705
[2025-08-17 21:20:45,009][root][INFO] - Start: 31
[2025-08-17 21:45:25,787][root][INFO] - [32/100] train 100.000%/0.0000 | val 96.847%/0.3752
[2025-08-17 21:45:25,787][root][INFO] - Start: 32
[2025-08-17 22:10:06,072][root][INFO] - [33/100] train 100.000%/0.0000 | val 96.861%/0.3822
[2025-08-17 22:10:06,072][root][INFO] - Start: 33
[2025-08-17 22:34:45,876][root][INFO] - [34/100] train 100.000%/0.0000 | val 96.875%/0.3845
[2025-08-17 22:34:45,876][root][INFO] - Start: 34
[2025-08-17 22:59:25,372][root][INFO] - [35/100] train 100.000%/0.0000 | val 96.861%/0.3926
[2025-08-17 22:59:25,372][root][INFO] - Start: 35
[2025-08-17 23:24:05,389][root][INFO] - [36/100] train 100.000%/0.0000 | val 96.875%/0.3951
[2025-08-17 23:24:05,390][root][INFO] - Start: 36
[2025-08-17 23:48:45,862][root][INFO] - [37/100] train 100.000%/0.0000 | val 96.889%/0.3976
[2025-08-17 23:48:45,862][root][INFO] - Start: 37
[2025-08-18 00:13:27,683][root][INFO] - [38/100] train 100.000%/0.0000 | val 96.889%/0.4023
[2025-08-18 00:13:27,684][root][INFO] - Start: 38
[2025-08-18 00:38:10,450][root][INFO] - [39/100] train 100.000%/0.0000 | val 96.875%/0.4057
[2025-08-18 00:38:10,450][root][INFO] - Start: 39
[2025-08-18 01:02:51,239][root][INFO] - [40/100] train 100.000%/0.0000 | val 96.847%/0.4095
[2025-08-18 01:02:51,239][root][INFO] - Start: 40
[2025-08-18 01:27:33,559][root][INFO] - [41/100] train 100.000%/0.0000 | val 96.889%/0.4101
[2025-08-18 01:27:33,559][root][INFO] - Start: 41
[2025-08-18 01:52:14,913][root][INFO] - [42/100] train 100.000%/0.0000 | val 96.847%/0.4197
[2025-08-18 01:52:14,913][root][INFO] - Start: 42
[2025-08-18 02:16:55,472][root][INFO] - [43/100] train 100.000%/0.0000 | val 96.847%/0.4211
[2025-08-18 02:16:55,472][root][INFO] - Start: 43
[2025-08-18 02:41:35,602][root][INFO] - [44/100] train 100.000%/0.0000 | val 96.847%/0.4231
[2025-08-18 02:41:35,602][root][INFO] - Start: 44
[2025-08-18 03:06:17,570][root][INFO] - [45/100] train 100.000%/0.0000 | val 96.847%/0.4273
[2025-08-18 03:06:17,570][root][INFO] - Start: 45
[2025-08-18 03:30:58,030][root][INFO] - [46/100] train 100.000%/0.0000 | val 96.889%/0.4272
[2025-08-18 03:30:58,030][root][INFO] - Start: 46
[2025-08-18 03:55:38,258][root][INFO] - [47/100] train 100.000%/0.0000 | val 96.889%/0.4301
[2025-08-18 03:55:38,258][root][INFO] - Start: 47
[2025-08-18 04:20:19,059][root][INFO] - [48/100] train 100.000%/0.0000 | val 96.847%/0.4360
[2025-08-18 04:20:19,059][root][INFO] - Start: 48
[2025-08-18 04:45:00,124][root][INFO] - [49/100] train 100.000%/0.0000 | val 96.889%/0.4361
[2025-08-18 04:45:00,125][root][INFO] - Start: 49
[2025-08-18 05:09:40,492][root][INFO] - [50/100] train 100.000%/0.0000 | val 96.861%/0.4412
[2025-08-18 05:09:40,493][root][INFO] - Start: 50
[2025-08-18 05:34:20,704][root][INFO] - [51/100] train 100.000%/0.0000 | val 96.861%/0.4424
[2025-08-18 05:34:20,704][root][INFO] - Start: 51
[2025-08-18 05:59:02,123][root][INFO] - [52/100] train 100.000%/0.0000 | val 96.861%/0.4452
[2025-08-18 05:59:02,123][root][INFO] - Start: 52
[2025-08-18 06:23:42,817][root][INFO] - [53/100] train 100.000%/0.0000 | val 96.861%/0.4462
[2025-08-18 06:23:42,817][root][INFO] - Start: 53
[2025-08-18 06:48:22,839][root][INFO] - [54/100] train 100.000%/0.0000 | val 96.861%/0.4500
[2025-08-18 06:48:22,839][root][INFO] - Start: 54
[2025-08-18 07:13:03,524][root][INFO] - [55/100] train 100.000%/0.0000 | val 96.847%/0.4520
[2025-08-18 07:13:03,525][root][INFO] - Start: 55
[2025-08-18 07:37:45,441][root][INFO] - [56/100] train 100.000%/0.0000 | val 96.861%/0.4512
[2025-08-18 07:37:45,442][root][INFO] - Start: 56
[2025-08-18 08:02:26,758][root][INFO] - [57/100] train 100.000%/0.0000 | val 96.847%/0.4545
[2025-08-18 08:02:26,759][root][INFO] - Start: 57
[2025-08-18 08:27:06,654][root][INFO] - [58/100] train 100.000%/0.0000 | val 96.861%/0.4540
[2025-08-18 08:27:06,654][root][INFO] - Start: 58
[2025-08-18 08:51:47,272][root][INFO] - [59/100] train 100.000%/0.0000 | val 96.861%/0.4562
[2025-08-18 08:51:47,273][root][INFO] - Start: 59
[2025-08-18 09:16:28,742][root][INFO] - [60/100] train 100.000%/0.0000 | val 96.861%/0.4568
[2025-08-18 09:16:28,743][root][INFO] - Start: 60
[2025-08-18 09:41:10,235][root][INFO] - [61/100] train 100.000%/0.0000 | val 96.847%/0.4587
[2025-08-18 09:41:10,235][root][INFO] - Start: 61
[2025-08-18 10:05:50,735][root][INFO] - [62/100] train 100.000%/0.0000 | val 96.847%/0.4605
[2025-08-18 10:05:50,735][root][INFO] - Start: 62
[2025-08-18 10:30:31,367][root][INFO] - [63/100] train 100.000%/0.0000 | val 96.847%/0.4607
[2025-08-18 10:30:31,367][root][INFO] - Start: 63
[2025-08-18 10:55:13,138][root][INFO] - [64/100] train 100.000%/0.0000 | val 96.847%/0.4621
[2025-08-18 10:55:13,138][root][INFO] - Start: 64
[2025-08-18 11:19:55,593][root][INFO] - [65/100] train 100.000%/0.0000 | val 96.847%/0.4622
[2025-08-18 11:19:55,593][root][INFO] - Start: 65
[2025-08-18 11:44:36,217][root][INFO] - [66/100] train 100.000%/0.0000 | val 96.847%/0.4632
[2025-08-18 11:44:36,217][root][INFO] - Start: 66
[2025-08-18 12:09:14,775][root][INFO] - [67/100] train 100.000%/0.0000 | val 96.861%/0.4631
[2025-08-18 12:09:14,776][root][INFO] - Start: 67
[2025-08-18 12:33:55,843][root][INFO] - [68/100] train 100.000%/0.0000 | val 96.847%/0.4646
[2025-08-18 12:33:55,843][root][INFO] - Start: 68
[2025-08-18 12:58:34,877][root][INFO] - [69/100] train 100.000%/0.0000 | val 96.847%/0.4648
[2025-08-18 12:58:34,877][root][INFO] - Start: 69
[2025-08-18 13:23:15,549][root][INFO] - [70/100] train 100.000%/0.0000 | val 96.847%/0.4662
[2025-08-18 13:23:15,550][root][INFO] - Start: 70
[2025-08-18 13:47:57,030][root][INFO] - [71/100] train 100.000%/0.0000 | val 96.861%/0.4663
[2025-08-18 13:47:57,031][root][INFO] - Start: 71
[2025-08-18 14:12:37,526][root][INFO] - [72/100] train 100.000%/0.0000 | val 96.847%/0.4672
[2025-08-18 14:12:37,527][root][INFO] - Start: 72
[2025-08-18 14:37:17,378][root][INFO] - [73/100] train 100.000%/0.0000 | val 96.861%/0.4669
[2025-08-18 14:37:17,378][root][INFO] - Start: 73
[2025-08-18 15:01:58,903][root][INFO] - [74/100] train 100.000%/0.0000 | val 96.861%/0.4684
[2025-08-18 15:01:58,903][root][INFO] - Start: 74
[2025-08-18 15:26:40,822][root][INFO] - [75/100] train 100.000%/0.0000 | val 96.861%/0.4684
[2025-08-18 15:26:40,822][root][INFO] - Start: 75
[2025-08-18 15:51:21,197][root][INFO] - [76/100] train 100.000%/0.0000 | val 96.861%/0.4685
[2025-08-18 15:51:21,198][root][INFO] - Start: 76
[2025-08-18 16:16:03,020][root][INFO] - [77/100] train 100.000%/0.0000 | val 96.861%/0.4694
[2025-08-18 16:16:03,020][root][INFO] - Start: 77
[2025-08-18 16:40:43,233][root][INFO] - [78/100] train 100.000%/0.0000 | val 96.861%/0.4698
[2025-08-18 16:40:43,233][root][INFO] - Start: 78
[2025-08-18 17:05:24,069][root][INFO] - [79/100] train 100.000%/0.0000 | val 96.875%/0.4698
[2025-08-18 17:05:24,070][root][INFO] - Start: 79
[2025-08-18 17:30:05,113][root][INFO] - [80/100] train 100.000%/0.0000 | val 96.875%/0.4704
[2025-08-18 17:30:05,113][root][INFO] - Start: 80
[2025-08-18 17:54:46,916][root][INFO] - [81/100] train 100.000%/0.0000 | val 96.875%/0.4708
[2025-08-18 17:54:46,916][root][INFO] - Start: 81
[2025-08-18 18:19:27,753][root][INFO] - [82/100] train 100.000%/0.0000 | val 96.875%/0.4713
[2025-08-18 18:19:27,754][root][INFO] - Start: 82
[2025-08-18 18:44:08,211][root][INFO] - [83/100] train 100.000%/0.0000 | val 96.861%/0.4721
[2025-08-18 18:44:08,211][root][INFO] - Start: 83
[2025-08-18 19:08:49,570][root][INFO] - [84/100] train 100.000%/0.0000 | val 96.861%/0.4725
[2025-08-18 19:08:49,570][root][INFO] - Start: 84
[2025-08-18 19:33:30,689][root][INFO] - [85/100] train 100.000%/0.0000 | val 96.875%/0.4726
[2025-08-18 19:33:30,690][root][INFO] - Start: 85
[2025-08-18 19:58:11,256][root][INFO] - [86/100] train 100.000%/0.0000 | val 96.875%/0.4731
[2025-08-18 19:58:11,257][root][INFO] - Start: 86
[2025-08-18 20:22:52,706][root][INFO] - [87/100] train 100.000%/0.0000 | val 96.875%/0.4730
[2025-08-18 20:22:52,707][root][INFO] - Start: 87
[2025-08-18 20:47:32,537][root][INFO] - [88/100] train 100.000%/0.0000 | val 96.875%/0.4737
[2025-08-18 20:47:32,538][root][INFO] - Start: 88
[2025-08-18 21:12:13,050][root][INFO] - [89/100] train 100.000%/0.0000 | val 96.875%/0.4738
[2025-08-18 21:12:13,050][root][INFO] - Start: 89
[2025-08-18 21:36:54,262][root][INFO] - [90/100] train 100.000%/0.0000 | val 96.875%/0.4738
[2025-08-18 21:36:54,263][root][INFO] - Start: 90
[2025-08-18 22:01:35,557][root][INFO] - [91/100] train 100.000%/0.0000 | val 96.875%/0.4741
[2025-08-18 22:01:35,558][root][INFO] - Start: 91
[2025-08-18 22:26:16,898][root][INFO] - [92/100] train 100.000%/0.0000 | val 96.875%/0.4743
[2025-08-18 22:26:16,898][root][INFO] - Start: 92
[2025-08-18 22:50:58,067][root][INFO] - [93/100] train 100.000%/0.0000 | val 96.875%/0.4744
[2025-08-18 22:50:58,067][root][INFO] - Start: 93
[2025-08-18 23:15:39,935][root][INFO] - [94/100] train 100.000%/0.0000 | val 96.875%/0.4748
[2025-08-18 23:15:39,935][root][INFO] - Start: 94
[2025-08-18 23:40:19,564][root][INFO] - [95/100] train 100.000%/0.0000 | val 96.875%/0.4752
[2025-08-18 23:40:19,565][root][INFO] - Start: 95
[2025-08-19 00:04:58,864][root][INFO] - [96/100] train 100.000%/0.0000 | val 96.903%/0.4756
[2025-08-19 00:04:58,864][root][INFO] - Start: 96
[2025-08-19 00:29:39,767][root][INFO] - [97/100] train 100.000%/0.0000 | val 96.903%/0.4760
[2025-08-19 00:29:39,767][root][INFO] - Start: 97
[2025-08-19 00:54:20,560][root][INFO] - [98/100] train 100.000%/0.0000 | val 96.903%/0.4760
[2025-08-19 00:54:20,560][root][INFO] - Start: 98
[2025-08-19 01:19:00,604][root][INFO] - [99/100] train 100.000%/0.0000 | val 96.903%/0.4763
[2025-08-19 01:19:00,605][root][INFO] - Start: 99
[2025-08-19 01:43:41,737][root][INFO] - [100/100] train 100.000%/0.0000 | val 96.903%/0.4766
[2025-08-19 01:45:09,138][root][INFO] - 
[Test Evaluation]
[2025-08-19 01:45:09,139][root][INFO] -  Accuracy : 0.977
[2025-08-19 01:45:09,139][root][INFO] -  Precision: 0.974
[2025-08-19 01:45:09,139][root][INFO] -  Recall   : 0.981
[2025-08-19 01:45:09,139][root][INFO] -  F1       : 0.977
[2025-08-19 01:45:09,140][root][INFO] -  Auc      : 0.995
