[2025-09-26 06:12:37,127][root][INFO] - ORIGINAL CWD : /home/sota/research/sotaohnuma/coffee
[2025-09-26 06:12:37,127][root][INFO] - RUN CWD      : /home/sota/research/sotaohnuma/coffee/outputs/kd/cnn_student100/2025-09-26_06-12-37
[2025-09-26 06:12:38,328][root][INFO] - Start epoch 1
[2025-09-26 06:14:47,293][root][INFO] - [01/50] train 66.625%/1.4883 | val 51.458%/1.9887
[2025-09-26 06:14:47,297][root][INFO] - Start epoch 2
[2025-09-26 06:16:56,338][root][INFO] - [02/50] train 74.094%/1.2925 | val 70.056%/1.3242
[2025-09-26 06:16:56,341][root][INFO] - Start epoch 3
[2025-09-26 06:19:05,847][root][INFO] - [03/50] train 76.455%/1.2099 | val 62.458%/1.8086
[2025-09-26 06:19:05,848][root][INFO] - Start epoch 4
[2025-09-26 06:21:15,682][root][INFO] - [04/50] train 79.491%/1.1007 | val 68.972%/1.4296
[2025-09-26 06:21:15,683][root][INFO] - Start epoch 5
[2025-09-26 06:23:25,231][root][INFO] - [05/50] train 80.939%/1.0364 | val 50.000%/41.0912
[2025-09-26 06:23:25,232][root][INFO] - Start epoch 6
[2025-09-26 06:25:34,807][root][INFO] - [06/50] train 82.056%/0.9864 | val 50.000%/22.6228
[2025-09-26 06:25:34,807][root][INFO] - Start epoch 7
[2025-09-26 06:27:44,486][root][INFO] - [07/50] train 83.333%/0.9377 | val 50.639%/7.5256
[2025-09-26 06:27:44,486][root][INFO] - Start epoch 8
[2025-09-26 06:29:54,238][root][INFO] - [08/50] train 84.017%/0.9114 | val 50.000%/39.8199
[2025-09-26 06:29:54,238][root][INFO] - Start epoch 9
[2025-09-26 06:32:04,197][root][INFO] - [09/50] train 84.120%/0.8887 | val 50.000%/35.3407
[2025-09-26 06:32:04,197][root][INFO] - Start epoch 10
[2025-09-26 06:34:14,365][root][INFO] - [10/50] train 85.196%/0.8514 | val 63.639%/2.1215
[2025-09-26 06:34:14,366][root][INFO] - Start epoch 11
[2025-09-26 06:36:24,239][root][INFO] - [11/50] train 85.304%/0.8384 | val 61.292%/2.5658
[2025-09-26 06:36:24,239][root][INFO] - Start epoch 12
[2025-09-26 06:38:34,041][root][INFO] - [12/50] train 86.163%/0.7995 | val 50.000%/29.3724
[2025-09-26 06:38:34,041][root][INFO] - Start epoch 13
[2025-09-26 06:40:43,915][root][INFO] - [13/50] train 86.391%/0.7849 | val 56.542%/4.8310
[2025-09-26 06:40:43,915][root][INFO] - Start epoch 14
[2025-09-26 06:42:53,633][root][INFO] - [14/50] train 86.941%/0.7667 | val 50.000%/46.1748
[2025-09-26 06:42:53,633][root][INFO] - Start epoch 15
[2025-09-26 06:45:03,468][root][INFO] - [15/50] train 87.391%/0.7463 | val 50.042%/12.4151
[2025-09-26 06:45:03,468][root][INFO] - Start epoch 16
[2025-09-26 06:47:13,017][root][INFO] - [16/50] train 87.535%/0.7365 | val 50.069%/17.0735
[2025-09-26 06:47:13,018][root][INFO] - Start epoch 17
[2025-09-26 06:49:22,542][root][INFO] - [17/50] train 87.686%/0.7236 | val 50.000%/33.8882
[2025-09-26 06:49:22,542][root][INFO] - Start epoch 18
[2025-09-26 06:51:32,082][root][INFO] - [18/50] train 87.943%/0.7140 | val 56.986%/4.2780
[2025-09-26 06:51:32,082][root][INFO] - Start epoch 19
[2025-09-26 06:53:41,854][root][INFO] - [19/50] train 88.252%/0.7017 | val 50.444%/12.0853
[2025-09-26 06:53:41,854][root][INFO] - Start epoch 20
[2025-09-26 06:55:51,782][root][INFO] - [20/50] train 88.365%/0.6932 | val 50.056%/14.1208
[2025-09-26 06:55:51,783][root][INFO] - Start epoch 21
[2025-09-26 06:58:01,715][root][INFO] - [21/50] train 88.557%/0.6865 | val 50.000%/45.8449
[2025-09-26 06:58:01,715][root][INFO] - Start epoch 22
[2025-09-26 07:00:11,617][root][INFO] - [22/50] train 88.672%/0.6812 | val 50.000%/14.8814
[2025-09-26 07:00:11,617][root][INFO] - Start epoch 23
[2025-09-26 07:02:21,352][root][INFO] - [23/50] train 88.740%/0.6761 | val 64.181%/2.9033
[2025-09-26 07:02:21,352][root][INFO] - Start epoch 24
[2025-09-26 07:04:31,066][root][INFO] - [24/50] train 89.016%/0.6626 | val 50.750%/10.1699
[2025-09-26 07:04:31,067][root][INFO] - Start epoch 25
[2025-09-26 07:06:40,580][root][INFO] - [25/50] train 89.141%/0.6535 | val 50.944%/8.1015
[2025-09-26 07:06:40,580][root][INFO] - Start epoch 26
[2025-09-26 07:08:50,023][root][INFO] - [26/50] train 89.094%/0.6574 | val 56.486%/5.2118
[2025-09-26 07:08:50,023][root][INFO] - Start epoch 27
[2025-09-26 07:10:59,657][root][INFO] - [27/50] train 89.227%/0.6415 | val 70.333%/1.6991
[2025-09-26 07:10:59,661][root][INFO] - Start epoch 28
[2025-09-26 07:13:09,294][root][INFO] - [28/50] train 89.434%/0.6413 | val 75.278%/1.5354
[2025-09-26 07:13:09,297][root][INFO] - Start epoch 29
[2025-09-26 07:15:19,159][root][INFO] - [29/50] train 89.583%/0.6305 | val 50.000%/36.3769
[2025-09-26 07:15:19,159][root][INFO] - Start epoch 30
[2025-09-26 07:17:28,658][root][INFO] - [30/50] train 89.590%/0.6303 | val 50.000%/135.4377
[2025-09-26 07:17:28,658][root][INFO] - Start epoch 31
[2025-09-26 07:19:38,473][root][INFO] - [31/50] train 89.535%/0.6290 | val 74.403%/1.3534
[2025-09-26 07:19:38,474][root][INFO] - Start epoch 32
[2025-09-26 07:21:48,583][root][INFO] - [32/50] train 89.691%/0.6227 | val 50.000%/41.2472
[2025-09-26 07:21:48,583][root][INFO] - Start epoch 33
[2025-09-26 07:23:58,768][root][INFO] - [33/50] train 89.786%/0.6152 | val 50.458%/11.7436
[2025-09-26 07:23:58,768][root][INFO] - Start epoch 34
[2025-09-26 07:26:08,671][root][INFO] - [34/50] train 90.052%/0.6065 | val 66.458%/2.1313
[2025-09-26 07:26:08,671][root][INFO] - Start epoch 35
[2025-09-26 07:28:18,350][root][INFO] - [35/50] train 90.043%/0.6039 | val 72.847%/1.5245
[2025-09-26 07:28:18,350][root][INFO] - Start epoch 36
[2025-09-26 07:30:28,170][root][INFO] - [36/50] train 89.993%/0.5999 | val 50.083%/14.8504
[2025-09-26 07:30:28,171][root][INFO] - Start epoch 37
[2025-09-26 07:32:37,909][root][INFO] - [37/50] train 90.306%/0.5875 | val 63.319%/2.9142
[2025-09-26 07:32:37,910][root][INFO] - Start epoch 38
[2025-09-26 07:34:47,573][root][INFO] - [38/50] train 90.349%/0.5893 | val 59.639%/3.6745
[2025-09-26 07:34:47,573][root][INFO] - Start epoch 39
[2025-09-26 07:36:57,085][root][INFO] - [39/50] train 90.535%/0.5804 | val 67.236%/2.3542
[2025-09-26 07:36:57,086][root][INFO] - Start epoch 40
[2025-09-26 07:39:06,801][root][INFO] - [40/50] train 90.460%/0.5835 | val 50.000%/61.2002
[2025-09-26 07:39:06,802][root][INFO] - Start epoch 41
[2025-09-26 07:41:16,760][root][INFO] - [41/50] train 90.481%/0.5745 | val 50.819%/11.7465
[2025-09-26 07:41:16,761][root][INFO] - Start epoch 42
[2025-09-26 07:43:26,519][root][INFO] - [42/50] train 90.729%/0.5681 | val 50.000%/121.5127
[2025-09-26 07:43:26,519][root][INFO] - Start epoch 43
[2025-09-26 07:45:36,185][root][INFO] - [43/50] train 90.872%/0.5609 | val 50.000%/72.6952
[2025-09-26 07:45:36,185][root][INFO] - Start epoch 44
[2025-09-26 07:47:45,742][root][INFO] - [44/50] train 90.582%/0.5774 | val 50.000%/22.4128
[2025-09-26 07:47:45,742][root][INFO] - Start epoch 45
[2025-09-26 07:49:55,351][root][INFO] - [45/50] train 90.932%/0.5556 | val 50.000%/38.2759
[2025-09-26 07:49:55,351][root][INFO] - Start epoch 46
[2025-09-26 07:52:04,947][root][INFO] - [46/50] train 90.960%/0.5595 | val 50.028%/15.9930
[2025-09-26 07:52:04,948][root][INFO] - Start epoch 47
[2025-09-26 07:54:14,708][root][INFO] - [47/50] train 91.200%/0.5478 | val 50.028%/20.4018
[2025-09-26 07:54:14,708][root][INFO] - Start epoch 48
[2025-09-26 07:56:24,629][root][INFO] - [48/50] train 91.021%/0.5524 | val 61.889%/3.2222
[2025-09-26 07:56:24,629][root][INFO] - Start epoch 49
[2025-09-26 07:58:33,815][root][INFO] - [49/50] train 91.016%/0.5517 | val 50.000%/28.1074
[2025-09-26 07:58:33,815][root][INFO] - Start epoch 50
[2025-09-26 08:00:43,139][root][INFO] - [50/50] train 91.108%/0.5423 | val 50.000%/31.1063
[2025-09-26 08:00:49,078][root][INFO] - 
[Test Evaluation]
[2025-09-26 08:00:49,079][root][INFO] -  Accuracy : 0.766
[2025-09-26 08:00:49,079][root][INFO] -  Precision: 0.975
[2025-09-26 08:00:49,079][root][INFO] -  Recall   : 0.546
[2025-09-26 08:00:49,079][root][INFO] -  F1       : 0.700
[2025-09-26 08:00:49,079][root][INFO] -  Auc      : 0.933
