[2025-08-17 08:35:19,740][root][INFO] - ORIGINAL CWD : /home/sota/research/sotaohnuma/coffee
[2025-08-17 08:35:19,740][root][INFO] - RUN CWD      : /home/sota/research/sotaohnuma/coffee/outputs/bean_224/efficientnet_b0/base/2025-08-17_08-35-19
[2025-08-17 08:35:19,740][root][INFO] - batch: 136, 
 {'batch_size': 136, '_target_': 'models.efficientnet_b0.efficientnet_b0', 'lr': 0.0016, 'weight_decay': 0.0003}
[2025-08-17 08:35:19,740][root][INFO] - lr: 0.0016, 
 {'_target_': 'models.efficientnet_b0.efficientnet_b0', 'lr': 0.0016, 'weight_decay': 0.0003}
[2025-08-17 08:35:19,740][root][INFO] - weight_decay: 0.0003, 
 {'_target_': 'models.efficientnet_b0.efficientnet_b0', 'weight_decay': 0.0003}
[2025-08-17 08:35:27,660][root][INFO] - Start loading train data
[2025-08-17 08:35:27,786][root][INFO] - Start loading val data
[2025-08-17 08:35:27,802][root][INFO] - Start loading test data
[2025-08-17 08:35:27,816][root][INFO] - Finished DataLoader setup
[2025-08-17 08:35:27,818][root][INFO] - Start: 0
[2025-08-17 08:39:30,005][root][INFO] - [01/100] train 85.580%/0.3131 | val 89.250%/0.2938
[2025-08-17 08:39:30,131][root][INFO] - Start: 1
[2025-08-17 08:43:22,047][root][INFO] - [02/100] train 94.365%/0.1434 | val 94.694%/0.1402
[2025-08-17 08:43:22,239][root][INFO] - Start: 2
[2025-08-17 08:47:12,448][root][INFO] - [03/100] train 96.276%/0.0984 | val 90.875%/0.2495
[2025-08-17 08:47:12,449][root][INFO] - Start: 3
[2025-08-17 08:51:05,056][root][INFO] - [04/100] train 97.186%/0.0727 | val 50.000%/6.2336
[2025-08-17 08:51:05,057][root][INFO] - Start: 4
[2025-08-17 08:54:58,554][root][INFO] - [05/100] train 97.712%/0.0590 | val 94.528%/0.1613
[2025-08-17 08:54:58,554][root][INFO] - Start: 5
[2025-08-17 08:58:51,579][root][INFO] - [06/100] train 98.248%/0.0467 | val 93.639%/0.2104
[2025-08-17 08:58:51,579][root][INFO] - Start: 6
[2025-08-17 09:02:43,842][root][INFO] - [07/100] train 98.578%/0.0375 | val 93.125%/0.2323
[2025-08-17 09:02:43,842][root][INFO] - Start: 7
[2025-08-17 09:06:34,948][root][INFO] - [08/100] train 98.731%/0.0341 | val 94.250%/0.2266
[2025-08-17 09:06:34,948][root][INFO] - Start: 8
[2025-08-17 09:10:25,772][root][INFO] - [09/100] train 99.038%/0.0256 | val 85.111%/0.7579
[2025-08-17 09:10:25,773][root][INFO] - Start: 9
[2025-08-17 09:14:19,000][root][INFO] - [10/100] train 99.042%/0.0264 | val 94.361%/0.2253
[2025-08-17 09:14:19,000][root][INFO] - Start: 10
[2025-08-17 09:18:11,684][root][INFO] - [11/100] train 99.217%/0.0219 | val 94.486%/0.2057
[2025-08-17 09:18:11,685][root][INFO] - Start: 11
[2025-08-17 09:22:03,091][root][INFO] - [12/100] train 99.231%/0.0215 | val 93.458%/0.2574
[2025-08-17 09:22:03,092][root][INFO] - Start: 12
[2025-08-17 09:25:54,572][root][INFO] - [13/100] train 99.316%/0.0191 | val 79.736%/1.7250
[2025-08-17 09:25:54,572][root][INFO] - Start: 13
[2025-08-17 09:29:46,937][root][INFO] - [14/100] train 99.427%/0.0167 | val 88.819%/0.6772
[2025-08-17 09:29:46,938][root][INFO] - Start: 14
[2025-08-17 09:33:41,621][root][INFO] - [15/100] train 99.417%/0.0161 | val 93.514%/0.2743
[2025-08-17 09:33:41,622][root][INFO] - Start: 15
[2025-08-17 09:37:32,579][root][INFO] - [16/100] train 99.507%/0.0137 | val 94.417%/0.2290
[2025-08-17 09:37:32,579][root][INFO] - Start: 16
[2025-08-17 09:41:24,370][root][INFO] - [17/100] train 98.774%/0.0330 | val 85.306%/0.9512
[2025-08-17 09:41:24,370][root][INFO] - Start: 17
[2025-08-17 09:45:12,620][root][INFO] - [18/100] train 99.127%/0.0225 | val 95.403%/0.2168
[2025-08-17 09:45:12,828][root][INFO] - Start: 18
[2025-08-17 09:49:05,213][root][INFO] - [19/100] train 99.637%/0.0112 | val 95.069%/0.2180
[2025-08-17 09:49:05,214][root][INFO] - Start: 19
[2025-08-17 09:52:55,948][root][INFO] - [20/100] train 99.628%/0.0105 | val 94.222%/0.2495
[2025-08-17 09:52:55,948][root][INFO] - Start: 20
[2025-08-17 09:56:51,517][root][INFO] - [21/100] train 99.637%/0.0105 | val 93.333%/0.2894
[2025-08-17 09:56:51,518][root][INFO] - Start: 21
[2025-08-17 10:00:42,309][root][INFO] - [22/100] train 99.694%/0.0088 | val 94.556%/0.3024
[2025-08-17 10:00:42,309][root][INFO] - Start: 22
[2025-08-17 10:04:34,745][root][INFO] - [23/100] train 99.642%/0.0095 | val 93.722%/0.3160
[2025-08-17 10:04:34,745][root][INFO] - Start: 23
[2025-08-17 10:08:26,674][root][INFO] - [24/100] train 99.696%/0.0090 | val 95.500%/0.2034
[2025-08-17 10:08:26,979][root][INFO] - Start: 24
[2025-08-17 10:12:19,418][root][INFO] - [25/100] train 99.660%/0.0095 | val 92.764%/0.3730
[2025-08-17 10:12:19,419][root][INFO] - Start: 25
[2025-08-17 10:16:11,942][root][INFO] - [26/100] train 99.710%/0.0085 | val 92.681%/0.3497
[2025-08-17 10:16:11,943][root][INFO] - Start: 26
[2025-08-17 10:20:00,042][root][INFO] - [27/100] train 99.766%/0.0069 | val 94.458%/0.3046
[2025-08-17 10:20:00,043][root][INFO] - Start: 27
[2025-08-17 10:23:54,330][root][INFO] - [28/100] train 99.729%/0.0077 | val 91.806%/0.4752
[2025-08-17 10:23:54,330][root][INFO] - Start: 28
[2025-08-17 10:27:44,736][root][INFO] - [29/100] train 99.285%/0.0207 | val 91.375%/0.4018
[2025-08-17 10:27:44,736][root][INFO] - Start: 29
[2025-08-17 10:31:37,297][root][INFO] - [30/100] train 99.670%/0.0089 | val 93.528%/0.2788
[2025-08-17 10:31:37,297][root][INFO] - Start: 30
[2025-08-17 10:35:27,985][root][INFO] - [31/100] train 99.804%/0.0060 | val 94.653%/0.2934
[2025-08-17 10:35:27,986][root][INFO] - Start: 31
[2025-08-17 10:39:20,590][root][INFO] - [32/100] train 99.790%/0.0063 | val 95.486%/0.2159
[2025-08-17 10:39:20,590][root][INFO] - Start: 32
[2025-08-17 10:43:11,930][root][INFO] - [33/100] train 99.861%/0.0045 | val 95.153%/0.2479
[2025-08-17 10:43:11,930][root][INFO] - Start: 33
[2025-08-17 10:47:05,527][root][INFO] - [34/100] train 99.793%/0.0056 | val 93.931%/0.3225
[2025-08-17 10:47:05,527][root][INFO] - Start: 34
[2025-08-17 10:50:56,159][root][INFO] - [35/100] train 99.753%/0.0071 | val 94.069%/0.3640
[2025-08-17 10:50:56,160][root][INFO] - Start: 35
[2025-08-17 10:54:45,718][root][INFO] - [36/100] train 99.830%/0.0055 | val 95.472%/0.2442
[2025-08-17 10:54:45,718][root][INFO] - Start: 36
[2025-08-17 10:58:38,083][root][INFO] - [37/100] train 99.750%/0.0074 | val 95.653%/0.1911
[2025-08-17 10:58:38,280][root][INFO] - Start: 37
[2025-08-17 11:02:28,236][root][INFO] - [38/100] train 99.819%/0.0049 | val 94.097%/0.2307
[2025-08-17 11:02:28,236][root][INFO] - Start: 38
[2025-08-17 11:06:20,836][root][INFO] - [39/100] train 99.809%/0.0056 | val 91.292%/0.4144
[2025-08-17 11:06:20,837][root][INFO] - Start: 39
[2025-08-17 11:10:12,792][root][INFO] - [40/100] train 99.866%/0.0042 | val 94.819%/0.3502
[2025-08-17 11:10:12,793][root][INFO] - Start: 40
[2025-08-17 11:13:57,534][root][INFO] - [41/100] train 99.812%/0.0054 | val 94.153%/0.2378
[2025-08-17 11:13:57,534][root][INFO] - Start: 41
[2025-08-17 11:17:40,888][root][INFO] - [42/100] train 99.844%/0.0048 | val 92.236%/0.4401
[2025-08-17 11:17:40,888][root][INFO] - Start: 42
[2025-08-17 11:21:24,343][root][INFO] - [43/100] train 99.842%/0.0045 | val 94.778%/0.2752
[2025-08-17 11:21:24,344][root][INFO] - Start: 43
[2025-08-17 11:25:07,523][root][INFO] - [44/100] train 99.826%/0.0058 | val 95.111%/0.2060
[2025-08-17 11:25:07,523][root][INFO] - Start: 44
[2025-08-17 11:28:50,849][root][INFO] - [45/100] train 99.899%/0.0031 | val 94.389%/0.2726
[2025-08-17 11:28:50,849][root][INFO] - Start: 45
[2025-08-17 11:32:34,391][root][INFO] - [46/100] train 99.818%/0.0050 | val 94.542%/0.3187
[2025-08-17 11:32:34,392][root][INFO] - Start: 46
[2025-08-17 11:36:17,234][root][INFO] - [47/100] train 99.849%/0.0044 | val 95.347%/0.3045
[2025-08-17 11:36:17,234][root][INFO] - Start: 47
[2025-08-17 11:40:00,833][root][INFO] - [48/100] train 99.839%/0.0048 | val 95.083%/0.1944
[2025-08-17 11:40:00,834][root][INFO] - Start: 48
[2025-08-17 11:43:44,052][root][INFO] - [49/100] train 99.918%/0.0022 | val 95.014%/0.2895
[2025-08-17 11:43:44,052][root][INFO] - Start: 49
[2025-08-17 11:47:27,076][root][INFO] - [50/100] train 99.811%/0.0053 | val 94.958%/0.3194
[2025-08-17 11:47:27,076][root][INFO] - Start: 50
[2025-08-17 11:51:09,737][root][INFO] - [51/100] train 99.892%/0.0035 | val 94.958%/0.2734
[2025-08-17 11:51:09,738][root][INFO] - Start: 51
[2025-08-17 11:54:53,362][root][INFO] - [52/100] train 99.852%/0.0042 | val 95.750%/0.2505
[2025-08-17 11:54:53,528][root][INFO] - Start: 52
[2025-08-17 11:58:36,381][root][INFO] - [53/100] train 99.906%/0.0029 | val 94.653%/0.3226
[2025-08-17 11:58:36,381][root][INFO] - Start: 53
[2025-08-17 12:02:18,623][root][INFO] - [54/100] train 99.868%/0.0040 | val 96.444%/0.2136
[2025-08-17 12:02:18,799][root][INFO] - Start: 54
[2025-08-17 12:06:01,663][root][INFO] - [55/100] train 99.925%/0.0025 | val 94.264%/0.2818
[2025-08-17 12:06:01,663][root][INFO] - Start: 55
[2025-08-17 12:09:45,738][root][INFO] - [56/100] train 99.832%/0.0047 | val 94.222%/0.3431
[2025-08-17 12:09:45,739][root][INFO] - Start: 56
[2025-08-17 12:13:29,363][root][INFO] - [57/100] train 99.861%/0.0042 | val 95.278%/0.2726
[2025-08-17 12:13:29,363][root][INFO] - Start: 57
[2025-08-17 12:17:12,172][root][INFO] - [58/100] train 99.849%/0.0044 | val 94.306%/0.3187
[2025-08-17 12:17:12,172][root][INFO] - Start: 58
[2025-08-17 12:20:55,179][root][INFO] - [59/100] train 99.913%/0.0025 | val 94.250%/0.3788
[2025-08-17 12:20:55,180][root][INFO] - Start: 59
[2025-08-17 12:24:38,839][root][INFO] - [60/100] train 99.885%/0.0036 | val 95.722%/0.2477
[2025-08-17 12:24:38,839][root][INFO] - Start: 60
[2025-08-17 12:28:23,005][root][INFO] - [61/100] train 99.905%/0.0028 | val 96.000%/0.2093
[2025-08-17 12:28:23,005][root][INFO] - Start: 61
[2025-08-17 12:32:07,014][root][INFO] - [62/100] train 99.931%/0.0021 | val 95.264%/0.3253
[2025-08-17 12:32:07,014][root][INFO] - Start: 62
[2025-08-17 12:35:51,902][root][INFO] - [63/100] train 99.875%/0.0039 | val 91.722%/0.4844
[2025-08-17 12:35:51,902][root][INFO] - Start: 63
[2025-08-17 12:39:36,168][root][INFO] - [64/100] train 99.903%/0.0029 | val 95.514%/0.2943
[2025-08-17 12:39:36,168][root][INFO] - Start: 64
[2025-08-17 12:43:20,218][root][INFO] - [65/100] train 99.938%/0.0019 | val 96.083%/0.2188
[2025-08-17 12:43:20,219][root][INFO] - Start: 65
[2025-08-17 12:47:03,915][root][INFO] - [66/100] train 99.878%/0.0038 | val 95.306%/0.2189
[2025-08-17 12:47:03,916][root][INFO] - Start: 66
[2025-08-17 12:50:48,543][root][INFO] - [67/100] train 99.918%/0.0024 | val 95.319%/0.2654
[2025-08-17 12:50:48,543][root][INFO] - Start: 67
[2025-08-17 12:54:33,705][root][INFO] - [68/100] train 99.951%/0.0019 | val 95.333%/0.2395
[2025-08-17 12:54:33,705][root][INFO] - Start: 68
[2025-08-17 12:58:17,778][root][INFO] - [69/100] train 99.887%/0.0034 | val 94.931%/0.3167
[2025-08-17 12:58:17,778][root][INFO] - Start: 69
[2025-08-17 13:02:01,566][root][INFO] - [70/100] train 99.917%/0.0025 | val 94.292%/0.3642
[2025-08-17 13:02:01,567][root][INFO] - Start: 70
[2025-08-17 13:05:44,999][root][INFO] - [71/100] train 99.851%/0.0041 | val 93.750%/0.3238
[2025-08-17 13:05:44,999][root][INFO] - Start: 71
[2025-08-17 13:09:28,891][root][INFO] - [72/100] train 99.953%/0.0016 | val 94.514%/0.4363
[2025-08-17 13:09:28,891][root][INFO] - Start: 72
[2025-08-17 13:13:14,357][root][INFO] - [73/100] train 99.925%/0.0024 | val 93.792%/0.4088
[2025-08-17 13:13:14,358][root][INFO] - Start: 73
[2025-08-17 13:16:58,597][root][INFO] - [74/100] train 99.892%/0.0035 | val 92.486%/0.3889
[2025-08-17 13:16:58,597][root][INFO] - Start: 74
[2025-08-17 13:20:42,078][root][INFO] - [75/100] train 99.931%/0.0024 | val 94.653%/0.3042
[2025-08-17 13:20:42,079][root][INFO] - Start: 75
[2025-08-17 13:24:26,559][root][INFO] - [76/100] train 99.931%/0.0020 | val 95.403%/0.2863
[2025-08-17 13:24:26,559][root][INFO] - Start: 76
[2025-08-17 13:28:09,832][root][INFO] - [77/100] train 99.913%/0.0025 | val 92.847%/0.5342
[2025-08-17 13:28:09,832][root][INFO] - Start: 77
[2025-08-17 13:31:54,113][root][INFO] - [78/100] train 99.918%/0.0024 | val 95.319%/0.3020
[2025-08-17 13:31:54,114][root][INFO] - Start: 78
[2025-08-17 13:35:37,294][root][INFO] - [79/100] train 99.991%/0.0003 | val 96.097%/0.3724
[2025-08-17 13:35:37,295][root][INFO] - Start: 79
[2025-08-17 13:39:20,769][root][INFO] - [80/100] train 99.885%/0.0036 | val 95.389%/0.3138
[2025-08-17 13:39:20,769][root][INFO] - Start: 80
[2025-08-17 13:43:04,621][root][INFO] - [81/100] train 99.911%/0.0025 | val 94.264%/0.3868
[2025-08-17 13:43:04,622][root][INFO] - Start: 81
[2025-08-17 13:46:49,583][root][INFO] - [82/100] train 99.901%/0.0029 | val 94.736%/0.2653
[2025-08-17 13:46:49,583][root][INFO] - Start: 82
[2025-08-17 13:50:33,485][root][INFO] - [83/100] train 99.955%/0.0013 | val 93.250%/0.3884
[2025-08-17 13:50:33,485][root][INFO] - Start: 83
[2025-08-17 13:54:17,221][root][INFO] - [84/100] train 99.979%/0.0009 | val 93.319%/0.5423
[2025-08-17 13:54:17,222][root][INFO] - Start: 84
[2025-08-17 13:58:01,246][root][INFO] - [85/100] train 99.913%/0.0026 | val 95.333%/0.3294
[2025-08-17 13:58:01,246][root][INFO] - Start: 85
[2025-08-17 14:01:44,674][root][INFO] - [86/100] train 99.936%/0.0020 | val 95.486%/0.2973
[2025-08-17 14:01:44,674][root][INFO] - Start: 86
[2025-08-17 14:05:28,055][root][INFO] - [87/100] train 99.938%/0.0021 | val 94.264%/0.4546
[2025-08-17 14:05:28,055][root][INFO] - Start: 87
[2025-08-17 14:09:11,317][root][INFO] - [88/100] train 99.943%/0.0018 | val 94.806%/0.3955
[2025-08-17 14:09:11,317][root][INFO] - Start: 88
[2025-08-17 14:12:55,854][root][INFO] - [89/100] train 99.839%/0.0051 | val 94.264%/0.2638
[2025-08-17 14:12:55,854][root][INFO] - Start: 89
[2025-08-17 14:16:41,707][root][INFO] - [90/100] train 99.948%/0.0016 | val 95.903%/0.3291
[2025-08-17 14:16:41,707][root][INFO] - Start: 90
[2025-08-17 14:20:28,208][root][INFO] - [91/100] train 99.948%/0.0018 | val 95.569%/0.2529
[2025-08-17 14:20:28,208][root][INFO] - Start: 91
[2025-08-17 14:24:12,591][root][INFO] - [92/100] train 99.964%/0.0013 | val 95.611%/0.2747
[2025-08-17 14:24:12,591][root][INFO] - Start: 92
[2025-08-17 14:27:57,185][root][INFO] - [93/100] train 99.962%/0.0012 | val 93.181%/0.2808
[2025-08-17 14:27:57,185][root][INFO] - Start: 93
[2025-08-17 14:31:41,348][root][INFO] - [94/100] train 99.915%/0.0027 | val 96.097%/0.3248
[2025-08-17 14:31:41,349][root][INFO] - Start: 94
[2025-08-17 14:35:25,163][root][INFO] - [95/100] train 99.939%/0.0017 | val 95.653%/0.3130
[2025-08-17 14:35:25,164][root][INFO] - Start: 95
[2025-08-17 14:39:08,944][root][INFO] - [96/100] train 99.946%/0.0016 | val 95.347%/0.3401
[2025-08-17 14:39:08,944][root][INFO] - Start: 96
[2025-08-17 14:42:53,117][root][INFO] - [97/100] train 99.960%/0.0012 | val 95.417%/0.3542
[2025-08-17 14:42:53,118][root][INFO] - Start: 97
[2025-08-17 14:46:37,407][root][INFO] - [98/100] train 99.911%/0.0027 | val 95.667%/0.3884
[2025-08-17 14:46:37,407][root][INFO] - Start: 98
[2025-08-17 14:50:22,085][root][INFO] - [99/100] train 99.957%/0.0017 | val 95.917%/0.2762
[2025-08-17 14:50:22,085][root][INFO] - Start: 99
[2025-08-17 14:54:06,554][root][INFO] - [100/100] train 99.905%/0.0029 | val 94.542%/0.3884
[2025-08-17 14:54:14,389][root][INFO] - 
[Test Evaluation]
[2025-08-17 14:54:14,389][root][INFO] -  Accuracy : 0.969
[2025-08-17 14:54:14,389][root][INFO] -  Precision: 0.963
[2025-08-17 14:54:14,389][root][INFO] -  Recall   : 0.974
[2025-08-17 14:54:14,389][root][INFO] -  F1       : 0.969
[2025-08-17 14:54:14,389][root][INFO] -  Auc      : 0.995
