[2025-08-25 12:19:48,594][root][INFO] - ORIGINAL CWD : /home/sota/research/sotaohnuma/coffee
[2025-08-25 12:19:48,595][root][INFO] - RUN CWD      : /home/sota/research/sotaohnuma/coffee/outputs/bean_224/vit_b16/base/2025-08-25_12-19-48
[2025-08-25 12:19:48,595][root][INFO] - batch: 84, 
 {'_target_': 'models.vit_b16_pretrained.vit_b16', 'num_classes': 2, 'batch_size': 84, 'lr': 1.9e-05, 'weight_decay': 0.0047}
[2025-08-25 12:19:48,595][root][INFO] - lr: 1.9e-05, 
 {'_target_': 'models.vit_b16_pretrained.vit_b16', 'num_classes': 2, 'lr': 1.9e-05, 'weight_decay': 0.0047}
[2025-08-25 12:19:48,595][root][INFO] - weight_decay: 0.0047, 
 {'_target_': 'models.vit_b16_pretrained.vit_b16', 'num_classes': 2, 'weight_decay': 0.0047}
[2025-08-25 12:19:53,649][root][INFO] - Start loading train data
[2025-08-25 12:19:53,771][root][INFO] - Start loading val data
[2025-08-25 12:19:53,785][root][INFO] - Start loading test data
[2025-08-25 12:19:53,799][root][INFO] - Finished DataLoader setup
[2025-08-25 12:19:53,801][root][INFO] - Start: 0
[2025-08-25 12:44:02,476][root][INFO] - [01/100] train 88.580%/0.2941 | val 96.403%/0.1063
[2025-08-25 12:44:02,928][root][INFO] - Start: 1
[2025-08-25 13:08:19,652][root][INFO] - [02/100] train 98.069%/0.0540 | val 96.500%/0.1088
[2025-08-25 13:08:23,472][root][INFO] - Start: 2
[2025-08-25 13:32:37,284][root][INFO] - [03/100] train 99.502%/0.0150 | val 95.778%/0.1796
[2025-08-25 13:32:37,284][root][INFO] - Start: 3
[2025-08-25 13:56:50,931][root][INFO] - [04/100] train 99.708%/0.0089 | val 96.000%/0.1728
[2025-08-25 13:56:50,931][root][INFO] - Start: 4
[2025-08-25 14:21:06,828][root][INFO] - [05/100] train 99.672%/0.0097 | val 96.083%/0.1548
[2025-08-25 14:21:06,828][root][INFO] - Start: 5
[2025-08-25 14:45:21,698][root][INFO] - [06/100] train 99.769%/0.0074 | val 95.292%/0.2234
[2025-08-25 14:45:21,699][root][INFO] - Start: 6
[2025-08-25 15:09:36,116][root][INFO] - [07/100] train 99.767%/0.0070 | val 94.819%/0.2691
[2025-08-25 15:09:36,117][root][INFO] - Start: 7
[2025-08-25 15:33:49,547][root][INFO] - [08/100] train 99.729%/0.0086 | val 96.486%/0.1811
[2025-08-25 15:33:49,548][root][INFO] - Start: 8
[2025-08-25 15:58:05,444][root][INFO] - [09/100] train 99.766%/0.0075 | val 96.194%/0.2000
[2025-08-25 15:58:05,444][root][INFO] - Start: 9
[2025-08-25 16:22:21,002][root][INFO] - [10/100] train 99.809%/0.0057 | val 96.097%/0.2076
[2025-08-25 16:22:21,002][root][INFO] - Start: 10
[2025-08-25 16:46:37,450][root][INFO] - [11/100] train 99.724%/0.0089 | val 95.458%/0.2247
[2025-08-25 16:46:37,451][root][INFO] - Start: 11
[2025-08-25 17:10:54,252][root][INFO] - [12/100] train 99.818%/0.0054 | val 94.722%/0.2810
[2025-08-25 17:10:54,252][root][INFO] - Start: 12
[2025-08-25 17:35:09,299][root][INFO] - [13/100] train 99.861%/0.0040 | val 95.236%/0.2283
[2025-08-25 17:35:09,300][root][INFO] - Start: 13
[2025-08-25 17:59:23,165][root][INFO] - [14/100] train 99.835%/0.0047 | val 95.597%/0.1994
[2025-08-25 17:59:23,165][root][INFO] - Start: 14
[2025-08-25 18:23:38,075][root][INFO] - [15/100] train 99.804%/0.0056 | val 95.417%/0.2113
[2025-08-25 18:23:38,075][root][INFO] - Start: 15
[2025-08-25 18:47:53,738][root][INFO] - [16/100] train 99.908%/0.0027 | val 95.514%/0.2425
[2025-08-25 18:47:53,738][root][INFO] - Start: 16
[2025-08-25 19:12:09,759][root][INFO] - [17/100] train 99.979%/0.0009 | val 95.625%/0.2847
[2025-08-25 19:12:09,759][root][INFO] - Start: 17
[2025-08-25 19:36:25,300][root][INFO] - [18/100] train 100.000%/0.0000 | val 95.958%/0.2818
[2025-08-25 19:36:25,300][root][INFO] - Start: 18
[2025-08-25 20:00:44,242][root][INFO] - [19/100] train 100.000%/0.0000 | val 95.833%/0.3006
[2025-08-25 20:00:44,242][root][INFO] - Start: 19
[2025-08-25 20:25:01,134][root][INFO] - [20/100] train 100.000%/0.0000 | val 95.806%/0.3132
[2025-08-25 20:25:01,134][root][INFO] - Start: 20
[2025-08-25 20:49:18,362][root][INFO] - [21/100] train 100.000%/0.0000 | val 95.792%/0.3243
[2025-08-25 20:49:18,363][root][INFO] - Start: 21
[2025-08-25 21:13:35,562][root][INFO] - [22/100] train 100.000%/0.0000 | val 95.778%/0.3343
[2025-08-25 21:13:35,562][root][INFO] - Start: 22
[2025-08-25 21:37:53,251][root][INFO] - [23/100] train 100.000%/0.0000 | val 95.764%/0.3449
[2025-08-25 21:37:53,252][root][INFO] - Start: 23
[2025-08-25 22:02:11,431][root][INFO] - [24/100] train 100.000%/0.0000 | val 95.792%/0.3550
[2025-08-25 22:02:11,431][root][INFO] - Start: 24
[2025-08-25 22:26:30,346][root][INFO] - [25/100] train 100.000%/0.0000 | val 95.819%/0.3649
[2025-08-25 22:26:30,346][root][INFO] - Start: 25
[2025-08-25 22:50:49,300][root][INFO] - [26/100] train 100.000%/0.0000 | val 95.833%/0.3745
[2025-08-25 22:50:49,300][root][INFO] - Start: 26
[2025-08-25 23:15:09,542][root][INFO] - [27/100] train 100.000%/0.0000 | val 95.819%/0.3843
[2025-08-25 23:15:09,543][root][INFO] - Start: 27
[2025-08-25 23:39:29,140][root][INFO] - [28/100] train 100.000%/0.0000 | val 95.792%/0.3941
[2025-08-25 23:39:29,140][root][INFO] - Start: 28
[2025-08-26 00:03:47,440][root][INFO] - [29/100] train 100.000%/0.0000 | val 95.792%/0.4047
[2025-08-26 00:03:47,440][root][INFO] - Start: 29
[2025-08-26 00:28:07,829][root][INFO] - [30/100] train 100.000%/0.0000 | val 95.778%/0.4146
[2025-08-26 00:28:07,829][root][INFO] - Start: 30
[2025-08-26 00:52:30,243][root][INFO] - [31/100] train 100.000%/0.0000 | val 95.750%/0.4254
[2025-08-26 00:52:30,243][root][INFO] - Start: 31
[2025-08-26 01:16:50,856][root][INFO] - [32/100] train 100.000%/0.0000 | val 95.736%/0.4363
[2025-08-26 01:16:50,856][root][INFO] - Start: 32
[2025-08-26 01:41:12,727][root][INFO] - [33/100] train 100.000%/0.0000 | val 95.764%/0.4465
[2025-08-26 01:41:12,728][root][INFO] - Start: 33
[2025-08-26 02:05:36,435][root][INFO] - [34/100] train 100.000%/0.0000 | val 95.764%/0.4563
[2025-08-26 02:05:36,435][root][INFO] - Start: 34
[2025-08-26 02:29:58,811][root][INFO] - [35/100] train 100.000%/0.0000 | val 95.778%/0.4662
[2025-08-26 02:29:58,811][root][INFO] - Start: 35
[2025-08-26 02:54:22,102][root][INFO] - [36/100] train 100.000%/0.0000 | val 95.819%/0.4752
[2025-08-26 02:54:22,102][root][INFO] - Start: 36
[2025-08-26 03:18:42,830][root][INFO] - [37/100] train 100.000%/0.0000 | val 95.833%/0.4839
[2025-08-26 03:18:42,830][root][INFO] - Start: 37
[2025-08-26 03:43:04,026][root][INFO] - [38/100] train 100.000%/0.0000 | val 95.819%/0.4913
[2025-08-26 03:43:04,026][root][INFO] - Start: 38
[2025-08-26 04:07:27,674][root][INFO] - [39/100] train 100.000%/0.0000 | val 95.819%/0.4987
[2025-08-26 04:07:27,674][root][INFO] - Start: 39
[2025-08-26 04:31:49,750][root][INFO] - [40/100] train 100.000%/0.0000 | val 95.847%/0.5053
[2025-08-26 04:31:49,750][root][INFO] - Start: 40
[2025-08-26 04:56:11,586][root][INFO] - [41/100] train 100.000%/0.0000 | val 95.833%/0.5125
[2025-08-26 04:56:11,586][root][INFO] - Start: 41
[2025-08-26 05:20:33,513][root][INFO] - [42/100] train 100.000%/0.0000 | val 95.861%/0.5177
[2025-08-26 05:20:33,513][root][INFO] - Start: 42
[2025-08-26 05:44:54,520][root][INFO] - [43/100] train 100.000%/0.0000 | val 95.861%/0.5231
[2025-08-26 05:44:54,520][root][INFO] - Start: 43
[2025-08-26 06:09:14,945][root][INFO] - [44/100] train 100.000%/0.0000 | val 95.861%/0.5284
[2025-08-26 06:09:14,945][root][INFO] - Start: 44
[2025-08-26 06:33:37,554][root][INFO] - [45/100] train 100.000%/0.0000 | val 95.889%/0.5354
[2025-08-26 06:33:37,554][root][INFO] - Start: 45
[2025-08-26 06:57:58,235][root][INFO] - [46/100] train 100.000%/0.0000 | val 95.875%/0.5431
[2025-08-26 06:57:58,236][root][INFO] - Start: 46
[2025-08-26 07:22:21,681][root][INFO] - [47/100] train 100.000%/0.0000 | val 95.861%/0.5494
[2025-08-26 07:22:21,682][root][INFO] - Start: 47
[2025-08-26 07:46:42,737][root][INFO] - [48/100] train 100.000%/0.0000 | val 95.861%/0.5570
[2025-08-26 07:46:42,737][root][INFO] - Start: 48
[2025-08-26 08:11:06,698][root][INFO] - [49/100] train 100.000%/0.0000 | val 95.861%/0.5665
[2025-08-26 08:11:06,699][root][INFO] - Start: 49
[2025-08-26 08:35:30,830][root][INFO] - [50/100] train 100.000%/0.0000 | val 95.875%/0.5728
[2025-08-26 08:35:30,831][root][INFO] - Start: 50
[2025-08-26 08:59:55,190][root][INFO] - [51/100] train 100.000%/0.0000 | val 95.889%/0.5807
[2025-08-26 08:59:55,191][root][INFO] - Start: 51
[2025-08-26 09:24:19,237][root][INFO] - [52/100] train 100.000%/0.0000 | val 95.889%/0.5874
[2025-08-26 09:24:19,238][root][INFO] - Start: 52
[2025-08-26 09:48:42,643][root][INFO] - [53/100] train 100.000%/0.0000 | val 95.875%/0.5936
[2025-08-26 09:48:42,643][root][INFO] - Start: 53
[2025-08-26 10:13:06,980][root][INFO] - [54/100] train 100.000%/0.0000 | val 95.861%/0.5994
[2025-08-26 10:13:06,980][root][INFO] - Start: 54
[2025-08-26 10:37:33,516][root][INFO] - [55/100] train 100.000%/0.0000 | val 95.861%/0.6047
[2025-08-26 10:37:33,516][root][INFO] - Start: 55
[2025-08-26 11:01:57,782][root][INFO] - [56/100] train 100.000%/0.0000 | val 95.875%/0.6094
[2025-08-26 11:01:57,782][root][INFO] - Start: 56
[2025-08-26 11:26:22,190][root][INFO] - [57/100] train 100.000%/0.0000 | val 95.889%/0.6139
[2025-08-26 11:26:22,190][root][INFO] - Start: 57
[2025-08-26 11:50:47,371][root][INFO] - [58/100] train 100.000%/0.0000 | val 95.889%/0.6179
[2025-08-26 11:50:47,371][root][INFO] - Start: 58
[2025-08-26 12:15:12,878][root][INFO] - [59/100] train 100.000%/0.0000 | val 95.889%/0.6213
[2025-08-26 12:15:12,878][root][INFO] - Start: 59
[2025-08-26 12:39:39,412][root][INFO] - [60/100] train 100.000%/0.0000 | val 95.875%/0.6243
[2025-08-26 12:39:39,412][root][INFO] - Start: 60
[2025-08-26 13:04:05,844][root][INFO] - [61/100] train 100.000%/0.0000 | val 95.875%/0.6269
[2025-08-26 13:04:05,844][root][INFO] - Start: 61
[2025-08-26 13:28:29,811][root][INFO] - [62/100] train 100.000%/0.0000 | val 95.875%/0.6294
[2025-08-26 13:28:29,812][root][INFO] - Start: 62
[2025-08-26 13:52:56,797][root][INFO] - [63/100] train 100.000%/0.0000 | val 95.875%/0.6313
[2025-08-26 13:52:56,798][root][INFO] - Start: 63
[2025-08-26 14:17:24,679][root][INFO] - [64/100] train 100.000%/0.0000 | val 95.889%/0.6332
[2025-08-26 14:17:24,679][root][INFO] - Start: 64
[2025-08-26 14:41:51,455][root][INFO] - [65/100] train 100.000%/0.0000 | val 95.889%/0.6349
[2025-08-26 14:41:51,455][root][INFO] - Start: 65
[2025-08-26 15:06:18,780][root][INFO] - [66/100] train 100.000%/0.0000 | val 95.889%/0.6365
[2025-08-26 15:06:18,780][root][INFO] - Start: 66
[2025-08-26 15:30:45,674][root][INFO] - [67/100] train 100.000%/0.0000 | val 95.889%/0.6381
[2025-08-26 15:30:45,675][root][INFO] - Start: 67
[2025-08-26 15:55:11,660][root][INFO] - [68/100] train 100.000%/0.0000 | val 95.875%/0.6395
[2025-08-26 15:55:11,660][root][INFO] - Start: 68
[2025-08-26 16:19:38,902][root][INFO] - [69/100] train 100.000%/0.0000 | val 95.875%/0.6407
[2025-08-26 16:19:38,903][root][INFO] - Start: 69
[2025-08-26 16:44:03,257][root][INFO] - [70/100] train 100.000%/0.0000 | val 95.875%/0.6418
[2025-08-26 16:44:03,258][root][INFO] - Start: 70
[2025-08-26 17:08:30,684][root][INFO] - [71/100] train 100.000%/0.0000 | val 95.861%/0.6429
[2025-08-26 17:08:30,684][root][INFO] - Start: 71
[2025-08-26 17:32:57,587][root][INFO] - [72/100] train 100.000%/0.0000 | val 95.861%/0.6438
[2025-08-26 17:32:57,587][root][INFO] - Start: 72
[2025-08-26 17:57:26,517][root][INFO] - [73/100] train 100.000%/0.0000 | val 95.875%/0.6445
[2025-08-26 17:57:26,517][root][INFO] - Start: 73
[2025-08-26 18:21:55,396][root][INFO] - [74/100] train 100.000%/0.0000 | val 95.875%/0.6453
[2025-08-26 18:21:55,396][root][INFO] - Start: 74
[2025-08-26 18:46:22,033][root][INFO] - [75/100] train 100.000%/0.0000 | val 95.875%/0.6460
[2025-08-26 18:46:22,034][root][INFO] - Start: 75
[2025-08-26 19:10:50,979][root][INFO] - [76/100] train 100.000%/0.0000 | val 95.875%/0.6466
[2025-08-26 19:10:50,979][root][INFO] - Start: 76
[2025-08-26 19:35:20,895][root][INFO] - [77/100] train 100.000%/0.0000 | val 95.875%/0.6471
[2025-08-26 19:35:20,895][root][INFO] - Start: 77
[2025-08-26 19:59:48,697][root][INFO] - [78/100] train 100.000%/0.0000 | val 95.875%/0.6476
[2025-08-26 19:59:48,697][root][INFO] - Start: 78
[2025-08-26 20:24:17,243][root][INFO] - [79/100] train 100.000%/0.0000 | val 95.875%/0.6481
[2025-08-26 20:24:17,243][root][INFO] - Start: 79
[2025-08-26 20:48:46,494][root][INFO] - [80/100] train 100.000%/0.0000 | val 95.875%/0.6485
[2025-08-26 20:48:46,495][root][INFO] - Start: 80
[2025-08-26 21:13:18,202][root][INFO] - [81/100] train 100.000%/0.0000 | val 95.875%/0.6488
[2025-08-26 21:13:18,202][root][INFO] - Start: 81
[2025-08-26 21:37:48,730][root][INFO] - [82/100] train 100.000%/0.0000 | val 95.875%/0.6491
[2025-08-26 21:37:48,730][root][INFO] - Start: 82
[2025-08-26 22:02:18,752][root][INFO] - [83/100] train 100.000%/0.0000 | val 95.875%/0.6494
[2025-08-26 22:02:18,752][root][INFO] - Start: 83
[2025-08-26 22:26:46,179][root][INFO] - [84/100] train 100.000%/0.0000 | val 95.875%/0.6497
[2025-08-26 22:26:46,179][root][INFO] - Start: 84
[2025-08-26 22:51:16,008][root][INFO] - [85/100] train 100.000%/0.0000 | val 95.875%/0.6499
[2025-08-26 22:51:16,008][root][INFO] - Start: 85
[2025-08-26 23:15:48,351][root][INFO] - [86/100] train 100.000%/0.0000 | val 95.875%/0.6501
[2025-08-26 23:15:48,351][root][INFO] - Start: 86
[2025-08-26 23:40:20,724][root][INFO] - [87/100] train 100.000%/0.0000 | val 95.875%/0.6503
[2025-08-26 23:40:20,724][root][INFO] - Start: 87
[2025-08-27 00:04:51,130][root][INFO] - [88/100] train 100.000%/0.0000 | val 95.875%/0.6504
[2025-08-27 00:04:51,130][root][INFO] - Start: 88
[2025-08-27 00:29:22,271][root][INFO] - [89/100] train 100.000%/0.0000 | val 95.875%/0.6506
[2025-08-27 00:29:22,272][root][INFO] - Start: 89
[2025-08-27 00:53:55,272][root][INFO] - [90/100] train 100.000%/0.0000 | val 95.875%/0.6507
[2025-08-27 00:53:55,272][root][INFO] - Start: 90
[2025-08-27 01:18:26,971][root][INFO] - [91/100] train 100.000%/0.0000 | val 95.875%/0.6508
[2025-08-27 01:18:26,971][root][INFO] - Start: 91
[2025-08-27 01:42:58,421][root][INFO] - [92/100] train 100.000%/0.0000 | val 95.875%/0.6508
[2025-08-27 01:42:58,422][root][INFO] - Start: 92
[2025-08-27 02:07:31,071][root][INFO] - [93/100] train 100.000%/0.0000 | val 95.875%/0.6509
[2025-08-27 02:07:31,071][root][INFO] - Start: 93
[2025-08-27 02:32:05,110][root][INFO] - [94/100] train 100.000%/0.0000 | val 95.875%/0.6509
[2025-08-27 02:32:05,111][root][INFO] - Start: 94
[2025-08-27 02:56:38,157][root][INFO] - [95/100] train 100.000%/0.0000 | val 95.875%/0.6509
[2025-08-27 02:56:38,157][root][INFO] - Start: 95
[2025-08-27 03:21:10,930][root][INFO] - [96/100] train 100.000%/0.0000 | val 95.875%/0.6510
[2025-08-27 03:21:10,930][root][INFO] - Start: 96
[2025-08-27 03:45:42,631][root][INFO] - [97/100] train 100.000%/0.0000 | val 95.875%/0.6510
[2025-08-27 03:45:42,631][root][INFO] - Start: 97
[2025-08-27 04:10:15,906][root][INFO] - [98/100] train 100.000%/0.0000 | val 95.875%/0.6510
[2025-08-27 04:10:15,907][root][INFO] - Start: 98
[2025-08-27 04:34:48,494][root][INFO] - [99/100] train 100.000%/0.0000 | val 95.875%/0.6510
[2025-08-27 04:34:48,494][root][INFO] - Start: 99
[2025-08-27 04:59:21,798][root][INFO] - [100/100] train 100.000%/0.0000 | val 95.875%/0.6510
[2025-08-27 05:00:47,798][root][INFO] - 
[Test Evaluation]
[2025-08-27 05:00:47,799][root][INFO] -  Accuracy : 0.959
[2025-08-27 05:00:47,799][root][INFO] -  Precision: 0.954
[2025-08-27 05:00:47,799][root][INFO] -  Recall   : 0.964
[2025-08-27 05:00:47,799][root][INFO] -  F1       : 0.959
[2025-08-27 05:00:47,799][root][INFO] -  Auc      : 0.992
