[2025-09-26 23:26:50,929][root][INFO] - ORIGINAL CWD : /home/sota/research/sotaohnuma/coffee
[2025-09-26 23:26:50,929][root][INFO] - RUN CWD      : /home/sota/research/sotaohnuma/coffee/outputs/kd/swin/soft/2025-09-26_23-26-50
[2025-09-26 23:26:52,796][root][INFO] - Start epoch 1
[2025-09-26 23:33:14,598][root][INFO] - [01/150] train 55.330%/5.5708 | val 66.792%/5.3102
[2025-09-26 23:33:14,602][root][INFO] - Start epoch 2
[2025-09-26 23:39:40,278][root][INFO] - [02/150] train 63.049%/5.3892 | val 50.472%/5.3172
[2025-09-26 23:39:40,279][root][INFO] - Start epoch 3
[2025-09-26 23:46:04,473][root][INFO] - [03/150] train 63.736%/5.2190 | val 50.056%/5.5757
[2025-09-26 23:46:04,473][root][INFO] - Start epoch 4
[2025-09-26 23:52:28,542][root][INFO] - [04/150] train 66.958%/5.0227 | val 51.528%/8.1210
[2025-09-26 23:52:28,543][root][INFO] - Start epoch 5
[2025-09-26 23:58:53,265][root][INFO] - [05/150] train 71.972%/4.6564 | val 72.583%/4.3385
[2025-09-26 23:58:53,269][root][INFO] - Start epoch 6
[2025-09-27 00:05:17,868][root][INFO] - [06/150] train 74.193%/4.4166 | val 71.083%/4.3214
[2025-09-27 00:05:17,869][root][INFO] - Start epoch 7
[2025-09-27 00:11:42,451][root][INFO] - [07/150] train 75.715%/4.2249 | val 50.000%/55.8447
[2025-09-27 00:11:42,452][root][INFO] - Start epoch 8
[2025-09-27 00:18:06,716][root][INFO] - [08/150] train 77.795%/4.0075 | val 50.250%/24.2686
[2025-09-27 00:18:06,716][root][INFO] - Start epoch 9
[2025-09-27 00:24:31,679][root][INFO] - [09/150] train 79.203%/3.8229 | val 50.000%/92.1296
[2025-09-27 00:24:31,679][root][INFO] - Start epoch 10
[2025-09-27 00:30:56,825][root][INFO] - [10/150] train 80.688%/3.6390 | val 50.000%/228.9154
[2025-09-27 00:30:56,825][root][INFO] - Start epoch 11
[2025-09-27 00:37:21,477][root][INFO] - [11/150] train 80.943%/3.5497 | val 50.000%/200.3511
[2025-09-27 00:37:21,477][root][INFO] - Start epoch 12
[2025-09-27 00:43:46,204][root][INFO] - [12/150] train 81.571%/3.4229 | val 50.000%/49.7870
[2025-09-27 00:43:46,204][root][INFO] - Start epoch 13
[2025-09-27 00:50:11,470][root][INFO] - [13/150] train 82.090%/3.3519 | val 50.028%/60.8225
[2025-09-27 00:50:11,470][root][INFO] - Start epoch 14
[2025-09-27 00:56:35,571][root][INFO] - [14/150] train 82.731%/3.2490 | val 50.000%/202.2760
[2025-09-27 00:56:35,571][root][INFO] - Start epoch 15
[2025-09-27 01:02:59,588][root][INFO] - [15/150] train 83.304%/3.1821 | val 50.639%/22.9110
[2025-09-27 01:02:59,588][root][INFO] - Start epoch 16
[2025-09-27 01:09:24,051][root][INFO] - [16/150] train 83.380%/3.1450 | val 50.000%/62.5027
[2025-09-27 01:09:24,052][root][INFO] - Start epoch 17
[2025-09-27 01:15:49,876][root][INFO] - [17/150] train 83.762%/3.0653 | val 50.000%/143.4882
[2025-09-27 01:15:49,876][root][INFO] - Start epoch 18
[2025-09-27 01:22:14,284][root][INFO] - [18/150] train 83.977%/3.0430 | val 50.000%/251.4433
[2025-09-27 01:22:14,284][root][INFO] - Start epoch 19
[2025-09-27 01:28:38,936][root][INFO] - [19/150] train 84.543%/2.9570 | val 57.889%/9.9707
[2025-09-27 01:28:38,937][root][INFO] - Start epoch 20
[2025-09-27 01:35:03,040][root][INFO] - [20/150] train 84.571%/2.9325 | val 50.000%/235.2179
[2025-09-27 01:35:03,040][root][INFO] - Start epoch 21
[2025-09-27 01:41:28,951][root][INFO] - [21/150] train 84.632%/2.9185 | val 50.000%/155.6067
[2025-09-27 01:41:28,951][root][INFO] - Start epoch 22
[2025-09-27 01:47:54,111][root][INFO] - [22/150] train 84.847%/2.8982 | val 50.000%/152.8534
[2025-09-27 01:47:54,111][root][INFO] - Start epoch 23
[2025-09-27 01:54:18,608][root][INFO] - [23/150] train 85.271%/2.8287 | val 50.000%/116.8047
[2025-09-27 01:54:18,608][root][INFO] - Start epoch 24
[2025-09-27 02:00:42,539][root][INFO] - [24/150] train 85.137%/2.8265 | val 50.000%/56.3380
[2025-09-27 02:00:42,539][root][INFO] - Start epoch 25
[2025-09-27 02:07:06,806][root][INFO] - [25/150] train 85.392%/2.8197 | val 50.000%/112.8281
[2025-09-27 02:07:06,807][root][INFO] - Start epoch 26
[2025-09-27 02:13:32,072][root][INFO] - [26/150] train 85.285%/2.7930 | val 62.472%/8.7619
[2025-09-27 02:13:32,073][root][INFO] - Start epoch 27
[2025-09-27 02:19:57,147][root][INFO] - [27/150] train 85.851%/2.7404 | val 64.431%/6.5550
[2025-09-27 02:19:57,148][root][INFO] - Start epoch 28
[2025-09-27 02:26:21,703][root][INFO] - [28/150] train 86.118%/2.6925 | val 50.000%/222.0773
[2025-09-27 02:26:21,703][root][INFO] - Start epoch 29
[2025-09-27 02:32:46,189][root][INFO] - [29/150] train 86.200%/2.6597 | val 86.681%/2.4850
[2025-09-27 02:32:46,192][root][INFO] - Start epoch 30
[2025-09-27 02:39:10,094][root][INFO] - [30/150] train 86.264%/2.6612 | val 50.250%/24.5791
[2025-09-27 02:39:10,094][root][INFO] - Start epoch 31
[2025-09-27 02:45:33,726][root][INFO] - [31/150] train 86.500%/2.6419 | val 87.833%/2.2515
[2025-09-27 02:45:33,729][root][INFO] - Start epoch 32
[2025-09-27 02:51:58,982][root][INFO] - [32/150] train 86.658%/2.6053 | val 50.000%/355.4263
[2025-09-27 02:51:58,983][root][INFO] - Start epoch 33
[2025-09-27 02:58:23,930][root][INFO] - [33/150] train 86.616%/2.6211 | val 50.000%/110.5761
[2025-09-27 02:58:23,930][root][INFO] - Start epoch 34
[2025-09-27 03:04:49,250][root][INFO] - [34/150] train 86.816%/2.5859 | val 85.375%/2.5802
[2025-09-27 03:04:49,250][root][INFO] - Start epoch 35
[2025-09-27 03:11:13,106][root][INFO] - [35/150] train 86.804%/2.5615 | val 50.000%/131.4593
[2025-09-27 03:11:13,106][root][INFO] - Start epoch 36
[2025-09-27 03:17:38,343][root][INFO] - [36/150] train 87.080%/2.5247 | val 50.028%/46.0643
[2025-09-27 03:17:38,343][root][INFO] - Start epoch 37
[2025-09-27 03:24:02,039][root][INFO] - [37/150] train 87.014%/2.5353 | val 50.097%/46.1761
[2025-09-27 03:24:02,040][root][INFO] - Start epoch 38
[2025-09-27 03:30:26,754][root][INFO] - [38/150] train 87.361%/2.4930 | val 50.000%/91.9176
[2025-09-27 03:30:26,754][root][INFO] - Start epoch 39
[2025-09-27 03:36:51,724][root][INFO] - [39/150] train 87.314%/2.5117 | val 50.000%/159.2395
[2025-09-27 03:36:51,724][root][INFO] - Start epoch 40
[2025-09-27 03:43:15,847][root][INFO] - [40/150] train 87.653%/2.4447 | val 50.000%/220.2313
[2025-09-27 03:43:15,848][root][INFO] - Start epoch 41
[2025-09-27 03:49:39,975][root][INFO] - [41/150] train 87.582%/2.4523 | val 57.764%/11.2914
[2025-09-27 03:49:39,976][root][INFO] - Start epoch 42
[2025-09-27 03:56:04,037][root][INFO] - [42/150] train 87.682%/2.4204 | val 50.000%/207.3514
[2025-09-27 03:56:04,037][root][INFO] - Start epoch 43
[2025-09-27 04:02:27,586][root][INFO] - [43/150] train 87.536%/2.4500 | val 51.153%/24.4290
[2025-09-27 04:02:27,586][root][INFO] - Start epoch 44
[2025-09-27 04:08:52,214][root][INFO] - [44/150] train 87.845%/2.3937 | val 50.000%/111.5861
[2025-09-27 04:08:52,215][root][INFO] - Start epoch 45
[2025-09-27 04:15:17,764][root][INFO] - [45/150] train 88.118%/2.3558 | val 50.000%/76.9510
[2025-09-27 04:15:17,764][root][INFO] - Start epoch 46
[2025-09-27 04:21:42,669][root][INFO] - [46/150] train 87.833%/2.4096 | val 50.000%/199.4089
[2025-09-27 04:21:42,669][root][INFO] - Start epoch 47
[2025-09-27 04:28:07,269][root][INFO] - [47/150] train 88.061%/2.3699 | val 50.000%/201.3651
[2025-09-27 04:28:07,269][root][INFO] - Start epoch 48
[2025-09-27 04:34:31,618][root][INFO] - [48/150] train 88.262%/2.3439 | val 81.764%/2.9411
[2025-09-27 04:34:31,618][root][INFO] - Start epoch 49
[2025-09-27 04:40:56,214][root][INFO] - [49/150] train 88.281%/2.3230 | val 50.000%/188.0052
[2025-09-27 04:40:56,215][root][INFO] - Start epoch 50
[2025-09-27 04:47:20,220][root][INFO] - [50/150] train 88.411%/2.3122 | val 62.403%/8.9643
[2025-09-27 04:47:20,220][root][INFO] - Start epoch 51
[2025-09-27 04:53:45,286][root][INFO] - [51/150] train 88.500%/2.3033 | val 66.958%/9.0036
[2025-09-27 04:53:45,286][root][INFO] - Start epoch 52
[2025-09-27 05:00:10,057][root][INFO] - [52/150] train 88.677%/2.2815 | val 50.000%/60.9572
[2025-09-27 05:00:10,057][root][INFO] - Start epoch 53
[2025-09-27 05:06:33,856][root][INFO] - [53/150] train 88.495%/2.2807 | val 57.139%/15.6862
[2025-09-27 05:06:33,857][root][INFO] - Start epoch 54
[2025-09-27 05:12:57,868][root][INFO] - [54/150] train 88.840%/2.2429 | val 50.000%/106.8296
[2025-09-27 05:12:57,868][root][INFO] - Start epoch 55
[2025-09-27 05:19:21,494][root][INFO] - [55/150] train 88.976%/2.2228 | val 56.958%/17.9700
[2025-09-27 05:19:21,494][root][INFO] - Start epoch 56
[2025-09-27 05:25:45,179][root][INFO] - [56/150] train 89.023%/2.2335 | val 50.000%/117.7451
[2025-09-27 05:25:45,179][root][INFO] - Start epoch 57
[2025-09-27 05:32:08,812][root][INFO] - [57/150] train 89.066%/2.2195 | val 50.083%/46.8364
[2025-09-27 05:32:08,813][root][INFO] - Start epoch 58
[2025-09-27 05:38:32,735][root][INFO] - [58/150] train 89.243%/2.1815 | val 52.375%/28.0226
[2025-09-27 05:38:32,735][root][INFO] - Start epoch 59
[2025-09-27 05:44:57,874][root][INFO] - [59/150] train 89.203%/2.1683 | val 79.819%/3.8813
[2025-09-27 05:44:57,875][root][INFO] - Start epoch 60
[2025-09-27 05:51:21,685][root][INFO] - [60/150] train 89.378%/2.1686 | val 50.986%/26.7389
[2025-09-27 05:51:21,686][root][INFO] - Start epoch 61
[2025-09-27 05:57:44,239][root][INFO] - [61/150] train 89.406%/2.1517 | val 50.014%/57.2394
[2025-09-27 05:57:44,239][root][INFO] - Start epoch 62
[2025-09-27 06:04:09,113][root][INFO] - [62/150] train 89.453%/2.1475 | val 50.000%/212.4102
[2025-09-27 06:04:09,113][root][INFO] - Start epoch 63
[2025-09-27 06:10:34,032][root][INFO] - [63/150] train 89.408%/2.1495 | val 76.708%/4.1656
[2025-09-27 06:10:34,032][root][INFO] - Start epoch 64
[2025-09-27 06:16:57,564][root][INFO] - [64/150] train 89.580%/2.1046 | val 51.153%/24.5166
[2025-09-27 06:16:57,564][root][INFO] - Start epoch 65
[2025-09-27 06:23:22,384][root][INFO] - [65/150] train 89.578%/2.1159 | val 50.361%/39.2123
[2025-09-27 06:23:22,384][root][INFO] - Start epoch 66
[2025-09-27 06:29:46,877][root][INFO] - [66/150] train 89.889%/2.0791 | val 55.181%/20.0544
[2025-09-27 06:29:46,878][root][INFO] - Start epoch 67
[2025-09-27 06:36:11,032][root][INFO] - [67/150] train 89.736%/2.0884 | val 50.000%/73.3075
[2025-09-27 06:36:11,032][root][INFO] - Start epoch 68
[2025-09-27 06:42:36,065][root][INFO] - [68/150] train 89.939%/2.0781 | val 50.000%/184.0940
[2025-09-27 06:42:36,065][root][INFO] - Start epoch 69
[2025-09-27 06:49:00,355][root][INFO] - [69/150] train 90.085%/2.0419 | val 50.000%/75.0230
[2025-09-27 06:49:00,355][root][INFO] - Start epoch 70
[2025-09-27 06:55:25,557][root][INFO] - [70/150] train 89.884%/2.0606 | val 50.000%/131.7433
[2025-09-27 06:55:25,557][root][INFO] - Start epoch 71
[2025-09-27 07:01:50,176][root][INFO] - [71/150] train 90.266%/2.0190 | val 50.000%/164.3639
[2025-09-27 07:01:50,176][root][INFO] - Start epoch 72
[2025-09-27 07:08:14,967][root][INFO] - [72/150] train 90.247%/2.0120 | val 50.000%/76.4406
[2025-09-27 07:08:14,967][root][INFO] - Start epoch 73
[2025-09-27 07:14:38,855][root][INFO] - [73/150] train 90.257%/2.0031 | val 65.042%/7.9494
[2025-09-27 07:14:38,855][root][INFO] - Start epoch 74
[2025-09-27 07:21:02,548][root][INFO] - [74/150] train 90.196%/2.0107 | val 50.000%/88.3677
[2025-09-27 07:21:02,548][root][INFO] - Start epoch 75
[2025-09-27 07:27:26,991][root][INFO] - [75/150] train 90.425%/1.9716 | val 50.000%/114.1840
[2025-09-27 07:27:26,991][root][INFO] - Start epoch 76
[2025-09-27 07:33:51,321][root][INFO] - [76/150] train 90.281%/1.9934 | val 61.917%/12.6309
[2025-09-27 07:33:51,321][root][INFO] - Start epoch 77
[2025-09-27 07:40:14,556][root][INFO] - [77/150] train 90.457%/1.9715 | val 50.000%/174.9535
[2025-09-27 07:40:14,556][root][INFO] - Start epoch 78
[2025-09-27 07:46:38,845][root][INFO] - [78/150] train 90.613%/1.9668 | val 50.389%/46.3642
[2025-09-27 07:46:38,845][root][INFO] - Start epoch 79
[2025-09-27 07:53:02,547][root][INFO] - [79/150] train 90.715%/1.9356 | val 50.194%/43.4356
[2025-09-27 07:53:02,548][root][INFO] - Start epoch 80
[2025-09-27 07:59:28,128][root][INFO] - [80/150] train 90.677%/1.9325 | val 50.347%/52.3401
[2025-09-27 07:59:28,128][root][INFO] - Start epoch 81
[2025-09-27 08:05:52,822][root][INFO] - [81/150] train 90.821%/1.9094 | val 55.194%/16.4857
[2025-09-27 08:05:52,822][root][INFO] - Start epoch 82
[2025-09-27 08:12:18,560][root][INFO] - [82/150] train 90.847%/1.9039 | val 50.000%/135.1509
[2025-09-27 08:12:18,561][root][INFO] - Start epoch 83
[2025-09-27 08:18:42,515][root][INFO] - [83/150] train 90.766%/1.9027 | val 50.000%/82.1208
[2025-09-27 08:18:42,515][root][INFO] - Start epoch 84
[2025-09-27 08:25:06,638][root][INFO] - [84/150] train 90.887%/1.9006 | val 51.375%/28.9342
[2025-09-27 08:25:06,638][root][INFO] - Start epoch 85
[2025-09-27 08:31:30,222][root][INFO] - [85/150] train 91.049%/1.8824 | val 50.000%/140.7506
[2025-09-27 08:31:30,222][root][INFO] - Start epoch 86
[2025-09-27 08:37:55,875][root][INFO] - [86/150] train 91.095%/1.8723 | val 50.000%/73.8966
[2025-09-27 08:37:55,875][root][INFO] - Start epoch 87
[2025-09-27 08:44:19,649][root][INFO] - [87/150] train 91.010%/1.8774 | val 52.806%/26.1390
[2025-09-27 08:44:19,649][root][INFO] - Start epoch 88
[2025-09-27 08:50:44,529][root][INFO] - [88/150] train 91.158%/1.8617 | val 66.792%/7.6443
[2025-09-27 08:50:44,529][root][INFO] - Start epoch 89
[2025-09-27 08:57:07,879][root][INFO] - [89/150] train 91.153%/1.8487 | val 50.458%/35.4952
[2025-09-27 08:57:07,879][root][INFO] - Start epoch 90
[2025-09-27 09:03:33,032][root][INFO] - [90/150] train 91.148%/1.8393 | val 86.528%/2.3120
[2025-09-27 09:03:33,032][root][INFO] - Start epoch 91
[2025-09-27 09:09:57,121][root][INFO] - [91/150] train 91.200%/1.8369 | val 50.000%/102.0539
[2025-09-27 09:09:57,122][root][INFO] - Start epoch 92
[2025-09-27 09:16:20,896][root][INFO] - [92/150] train 91.207%/1.8354 | val 50.000%/135.0324
[2025-09-27 09:16:20,897][root][INFO] - Start epoch 93
[2025-09-27 09:22:44,158][root][INFO] - [93/150] train 91.215%/1.8285 | val 58.264%/14.0102
[2025-09-27 09:22:44,159][root][INFO] - Start epoch 94
[2025-09-27 09:29:08,634][root][INFO] - [94/150] train 91.444%/1.8216 | val 50.500%/45.6390
[2025-09-27 09:29:08,634][root][INFO] - Start epoch 95
[2025-09-27 09:35:33,457][root][INFO] - [95/150] train 91.502%/1.7943 | val 50.042%/54.0060
[2025-09-27 09:35:33,457][root][INFO] - Start epoch 96
[2025-09-27 09:41:58,247][root][INFO] - [96/150] train 91.396%/1.8117 | val 50.000%/73.8792
[2025-09-27 09:41:58,247][root][INFO] - Start epoch 97
[2025-09-27 09:48:21,720][root][INFO] - [97/150] train 91.554%/1.7939 | val 50.000%/141.4106
[2025-09-27 09:48:21,720][root][INFO] - Start epoch 98
[2025-09-27 09:54:46,161][root][INFO] - [98/150] train 91.476%/1.7886 | val 50.000%/97.7956
[2025-09-27 09:54:46,161][root][INFO] - Start epoch 99
[2025-09-27 10:01:11,642][root][INFO] - [99/150] train 91.533%/1.7901 | val 53.875%/20.4460
[2025-09-27 10:01:11,642][root][INFO] - Start epoch 100
[2025-09-27 10:07:35,595][root][INFO] - [100/150] train 91.582%/1.7834 | val 73.264%/5.1760
[2025-09-27 10:07:35,596][root][INFO] - Start epoch 101
[2025-09-27 10:14:00,584][root][INFO] - [101/150] train 91.523%/1.7721 | val 81.069%/3.3605
[2025-09-27 10:14:00,584][root][INFO] - Start epoch 102
[2025-09-27 10:20:25,843][root][INFO] - [102/150] train 91.528%/1.7701 | val 50.944%/32.7561
[2025-09-27 10:20:25,843][root][INFO] - Start epoch 103
[2025-09-27 10:26:50,956][root][INFO] - [103/150] train 91.622%/1.7704 | val 50.000%/82.3483
[2025-09-27 10:26:50,956][root][INFO] - Start epoch 104
[2025-09-27 10:33:14,849][root][INFO] - [104/150] train 91.748%/1.7401 | val 50.000%/105.9646
[2025-09-27 10:33:14,849][root][INFO] - Start epoch 105
[2025-09-27 10:39:40,111][root][INFO] - [105/150] train 91.849%/1.7397 | val 52.542%/23.0817
[2025-09-27 10:39:40,111][root][INFO] - Start epoch 106
[2025-09-27 10:46:05,254][root][INFO] - [106/150] train 91.913%/1.7355 | val 75.458%/4.2905
[2025-09-27 10:46:05,254][root][INFO] - Start epoch 107
[2025-09-27 10:52:29,034][root][INFO] - [107/150] train 91.878%/1.7323 | val 89.806%/1.8452
[2025-09-27 10:52:29,038][root][INFO] - Start epoch 108
[2025-09-27 10:58:54,182][root][INFO] - [108/150] train 91.792%/1.7349 | val 92.056%/1.5528
[2025-09-27 10:58:54,186][root][INFO] - Start epoch 109
[2025-09-27 11:05:19,212][root][INFO] - [109/150] train 91.858%/1.7366 | val 50.153%/54.4484
[2025-09-27 11:05:19,212][root][INFO] - Start epoch 110
[2025-09-27 11:11:43,838][root][INFO] - [110/150] train 91.898%/1.7294 | val 50.486%/44.6710
[2025-09-27 11:11:43,839][root][INFO] - Start epoch 111
[2025-09-27 11:18:07,778][root][INFO] - [111/150] train 91.866%/1.7207 | val 54.222%/20.8918
[2025-09-27 11:18:07,778][root][INFO] - Start epoch 112
[2025-09-27 11:24:31,778][root][INFO] - [112/150] train 91.882%/1.7235 | val 77.250%/4.0653
[2025-09-27 11:24:31,778][root][INFO] - Start epoch 113
[2025-09-27 11:30:56,716][root][INFO] - [113/150] train 92.000%/1.7181 | val 84.375%/2.7953
[2025-09-27 11:30:56,716][root][INFO] - Start epoch 114
[2025-09-27 11:37:21,672][root][INFO] - [114/150] train 91.950%/1.7018 | val 86.431%/2.3393
[2025-09-27 11:37:21,673][root][INFO] - Start epoch 115
[2025-09-27 11:43:46,286][root][INFO] - [115/150] train 92.017%/1.7060 | val 50.139%/58.4413
[2025-09-27 11:43:46,287][root][INFO] - Start epoch 116
[2025-09-27 11:50:11,553][root][INFO] - [116/150] train 92.064%/1.6935 | val 51.903%/27.2609
[2025-09-27 11:50:11,553][root][INFO] - Start epoch 117
[2025-09-27 11:56:35,072][root][INFO] - [117/150] train 92.118%/1.6905 | val 58.903%/13.4088
[2025-09-27 11:56:35,072][root][INFO] - Start epoch 118
[2025-09-27 12:02:59,875][root][INFO] - [118/150] train 92.097%/1.6876 | val 53.139%/24.6303
[2025-09-27 12:02:59,875][root][INFO] - Start epoch 119
[2025-09-27 12:09:24,014][root][INFO] - [119/150] train 92.075%/1.6964 | val 50.833%/36.3287
[2025-09-27 12:09:24,014][root][INFO] - Start epoch 120
[2025-09-27 12:15:49,446][root][INFO] - [120/150] train 92.208%/1.6781 | val 91.125%/1.6411
[2025-09-27 12:15:49,446][root][INFO] - Start epoch 121
[2025-09-27 12:22:13,179][root][INFO] - [121/150] train 92.115%/1.6805 | val 51.306%/30.1881
[2025-09-27 12:22:13,179][root][INFO] - Start epoch 122
[2025-09-27 12:28:36,982][root][INFO] - [122/150] train 92.139%/1.6805 | val 54.014%/22.2173
[2025-09-27 12:28:36,983][root][INFO] - Start epoch 123
[2025-09-27 12:35:01,377][root][INFO] - [123/150] train 92.205%/1.6713 | val 83.361%/2.9181
[2025-09-27 12:35:01,378][root][INFO] - Start epoch 124
[2025-09-27 12:41:26,261][root][INFO] - [124/150] train 92.229%/1.6706 | val 89.639%/1.9584
[2025-09-27 12:41:26,262][root][INFO] - Start epoch 125
[2025-09-27 12:47:50,256][root][INFO] - [125/150] train 92.259%/1.6606 | val 67.750%/7.0898
[2025-09-27 12:47:50,256][root][INFO] - Start epoch 126
[2025-09-27 12:54:16,046][root][INFO] - [126/150] train 92.144%/1.6701 | val 50.181%/51.1297
[2025-09-27 12:54:16,046][root][INFO] - Start epoch 127
[2025-09-27 13:00:40,002][root][INFO] - [127/150] train 92.262%/1.6632 | val 60.014%/12.8559
[2025-09-27 13:00:40,002][root][INFO] - Start epoch 128
[2025-09-27 13:07:03,539][root][INFO] - [128/150] train 92.366%/1.6473 | val 85.569%/2.4544
[2025-09-27 13:07:03,539][root][INFO] - Start epoch 129
[2025-09-27 13:13:27,880][root][INFO] - [129/150] train 92.293%/1.6585 | val 86.250%/2.3800
[2025-09-27 13:13:27,880][root][INFO] - Start epoch 130
[2025-09-27 13:19:52,139][root][INFO] - [130/150] train 92.267%/1.6507 | val 57.847%/15.1887
[2025-09-27 13:19:52,140][root][INFO] - Start epoch 131
[2025-09-27 13:26:17,579][root][INFO] - [131/150] train 92.290%/1.6563 | val 53.569%/21.3886
[2025-09-27 13:26:17,580][root][INFO] - Start epoch 132
[2025-09-27 13:32:41,057][root][INFO] - [132/150] train 92.377%/1.6396 | val 93.069%/1.4396
[2025-09-27 13:32:41,060][root][INFO] - Start epoch 133
[2025-09-27 13:39:06,118][root][INFO] - [133/150] train 92.359%/1.6371 | val 59.639%/12.9275
[2025-09-27 13:39:06,118][root][INFO] - Start epoch 134
[2025-09-27 13:45:30,047][root][INFO] - [134/150] train 92.352%/1.6525 | val 87.222%/2.2446
[2025-09-27 13:45:30,047][root][INFO] - Start epoch 135
[2025-09-27 13:51:53,728][root][INFO] - [135/150] train 92.385%/1.6479 | val 63.292%/9.9814
[2025-09-27 13:51:53,728][root][INFO] - Start epoch 136
[2025-09-27 13:58:18,494][root][INFO] - [136/150] train 92.415%/1.6388 | val 64.000%/9.4426
[2025-09-27 13:58:18,494][root][INFO] - Start epoch 137
[2025-09-27 14:04:44,304][root][INFO] - [137/150] train 92.366%/1.6398 | val 72.097%/5.4072
[2025-09-27 14:04:44,304][root][INFO] - Start epoch 138
[2025-09-27 14:11:08,463][root][INFO] - [138/150] train 92.438%/1.6408 | val 76.500%/4.1915
[2025-09-27 14:11:08,463][root][INFO] - Start epoch 139
[2025-09-27 14:17:32,778][root][INFO] - [139/150] train 92.528%/1.6346 | val 91.097%/1.7098
[2025-09-27 14:17:32,778][root][INFO] - Start epoch 140
[2025-09-27 14:23:57,415][root][INFO] - [140/150] train 92.549%/1.6295 | val 82.347%/2.9465
[2025-09-27 14:23:57,415][root][INFO] - Start epoch 141
[2025-09-27 14:30:20,732][root][INFO] - [141/150] train 92.401%/1.6391 | val 92.861%/1.4285
[2025-09-27 14:30:20,732][root][INFO] - Start epoch 142
[2025-09-27 14:36:45,525][root][INFO] - [142/150] train 92.326%/1.6356 | val 91.681%/1.5299
[2025-09-27 14:36:45,525][root][INFO] - Start epoch 143
[2025-09-27 14:43:10,560][root][INFO] - [143/150] train 92.429%/1.6281 | val 92.875%/1.4705
[2025-09-27 14:43:10,561][root][INFO] - Start epoch 144
[2025-09-27 14:49:34,775][root][INFO] - [144/150] train 92.378%/1.6354 | val 86.403%/2.3853
[2025-09-27 14:49:34,775][root][INFO] - Start epoch 145
[2025-09-27 14:55:57,725][root][INFO] - [145/150] train 92.429%/1.6342 | val 92.347%/1.4526
[2025-09-27 14:55:57,725][root][INFO] - Start epoch 146
[2025-09-27 15:02:22,360][root][INFO] - [146/150] train 92.354%/1.6311 | val 92.847%/1.4292
[2025-09-27 15:02:22,360][root][INFO] - Start epoch 147
[2025-09-27 15:08:45,832][root][INFO] - [147/150] train 92.384%/1.6296 | val 92.944%/1.4508
[2025-09-27 15:08:45,832][root][INFO] - Start epoch 148
[2025-09-27 15:15:10,823][root][INFO] - [148/150] train 92.465%/1.6353 | val 92.958%/1.4513
[2025-09-27 15:15:10,823][root][INFO] - Start epoch 149
[2025-09-27 15:21:36,359][root][INFO] - [149/150] train 92.396%/1.6338 | val 92.986%/1.4260
[2025-09-27 15:21:36,359][root][INFO] - Start epoch 150
[2025-09-27 15:28:00,699][root][INFO] - [150/150] train 92.488%/1.6290 | val 92.833%/1.4228
[2025-09-27 15:28:06,756][root][INFO] - 
[Test Evaluation]
[2025-09-27 15:28:06,757][root][INFO] -  Accuracy : 0.922
[2025-09-27 15:28:06,757][root][INFO] -  Precision: 0.945
[2025-09-27 15:28:06,757][root][INFO] -  Recall   : 0.897
[2025-09-27 15:28:06,757][root][INFO] -  F1       : 0.920
[2025-09-27 15:28:06,757][root][INFO] -  Auc      : 0.979
