[2025-09-28 01:30:18,835][root][INFO] - ORIGINAL CWD : /home/sota/research/sotaohnuma/coffee
[2025-09-28 01:30:18,835][root][INFO] - RUN CWD      : /home/sota/research/sotaohnuma/coffee/outputs/kd/resnet/middle/2025-09-28_01-30-18
[2025-09-28 01:30:20,091][root][INFO] - Start epoch 1
[2025-09-28 01:32:31,721][root][INFO] - [01/150] train 63.892%/1.8605 | val 50.000%/18.4427
[2025-09-28 01:32:31,725][root][INFO] - Start epoch 2
[2025-09-28 01:34:45,273][root][INFO] - [02/150] train 65.500%/1.8261 | val 58.208%/1.9665
[2025-09-28 01:34:45,276][root][INFO] - Start epoch 3
[2025-09-28 01:36:58,336][root][INFO] - [03/150] train 68.832%/1.7220 | val 50.000%/9.6047
[2025-09-28 01:36:58,336][root][INFO] - Start epoch 4
[2025-09-28 01:39:12,105][root][INFO] - [04/150] train 71.576%/1.6378 | val 50.000%/21.1495
[2025-09-28 01:39:12,105][root][INFO] - Start epoch 5
[2025-09-28 01:41:24,909][root][INFO] - [05/150] train 74.236%/1.5509 | val 50.000%/35.5090
[2025-09-28 01:41:24,910][root][INFO] - Start epoch 6
[2025-09-28 01:43:37,578][root][INFO] - [06/150] train 74.986%/1.5178 | val 50.000%/105.0630
[2025-09-28 01:43:37,578][root][INFO] - Start epoch 7
[2025-09-28 01:45:50,521][root][INFO] - [07/150] train 77.128%/1.4406 | val 51.000%/4.6290
[2025-09-28 01:45:50,521][root][INFO] - Start epoch 8
[2025-09-28 01:48:03,448][root][INFO] - [08/150] train 78.194%/1.3912 | val 50.000%/24.3677
[2025-09-28 01:48:03,449][root][INFO] - Start epoch 9
[2025-09-28 01:50:16,523][root][INFO] - [09/150] train 78.896%/1.3667 | val 50.000%/150.1142
[2025-09-28 01:50:16,523][root][INFO] - Start epoch 10
[2025-09-28 01:52:29,491][root][INFO] - [10/150] train 78.986%/1.3602 | val 50.000%/68.2103
[2025-09-28 01:52:29,492][root][INFO] - Start epoch 11
[2025-09-28 01:54:42,396][root][INFO] - [11/150] train 79.587%/1.3370 | val 50.000%/14.6126
[2025-09-28 01:54:42,396][root][INFO] - Start epoch 12
[2025-09-28 01:56:55,155][root][INFO] - [12/150] train 79.720%/1.3271 | val 50.000%/97.1456
[2025-09-28 01:56:55,155][root][INFO] - Start epoch 13
[2025-09-28 01:59:08,232][root][INFO] - [13/150] train 80.181%/1.3071 | val 50.000%/31.5211
[2025-09-28 01:59:08,233][root][INFO] - Start epoch 14
[2025-09-28 02:01:21,240][root][INFO] - [14/150] train 80.233%/1.3099 | val 80.583%/1.1682
[2025-09-28 02:01:21,243][root][INFO] - Start epoch 15
[2025-09-28 02:03:34,283][root][INFO] - [15/150] train 80.472%/1.3000 | val 50.000%/130.6557
[2025-09-28 02:03:34,283][root][INFO] - Start epoch 16
[2025-09-28 02:05:48,076][root][INFO] - [16/150] train 80.550%/1.2918 | val 75.903%/1.4441
[2025-09-28 02:05:48,076][root][INFO] - Start epoch 17
[2025-09-28 02:08:01,437][root][INFO] - [17/150] train 81.021%/1.2702 | val 50.000%/20.4557
[2025-09-28 02:08:01,437][root][INFO] - Start epoch 18
[2025-09-28 02:10:14,302][root][INFO] - [18/150] train 80.974%/1.2741 | val 50.000%/261.7911
[2025-09-28 02:10:14,302][root][INFO] - Start epoch 19
[2025-09-28 02:12:27,098][root][INFO] - [19/150] train 81.108%/1.2642 | val 54.167%/4.4621
[2025-09-28 02:12:27,098][root][INFO] - Start epoch 20
[2025-09-28 02:14:40,171][root][INFO] - [20/150] train 81.047%/1.2655 | val 50.000%/14.3002
[2025-09-28 02:14:40,171][root][INFO] - Start epoch 21
[2025-09-28 02:16:53,269][root][INFO] - [21/150] train 81.290%/1.2475 | val 50.000%/12.3382
[2025-09-28 02:16:53,269][root][INFO] - Start epoch 22
[2025-09-28 02:19:06,395][root][INFO] - [22/150] train 81.646%/1.2420 | val 50.639%/8.0130
[2025-09-28 02:19:06,395][root][INFO] - Start epoch 23
[2025-09-28 02:21:19,485][root][INFO] - [23/150] train 81.780%/1.2218 | val 63.333%/2.5112
[2025-09-28 02:21:19,485][root][INFO] - Start epoch 24
[2025-09-28 02:23:32,702][root][INFO] - [24/150] train 82.101%/1.2098 | val 50.000%/233.7102
[2025-09-28 02:23:32,702][root][INFO] - Start epoch 25
[2025-09-28 02:25:45,571][root][INFO] - [25/150] train 82.519%/1.1874 | val 50.000%/48.6911
[2025-09-28 02:25:45,571][root][INFO] - Start epoch 26
[2025-09-28 02:27:58,867][root][INFO] - [26/150] train 82.785%/1.1704 | val 50.000%/64.1940
[2025-09-28 02:27:58,867][root][INFO] - Start epoch 27
[2025-09-28 02:30:11,623][root][INFO] - [27/150] train 82.951%/1.1516 | val 50.806%/7.4621
[2025-09-28 02:30:11,623][root][INFO] - Start epoch 28
[2025-09-28 02:32:24,989][root][INFO] - [28/150] train 83.068%/1.1545 | val 50.806%/7.2468
[2025-09-28 02:32:24,989][root][INFO] - Start epoch 29
[2025-09-28 02:34:38,063][root][INFO] - [29/150] train 83.297%/1.1350 | val 50.000%/277.6907
[2025-09-28 02:34:38,064][root][INFO] - Start epoch 30
[2025-09-28 02:36:51,027][root][INFO] - [30/150] train 83.300%/1.1353 | val 50.000%/12.0329
[2025-09-28 02:36:51,027][root][INFO] - Start epoch 31
[2025-09-28 02:39:04,106][root][INFO] - [31/150] train 83.667%/1.1144 | val 50.000%/54.2130
[2025-09-28 02:39:04,106][root][INFO] - Start epoch 32
[2025-09-28 02:41:17,458][root][INFO] - [32/150] train 83.500%/1.1217 | val 50.000%/169.1981
[2025-09-28 02:41:17,458][root][INFO] - Start epoch 33
[2025-09-28 02:43:30,419][root][INFO] - [33/150] train 84.168%/1.0991 | val 50.000%/74.3764
[2025-09-28 02:43:30,419][root][INFO] - Start epoch 34
[2025-09-28 02:45:43,516][root][INFO] - [34/150] train 84.267%/1.0838 | val 50.000%/233.3323
[2025-09-28 02:45:43,516][root][INFO] - Start epoch 35
[2025-09-28 02:47:56,331][root][INFO] - [35/150] train 84.608%/1.0644 | val 50.097%/16.3552
[2025-09-28 02:47:56,331][root][INFO] - Start epoch 36
[2025-09-28 02:50:10,085][root][INFO] - [36/150] train 84.517%/1.0697 | val 52.167%/7.2410
[2025-09-28 02:50:10,085][root][INFO] - Start epoch 37
[2025-09-28 02:52:23,128][root][INFO] - [37/150] train 84.391%/1.0763 | val 63.486%/2.6765
[2025-09-28 02:52:23,129][root][INFO] - Start epoch 38
[2025-09-28 02:54:36,210][root][INFO] - [38/150] train 84.274%/1.0822 | val 50.000%/40.7414
[2025-09-28 02:54:36,211][root][INFO] - Start epoch 39
[2025-09-28 02:56:49,183][root][INFO] - [39/150] train 84.854%/1.0490 | val 50.000%/24.5696
[2025-09-28 02:56:49,183][root][INFO] - Start epoch 40
[2025-09-28 02:59:02,198][root][INFO] - [40/150] train 84.698%/1.0635 | val 50.000%/54.2101
[2025-09-28 02:59:02,198][root][INFO] - Start epoch 41
[2025-09-28 03:01:15,177][root][INFO] - [41/150] train 84.851%/1.0485 | val 50.000%/75.8870
[2025-09-28 03:01:15,177][root][INFO] - Start epoch 42
[2025-09-28 03:03:28,267][root][INFO] - [42/150] train 84.720%/1.0561 | val 50.000%/109.9591
[2025-09-28 03:03:28,267][root][INFO] - Start epoch 43
[2025-09-28 03:05:41,206][root][INFO] - [43/150] train 84.703%/1.0540 | val 50.000%/124.1264
[2025-09-28 03:05:41,207][root][INFO] - Start epoch 44
[2025-09-28 03:07:54,380][root][INFO] - [44/150] train 84.882%/1.0475 | val 50.000%/20.9406
[2025-09-28 03:07:54,380][root][INFO] - Start epoch 45
[2025-09-28 03:10:07,847][root][INFO] - [45/150] train 85.010%/1.0365 | val 50.000%/84.5867
[2025-09-28 03:10:07,847][root][INFO] - Start epoch 46
[2025-09-28 03:12:21,650][root][INFO] - [46/150] train 85.250%/1.0240 | val 85.486%/0.9677
[2025-09-28 03:12:21,653][root][INFO] - Start epoch 47
[2025-09-28 03:14:34,447][root][INFO] - [47/150] train 85.095%/1.0277 | val 50.000%/112.2656
[2025-09-28 03:14:34,447][root][INFO] - Start epoch 48
[2025-09-28 03:16:47,261][root][INFO] - [48/150] train 84.950%/1.0386 | val 50.000%/84.1632
[2025-09-28 03:16:47,261][root][INFO] - Start epoch 49
[2025-09-28 03:19:00,395][root][INFO] - [49/150] train 85.368%/1.0210 | val 50.000%/201.3300
[2025-09-28 03:19:00,395][root][INFO] - Start epoch 50
[2025-09-28 03:21:13,573][root][INFO] - [50/150] train 85.188%/1.0237 | val 50.000%/450.9610
[2025-09-28 03:21:13,573][root][INFO] - Start epoch 51
[2025-09-28 03:23:26,653][root][INFO] - [51/150] train 85.233%/1.0214 | val 50.000%/14.8848
[2025-09-28 03:23:26,654][root][INFO] - Start epoch 52
[2025-09-28 03:25:39,622][root][INFO] - [52/150] train 85.470%/1.0111 | val 85.472%/0.9759
[2025-09-28 03:25:39,622][root][INFO] - Start epoch 53
[2025-09-28 03:27:53,133][root][INFO] - [53/150] train 85.625%/1.0023 | val 50.000%/70.3561
[2025-09-28 03:27:53,133][root][INFO] - Start epoch 54
[2025-09-28 03:30:06,374][root][INFO] - [54/150] train 85.616%/1.0011 | val 50.000%/112.6513
[2025-09-28 03:30:06,374][root][INFO] - Start epoch 55
[2025-09-28 03:32:19,374][root][INFO] - [55/150] train 85.750%/0.9977 | val 50.000%/20.3974
[2025-09-28 03:32:19,374][root][INFO] - Start epoch 56
[2025-09-28 03:34:32,427][root][INFO] - [56/150] train 85.668%/0.9966 | val 50.556%/9.2343
[2025-09-28 03:34:32,427][root][INFO] - Start epoch 57
[2025-09-28 03:36:45,624][root][INFO] - [57/150] train 85.280%/1.0273 | val 66.667%/2.1629
[2025-09-28 03:36:45,624][root][INFO] - Start epoch 58
[2025-09-28 03:38:59,212][root][INFO] - [58/150] train 85.830%/0.9915 | val 50.000%/41.4955
[2025-09-28 03:38:59,212][root][INFO] - Start epoch 59
[2025-09-28 03:41:12,993][root][INFO] - [59/150] train 86.031%/0.9792 | val 50.000%/29.6362
[2025-09-28 03:41:12,993][root][INFO] - Start epoch 60
[2025-09-28 03:43:26,156][root][INFO] - [60/150] train 86.122%/0.9790 | val 82.333%/1.1344
[2025-09-28 03:43:26,156][root][INFO] - Start epoch 61
[2025-09-28 03:45:39,212][root][INFO] - [61/150] train 85.845%/0.9860 | val 50.000%/42.6667
[2025-09-28 03:45:39,213][root][INFO] - Start epoch 62
[2025-09-28 03:47:52,002][root][INFO] - [62/150] train 85.918%/0.9864 | val 50.000%/23.0266
[2025-09-28 03:47:52,002][root][INFO] - Start epoch 63
[2025-09-28 03:50:05,019][root][INFO] - [63/150] train 85.771%/0.9933 | val 50.000%/110.0724
[2025-09-28 03:50:05,019][root][INFO] - Start epoch 64
[2025-09-28 03:52:18,116][root][INFO] - [64/150] train 86.220%/0.9723 | val 62.819%/3.1462
[2025-09-28 03:52:18,116][root][INFO] - Start epoch 65
[2025-09-28 03:54:32,228][root][INFO] - [65/150] train 86.226%/0.9703 | val 50.000%/58.5269
[2025-09-28 03:54:32,228][root][INFO] - Start epoch 66
[2025-09-28 03:56:44,803][root][INFO] - [66/150] train 86.142%/0.9750 | val 50.000%/148.2385
[2025-09-28 03:56:44,803][root][INFO] - Start epoch 67
[2025-09-28 03:58:58,101][root][INFO] - [67/150] train 86.260%/0.9701 | val 50.361%/9.0429
[2025-09-28 03:58:58,101][root][INFO] - Start epoch 68
[2025-09-28 04:01:11,081][root][INFO] - [68/150] train 86.255%/0.9642 | val 50.000%/43.2708
[2025-09-28 04:01:11,081][root][INFO] - Start epoch 69
[2025-09-28 04:03:24,282][root][INFO] - [69/150] train 86.118%/0.9725 | val 50.000%/141.2686
[2025-09-28 04:03:24,282][root][INFO] - Start epoch 70
[2025-09-28 04:05:37,497][root][INFO] - [70/150] train 86.613%/0.9475 | val 50.375%/11.8238
[2025-09-28 04:05:37,498][root][INFO] - Start epoch 71
[2025-09-28 04:07:50,447][root][INFO] - [71/150] train 86.531%/0.9544 | val 50.000%/106.3835
[2025-09-28 04:07:50,448][root][INFO] - Start epoch 72
[2025-09-28 04:10:03,123][root][INFO] - [72/150] train 86.396%/0.9638 | val 50.000%/121.1641
[2025-09-28 04:10:03,123][root][INFO] - Start epoch 73
[2025-09-28 04:12:16,104][root][INFO] - [73/150] train 86.627%/0.9445 | val 50.000%/54.7796
[2025-09-28 04:12:16,105][root][INFO] - Start epoch 74
[2025-09-28 04:14:29,176][root][INFO] - [74/150] train 86.795%/0.9469 | val 50.000%/51.9820
[2025-09-28 04:14:29,176][root][INFO] - Start epoch 75
[2025-09-28 04:16:42,566][root][INFO] - [75/150] train 86.495%/0.9461 | val 50.000%/51.4900
[2025-09-28 04:16:42,566][root][INFO] - Start epoch 76
[2025-09-28 04:18:55,498][root][INFO] - [76/150] train 86.602%/0.9458 | val 50.000%/62.7255
[2025-09-28 04:18:55,499][root][INFO] - Start epoch 77
[2025-09-28 04:21:08,818][root][INFO] - [77/150] train 86.641%/0.9426 | val 56.014%/5.2278
[2025-09-28 04:21:08,818][root][INFO] - Start epoch 78
[2025-09-28 04:23:22,815][root][INFO] - [78/150] train 86.884%/0.9261 | val 51.361%/7.8906
[2025-09-28 04:23:22,815][root][INFO] - Start epoch 79
[2025-09-28 04:25:36,091][root][INFO] - [79/150] train 86.542%/0.9442 | val 50.000%/18.9674
[2025-09-28 04:25:36,091][root][INFO] - Start epoch 80
[2025-09-28 04:27:49,569][root][INFO] - [80/150] train 86.943%/0.9277 | val 50.000%/53.2078
[2025-09-28 04:27:49,570][root][INFO] - Start epoch 81
[2025-09-28 04:30:02,594][root][INFO] - [81/150] train 86.931%/0.9259 | val 55.514%/5.8425
[2025-09-28 04:30:02,594][root][INFO] - Start epoch 82
[2025-09-28 04:32:15,705][root][INFO] - [82/150] train 86.201%/0.9601 | val 51.889%/5.6978
[2025-09-28 04:32:15,706][root][INFO] - Start epoch 83
[2025-09-28 04:34:29,002][root][INFO] - [83/150] train 87.220%/0.9141 | val 51.292%/8.1818
[2025-09-28 04:34:29,002][root][INFO] - Start epoch 84
[2025-09-28 04:36:42,186][root][INFO] - [84/150] train 87.017%/0.9218 | val 53.653%/6.5532
[2025-09-28 04:36:42,186][root][INFO] - Start epoch 85
[2025-09-28 04:38:55,360][root][INFO] - [85/150] train 86.740%/0.9330 | val 70.764%/2.2357
[2025-09-28 04:38:55,360][root][INFO] - Start epoch 86
[2025-09-28 04:41:08,404][root][INFO] - [86/150] train 86.861%/0.9316 | val 50.000%/162.8805
[2025-09-28 04:41:08,404][root][INFO] - Start epoch 87
[2025-09-28 04:43:21,511][root][INFO] - [87/150] train 87.224%/0.9046 | val 50.000%/23.1734
[2025-09-28 04:43:21,511][root][INFO] - Start epoch 88
[2025-09-28 04:45:34,638][root][INFO] - [88/150] train 87.146%/0.9070 | val 67.181%/2.6818
[2025-09-28 04:45:34,638][root][INFO] - Start epoch 89
[2025-09-28 04:47:47,949][root][INFO] - [89/150] train 87.214%/0.9056 | val 56.069%/6.2850
[2025-09-28 04:47:47,949][root][INFO] - Start epoch 90
[2025-09-28 04:50:01,396][root][INFO] - [90/150] train 87.068%/0.9172 | val 50.000%/432.3342
[2025-09-28 04:50:01,396][root][INFO] - Start epoch 91
[2025-09-28 04:52:14,270][root][INFO] - [91/150] train 87.104%/0.9190 | val 50.014%/16.3431
[2025-09-28 04:52:14,270][root][INFO] - Start epoch 92
[2025-09-28 04:54:27,084][root][INFO] - [92/150] train 87.137%/0.9035 | val 50.000%/77.9306
[2025-09-28 04:54:27,084][root][INFO] - Start epoch 93
[2025-09-28 04:56:40,465][root][INFO] - [93/150] train 86.807%/0.9263 | val 50.000%/28.3219
[2025-09-28 04:56:40,465][root][INFO] - Start epoch 94
[2025-09-28 04:58:53,800][root][INFO] - [94/150] train 87.245%/0.9062 | val 50.000%/26.6280
[2025-09-28 04:58:53,800][root][INFO] - Start epoch 95
[2025-09-28 05:01:07,111][root][INFO] - [95/150] train 87.392%/0.8984 | val 86.667%/0.8572
[2025-09-28 05:01:07,114][root][INFO] - Start epoch 96
[2025-09-28 05:03:20,280][root][INFO] - [96/150] train 87.434%/0.8917 | val 50.000%/20.8492
[2025-09-28 05:03:20,281][root][INFO] - Start epoch 97
[2025-09-28 05:05:33,574][root][INFO] - [97/150] train 87.418%/0.8967 | val 50.000%/29.7056
[2025-09-28 05:05:33,574][root][INFO] - Start epoch 98
[2025-09-28 05:07:46,627][root][INFO] - [98/150] train 87.238%/0.9051 | val 50.014%/16.4744
[2025-09-28 05:07:46,627][root][INFO] - Start epoch 99
[2025-09-28 05:09:59,692][root][INFO] - [99/150] train 87.470%/0.8894 | val 50.083%/18.8470
[2025-09-28 05:09:59,693][root][INFO] - Start epoch 100
[2025-09-28 05:12:12,864][root][INFO] - [100/150] train 87.689%/0.8812 | val 50.000%/81.7276
[2025-09-28 05:12:12,864][root][INFO] - Start epoch 101
[2025-09-28 05:14:25,912][root][INFO] - [101/150] train 87.271%/0.8998 | val 50.000%/37.0620
[2025-09-28 05:14:25,913][root][INFO] - Start epoch 102
[2025-09-28 05:16:39,040][root][INFO] - [102/150] train 87.656%/0.8872 | val 57.083%/6.2590
[2025-09-28 05:16:39,041][root][INFO] - Start epoch 103
[2025-09-28 05:18:52,196][root][INFO] - [103/150] train 87.444%/0.8936 | val 50.000%/21.7733
[2025-09-28 05:18:52,196][root][INFO] - Start epoch 104
[2025-09-28 05:21:05,280][root][INFO] - [104/150] train 87.328%/0.9022 | val 50.000%/69.3201
[2025-09-28 05:21:05,280][root][INFO] - Start epoch 105
[2025-09-28 05:23:18,380][root][INFO] - [105/150] train 87.398%/0.8901 | val 54.778%/5.1756
[2025-09-28 05:23:18,380][root][INFO] - Start epoch 106
[2025-09-28 05:25:31,494][root][INFO] - [106/150] train 87.589%/0.8761 | val 50.319%/9.5966
[2025-09-28 05:25:31,494][root][INFO] - Start epoch 107
[2025-09-28 05:27:44,687][root][INFO] - [107/150] train 87.550%/0.8822 | val 50.000%/41.3111
[2025-09-28 05:27:44,688][root][INFO] - Start epoch 108
[2025-09-28 05:29:57,629][root][INFO] - [108/150] train 87.694%/0.8837 | val 50.000%/37.3511
[2025-09-28 05:29:57,629][root][INFO] - Start epoch 109
[2025-09-28 05:32:10,684][root][INFO] - [109/150] train 87.682%/0.8759 | val 50.000%/24.0341
[2025-09-28 05:32:10,684][root][INFO] - Start epoch 110
[2025-09-28 05:34:23,817][root][INFO] - [110/150] train 87.707%/0.8723 | val 50.000%/25.7429
[2025-09-28 05:34:23,817][root][INFO] - Start epoch 111
[2025-09-28 05:36:36,733][root][INFO] - [111/150] train 87.615%/0.8825 | val 50.014%/20.1103
[2025-09-28 05:36:36,733][root][INFO] - Start epoch 112
[2025-09-28 05:38:49,911][root][INFO] - [112/150] train 87.974%/0.8713 | val 59.222%/4.4559
[2025-09-28 05:38:49,911][root][INFO] - Start epoch 113
[2025-09-28 05:41:03,245][root][INFO] - [113/150] train 87.774%/0.8742 | val 50.000%/36.4913
[2025-09-28 05:41:03,245][root][INFO] - Start epoch 114
[2025-09-28 05:43:17,476][root][INFO] - [114/150] train 87.875%/0.8669 | val 56.333%/5.7851
[2025-09-28 05:43:17,476][root][INFO] - Start epoch 115
[2025-09-28 05:45:30,782][root][INFO] - [115/150] train 88.019%/0.8627 | val 50.000%/75.1401
[2025-09-28 05:45:30,782][root][INFO] - Start epoch 116
[2025-09-28 05:47:43,778][root][INFO] - [116/150] train 87.882%/0.8644 | val 50.264%/17.4407
[2025-09-28 05:47:43,778][root][INFO] - Start epoch 117
[2025-09-28 05:49:56,862][root][INFO] - [117/150] train 87.991%/0.8585 | val 55.639%/6.3654
[2025-09-28 05:49:56,863][root][INFO] - Start epoch 118
[2025-09-28 05:52:09,857][root][INFO] - [118/150] train 87.903%/0.8672 | val 51.778%/9.9887
[2025-09-28 05:52:09,857][root][INFO] - Start epoch 119
[2025-09-28 05:54:22,798][root][INFO] - [119/150] train 88.229%/0.8530 | val 50.000%/39.2343
[2025-09-28 05:54:22,798][root][INFO] - Start epoch 120
[2025-09-28 05:56:35,810][root][INFO] - [120/150] train 87.964%/0.8688 | val 55.069%/6.2475
[2025-09-28 05:56:35,810][root][INFO] - Start epoch 121
[2025-09-28 05:58:49,092][root][INFO] - [121/150] train 87.946%/0.8573 | val 50.000%/59.0552
[2025-09-28 05:58:49,092][root][INFO] - Start epoch 122
[2025-09-28 06:01:02,153][root][INFO] - [122/150] train 88.097%/0.8543 | val 50.000%/58.8717
[2025-09-28 06:01:02,153][root][INFO] - Start epoch 123
[2025-09-28 06:03:15,343][root][INFO] - [123/150] train 88.094%/0.8566 | val 56.681%/5.1024
[2025-09-28 06:03:15,343][root][INFO] - Start epoch 124
[2025-09-28 06:05:28,224][root][INFO] - [124/150] train 88.042%/0.8519 | val 55.528%/5.6157
[2025-09-28 06:05:28,224][root][INFO] - Start epoch 125
[2025-09-28 06:07:41,433][root][INFO] - [125/150] train 87.917%/0.8596 | val 50.000%/70.0438
[2025-09-28 06:07:41,433][root][INFO] - Start epoch 126
[2025-09-28 06:09:54,817][root][INFO] - [126/150] train 88.163%/0.8506 | val 50.000%/35.0599
[2025-09-28 06:09:54,817][root][INFO] - Start epoch 127
[2025-09-28 06:12:09,215][root][INFO] - [127/150] train 87.967%/0.8535 | val 50.000%/21.6662
[2025-09-28 06:12:09,216][root][INFO] - Start epoch 128
[2025-09-28 06:14:22,182][root][INFO] - [128/150] train 88.156%/0.8426 | val 52.000%/10.3709
[2025-09-28 06:14:22,182][root][INFO] - Start epoch 129
[2025-09-28 06:16:35,299][root][INFO] - [129/150] train 87.884%/0.8631 | val 50.000%/32.7579
[2025-09-28 06:16:35,299][root][INFO] - Start epoch 130
[2025-09-28 06:18:48,603][root][INFO] - [130/150] train 88.035%/0.8501 | val 50.083%/23.4132
[2025-09-28 06:18:48,603][root][INFO] - Start epoch 131
[2025-09-28 06:21:01,693][root][INFO] - [131/150] train 88.090%/0.8518 | val 50.000%/57.5484
[2025-09-28 06:21:01,694][root][INFO] - Start epoch 132
[2025-09-28 06:23:15,053][root][INFO] - [132/150] train 88.399%/0.8314 | val 52.028%/8.6728
[2025-09-28 06:23:15,053][root][INFO] - Start epoch 133
[2025-09-28 06:25:28,379][root][INFO] - [133/150] train 88.160%/0.8505 | val 50.000%/49.8303
[2025-09-28 06:25:28,380][root][INFO] - Start epoch 134
[2025-09-28 06:27:41,282][root][INFO] - [134/150] train 88.365%/0.8366 | val 88.444%/0.7855
[2025-09-28 06:27:41,285][root][INFO] - Start epoch 135
[2025-09-28 06:29:54,630][root][INFO] - [135/150] train 88.208%/0.8450 | val 55.014%/6.4359
[2025-09-28 06:29:54,630][root][INFO] - Start epoch 136
[2025-09-28 06:32:08,244][root][INFO] - [136/150] train 88.512%/0.8313 | val 50.000%/22.5989
[2025-09-28 06:32:08,244][root][INFO] - Start epoch 137
[2025-09-28 06:34:21,411][root][INFO] - [137/150] train 87.887%/0.8666 | val 50.000%/66.5951
[2025-09-28 06:34:21,411][root][INFO] - Start epoch 138
[2025-09-28 06:36:34,505][root][INFO] - [138/150] train 88.441%/0.8352 | val 50.000%/40.8155
[2025-09-28 06:36:34,505][root][INFO] - Start epoch 139
[2025-09-28 06:38:47,543][root][INFO] - [139/150] train 88.618%/0.8250 | val 50.000%/21.1732
[2025-09-28 06:38:47,543][root][INFO] - Start epoch 140
[2025-09-28 06:41:00,502][root][INFO] - [140/150] train 88.366%/0.8354 | val 50.000%/28.1628
[2025-09-28 06:41:00,502][root][INFO] - Start epoch 141
[2025-09-28 06:43:14,049][root][INFO] - [141/150] train 88.672%/0.8186 | val 73.833%/1.8204
[2025-09-28 06:43:14,050][root][INFO] - Start epoch 142
[2025-09-28 06:45:27,194][root][INFO] - [142/150] train 88.745%/0.8158 | val 51.847%/8.5957
[2025-09-28 06:45:27,194][root][INFO] - Start epoch 143
[2025-09-28 06:47:40,422][root][INFO] - [143/150] train 88.484%/0.8318 | val 64.417%/3.3674
[2025-09-28 06:47:40,422][root][INFO] - Start epoch 144
[2025-09-28 06:49:53,929][root][INFO] - [144/150] train 88.295%/0.8292 | val 84.472%/1.0428
[2025-09-28 06:49:53,929][root][INFO] - Start epoch 145
[2025-09-28 06:52:07,037][root][INFO] - [145/150] train 87.979%/0.8565 | val 50.000%/67.1448
[2025-09-28 06:52:07,037][root][INFO] - Start epoch 146
[2025-09-28 06:54:20,412][root][INFO] - [146/150] train 88.512%/0.8268 | val 52.125%/9.4467
[2025-09-28 06:54:20,412][root][INFO] - Start epoch 147
[2025-09-28 06:56:33,298][root][INFO] - [147/150] train 88.675%/0.8240 | val 86.667%/0.8818
[2025-09-28 06:56:33,299][root][INFO] - Start epoch 148
[2025-09-28 06:58:45,691][root][INFO] - [148/150] train 88.693%/0.8150 | val 50.000%/26.0810
[2025-09-28 06:58:45,691][root][INFO] - Start epoch 149
[2025-09-28 07:00:58,130][root][INFO] - [149/150] train 88.674%/0.8168 | val 83.597%/1.0373
[2025-09-28 07:00:58,131][root][INFO] - Start epoch 150
[2025-09-28 07:03:10,302][root][INFO] - [150/150] train 88.797%/0.8153 | val 50.042%/17.6810
[2025-09-28 07:03:16,140][root][INFO] - 
[Test Evaluation]
[2025-09-28 07:03:16,140][root][INFO] -  Accuracy : 0.878
[2025-09-28 07:03:16,140][root][INFO] -  Precision: 0.832
[2025-09-28 07:03:16,140][root][INFO] -  Recall   : 0.948
[2025-09-28 07:03:16,140][root][INFO] -  F1       : 0.886
[2025-09-28 07:03:16,141][root][INFO] -  Auc      : 0.960
