[2025-08-25 12:20:10,942][root][INFO] - ORIGINAL CWD : /home/sota/research/sotaohnuma/coffee
[2025-08-25 12:20:10,942][root][INFO] - RUN CWD      : /home/sota/research/sotaohnuma/coffee/outputs/bean_224/deit_b/base/2025-08-25_12-20-10
[2025-08-25 12:20:10,943][root][INFO] - batch: 92, 
 {'batch_size': 92, '_target_': 'models.deit_b.deit_b', 'lr': 2.1e-05, 'weight_decay': 0.00037}
[2025-08-25 12:20:10,943][root][INFO] - lr: 2.1e-05, 
 {'_target_': 'models.deit_b.deit_b', 'lr': 2.1e-05, 'weight_decay': 0.00037}
[2025-08-25 12:20:10,943][root][INFO] - weight_decay: 0.00037, 
 {'_target_': 'models.deit_b.deit_b', 'weight_decay': 0.00037}
[2025-08-25 12:20:16,473][root][INFO] - Start loading train data
[2025-08-25 12:20:16,599][root][INFO] - Start loading val data
[2025-08-25 12:20:16,614][root][INFO] - Start loading test data
[2025-08-25 12:20:16,629][root][INFO] - Finished DataLoader setup
[2025-08-25 12:20:16,630][root][INFO] - Start: 0
[2025-08-25 12:42:11,065][root][INFO] - [01/100] train 80.170%/0.4028 | val 96.181%/0.1209
[2025-08-25 12:42:11,555][root][INFO] - Start: 1
[2025-08-25 13:04:10,585][root][INFO] - [02/100] train 97.368%/0.0724 | val 97.181%/0.0900
[2025-08-25 13:04:14,512][root][INFO] - Start: 2
[2025-08-25 13:26:13,646][root][INFO] - [03/100] train 99.271%/0.0226 | val 97.292%/0.1070
[2025-08-25 13:26:17,435][root][INFO] - Start: 3
[2025-08-25 13:48:15,904][root][INFO] - [04/100] train 99.767%/0.0072 | val 95.764%/0.1872
[2025-08-25 13:48:15,905][root][INFO] - Start: 4
[2025-08-25 14:10:17,386][root][INFO] - [05/100] train 99.800%/0.0063 | val 96.556%/0.1613
[2025-08-25 14:10:17,386][root][INFO] - Start: 5
[2025-08-25 14:32:18,067][root][INFO] - [06/100] train 99.781%/0.0065 | val 97.125%/0.1418
[2025-08-25 14:32:18,068][root][INFO] - Start: 6
[2025-08-25 14:54:16,801][root][INFO] - [07/100] train 99.786%/0.0062 | val 96.569%/0.1516
[2025-08-25 14:54:16,801][root][INFO] - Start: 7
[2025-08-25 15:16:17,078][root][INFO] - [08/100] train 99.950%/0.0017 | val 92.917%/0.2964
[2025-08-25 15:16:17,078][root][INFO] - Start: 8
[2025-08-25 15:38:18,767][root][INFO] - [09/100] train 99.677%/0.0101 | val 97.139%/0.1789
[2025-08-25 15:38:18,768][root][INFO] - Start: 9
[2025-08-25 16:00:20,418][root][INFO] - [10/100] train 99.819%/0.0053 | val 97.417%/0.1681
[2025-08-25 16:00:24,377][root][INFO] - Start: 10
[2025-08-25 16:22:22,997][root][INFO] - [11/100] train 99.885%/0.0037 | val 97.028%/0.2021
[2025-08-25 16:22:22,997][root][INFO] - Start: 11
[2025-08-25 16:44:24,705][root][INFO] - [12/100] train 99.877%/0.0036 | val 96.833%/0.1673
[2025-08-25 16:44:24,706][root][INFO] - Start: 12
[2025-08-25 17:06:26,345][root][INFO] - [13/100] train 99.858%/0.0037 | val 96.569%/0.1917
[2025-08-25 17:06:26,345][root][INFO] - Start: 13
[2025-08-25 17:28:27,417][root][INFO] - [14/100] train 99.913%/0.0029 | val 93.708%/0.3493
[2025-08-25 17:28:27,418][root][INFO] - Start: 14
[2025-08-25 17:50:29,111][root][INFO] - [15/100] train 99.884%/0.0039 | val 93.111%/0.3770
[2025-08-25 17:50:29,111][root][INFO] - Start: 15
[2025-08-25 18:12:31,281][root][INFO] - [16/100] train 99.936%/0.0019 | val 96.333%/0.2487
[2025-08-25 18:12:31,281][root][INFO] - Start: 16
[2025-08-25 18:34:33,289][root][INFO] - [17/100] train 99.910%/0.0027 | val 97.014%/0.2062
[2025-08-25 18:34:33,290][root][INFO] - Start: 17
[2025-08-25 18:56:36,778][root][INFO] - [18/100] train 99.922%/0.0023 | val 96.361%/0.2207
[2025-08-25 18:56:36,779][root][INFO] - Start: 18
[2025-08-25 19:18:40,358][root][INFO] - [19/100] train 99.967%/0.0012 | val 97.250%/0.2209
[2025-08-25 19:18:40,358][root][INFO] - Start: 19
[2025-08-25 19:40:39,424][root][INFO] - [20/100] train 100.000%/0.0000 | val 97.306%/0.2244
[2025-08-25 19:40:39,424][root][INFO] - Start: 20
[2025-08-25 20:02:40,728][root][INFO] - [21/100] train 100.000%/0.0000 | val 97.347%/0.2293
[2025-08-25 20:02:40,728][root][INFO] - Start: 21
[2025-08-25 20:24:42,995][root][INFO] - [22/100] train 100.000%/0.0000 | val 97.347%/0.2362
[2025-08-25 20:24:42,995][root][INFO] - Start: 22
[2025-08-25 20:46:44,693][root][INFO] - [23/100] train 100.000%/0.0000 | val 97.347%/0.2418
[2025-08-25 20:46:44,693][root][INFO] - Start: 23
[2025-08-25 21:08:44,275][root][INFO] - [24/100] train 100.000%/0.0000 | val 97.361%/0.2476
[2025-08-25 21:08:44,275][root][INFO] - Start: 24
[2025-08-25 21:30:47,233][root][INFO] - [25/100] train 100.000%/0.0000 | val 97.403%/0.2528
[2025-08-25 21:30:47,233][root][INFO] - Start: 25
[2025-08-25 21:52:49,546][root][INFO] - [26/100] train 100.000%/0.0000 | val 97.389%/0.2586
[2025-08-25 21:52:49,546][root][INFO] - Start: 26
[2025-08-25 22:14:51,853][root][INFO] - [27/100] train 100.000%/0.0000 | val 97.389%/0.2651
[2025-08-25 22:14:51,853][root][INFO] - Start: 27
[2025-08-25 22:36:52,174][root][INFO] - [28/100] train 100.000%/0.0000 | val 97.403%/0.2701
[2025-08-25 22:36:52,174][root][INFO] - Start: 28
[2025-08-25 22:58:51,409][root][INFO] - [29/100] train 100.000%/0.0000 | val 97.403%/0.2755
[2025-08-25 22:58:51,410][root][INFO] - Start: 29
[2025-08-25 23:20:53,249][root][INFO] - [30/100] train 100.000%/0.0000 | val 97.403%/0.2822
[2025-08-25 23:20:53,249][root][INFO] - Start: 30
[2025-08-25 23:42:55,510][root][INFO] - [31/100] train 100.000%/0.0000 | val 97.389%/0.2886
[2025-08-25 23:42:55,511][root][INFO] - Start: 31
[2025-08-26 00:04:57,223][root][INFO] - [32/100] train 100.000%/0.0000 | val 97.431%/0.2941
[2025-08-26 00:05:01,081][root][INFO] - Start: 32
[2025-08-26 00:27:00,433][root][INFO] - [33/100] train 100.000%/0.0000 | val 97.431%/0.3000
[2025-08-26 00:27:00,433][root][INFO] - Start: 33
[2025-08-26 00:49:02,620][root][INFO] - [34/100] train 100.000%/0.0000 | val 97.403%/0.3061
[2025-08-26 00:49:02,620][root][INFO] - Start: 34
[2025-08-26 01:11:05,005][root][INFO] - [35/100] train 100.000%/0.0000 | val 97.417%/0.3121
[2025-08-26 01:11:05,005][root][INFO] - Start: 35
[2025-08-26 01:33:07,297][root][INFO] - [36/100] train 100.000%/0.0000 | val 97.417%/0.3176
[2025-08-26 01:33:07,297][root][INFO] - Start: 36
[2025-08-26 01:55:07,323][root][INFO] - [37/100] train 100.000%/0.0000 | val 97.417%/0.3230
[2025-08-26 01:55:07,324][root][INFO] - Start: 37
[2025-08-26 02:17:10,233][root][INFO] - [38/100] train 100.000%/0.0000 | val 97.417%/0.3287
[2025-08-26 02:17:10,233][root][INFO] - Start: 38
[2025-08-26 02:39:12,250][root][INFO] - [39/100] train 100.000%/0.0000 | val 97.417%/0.3338
[2025-08-26 02:39:12,250][root][INFO] - Start: 39
[2025-08-26 03:01:14,139][root][INFO] - [40/100] train 100.000%/0.0000 | val 97.403%/0.3395
[2025-08-26 03:01:14,140][root][INFO] - Start: 40
[2025-08-26 03:23:13,653][root][INFO] - [41/100] train 100.000%/0.0000 | val 97.417%/0.3438
[2025-08-26 03:23:13,653][root][INFO] - Start: 41
[2025-08-26 03:45:16,128][root][INFO] - [42/100] train 100.000%/0.0000 | val 97.417%/0.3488
[2025-08-26 03:45:16,129][root][INFO] - Start: 42
[2025-08-26 04:07:18,600][root][INFO] - [43/100] train 100.000%/0.0000 | val 97.417%/0.3536
[2025-08-26 04:07:18,600][root][INFO] - Start: 43
[2025-08-26 04:29:21,351][root][INFO] - [44/100] train 100.000%/0.0000 | val 97.403%/0.3585
[2025-08-26 04:29:21,351][root][INFO] - Start: 44
[2025-08-26 04:51:23,127][root][INFO] - [45/100] train 100.000%/0.0000 | val 97.389%/0.3633
[2025-08-26 04:51:23,128][root][INFO] - Start: 45
[2025-08-26 05:13:27,269][root][INFO] - [46/100] train 100.000%/0.0000 | val 97.389%/0.3674
[2025-08-26 05:13:27,270][root][INFO] - Start: 46
[2025-08-26 05:35:29,933][root][INFO] - [47/100] train 100.000%/0.0000 | val 97.375%/0.3720
[2025-08-26 05:35:29,934][root][INFO] - Start: 47
[2025-08-26 05:57:33,568][root][INFO] - [48/100] train 100.000%/0.0000 | val 97.361%/0.3763
[2025-08-26 05:57:33,568][root][INFO] - Start: 48
[2025-08-26 06:19:37,048][root][INFO] - [49/100] train 100.000%/0.0000 | val 97.347%/0.3804
[2025-08-26 06:19:37,048][root][INFO] - Start: 49
[2025-08-26 06:41:37,182][root][INFO] - [50/100] train 100.000%/0.0000 | val 97.361%/0.3834
[2025-08-26 06:41:37,182][root][INFO] - Start: 50
[2025-08-26 07:03:40,392][root][INFO] - [51/100] train 100.000%/0.0000 | val 97.361%/0.3872
[2025-08-26 07:03:40,392][root][INFO] - Start: 51
[2025-08-26 07:25:43,895][root][INFO] - [52/100] train 100.000%/0.0000 | val 97.361%/0.3907
[2025-08-26 07:25:43,896][root][INFO] - Start: 52
[2025-08-26 07:47:47,301][root][INFO] - [53/100] train 100.000%/0.0000 | val 97.347%/0.3946
[2025-08-26 07:47:47,301][root][INFO] - Start: 53
[2025-08-26 08:09:48,913][root][INFO] - [54/100] train 100.000%/0.0000 | val 97.347%/0.3988
[2025-08-26 08:09:48,913][root][INFO] - Start: 54
[2025-08-26 08:31:52,621][root][INFO] - [55/100] train 100.000%/0.0000 | val 97.347%/0.4027
[2025-08-26 08:31:52,621][root][INFO] - Start: 55
[2025-08-26 08:53:56,110][root][INFO] - [56/100] train 100.000%/0.0000 | val 97.347%/0.4068
[2025-08-26 08:53:56,110][root][INFO] - Start: 56
[2025-08-26 09:16:00,139][root][INFO] - [57/100] train 100.000%/0.0000 | val 97.347%/0.4106
[2025-08-26 09:16:00,139][root][INFO] - Start: 57
[2025-08-26 09:38:01,313][root][INFO] - [58/100] train 100.000%/0.0000 | val 97.347%/0.4141
[2025-08-26 09:38:01,314][root][INFO] - Start: 58
[2025-08-26 10:00:06,841][root][INFO] - [59/100] train 100.000%/0.0000 | val 97.347%/0.4176
[2025-08-26 10:00:06,841][root][INFO] - Start: 59
[2025-08-26 10:22:10,133][root][INFO] - [60/100] train 100.000%/0.0000 | val 97.347%/0.4209
[2025-08-26 10:22:10,134][root][INFO] - Start: 60
[2025-08-26 10:44:14,109][root][INFO] - [61/100] train 100.000%/0.0000 | val 97.347%/0.4238
[2025-08-26 10:44:14,109][root][INFO] - Start: 61
[2025-08-26 11:06:18,197][root][INFO] - [62/100] train 100.000%/0.0000 | val 97.347%/0.4266
[2025-08-26 11:06:18,197][root][INFO] - Start: 62
[2025-08-26 11:28:17,752][root][INFO] - [63/100] train 100.000%/0.0000 | val 97.347%/0.4291
[2025-08-26 11:28:17,752][root][INFO] - Start: 63
[2025-08-26 11:50:21,900][root][INFO] - [64/100] train 100.000%/0.0000 | val 97.347%/0.4314
[2025-08-26 11:50:21,900][root][INFO] - Start: 64
[2025-08-26 12:12:26,113][root][INFO] - [65/100] train 100.000%/0.0000 | val 97.347%/0.4334
[2025-08-26 12:12:26,113][root][INFO] - Start: 65
[2025-08-26 12:34:30,297][root][INFO] - [66/100] train 100.000%/0.0000 | val 97.347%/0.4353
[2025-08-26 12:34:30,297][root][INFO] - Start: 66
[2025-08-26 12:56:30,425][root][INFO] - [67/100] train 100.000%/0.0000 | val 97.333%/0.4369
[2025-08-26 12:56:30,425][root][INFO] - Start: 67
[2025-08-26 13:18:33,593][root][INFO] - [68/100] train 100.000%/0.0000 | val 97.333%/0.4384
[2025-08-26 13:18:33,593][root][INFO] - Start: 68
[2025-08-26 13:40:37,338][root][INFO] - [69/100] train 100.000%/0.0000 | val 97.333%/0.4398
[2025-08-26 13:40:37,338][root][INFO] - Start: 69
[2025-08-26 14:02:41,515][root][INFO] - [70/100] train 100.000%/0.0000 | val 97.347%/0.4410
[2025-08-26 14:02:41,516][root][INFO] - Start: 70
[2025-08-26 14:24:43,677][root][INFO] - [71/100] train 100.000%/0.0000 | val 97.347%/0.4420
[2025-08-26 14:24:43,678][root][INFO] - Start: 71
[2025-08-26 14:46:48,170][root][INFO] - [72/100] train 100.000%/0.0000 | val 97.347%/0.4430
[2025-08-26 14:46:48,171][root][INFO] - Start: 72
[2025-08-26 15:08:53,125][root][INFO] - [73/100] train 100.000%/0.0000 | val 97.347%/0.4439
[2025-08-26 15:08:53,125][root][INFO] - Start: 73
[2025-08-26 15:30:58,139][root][INFO] - [74/100] train 100.000%/0.0000 | val 97.347%/0.4447
[2025-08-26 15:30:58,139][root][INFO] - Start: 74
[2025-08-26 15:53:02,504][root][INFO] - [75/100] train 100.000%/0.0000 | val 97.347%/0.4454
[2025-08-26 15:53:02,504][root][INFO] - Start: 75
[2025-08-26 16:15:08,240][root][INFO] - [76/100] train 100.000%/0.0000 | val 97.347%/0.4460
[2025-08-26 16:15:08,240][root][INFO] - Start: 76
[2025-08-26 16:37:11,783][root][INFO] - [77/100] train 100.000%/0.0000 | val 97.347%/0.4466
[2025-08-26 16:37:11,784][root][INFO] - Start: 77
[2025-08-26 16:59:16,286][root][INFO] - [78/100] train 100.000%/0.0000 | val 97.347%/0.4471
[2025-08-26 16:59:16,286][root][INFO] - Start: 78
[2025-08-26 17:21:20,405][root][INFO] - [79/100] train 100.000%/0.0000 | val 97.347%/0.4476
[2025-08-26 17:21:20,406][root][INFO] - Start: 79
[2025-08-26 17:43:23,518][root][INFO] - [80/100] train 100.000%/0.0000 | val 97.347%/0.4480
[2025-08-26 17:43:23,518][root][INFO] - Start: 80
[2025-08-26 18:05:28,229][root][INFO] - [81/100] train 100.000%/0.0000 | val 97.347%/0.4484
[2025-08-26 18:05:28,229][root][INFO] - Start: 81
[2025-08-26 18:27:32,759][root][INFO] - [82/100] train 100.000%/0.0000 | val 97.347%/0.4487
[2025-08-26 18:27:32,759][root][INFO] - Start: 82
[2025-08-26 18:49:38,654][root][INFO] - [83/100] train 100.000%/0.0000 | val 97.347%/0.4490
[2025-08-26 18:49:38,655][root][INFO] - Start: 83
[2025-08-26 19:11:44,534][root][INFO] - [84/100] train 100.000%/0.0000 | val 97.347%/0.4492
[2025-08-26 19:11:44,534][root][INFO] - Start: 84
[2025-08-26 19:33:44,985][root][INFO] - [85/100] train 100.000%/0.0000 | val 97.347%/0.4494
[2025-08-26 19:33:44,985][root][INFO] - Start: 85
[2025-08-26 19:55:52,243][root][INFO] - [86/100] train 100.000%/0.0000 | val 97.347%/0.4496
[2025-08-26 19:55:52,243][root][INFO] - Start: 86
[2025-08-26 20:17:58,069][root][INFO] - [87/100] train 100.000%/0.0000 | val 97.347%/0.4498
[2025-08-26 20:17:58,069][root][INFO] - Start: 87
[2025-08-26 20:40:03,762][root][INFO] - [88/100] train 100.000%/0.0000 | val 97.347%/0.4499
[2025-08-26 20:40:03,762][root][INFO] - Start: 88
[2025-08-26 21:02:04,938][root][INFO] - [89/100] train 100.000%/0.0000 | val 97.347%/0.4501
[2025-08-26 21:02:04,938][root][INFO] - Start: 89
[2025-08-26 21:24:08,350][root][INFO] - [90/100] train 100.000%/0.0000 | val 97.347%/0.4502
[2025-08-26 21:24:08,350][root][INFO] - Start: 90
[2025-08-26 21:46:12,243][root][INFO] - [91/100] train 100.000%/0.0000 | val 97.347%/0.4502
[2025-08-26 21:46:12,243][root][INFO] - Start: 91
[2025-08-26 22:08:16,837][root][INFO] - [92/100] train 100.000%/0.0000 | val 97.347%/0.4503
[2025-08-26 22:08:16,837][root][INFO] - Start: 92
[2025-08-26 22:30:19,790][root][INFO] - [93/100] train 100.000%/0.0000 | val 97.347%/0.4503
[2025-08-26 22:30:19,790][root][INFO] - Start: 93
[2025-08-26 22:52:24,061][root][INFO] - [94/100] train 100.000%/0.0000 | val 97.347%/0.4504
[2025-08-26 22:52:24,061][root][INFO] - Start: 94
[2025-08-26 23:14:29,073][root][INFO] - [95/100] train 100.000%/0.0000 | val 97.347%/0.4504
[2025-08-26 23:14:29,073][root][INFO] - Start: 95
[2025-08-26 23:36:34,437][root][INFO] - [96/100] train 100.000%/0.0000 | val 97.347%/0.4504
[2025-08-26 23:36:34,438][root][INFO] - Start: 96
[2025-08-26 23:58:38,226][root][INFO] - [97/100] train 100.000%/0.0000 | val 97.347%/0.4504
[2025-08-26 23:58:38,227][root][INFO] - Start: 97
[2025-08-27 00:20:39,009][root][INFO] - [98/100] train 100.000%/0.0000 | val 97.347%/0.4504
[2025-08-27 00:20:39,009][root][INFO] - Start: 98
[2025-08-27 00:42:43,323][root][INFO] - [99/100] train 100.000%/0.0000 | val 97.347%/0.4504
[2025-08-27 00:42:43,324][root][INFO] - Start: 99
[2025-08-27 01:04:48,242][root][INFO] - [100/100] train 100.000%/0.0000 | val 97.347%/0.4504
[2025-08-27 01:05:58,144][root][INFO] - 
[Test Evaluation]
[2025-08-27 01:05:58,144][root][INFO] -  Accuracy : 0.976
[2025-08-27 01:05:58,144][root][INFO] -  Precision: 0.965
[2025-08-27 01:05:58,145][root][INFO] -  Recall   : 0.988
[2025-08-27 01:05:58,145][root][INFO] -  F1       : 0.976
[2025-08-27 01:05:58,145][root][INFO] -  Auc      : 0.997
