[2025-09-26 08:37:38,944][root][INFO] - ORIGINAL CWD : /home/sota/research/sotaohnuma/coffee
[2025-09-26 08:37:38,944][root][INFO] - RUN CWD      : /home/sota/research/sotaohnuma/coffee/outputs/kd/cnn_student100/2025-09-26_08-37-38
[2025-09-26 08:37:40,001][root][INFO] - Start epoch 1
[2025-09-26 08:39:51,381][root][INFO] - [01/50] train 62.545%/1.8945 | val 50.486%/1.9272
[2025-09-26 08:39:51,385][root][INFO] - Start epoch 2
[2025-09-26 08:42:04,637][root][INFO] - [02/50] train 65.611%/1.8170 | val 50.000%/3.5428
[2025-09-26 08:42:04,637][root][INFO] - Start epoch 3
[2025-09-26 08:44:18,028][root][INFO] - [03/50] train 67.625%/1.7614 | val 65.167%/1.7646
[2025-09-26 08:44:18,032][root][INFO] - Start epoch 4
[2025-09-26 08:46:31,371][root][INFO] - [04/50] train 71.177%/1.6732 | val 55.167%/2.9127
[2025-09-26 08:46:31,371][root][INFO] - Start epoch 5
[2025-09-26 08:48:44,704][root][INFO] - [05/50] train 74.748%/1.5566 | val 50.542%/8.5515
[2025-09-26 08:48:44,705][root][INFO] - Start epoch 6
[2025-09-26 08:50:58,392][root][INFO] - [06/50] train 75.863%/1.5067 | val 52.778%/5.0052
[2025-09-26 08:50:58,392][root][INFO] - Start epoch 7
[2025-09-26 08:53:11,180][root][INFO] - [07/50] train 77.030%/1.4724 | val 50.000%/20.0604
[2025-09-26 08:53:11,180][root][INFO] - Start epoch 8
[2025-09-26 08:55:24,816][root][INFO] - [08/50] train 77.832%/1.4281 | val 50.222%/9.9904
[2025-09-26 08:55:24,816][root][INFO] - Start epoch 9
[2025-09-26 08:57:38,269][root][INFO] - [09/50] train 78.847%/1.3881 | val 80.597%/1.2719
[2025-09-26 08:57:38,272][root][INFO] - Start epoch 10
[2025-09-26 08:59:51,351][root][INFO] - [10/50] train 79.738%/1.3493 | val 50.000%/16.0190
[2025-09-26 08:59:51,351][root][INFO] - Start epoch 11
[2025-09-26 09:02:04,444][root][INFO] - [11/50] train 80.356%/1.3189 | val 51.833%/3.7045
[2025-09-26 09:02:04,444][root][INFO] - Start epoch 12
[2025-09-26 09:04:18,103][root][INFO] - [12/50] train 81.052%/1.2860 | val 81.083%/1.1712
[2025-09-26 09:04:18,106][root][INFO] - Start epoch 13
[2025-09-26 09:06:31,256][root][INFO] - [13/50] train 81.420%/1.2642 | val 63.667%/2.0421
[2025-09-26 09:06:31,256][root][INFO] - Start epoch 14
[2025-09-26 09:08:44,978][root][INFO] - [14/50] train 82.191%/1.2293 | val 50.000%/19.1280
[2025-09-26 09:08:44,978][root][INFO] - Start epoch 15
[2025-09-26 09:10:59,103][root][INFO] - [15/50] train 82.321%/1.2125 | val 53.875%/7.0545
[2025-09-26 09:10:59,103][root][INFO] - Start epoch 16
[2025-09-26 09:13:12,707][root][INFO] - [16/50] train 82.845%/1.1942 | val 67.569%/1.6667
[2025-09-26 09:13:12,707][root][INFO] - Start epoch 17
[2025-09-26 09:15:26,092][root][INFO] - [17/50] train 83.151%/1.1674 | val 50.000%/24.8038
[2025-09-26 09:15:26,092][root][INFO] - Start epoch 18
[2025-09-26 09:17:40,016][root][INFO] - [18/50] train 83.542%/1.1502 | val 58.833%/3.7180
[2025-09-26 09:17:40,016][root][INFO] - Start epoch 19
[2025-09-26 09:19:53,708][root][INFO] - [19/50] train 83.922%/1.1286 | val 50.000%/36.7553
[2025-09-26 09:19:53,708][root][INFO] - Start epoch 20
[2025-09-26 09:22:07,311][root][INFO] - [20/50] train 84.102%/1.1106 | val 50.569%/7.8709
[2025-09-26 09:22:07,311][root][INFO] - Start epoch 21
[2025-09-26 09:24:21,146][root][INFO] - [21/50] train 84.399%/1.0998 | val 50.000%/23.6546
[2025-09-26 09:24:21,146][root][INFO] - Start epoch 22
[2025-09-26 09:26:34,590][root][INFO] - [22/50] train 84.300%/1.0947 | val 68.625%/1.9769
[2025-09-26 09:26:34,590][root][INFO] - Start epoch 23
[2025-09-26 09:28:47,642][root][INFO] - [23/50] train 84.701%/1.0743 | val 53.736%/4.3419
[2025-09-26 09:28:47,642][root][INFO] - Start epoch 24
[2025-09-26 09:31:01,279][root][INFO] - [24/50] train 85.146%/1.0578 | val 50.069%/19.2325
[2025-09-26 09:31:01,279][root][INFO] - Start epoch 25
[2025-09-26 09:33:14,847][root][INFO] - [25/50] train 85.116%/1.0508 | val 72.417%/1.6859
[2025-09-26 09:33:14,847][root][INFO] - Start epoch 26
[2025-09-26 09:35:28,192][root][INFO] - [26/50] train 85.422%/1.0416 | val 85.389%/0.9106
[2025-09-26 09:35:28,195][root][INFO] - Start epoch 27
[2025-09-26 09:37:41,443][root][INFO] - [27/50] train 85.314%/1.0378 | val 53.389%/6.0285
[2025-09-26 09:37:41,444][root][INFO] - Start epoch 28
[2025-09-26 09:39:54,869][root][INFO] - [28/50] train 85.880%/1.0170 | val 50.000%/49.0101
[2025-09-26 09:39:54,869][root][INFO] - Start epoch 29
[2025-09-26 09:42:09,092][root][INFO] - [29/50] train 85.755%/1.0174 | val 50.000%/22.7480
[2025-09-26 09:42:09,093][root][INFO] - Start epoch 30
[2025-09-26 09:44:22,717][root][INFO] - [30/50] train 86.021%/1.0036 | val 50.264%/15.4089
[2025-09-26 09:44:22,717][root][INFO] - Start epoch 31
[2025-09-26 09:46:36,277][root][INFO] - [31/50] train 86.047%/0.9939 | val 80.250%/1.1640
[2025-09-26 09:46:36,277][root][INFO] - Start epoch 32
[2025-09-26 09:48:50,073][root][INFO] - [32/50] train 86.314%/0.9935 | val 50.000%/32.7328
[2025-09-26 09:48:50,074][root][INFO] - Start epoch 33
[2025-09-26 09:51:03,520][root][INFO] - [33/50] train 86.255%/0.9875 | val 73.736%/1.5175
[2025-09-26 09:51:03,520][root][INFO] - Start epoch 34
[2025-09-26 09:53:17,575][root][INFO] - [34/50] train 86.292%/0.9827 | val 86.750%/0.8508
[2025-09-26 09:53:17,579][root][INFO] - Start epoch 35
[2025-09-26 09:55:31,355][root][INFO] - [35/50] train 86.438%/0.9733 | val 75.611%/1.3443
[2025-09-26 09:55:31,355][root][INFO] - Start epoch 36
[2025-09-26 09:57:44,873][root][INFO] - [36/50] train 86.462%/0.9710 | val 50.069%/15.6349
[2025-09-26 09:57:44,873][root][INFO] - Start epoch 37
[2025-09-26 09:59:58,632][root][INFO] - [37/50] train 86.750%/0.9603 | val 50.306%/12.4330
[2025-09-26 09:59:58,633][root][INFO] - Start epoch 38
[2025-09-26 10:02:12,236][root][INFO] - [38/50] train 86.670%/0.9584 | val 50.000%/34.5503
[2025-09-26 10:02:12,236][root][INFO] - Start epoch 39
[2025-09-26 10:04:25,593][root][INFO] - [39/50] train 86.762%/0.9552 | val 75.750%/1.4148
[2025-09-26 10:04:25,593][root][INFO] - Start epoch 40
[2025-09-26 10:06:39,095][root][INFO] - [40/50] train 87.109%/0.9448 | val 50.528%/11.9492
[2025-09-26 10:06:39,095][root][INFO] - Start epoch 41
[2025-09-26 10:08:52,534][root][INFO] - [41/50] train 86.804%/0.9487 | val 50.806%/8.2183
[2025-09-26 10:08:52,534][root][INFO] - Start epoch 42
[2025-09-26 10:11:06,263][root][INFO] - [42/50] train 87.089%/0.9386 | val 50.083%/11.8961
[2025-09-26 10:11:06,263][root][INFO] - Start epoch 43
[2025-09-26 10:13:20,044][root][INFO] - [43/50] train 87.236%/0.9289 | val 69.222%/1.9526
[2025-09-26 10:13:20,044][root][INFO] - Start epoch 44
[2025-09-26 10:15:33,436][root][INFO] - [44/50] train 87.189%/0.9283 | val 52.333%/6.8630
[2025-09-26 10:15:33,436][root][INFO] - Start epoch 45
[2025-09-26 10:17:46,445][root][INFO] - [45/50] train 87.333%/0.9230 | val 76.847%/1.3965
[2025-09-26 10:17:46,446][root][INFO] - Start epoch 46
[2025-09-26 10:19:59,423][root][INFO] - [46/50] train 87.299%/0.9225 | val 85.306%/0.9293
[2025-09-26 10:19:59,423][root][INFO] - Start epoch 47
[2025-09-26 10:22:13,151][root][INFO] - [47/50] train 87.453%/0.9120 | val 50.000%/45.3844
[2025-09-26 10:22:13,152][root][INFO] - Start epoch 48
[2025-09-26 10:24:26,669][root][INFO] - [48/50] train 87.568%/0.9082 | val 64.278%/2.6257
[2025-09-26 10:24:26,670][root][INFO] - Start epoch 49
[2025-09-26 10:26:39,855][root][INFO] - [49/50] train 87.557%/0.9091 | val 50.000%/18.3401
[2025-09-26 10:26:39,855][root][INFO] - Start epoch 50
[2025-09-26 10:28:51,800][root][INFO] - [50/50] train 87.707%/0.8999 | val 61.333%/2.8331
[2025-09-26 10:28:58,077][root][INFO] - 
[Test Evaluation]
[2025-09-26 10:28:58,077][root][INFO] -  Accuracy : 0.857
[2025-09-26 10:28:58,077][root][INFO] -  Precision: 0.873
[2025-09-26 10:28:58,077][root][INFO] -  Recall   : 0.835
[2025-09-26 10:28:58,077][root][INFO] -  F1       : 0.854
[2025-09-26 10:28:58,077][root][INFO] -  Auc      : 0.942
