[2025-09-26 23:26:07,058][root][INFO] - ORIGINAL CWD : /home/sota/research/sotaohnuma/coffee
[2025-09-26 23:26:07,058][root][INFO] - RUN CWD      : /home/sota/research/sotaohnuma/coffee/outputs/kd/swin/middle/2025-09-26_23-26-07
[2025-09-26 23:26:08,744][root][INFO] - Start epoch 1
[2025-09-26 23:32:38,960][root][INFO] - [01/150] train 64.917%/7.7002 | val 55.042%/11.2752
[2025-09-26 23:32:38,964][root][INFO] - Start epoch 2
[2025-09-26 23:39:16,382][root][INFO] - [02/150] train 71.575%/6.9869 | val 50.000%/38.3415
[2025-09-26 23:39:16,383][root][INFO] - Start epoch 3
[2025-09-26 23:45:51,947][root][INFO] - [03/150] train 74.306%/6.6093 | val 67.889%/7.1333
[2025-09-26 23:45:51,950][root][INFO] - Start epoch 4
[2025-09-26 23:52:27,344][root][INFO] - [04/150] train 76.115%/6.3213 | val 50.056%/45.0126
[2025-09-26 23:52:27,344][root][INFO] - Start epoch 5
[2025-09-26 23:59:02,989][root][INFO] - [05/150] train 78.325%/5.9919 | val 53.528%/15.1730
[2025-09-26 23:59:02,989][root][INFO] - Start epoch 6
[2025-09-27 00:05:38,426][root][INFO] - [06/150] train 80.102%/5.6688 | val 50.000%/51.0499
[2025-09-27 00:05:38,427][root][INFO] - Start epoch 7
[2025-09-27 00:12:14,129][root][INFO] - [07/150] train 81.726%/5.3826 | val 50.139%/43.0108
[2025-09-27 00:12:14,130][root][INFO] - Start epoch 8
[2025-09-27 00:18:49,255][root][INFO] - [08/150] train 82.396%/5.1902 | val 50.000%/189.0700
[2025-09-27 00:18:49,256][root][INFO] - Start epoch 9
[2025-09-27 00:25:25,106][root][INFO] - [09/150] train 82.927%/5.0854 | val 50.000%/83.1665
[2025-09-27 00:25:25,107][root][INFO] - Start epoch 10
[2025-09-27 00:32:00,673][root][INFO] - [10/150] train 83.630%/4.9310 | val 50.000%/110.5238
[2025-09-27 00:32:00,674][root][INFO] - Start epoch 11
[2025-09-27 00:38:36,654][root][INFO] - [11/150] train 84.158%/4.8175 | val 50.000%/145.8093
[2025-09-27 00:38:36,654][root][INFO] - Start epoch 12
[2025-09-27 00:45:12,873][root][INFO] - [12/150] train 84.361%/4.7410 | val 50.000%/296.7803
[2025-09-27 00:45:12,873][root][INFO] - Start epoch 13
[2025-09-27 00:51:49,216][root][INFO] - [13/150] train 84.753%/4.6739 | val 50.000%/217.6286
[2025-09-27 00:51:49,216][root][INFO] - Start epoch 14
[2025-09-27 00:58:25,185][root][INFO] - [14/150] train 84.997%/4.6223 | val 50.167%/36.6504
[2025-09-27 00:58:25,185][root][INFO] - Start epoch 15
[2025-09-27 01:05:00,069][root][INFO] - [15/150] train 84.922%/4.5770 | val 50.000%/151.7710
[2025-09-27 01:05:00,069][root][INFO] - Start epoch 16
[2025-09-27 01:11:35,878][root][INFO] - [16/150] train 85.613%/4.4462 | val 56.528%/14.8317
[2025-09-27 01:11:35,878][root][INFO] - Start epoch 17
[2025-09-27 01:18:12,577][root][INFO] - [17/150] train 85.623%/4.4641 | val 50.000%/258.2435
[2025-09-27 01:18:12,577][root][INFO] - Start epoch 18
[2025-09-27 01:24:47,772][root][INFO] - [18/150] train 86.111%/4.3661 | val 50.000%/219.4207
[2025-09-27 01:24:47,772][root][INFO] - Start epoch 19
[2025-09-27 01:31:24,201][root][INFO] - [19/150] train 86.069%/4.3369 | val 50.236%/34.1778
[2025-09-27 01:31:24,201][root][INFO] - Start epoch 20
[2025-09-27 01:37:59,754][root][INFO] - [20/150] train 86.226%/4.3018 | val 50.000%/402.6621
[2025-09-27 01:37:59,754][root][INFO] - Start epoch 21
[2025-09-27 01:44:35,661][root][INFO] - [21/150] train 86.465%/4.2788 | val 50.000%/179.0911
[2025-09-27 01:44:35,661][root][INFO] - Start epoch 22
[2025-09-27 01:51:11,526][root][INFO] - [22/150] train 86.476%/4.2422 | val 50.000%/83.1590
[2025-09-27 01:51:11,526][root][INFO] - Start epoch 23
[2025-09-27 01:57:46,961][root][INFO] - [23/150] train 86.434%/4.2227 | val 50.000%/307.9860
[2025-09-27 01:57:46,961][root][INFO] - Start epoch 24
[2025-09-27 02:04:21,537][root][INFO] - [24/150] train 86.668%/4.1823 | val 50.000%/238.1206
[2025-09-27 02:04:21,537][root][INFO] - Start epoch 25
[2025-09-27 02:10:56,772][root][INFO] - [25/150] train 86.819%/4.1666 | val 50.000%/351.0440
[2025-09-27 02:10:56,772][root][INFO] - Start epoch 26
[2025-09-27 02:17:32,157][root][INFO] - [26/150] train 86.946%/4.1103 | val 50.000%/232.0026
[2025-09-27 02:17:32,157][root][INFO] - Start epoch 27
[2025-09-27 02:24:08,240][root][INFO] - [27/150] train 86.958%/4.1270 | val 50.000%/286.3466
[2025-09-27 02:24:08,241][root][INFO] - Start epoch 28
[2025-09-27 02:30:43,985][root][INFO] - [28/150] train 87.356%/4.0578 | val 53.472%/21.6797
[2025-09-27 02:30:43,985][root][INFO] - Start epoch 29
[2025-09-27 02:37:19,261][root][INFO] - [29/150] train 87.222%/4.0516 | val 50.000%/218.5778
[2025-09-27 02:37:19,261][root][INFO] - Start epoch 30
[2025-09-27 02:43:54,604][root][INFO] - [30/150] train 87.377%/4.0281 | val 50.000%/144.1959
[2025-09-27 02:43:54,605][root][INFO] - Start epoch 31
[2025-09-27 02:50:30,530][root][INFO] - [31/150] train 87.582%/3.9993 | val 50.000%/157.5421
[2025-09-27 02:50:30,531][root][INFO] - Start epoch 32
[2025-09-27 02:57:06,854][root][INFO] - [32/150] train 87.569%/3.9673 | val 50.000%/187.2716
[2025-09-27 02:57:06,854][root][INFO] - Start epoch 33
[2025-09-27 03:03:42,230][root][INFO] - [33/150] train 87.521%/3.9766 | val 50.000%/383.7211
[2025-09-27 03:03:42,230][root][INFO] - Start epoch 34
[2025-09-27 03:10:17,898][root][INFO] - [34/150] train 87.470%/3.9813 | val 50.000%/309.2029
[2025-09-27 03:10:17,898][root][INFO] - Start epoch 35
[2025-09-27 03:16:54,109][root][INFO] - [35/150] train 88.007%/3.9123 | val 50.000%/106.6549
[2025-09-27 03:16:54,109][root][INFO] - Start epoch 36
[2025-09-27 03:23:30,005][root][INFO] - [36/150] train 88.095%/3.8780 | val 50.000%/407.5296
[2025-09-27 03:23:30,005][root][INFO] - Start epoch 37
[2025-09-27 03:30:05,953][root][INFO] - [37/150] train 87.967%/3.9156 | val 62.667%/12.2996
[2025-09-27 03:30:05,953][root][INFO] - Start epoch 38
[2025-09-27 03:36:42,016][root][INFO] - [38/150] train 88.161%/3.8490 | val 50.000%/201.1190
[2025-09-27 03:36:42,016][root][INFO] - Start epoch 39
[2025-09-27 03:43:17,913][root][INFO] - [39/150] train 88.189%/3.8293 | val 50.000%/90.6395
[2025-09-27 03:43:17,913][root][INFO] - Start epoch 40
[2025-09-27 03:49:54,354][root][INFO] - [40/150] train 88.290%/3.8234 | val 50.000%/214.9854
[2025-09-27 03:49:54,355][root][INFO] - Start epoch 41
[2025-09-27 03:56:29,382][root][INFO] - [41/150] train 88.238%/3.8064 | val 50.000%/78.7692
[2025-09-27 03:56:29,382][root][INFO] - Start epoch 42
[2025-09-27 04:03:04,410][root][INFO] - [42/150] train 88.472%/3.7712 | val 50.042%/129.0789
[2025-09-27 04:03:04,411][root][INFO] - Start epoch 43
[2025-09-27 04:09:39,757][root][INFO] - [43/150] train 88.561%/3.7296 | val 50.653%/43.2399
[2025-09-27 04:09:39,758][root][INFO] - Start epoch 44
[2025-09-27 04:16:15,357][root][INFO] - [44/150] train 88.457%/3.7561 | val 50.000%/195.5241
[2025-09-27 04:16:15,357][root][INFO] - Start epoch 45
[2025-09-27 04:22:50,775][root][INFO] - [45/150] train 88.663%/3.7329 | val 50.000%/410.7071
[2025-09-27 04:22:50,776][root][INFO] - Start epoch 46
[2025-09-27 04:29:26,117][root][INFO] - [46/150] train 88.712%/3.6885 | val 50.000%/273.7052
[2025-09-27 04:29:26,117][root][INFO] - Start epoch 47
[2025-09-27 04:36:02,561][root][INFO] - [47/150] train 88.773%/3.6797 | val 63.556%/12.6292
[2025-09-27 04:36:02,562][root][INFO] - Start epoch 48
[2025-09-27 04:42:37,997][root][INFO] - [48/150] train 88.675%/3.6754 | val 82.764%/5.2125
[2025-09-27 04:42:38,001][root][INFO] - Start epoch 49
[2025-09-27 04:49:13,288][root][INFO] - [49/150] train 88.806%/3.6598 | val 50.403%/55.5490
[2025-09-27 04:49:13,288][root][INFO] - Start epoch 50
[2025-09-27 04:55:50,335][root][INFO] - [50/150] train 89.012%/3.6328 | val 51.958%/31.4023
[2025-09-27 04:55:50,335][root][INFO] - Start epoch 51
[2025-09-27 05:02:28,157][root][INFO] - [51/150] train 89.066%/3.6033 | val 65.861%/11.3644
[2025-09-27 05:02:28,157][root][INFO] - Start epoch 52
[2025-09-27 05:09:05,138][root][INFO] - [52/150] train 88.986%/3.6118 | val 50.000%/113.1082
[2025-09-27 05:09:05,139][root][INFO] - Start epoch 53
[2025-09-27 05:15:42,504][root][INFO] - [53/150] train 89.132%/3.5870 | val 50.000%/345.4402
[2025-09-27 05:15:42,504][root][INFO] - Start epoch 54
[2025-09-27 05:22:19,772][root][INFO] - [54/150] train 89.259%/3.5648 | val 50.069%/66.0985
[2025-09-27 05:22:19,772][root][INFO] - Start epoch 55
[2025-09-27 05:28:55,886][root][INFO] - [55/150] train 89.314%/3.5339 | val 50.611%/38.1741
[2025-09-27 05:28:55,887][root][INFO] - Start epoch 56
[2025-09-27 05:35:32,493][root][INFO] - [56/150] train 89.438%/3.5068 | val 50.139%/56.3380
[2025-09-27 05:35:32,493][root][INFO] - Start epoch 57
[2025-09-27 05:42:08,270][root][INFO] - [57/150] train 89.477%/3.4868 | val 50.000%/212.9662
[2025-09-27 05:42:08,270][root][INFO] - Start epoch 58
[2025-09-27 05:48:44,063][root][INFO] - [58/150] train 89.422%/3.5125 | val 50.000%/285.3192
[2025-09-27 05:48:44,063][root][INFO] - Start epoch 59
[2025-09-27 05:55:19,782][root][INFO] - [59/150] train 89.458%/3.4813 | val 59.194%/16.8675
[2025-09-27 05:55:19,782][root][INFO] - Start epoch 60
[2025-09-27 06:01:55,970][root][INFO] - [60/150] train 89.495%/3.4846 | val 50.000%/140.9993
[2025-09-27 06:01:55,970][root][INFO] - Start epoch 61
[2025-09-27 06:08:31,644][root][INFO] - [61/150] train 89.649%/3.4418 | val 50.000%/517.4405
[2025-09-27 06:08:31,644][root][INFO] - Start epoch 62
[2025-09-27 06:15:07,870][root][INFO] - [62/150] train 89.717%/3.4157 | val 50.000%/247.5475
[2025-09-27 06:15:07,870][root][INFO] - Start epoch 63
[2025-09-27 06:21:44,492][root][INFO] - [63/150] train 89.726%/3.4397 | val 50.056%/59.1555
[2025-09-27 06:21:44,492][root][INFO] - Start epoch 64
[2025-09-27 06:28:21,549][root][INFO] - [64/150] train 89.760%/3.4410 | val 50.000%/119.7541
[2025-09-27 06:28:21,549][root][INFO] - Start epoch 65
[2025-09-27 06:34:58,749][root][INFO] - [65/150] train 89.878%/3.4096 | val 83.069%/4.7010
[2025-09-27 06:34:58,752][root][INFO] - Start epoch 66
[2025-09-27 06:41:35,444][root][INFO] - [66/150] train 89.811%/3.4018 | val 50.000%/179.4212
[2025-09-27 06:41:35,444][root][INFO] - Start epoch 67
[2025-09-27 06:48:11,354][root][INFO] - [67/150] train 89.988%/3.3584 | val 50.000%/142.8455
[2025-09-27 06:48:11,354][root][INFO] - Start epoch 68
[2025-09-27 06:54:47,645][root][INFO] - [68/150] train 89.977%/3.3768 | val 50.028%/110.8456
[2025-09-27 06:54:47,645][root][INFO] - Start epoch 69
[2025-09-27 07:01:25,188][root][INFO] - [69/150] train 89.911%/3.3629 | val 50.611%/34.1244
[2025-09-27 07:01:25,188][root][INFO] - Start epoch 70
[2025-09-27 07:08:02,720][root][INFO] - [70/150] train 89.927%/3.3896 | val 50.000%/147.9522
[2025-09-27 07:08:02,720][root][INFO] - Start epoch 71
[2025-09-27 07:14:39,450][root][INFO] - [71/150] train 90.231%/3.3218 | val 50.069%/79.3335
[2025-09-27 07:14:39,450][root][INFO] - Start epoch 72
[2025-09-27 07:21:16,730][root][INFO] - [72/150] train 90.217%/3.3152 | val 52.361%/33.2239
[2025-09-27 07:21:16,730][root][INFO] - Start epoch 73
[2025-09-27 07:27:53,702][root][INFO] - [73/150] train 90.220%/3.3374 | val 50.014%/112.4778
[2025-09-27 07:27:53,703][root][INFO] - Start epoch 74
[2025-09-27 07:34:31,346][root][INFO] - [74/150] train 90.297%/3.3205 | val 50.000%/344.8347
[2025-09-27 07:34:31,346][root][INFO] - Start epoch 75
[2025-09-27 07:41:08,759][root][INFO] - [75/150] train 90.319%/3.2726 | val 50.000%/277.7989
[2025-09-27 07:41:08,759][root][INFO] - Start epoch 76
[2025-09-27 07:47:45,266][root][INFO] - [76/150] train 90.417%/3.2718 | val 50.000%/215.7834
[2025-09-27 07:47:45,266][root][INFO] - Start epoch 77
[2025-09-27 07:54:21,708][root][INFO] - [77/150] train 90.399%/3.2612 | val 50.111%/73.8067
[2025-09-27 07:54:21,708][root][INFO] - Start epoch 78
[2025-09-27 08:00:59,110][root][INFO] - [78/150] train 90.316%/3.2737 | val 50.000%/191.1476
[2025-09-27 08:00:59,110][root][INFO] - Start epoch 79
[2025-09-27 08:07:35,623][root][INFO] - [79/150] train 90.429%/3.2416 | val 87.222%/4.2638
[2025-09-27 08:07:35,626][root][INFO] - Start epoch 80
[2025-09-27 08:14:12,139][root][INFO] - [80/150] train 90.507%/3.2321 | val 50.000%/157.2023
[2025-09-27 08:14:12,139][root][INFO] - Start epoch 81
[2025-09-27 08:20:48,333][root][INFO] - [81/150] train 90.569%/3.2145 | val 50.000%/101.4533
[2025-09-27 08:20:48,333][root][INFO] - Start epoch 82
[2025-09-27 08:27:25,466][root][INFO] - [82/150] train 90.464%/3.2394 | val 50.222%/69.1881
[2025-09-27 08:27:25,466][root][INFO] - Start epoch 83
[2025-09-27 08:34:01,781][root][INFO] - [83/150] train 90.550%/3.2055 | val 50.903%/48.2976
[2025-09-27 08:34:01,781][root][INFO] - Start epoch 84
[2025-09-27 08:40:38,779][root][INFO] - [84/150] train 90.576%/3.1941 | val 50.000%/135.6555
[2025-09-27 08:40:38,779][root][INFO] - Start epoch 85
[2025-09-27 08:47:15,298][root][INFO] - [85/150] train 90.750%/3.1573 | val 50.000%/92.7716
[2025-09-27 08:47:15,298][root][INFO] - Start epoch 86
[2025-09-27 08:53:52,725][root][INFO] - [86/150] train 90.608%/3.1410 | val 50.000%/293.5179
[2025-09-27 08:53:52,725][root][INFO] - Start epoch 87
[2025-09-27 09:00:28,773][root][INFO] - [87/150] train 90.698%/3.1734 | val 50.153%/81.9434
[2025-09-27 09:00:28,773][root][INFO] - Start epoch 88
[2025-09-27 09:07:05,850][root][INFO] - [88/150] train 90.778%/3.1629 | val 50.222%/61.9704
[2025-09-27 09:07:05,850][root][INFO] - Start epoch 89
[2025-09-27 09:13:42,387][root][INFO] - [89/150] train 90.741%/3.1505 | val 50.319%/67.6843
[2025-09-27 09:13:42,387][root][INFO] - Start epoch 90
[2025-09-27 09:20:17,692][root][INFO] - [90/150] train 90.934%/3.1261 | val 82.069%/4.7676
[2025-09-27 09:20:17,692][root][INFO] - Start epoch 91
[2025-09-27 09:26:54,049][root][INFO] - [91/150] train 90.938%/3.1175 | val 50.306%/55.0344
[2025-09-27 09:26:54,050][root][INFO] - Start epoch 92
[2025-09-27 09:33:30,486][root][INFO] - [92/150] train 90.866%/3.1102 | val 50.000%/91.6825
[2025-09-27 09:33:30,487][root][INFO] - Start epoch 93
[2025-09-27 09:40:08,207][root][INFO] - [93/150] train 90.965%/3.1221 | val 50.236%/60.1515
[2025-09-27 09:40:08,207][root][INFO] - Start epoch 94
[2025-09-27 09:46:44,653][root][INFO] - [94/150] train 90.854%/3.1210 | val 58.403%/20.6715
[2025-09-27 09:46:44,653][root][INFO] - Start epoch 95
[2025-09-27 09:53:21,150][root][INFO] - [95/150] train 91.156%/3.0712 | val 52.597%/34.7584
[2025-09-27 09:53:21,150][root][INFO] - Start epoch 96
[2025-09-27 09:59:57,678][root][INFO] - [96/150] train 91.141%/3.0802 | val 50.056%/89.2446
[2025-09-27 09:59:57,678][root][INFO] - Start epoch 97
[2025-09-27 10:06:33,884][root][INFO] - [97/150] train 91.085%/3.0809 | val 53.097%/40.5463
[2025-09-27 10:06:33,885][root][INFO] - Start epoch 98
[2025-09-27 10:13:10,675][root][INFO] - [98/150] train 91.137%/3.0590 | val 50.056%/78.6510
[2025-09-27 10:13:10,675][root][INFO] - Start epoch 99
[2025-09-27 10:19:46,473][root][INFO] - [99/150] train 91.238%/3.0423 | val 50.000%/236.5955
[2025-09-27 10:19:46,473][root][INFO] - Start epoch 100
[2025-09-27 10:26:23,613][root][INFO] - [100/150] train 91.247%/3.0356 | val 57.875%/18.8728
[2025-09-27 10:26:23,614][root][INFO] - Start epoch 101
[2025-09-27 10:32:59,949][root][INFO] - [101/150] train 91.252%/3.0086 | val 52.764%/40.0683
[2025-09-27 10:32:59,950][root][INFO] - Start epoch 102
[2025-09-27 10:39:35,640][root][INFO] - [102/150] train 91.203%/3.0488 | val 50.472%/58.1419
[2025-09-27 10:39:35,640][root][INFO] - Start epoch 103
[2025-09-27 10:46:13,325][root][INFO] - [103/150] train 91.247%/3.0175 | val 53.944%/29.7029
[2025-09-27 10:46:13,325][root][INFO] - Start epoch 104
[2025-09-27 10:52:49,886][root][INFO] - [104/150] train 91.319%/2.9934 | val 86.417%/3.9029
[2025-09-27 10:52:49,886][root][INFO] - Start epoch 105
[2025-09-27 10:59:27,753][root][INFO] - [105/150] train 91.410%/2.9811 | val 50.014%/112.6415
[2025-09-27 10:59:27,753][root][INFO] - Start epoch 106
[2025-09-27 11:06:04,906][root][INFO] - [106/150] train 91.290%/3.0121 | val 50.556%/75.3619
[2025-09-27 11:06:04,907][root][INFO] - Start epoch 107
[2025-09-27 11:12:41,451][root][INFO] - [107/150] train 91.278%/2.9952 | val 72.486%/9.6340
[2025-09-27 11:12:41,451][root][INFO] - Start epoch 108
[2025-09-27 11:19:18,665][root][INFO] - [108/150] train 91.226%/3.0179 | val 81.403%/5.2482
[2025-09-27 11:19:18,665][root][INFO] - Start epoch 109
[2025-09-27 11:25:54,384][root][INFO] - [109/150] train 91.481%/2.9460 | val 61.833%/16.2673
[2025-09-27 11:25:54,384][root][INFO] - Start epoch 110
[2025-09-27 11:32:31,062][root][INFO] - [110/150] train 91.566%/2.9589 | val 73.000%/7.8749
[2025-09-27 11:32:31,062][root][INFO] - Start epoch 111
[2025-09-27 11:39:08,716][root][INFO] - [111/150] train 91.601%/2.9344 | val 50.000%/299.3337
[2025-09-27 11:39:08,716][root][INFO] - Start epoch 112
[2025-09-27 11:45:45,468][root][INFO] - [112/150] train 91.269%/2.9955 | val 50.056%/98.8294
[2025-09-27 11:45:45,468][root][INFO] - Start epoch 113
[2025-09-27 11:52:22,226][root][INFO] - [113/150] train 91.625%/2.9232 | val 50.042%/101.9078
[2025-09-27 11:52:22,226][root][INFO] - Start epoch 114
[2025-09-27 11:58:59,622][root][INFO] - [114/150] train 91.795%/2.9015 | val 50.000%/316.0105
[2025-09-27 11:58:59,622][root][INFO] - Start epoch 115
[2025-09-27 12:05:36,108][root][INFO] - [115/150] train 91.698%/2.9165 | val 50.000%/147.0518
[2025-09-27 12:05:36,108][root][INFO] - Start epoch 116
[2025-09-27 12:12:12,603][root][INFO] - [116/150] train 91.618%/2.9029 | val 57.361%/20.3346
[2025-09-27 12:12:12,603][root][INFO] - Start epoch 117
[2025-09-27 12:18:49,896][root][INFO] - [117/150] train 91.726%/2.9043 | val 63.042%/16.5775
[2025-09-27 12:18:49,896][root][INFO] - Start epoch 118
[2025-09-27 12:25:25,417][root][INFO] - [118/150] train 91.549%/2.9247 | val 56.792%/26.3181
[2025-09-27 12:25:25,417][root][INFO] - Start epoch 119
[2025-09-27 12:32:01,348][root][INFO] - [119/150] train 91.620%/2.9229 | val 57.792%/19.9275
[2025-09-27 12:32:01,348][root][INFO] - Start epoch 120
[2025-09-27 12:38:37,626][root][INFO] - [120/150] train 91.951%/2.8503 | val 74.778%/6.9846
[2025-09-27 12:38:37,626][root][INFO] - Start epoch 121
[2025-09-27 12:45:14,645][root][INFO] - [121/150] train 91.792%/2.8810 | val 74.792%/7.3595
[2025-09-27 12:45:14,645][root][INFO] - Start epoch 122
[2025-09-27 12:51:51,228][root][INFO] - [122/150] train 91.679%/2.8856 | val 51.361%/53.7358
[2025-09-27 12:51:51,229][root][INFO] - Start epoch 123
[2025-09-27 12:58:27,840][root][INFO] - [123/150] train 91.693%/2.9064 | val 50.764%/52.8669
[2025-09-27 12:58:27,840][root][INFO] - Start epoch 124
[2025-09-27 13:05:03,991][root][INFO] - [124/150] train 91.741%/2.8685 | val 67.083%/11.6767
[2025-09-27 13:05:03,991][root][INFO] - Start epoch 125
[2025-09-27 13:11:39,582][root][INFO] - [125/150] train 92.017%/2.8164 | val 50.000%/241.7694
[2025-09-27 13:11:39,582][root][INFO] - Start epoch 126
[2025-09-27 13:18:16,465][root][INFO] - [126/150] train 92.012%/2.8491 | val 60.014%/19.0034
[2025-09-27 13:18:16,465][root][INFO] - Start epoch 127
[2025-09-27 13:24:53,321][root][INFO] - [127/150] train 91.967%/2.8121 | val 54.917%/28.8314
[2025-09-27 13:24:53,321][root][INFO] - Start epoch 128
[2025-09-27 13:31:30,243][root][INFO] - [128/150] train 92.030%/2.8354 | val 50.042%/99.3113
[2025-09-27 13:31:30,243][root][INFO] - Start epoch 129
[2025-09-27 13:38:05,935][root][INFO] - [129/150] train 91.927%/2.8330 | val 50.000%/198.1054
[2025-09-27 13:38:05,935][root][INFO] - Start epoch 130
[2025-09-27 13:44:43,380][root][INFO] - [130/150] train 92.014%/2.8173 | val 50.014%/122.6404
[2025-09-27 13:44:43,380][root][INFO] - Start epoch 131
[2025-09-27 13:51:19,881][root][INFO] - [131/150] train 92.056%/2.7998 | val 50.000%/159.5262
[2025-09-27 13:51:19,881][root][INFO] - Start epoch 132
[2025-09-27 13:57:56,893][root][INFO] - [132/150] train 91.981%/2.8198 | val 91.639%/2.9543
[2025-09-27 13:57:56,896][root][INFO] - Start epoch 133
[2025-09-27 14:04:34,348][root][INFO] - [133/150] train 92.099%/2.7887 | val 50.306%/66.9092
[2025-09-27 14:04:34,348][root][INFO] - Start epoch 134
[2025-09-27 14:11:09,592][root][INFO] - [134/150] train 92.123%/2.8027 | val 69.222%/10.3973
[2025-09-27 14:11:09,592][root][INFO] - Start epoch 135
[2025-09-27 14:17:46,722][root][INFO] - [135/150] train 91.976%/2.7986 | val 92.431%/2.5954
[2025-09-27 14:17:46,726][root][INFO] - Start epoch 136
[2025-09-27 14:24:24,106][root][INFO] - [136/150] train 92.043%/2.7737 | val 50.000%/134.5812
[2025-09-27 14:24:24,106][root][INFO] - Start epoch 137
[2025-09-27 14:31:00,485][root][INFO] - [137/150] train 91.828%/2.8222 | val 80.708%/5.6816
[2025-09-27 14:31:00,485][root][INFO] - Start epoch 138
[2025-09-27 14:37:37,207][root][INFO] - [138/150] train 92.217%/2.7600 | val 50.000%/109.3660
[2025-09-27 14:37:37,207][root][INFO] - Start epoch 139
[2025-09-27 14:44:13,410][root][INFO] - [139/150] train 92.160%/2.7956 | val 89.542%/3.2618
[2025-09-27 14:44:13,410][root][INFO] - Start epoch 140
[2025-09-27 14:50:49,719][root][INFO] - [140/150] train 92.198%/2.7654 | val 50.292%/63.3697
[2025-09-27 14:50:49,720][root][INFO] - Start epoch 141
[2025-09-27 14:57:25,110][root][INFO] - [141/150] train 92.179%/2.7761 | val 50.000%/245.6956
[2025-09-27 14:57:25,110][root][INFO] - Start epoch 142
[2025-09-27 15:04:02,402][root][INFO] - [142/150] train 92.326%/2.7361 | val 85.806%/4.1205
[2025-09-27 15:04:02,402][root][INFO] - Start epoch 143
[2025-09-27 15:10:38,826][root][INFO] - [143/150] train 92.238%/2.7401 | val 50.000%/160.8149
[2025-09-27 15:10:38,826][root][INFO] - Start epoch 144
[2025-09-27 15:17:15,610][root][INFO] - [144/150] train 92.389%/2.7224 | val 50.000%/122.7668
[2025-09-27 15:17:15,610][root][INFO] - Start epoch 145
[2025-09-27 15:23:52,588][root][INFO] - [145/150] train 92.172%/2.7460 | val 50.639%/68.7551
[2025-09-27 15:23:52,588][root][INFO] - Start epoch 146
[2025-09-27 15:30:29,725][root][INFO] - [146/150] train 92.283%/2.7390 | val 81.306%/5.6001
[2025-09-27 15:30:29,725][root][INFO] - Start epoch 147
[2025-09-27 15:37:05,326][root][INFO] - [147/150] train 92.446%/2.6927 | val 50.014%/114.1934
[2025-09-27 15:37:05,326][root][INFO] - Start epoch 148
[2025-09-27 15:43:40,610][root][INFO] - [148/150] train 92.238%/2.7324 | val 50.972%/46.2010
[2025-09-27 15:43:40,610][root][INFO] - Start epoch 149
[2025-09-27 15:50:16,183][root][INFO] - [149/150] train 92.358%/2.7169 | val 91.139%/2.8750
[2025-09-27 15:50:16,183][root][INFO] - Start epoch 150
[2025-09-27 15:56:52,187][root][INFO] - [150/150] train 92.597%/2.6686 | val 53.903%/32.3464
[2025-09-27 15:56:58,216][root][INFO] - 
[Test Evaluation]
[2025-09-27 15:56:58,216][root][INFO] -  Accuracy : 0.931
[2025-09-27 15:56:58,216][root][INFO] -  Precision: 0.938
[2025-09-27 15:56:58,216][root][INFO] -  Recall   : 0.922
[2025-09-27 15:56:58,216][root][INFO] -  F1       : 0.930
[2025-09-27 15:56:58,216][root][INFO] -  Auc      : 0.985
