[2025-07-25 08:44:09,410][root][INFO] - ORIGINAL CWD : /home/sota/research/sotaohnuma/coffee
[2025-07-25 08:44:09,410][root][INFO] - RUN CWD      : /home/sota/research/sotaohnuma/coffee/outputs/bean_224/deit_b/base/2025-07-25_08-44-09
[2025-07-25 08:44:09,410][root][INFO] - batch: 92, 
 {'batch_size': 92, '_target_': 'models.deit_b.deit_b'}
[2025-07-25 08:44:09,411][root][INFO] - Start loading train data
[2025-07-25 08:44:09,531][root][INFO] - Start loading val data
[2025-07-25 08:44:09,544][root][INFO] - Start loading test data
[2025-07-25 08:44:09,559][root][INFO] - Finished DataLoader setup
[2025-07-25 08:44:09,559][root][INFO] - Starting Optimize
[2025-07-25 08:44:12,147][root][INFO] - starting train
[2025-07-25 08:44:12,147][root][INFO] - epoch: 0
[2025-07-25 09:04:46,108][root][INFO] - epoch: 1
[2025-07-25 09:25:22,661][root][INFO] - epoch: 2
[2025-07-25 09:46:00,991][root][INFO] - epoch: 3
[2025-07-25 10:06:37,177][root][INFO] - epoch: 4
[2025-07-25 10:27:14,071][root][INFO] - epoch: 5
[2025-07-25 10:47:51,131][root][INFO] - epoch: 6
[2025-07-25 11:08:28,439][root][INFO] - epoch: 7
[2025-07-25 11:29:04,992][root][INFO] - epoch: 8
[2025-07-25 11:49:43,301][root][INFO] - epoch: 9
[2025-07-25 12:10:21,356][root][INFO] - epoch: 10
[2025-07-25 12:30:58,054][root][INFO] - epoch: 11
[2025-07-25 12:51:36,049][root][INFO] - epoch: 12
[2025-07-25 13:12:13,280][root][INFO] - epoch: 13
[2025-07-25 13:32:49,660][root][INFO] - epoch: 14
[2025-07-25 13:53:26,807][root][INFO] - epoch: 15
[2025-07-25 14:14:02,542][root][INFO] - epoch: 16
[2025-07-25 14:34:38,279][root][INFO] - epoch: 17
[2025-07-25 14:55:14,878][root][INFO] - epoch: 18
[2025-07-25 15:15:50,866][root][INFO] - epoch: 19
[2025-07-25 15:36:27,346][root][INFO] - finished train
[2025-07-25 15:36:27,346][root][INFO] - starting eval
[2025-07-25 15:37:37,845][root][INFO] - finished eval
[2025-07-25 15:37:46,309][root][INFO] - starting train
[2025-07-25 15:37:46,310][root][INFO] - epoch: 0
[2025-07-25 15:58:22,743][root][INFO] - epoch: 1
[2025-07-25 16:18:58,359][root][INFO] - epoch: 2
[2025-07-25 16:39:33,392][root][INFO] - epoch: 3
[2025-07-25 17:00:09,058][root][INFO] - epoch: 4
[2025-07-25 17:20:45,247][root][INFO] - epoch: 5
[2025-07-25 17:41:21,585][root][INFO] - epoch: 6
[2025-07-25 18:01:58,819][root][INFO] - epoch: 7
[2025-07-25 18:22:35,009][root][INFO] - epoch: 8
[2025-07-25 18:43:12,036][root][INFO] - epoch: 9
[2025-07-25 19:03:48,243][root][INFO] - epoch: 10
[2025-07-25 19:24:24,564][root][INFO] - epoch: 11
[2025-07-25 19:45:00,492][root][INFO] - epoch: 12
[2025-07-25 20:05:36,469][root][INFO] - epoch: 13
[2025-07-25 20:26:12,278][root][INFO] - epoch: 14
[2025-07-25 20:46:48,018][root][INFO] - epoch: 15
[2025-07-25 21:07:23,209][root][INFO] - epoch: 16
[2025-07-25 21:27:59,094][root][INFO] - epoch: 17
[2025-07-25 21:48:34,580][root][INFO] - epoch: 18
[2025-07-25 22:09:10,848][root][INFO] - epoch: 19
[2025-07-25 22:29:46,473][root][INFO] - finished train
[2025-07-25 22:29:46,473][root][INFO] - starting eval
[2025-07-25 22:30:57,587][root][INFO] - finished eval
[2025-07-25 22:31:05,306][root][INFO] - starting train
[2025-07-25 22:31:05,306][root][INFO] - epoch: 0
[2025-07-25 22:51:42,300][root][INFO] - epoch: 1
[2025-07-25 23:12:18,576][root][INFO] - epoch: 2
[2025-07-25 23:32:54,467][root][INFO] - epoch: 3
[2025-07-25 23:53:29,989][root][INFO] - epoch: 4
[2025-07-26 00:14:05,777][root][INFO] - epoch: 5
[2025-07-26 00:34:41,777][root][INFO] - epoch: 6
[2025-07-26 00:55:17,599][root][INFO] - epoch: 7
[2025-07-26 01:15:52,627][root][INFO] - epoch: 8
[2025-07-26 01:36:26,418][root][INFO] - epoch: 9
[2025-07-26 01:57:00,014][root][INFO] - epoch: 10
[2025-07-26 02:17:32,818][root][INFO] - epoch: 11
[2025-07-26 02:38:05,358][root][INFO] - epoch: 12
[2025-07-26 02:58:37,677][root][INFO] - epoch: 13
[2025-07-26 03:19:10,277][root][INFO] - epoch: 14
[2025-07-26 03:39:43,011][root][INFO] - epoch: 15
[2025-07-26 04:00:15,680][root][INFO] - epoch: 16
[2025-07-26 04:20:48,534][root][INFO] - epoch: 17
[2025-07-26 04:41:21,090][root][INFO] - epoch: 18
[2025-07-26 05:01:53,734][root][INFO] - epoch: 19
[2025-07-26 05:22:25,199][root][INFO] - finished train
[2025-07-26 05:22:25,199][root][INFO] - starting eval
[2025-07-26 05:23:34,386][root][INFO] - finished eval
[2025-07-26 05:23:37,366][root][INFO] - starting train
[2025-07-26 05:23:37,367][root][INFO] - epoch: 0
[2025-07-26 05:44:08,940][root][INFO] - epoch: 1
[2025-07-26 06:04:41,136][root][INFO] - epoch: 2
[2025-07-26 06:25:13,033][root][INFO] - epoch: 3
[2025-07-26 06:45:44,624][root][INFO] - epoch: 4
[2025-07-26 07:06:16,488][root][INFO] - epoch: 5
[2025-07-26 07:26:48,239][root][INFO] - epoch: 6
[2025-07-26 07:47:19,497][root][INFO] - epoch: 7
