[2025-08-25 12:20:18,828][root][INFO] - ORIGINAL CWD : /home/sota/research/sotaohnuma/coffee
[2025-08-25 12:20:18,829][root][INFO] - RUN CWD      : /home/sota/research/sotaohnuma/coffee/outputs/bean_224/deit_bd/base/2025-08-25_12-20-18
[2025-08-25 12:20:18,829][root][INFO] - batch: 90, 
 {'batch_size': 90, '_target_': 'models.deit_bd.deit_bd', 'lr': 1e-05, 'weight_decay': 0.0053}
[2025-08-25 12:20:18,829][root][INFO] - lr: 1e-05, 
 {'_target_': 'models.deit_bd.deit_bd', 'lr': 1e-05, 'weight_decay': 0.0053}
[2025-08-25 12:20:18,829][root][INFO] - weight_decay: 0.0053, 
 {'_target_': 'models.deit_bd.deit_bd', 'weight_decay': 0.0053}
[2025-08-25 12:20:24,271][root][INFO] - Start loading train data
[2025-08-25 12:20:24,392][root][INFO] - Start loading val data
[2025-08-25 12:20:24,406][root][INFO] - Start loading test data
[2025-08-25 12:20:24,420][root][INFO] - Finished DataLoader setup
[2025-08-25 12:20:24,421][root][INFO] - Start: 0
[2025-08-25 12:45:05,946][root][INFO] - [01/100] train 81.535%/0.4292 | val 95.292%/0.1434
[2025-08-25 12:45:06,457][root][INFO] - Start: 1
[2025-08-25 13:09:48,391][root][INFO] - [02/100] train 96.271%/0.1006 | val 96.653%/0.0929
[2025-08-25 13:09:52,310][root][INFO] - Start: 2
[2025-08-25 13:34:35,092][root][INFO] - [03/100] train 98.368%/0.0461 | val 96.903%/0.0905
[2025-08-25 13:34:39,002][root][INFO] - Start: 3
[2025-08-25 13:59:22,000][root][INFO] - [04/100] train 99.573%/0.0142 | val 97.111%/0.1050
[2025-08-25 13:59:25,926][root][INFO] - Start: 4
[2025-08-25 14:24:06,320][root][INFO] - [05/100] train 99.847%/0.0056 | val 96.778%/0.1259
[2025-08-25 14:24:06,320][root][INFO] - Start: 5
[2025-08-25 14:48:48,510][root][INFO] - [06/100] train 99.917%/0.0029 | val 97.069%/0.1459
[2025-08-25 14:48:48,510][root][INFO] - Start: 6
[2025-08-25 15:13:26,655][root][INFO] - [07/100] train 100.000%/0.0002 | val 97.056%/0.1592
[2025-08-25 15:13:26,655][root][INFO] - Start: 7
[2025-08-25 15:38:09,525][root][INFO] - [08/100] train 100.000%/0.0001 | val 97.042%/0.1688
[2025-08-25 15:38:09,526][root][INFO] - Start: 8
[2025-08-25 16:02:51,935][root][INFO] - [09/100] train 100.000%/0.0000 | val 97.153%/0.1758
[2025-08-25 16:02:55,808][root][INFO] - Start: 9
[2025-08-25 16:27:35,598][root][INFO] - [10/100] train 100.000%/0.0000 | val 97.111%/0.1886
[2025-08-25 16:27:35,599][root][INFO] - Start: 10
[2025-08-25 16:52:17,179][root][INFO] - [11/100] train 100.000%/0.0000 | val 97.111%/0.1966
[2025-08-25 16:52:17,179][root][INFO] - Start: 11
[2025-08-25 17:16:57,482][root][INFO] - [12/100] train 100.000%/0.0000 | val 97.111%/0.2062
[2025-08-25 17:16:57,482][root][INFO] - Start: 12
[2025-08-25 17:41:38,581][root][INFO] - [13/100] train 100.000%/0.0000 | val 97.097%/0.2174
[2025-08-25 17:41:38,582][root][INFO] - Start: 13
[2025-08-25 18:06:21,182][root][INFO] - [14/100] train 100.000%/0.0000 | val 97.069%/0.2270
[2025-08-25 18:06:21,182][root][INFO] - Start: 14
[2025-08-25 18:31:03,651][root][INFO] - [15/100] train 100.000%/0.0000 | val 97.069%/0.2351
[2025-08-25 18:31:03,652][root][INFO] - Start: 15
[2025-08-25 18:55:46,355][root][INFO] - [16/100] train 100.000%/0.0000 | val 97.139%/0.2399
[2025-08-25 18:55:46,355][root][INFO] - Start: 16
[2025-08-25 19:20:28,422][root][INFO] - [17/100] train 100.000%/0.0000 | val 97.125%/0.2496
[2025-08-25 19:20:28,422][root][INFO] - Start: 17
[2025-08-25 19:45:08,771][root][INFO] - [18/100] train 100.000%/0.0000 | val 97.125%/0.2573
[2025-08-25 19:45:08,771][root][INFO] - Start: 18
[2025-08-25 20:09:49,715][root][INFO] - [19/100] train 100.000%/0.0000 | val 97.181%/0.2615
[2025-08-25 20:09:53,959][root][INFO] - Start: 19
[2025-08-25 20:34:36,146][root][INFO] - [20/100] train 100.000%/0.0000 | val 97.181%/0.2710
[2025-08-25 20:34:36,146][root][INFO] - Start: 20
[2025-08-25 20:59:17,732][root][INFO] - [21/100] train 100.000%/0.0000 | val 97.125%/0.2840
[2025-08-25 20:59:17,732][root][INFO] - Start: 21
[2025-08-25 21:24:00,381][root][INFO] - [22/100] train 100.000%/0.0000 | val 97.167%/0.2897
[2025-08-25 21:24:00,381][root][INFO] - Start: 22
[2025-08-25 21:48:43,336][root][INFO] - [23/100] train 100.000%/0.0000 | val 97.153%/0.2983
[2025-08-25 21:48:43,336][root][INFO] - Start: 23
[2025-08-25 22:13:26,967][root][INFO] - [24/100] train 100.000%/0.0000 | val 97.181%/0.3041
[2025-08-25 22:13:26,968][root][INFO] - Start: 24
[2025-08-25 22:38:08,600][root][INFO] - [25/100] train 100.000%/0.0000 | val 97.181%/0.3118
[2025-08-25 22:38:08,600][root][INFO] - Start: 25
[2025-08-25 23:02:52,385][root][INFO] - [26/100] train 100.000%/0.0000 | val 97.181%/0.3206
[2025-08-25 23:02:52,386][root][INFO] - Start: 26
[2025-08-25 23:27:32,634][root][INFO] - [27/100] train 100.000%/0.0000 | val 97.194%/0.3284
[2025-08-25 23:27:36,892][root][INFO] - Start: 27
[2025-08-25 23:52:18,940][root][INFO] - [28/100] train 100.000%/0.0000 | val 97.167%/0.3353
[2025-08-25 23:52:18,940][root][INFO] - Start: 28
[2025-08-26 00:17:00,900][root][INFO] - [29/100] train 100.000%/0.0000 | val 97.194%/0.3402
[2025-08-26 00:17:00,900][root][INFO] - Start: 29
[2025-08-26 00:41:42,524][root][INFO] - [30/100] train 100.000%/0.0000 | val 97.208%/0.3457
[2025-08-26 00:41:46,863][root][INFO] - Start: 30
[2025-08-26 01:06:28,603][root][INFO] - [31/100] train 100.000%/0.0000 | val 97.194%/0.3525
[2025-08-26 01:06:28,603][root][INFO] - Start: 31
[2025-08-26 01:31:10,680][root][INFO] - [32/100] train 100.000%/0.0000 | val 97.236%/0.3536
[2025-08-26 01:31:14,929][root][INFO] - Start: 32
[2025-08-26 01:55:54,819][root][INFO] - [33/100] train 100.000%/0.0000 | val 97.208%/0.3621
[2025-08-26 01:55:54,820][root][INFO] - Start: 33
[2025-08-26 02:20:36,735][root][INFO] - [34/100] train 100.000%/0.0000 | val 97.181%/0.3739
[2025-08-26 02:20:36,736][root][INFO] - Start: 34
[2025-08-26 02:45:17,548][root][INFO] - [35/100] train 100.000%/0.0000 | val 97.194%/0.3785
[2025-08-26 02:45:17,548][root][INFO] - Start: 35
[2025-08-26 03:09:59,249][root][INFO] - [36/100] train 100.000%/0.0000 | val 97.208%/0.3803
[2025-08-26 03:09:59,249][root][INFO] - Start: 36
[2025-08-26 03:34:39,853][root][INFO] - [37/100] train 100.000%/0.0000 | val 97.194%/0.3800
[2025-08-26 03:34:39,854][root][INFO] - Start: 37
[2025-08-26 03:59:19,936][root][INFO] - [38/100] train 100.000%/0.0000 | val 97.194%/0.3841
[2025-08-26 03:59:19,936][root][INFO] - Start: 38
[2025-08-26 04:24:02,139][root][INFO] - [39/100] train 100.000%/0.0000 | val 97.167%/0.3950
[2025-08-26 04:24:02,140][root][INFO] - Start: 39
[2025-08-26 04:48:44,100][root][INFO] - [40/100] train 100.000%/0.0000 | val 97.181%/0.3931
[2025-08-26 04:48:44,101][root][INFO] - Start: 40
[2025-08-26 05:13:27,105][root][INFO] - [41/100] train 100.000%/0.0000 | val 97.069%/0.4056
[2025-08-26 05:13:27,106][root][INFO] - Start: 41
[2025-08-26 05:38:10,054][root][INFO] - [42/100] train 100.000%/0.0000 | val 97.153%/0.4026
[2025-08-26 05:38:10,055][root][INFO] - Start: 42
[2025-08-26 06:02:53,617][root][INFO] - [43/100] train 100.000%/0.0000 | val 97.153%/0.3999
[2025-08-26 06:02:53,617][root][INFO] - Start: 43
[2025-08-26 06:27:34,865][root][INFO] - [44/100] train 100.000%/0.0000 | val 97.139%/0.4075
[2025-08-26 06:27:34,865][root][INFO] - Start: 44
[2025-08-26 06:52:17,360][root][INFO] - [45/100] train 100.000%/0.0000 | val 97.111%/0.4098
[2025-08-26 06:52:17,360][root][INFO] - Start: 45
[2025-08-26 07:16:58,571][root][INFO] - [46/100] train 100.000%/0.0000 | val 97.083%/0.4155
[2025-08-26 07:16:58,571][root][INFO] - Start: 46
[2025-08-26 07:41:39,483][root][INFO] - [47/100] train 100.000%/0.0000 | val 97.056%/0.4210
[2025-08-26 07:41:39,483][root][INFO] - Start: 47
[2025-08-26 08:06:21,708][root][INFO] - [48/100] train 100.000%/0.0000 | val 97.194%/0.4099
[2025-08-26 08:06:21,708][root][INFO] - Start: 48
[2025-08-26 08:31:03,548][root][INFO] - [49/100] train 100.000%/0.0000 | val 97.097%/0.4215
[2025-08-26 08:31:03,548][root][INFO] - Start: 49
[2025-08-26 08:55:45,332][root][INFO] - [50/100] train 100.000%/0.0000 | val 97.083%/0.4246
[2025-08-26 08:55:45,333][root][INFO] - Start: 50
[2025-08-26 09:20:27,560][root][INFO] - [51/100] train 100.000%/0.0000 | val 97.042%/0.4294
[2025-08-26 09:20:27,560][root][INFO] - Start: 51
[2025-08-26 09:45:09,010][root][INFO] - [52/100] train 100.000%/0.0000 | val 97.042%/0.4338
[2025-08-26 09:45:09,010][root][INFO] - Start: 52
[2025-08-26 10:09:51,596][root][INFO] - [53/100] train 100.000%/0.0000 | val 97.083%/0.4316
[2025-08-26 10:09:51,596][root][INFO] - Start: 53
[2025-08-26 10:34:33,267][root][INFO] - [54/100] train 100.000%/0.0000 | val 97.069%/0.4336
[2025-08-26 10:34:33,268][root][INFO] - Start: 54
[2025-08-26 10:59:16,264][root][INFO] - [55/100] train 100.000%/0.0000 | val 97.042%/0.4421
[2025-08-26 10:59:16,264][root][INFO] - Start: 55
[2025-08-26 11:23:59,219][root][INFO] - [56/100] train 100.000%/0.0000 | val 97.056%/0.4397
[2025-08-26 11:23:59,220][root][INFO] - Start: 56
[2025-08-26 11:48:41,492][root][INFO] - [57/100] train 100.000%/0.0000 | val 97.056%/0.4402
[2025-08-26 11:48:41,492][root][INFO] - Start: 57
[2025-08-26 12:13:24,170][root][INFO] - [58/100] train 100.000%/0.0000 | val 97.042%/0.4461
[2025-08-26 12:13:24,170][root][INFO] - Start: 58
[2025-08-26 12:38:06,637][root][INFO] - [59/100] train 100.000%/0.0000 | val 97.028%/0.4506
[2025-08-26 12:38:06,637][root][INFO] - Start: 59
[2025-08-26 13:02:47,073][root][INFO] - [60/100] train 100.000%/0.0000 | val 97.069%/0.4426
[2025-08-26 13:02:47,073][root][INFO] - Start: 60
[2025-08-26 13:27:28,513][root][INFO] - [61/100] train 100.000%/0.0000 | val 97.069%/0.4447
[2025-08-26 13:27:28,514][root][INFO] - Start: 61
[2025-08-26 13:52:10,494][root][INFO] - [62/100] train 100.000%/0.0000 | val 97.056%/0.4461
[2025-08-26 13:52:10,495][root][INFO] - Start: 62
[2025-08-26 14:16:52,442][root][INFO] - [63/100] train 100.000%/0.0000 | val 97.056%/0.4493
[2025-08-26 14:16:52,442][root][INFO] - Start: 63
[2025-08-26 14:41:32,609][root][INFO] - [64/100] train 100.000%/0.0000 | val 97.069%/0.4457
[2025-08-26 14:41:32,610][root][INFO] - Start: 64
[2025-08-26 15:06:15,044][root][INFO] - [65/100] train 100.000%/0.0000 | val 97.056%/0.4502
[2025-08-26 15:06:15,045][root][INFO] - Start: 65
[2025-08-26 15:30:55,770][root][INFO] - [66/100] train 100.000%/0.0000 | val 97.056%/0.4498
[2025-08-26 15:30:55,770][root][INFO] - Start: 66
[2025-08-26 15:55:37,391][root][INFO] - [67/100] train 100.000%/0.0000 | val 97.069%/0.4483
[2025-08-26 15:55:37,392][root][INFO] - Start: 67
[2025-08-26 16:20:20,760][root][INFO] - [68/100] train 100.000%/0.0000 | val 97.056%/0.4535
[2025-08-26 16:20:20,760][root][INFO] - Start: 68
[2025-08-26 16:45:03,281][root][INFO] - [69/100] train 100.000%/0.0000 | val 97.069%/0.4506
[2025-08-26 16:45:03,282][root][INFO] - Start: 69
[2025-08-26 17:09:44,604][root][INFO] - [70/100] train 100.000%/0.0000 | val 97.069%/0.4511
[2025-08-26 17:09:44,605][root][INFO] - Start: 70
[2025-08-26 17:34:25,736][root][INFO] - [71/100] train 100.000%/0.0000 | val 97.056%/0.4534
[2025-08-26 17:34:25,737][root][INFO] - Start: 71
[2025-08-26 17:59:09,028][root][INFO] - [72/100] train 100.000%/0.0000 | val 97.056%/0.4550
[2025-08-26 17:59:09,028][root][INFO] - Start: 72
[2025-08-26 18:23:51,584][root][INFO] - [73/100] train 100.000%/0.0000 | val 97.069%/0.4514
[2025-08-26 18:23:51,584][root][INFO] - Start: 73
[2025-08-26 18:48:34,136][root][INFO] - [74/100] train 100.000%/0.0000 | val 97.056%/0.4531
[2025-08-26 18:48:34,136][root][INFO] - Start: 74
[2025-08-26 19:13:17,340][root][INFO] - [75/100] train 100.000%/0.0000 | val 97.069%/0.4529
[2025-08-26 19:13:17,340][root][INFO] - Start: 75
[2025-08-26 19:38:01,234][root][INFO] - [76/100] train 100.000%/0.0000 | val 97.056%/0.4551
[2025-08-26 19:38:01,235][root][INFO] - Start: 76
[2025-08-26 20:02:45,192][root][INFO] - [77/100] train 100.000%/0.0000 | val 97.056%/0.4554
[2025-08-26 20:02:45,193][root][INFO] - Start: 77
[2025-08-26 20:27:27,447][root][INFO] - [78/100] train 100.000%/0.0000 | val 97.056%/0.4555
[2025-08-26 20:27:27,447][root][INFO] - Start: 78
[2025-08-26 20:52:11,356][root][INFO] - [79/100] train 100.000%/0.0000 | val 97.056%/0.4550
[2025-08-26 20:52:11,357][root][INFO] - Start: 79
[2025-08-26 21:16:53,897][root][INFO] - [80/100] train 100.000%/0.0000 | val 97.056%/0.4552
[2025-08-26 21:16:53,897][root][INFO] - Start: 80
[2025-08-26 21:41:36,230][root][INFO] - [81/100] train 100.000%/0.0000 | val 97.056%/0.4555
[2025-08-26 21:41:36,230][root][INFO] - Start: 81
[2025-08-26 22:06:19,746][root][INFO] - [82/100] train 100.000%/0.0000 | val 97.056%/0.4559
[2025-08-26 22:06:19,746][root][INFO] - Start: 82
[2025-08-26 22:31:02,097][root][INFO] - [83/100] train 100.000%/0.0000 | val 97.056%/0.4555
[2025-08-26 22:31:02,097][root][INFO] - Start: 83
[2025-08-26 22:55:45,767][root][INFO] - [84/100] train 100.000%/0.0000 | val 97.069%/0.4555
[2025-08-26 22:55:45,768][root][INFO] - Start: 84
[2025-08-26 23:20:28,725][root][INFO] - [85/100] train 100.000%/0.0000 | val 97.069%/0.4556
[2025-08-26 23:20:28,725][root][INFO] - Start: 85
[2025-08-26 23:45:10,802][root][INFO] - [86/100] train 100.000%/0.0000 | val 97.069%/0.4557
[2025-08-26 23:45:10,802][root][INFO] - Start: 86
[2025-08-27 00:09:51,369][root][INFO] - [87/100] train 100.000%/0.0000 | val 97.056%/0.4561
[2025-08-27 00:09:51,369][root][INFO] - Start: 87
[2025-08-27 00:34:33,112][root][INFO] - [88/100] train 100.000%/0.0000 | val 97.056%/0.4561
[2025-08-27 00:34:33,113][root][INFO] - Start: 88
[2025-08-27 00:59:15,611][root][INFO] - [89/100] train 100.000%/0.0000 | val 97.056%/0.4561
[2025-08-27 00:59:15,612][root][INFO] - Start: 89
[2025-08-27 01:23:58,236][root][INFO] - [90/100] train 100.000%/0.0000 | val 97.056%/0.4561
[2025-08-27 01:23:58,236][root][INFO] - Start: 90
[2025-08-27 01:48:39,473][root][INFO] - [91/100] train 100.000%/0.0000 | val 97.056%/0.4561
[2025-08-27 01:48:39,473][root][INFO] - Start: 91
[2025-08-27 02:13:20,640][root][INFO] - [92/100] train 100.000%/0.0000 | val 97.069%/0.4561
[2025-08-27 02:13:20,641][root][INFO] - Start: 92
[2025-08-27 02:38:01,618][root][INFO] - [93/100] train 100.000%/0.0000 | val 97.056%/0.4562
[2025-08-27 02:38:01,618][root][INFO] - Start: 93
[2025-08-27 03:02:43,364][root][INFO] - [94/100] train 100.000%/0.0000 | val 97.069%/0.4562
[2025-08-27 03:02:43,364][root][INFO] - Start: 94
[2025-08-27 03:27:25,307][root][INFO] - [95/100] train 100.000%/0.0000 | val 97.069%/0.4562
[2025-08-27 03:27:25,307][root][INFO] - Start: 95
[2025-08-27 03:52:07,136][root][INFO] - [96/100] train 100.000%/0.0000 | val 97.069%/0.4562
[2025-08-27 03:52:07,137][root][INFO] - Start: 96
[2025-08-27 04:16:48,507][root][INFO] - [97/100] train 100.000%/0.0000 | val 97.069%/0.4562
[2025-08-27 04:16:48,508][root][INFO] - Start: 97
[2025-08-27 04:41:31,296][root][INFO] - [98/100] train 100.000%/0.0000 | val 97.069%/0.4562
[2025-08-27 04:41:31,297][root][INFO] - Start: 98
[2025-08-27 05:06:11,497][root][INFO] - [99/100] train 100.000%/0.0000 | val 97.069%/0.4562
[2025-08-27 05:06:11,498][root][INFO] - Start: 99
[2025-08-27 05:30:51,982][root][INFO] - [100/100] train 100.000%/0.0000 | val 97.069%/0.4562
[2025-08-27 05:32:19,062][root][INFO] - 
[Test Evaluation]
[2025-08-27 05:32:19,062][root][INFO] -  Accuracy : 0.975
[2025-08-27 05:32:19,062][root][INFO] -  Precision: 0.965
[2025-08-27 05:32:19,062][root][INFO] -  Recall   : 0.985
[2025-08-27 05:32:19,062][root][INFO] -  F1       : 0.975
[2025-08-27 05:32:19,062][root][INFO] -  Auc      : 0.994
