[2025-08-28 06:09:46,771][root][INFO] - ORIGINAL CWD : /home/sota/research/sotaohnuma/coffee
[2025-08-28 06:09:46,771][root][INFO] - RUN CWD      : /home/sota/research/sotaohnuma/coffee/outputs/bean_224/deit_s/base/2025-08-28_06-09-46
[2025-08-28 06:09:46,771][root][INFO] - batch: 185, 
 {'batch_size': 185, '_target_': 'models.deit_s.deit_s', 'lr': 2.1e-05, 'weight_decay': 0.0018}
[2025-08-28 06:09:46,771][root][INFO] - lr: 2.1e-05, 
 {'_target_': 'models.deit_s.deit_s', 'lr': 2.1e-05, 'weight_decay': 0.0018}
[2025-08-28 06:09:46,771][root][INFO] - weight_decay: 0.0018, 
 {'_target_': 'models.deit_s.deit_s', 'weight_decay': 0.0018}
[2025-08-28 06:09:47,664][root][INFO] - Start loading train data
[2025-08-28 06:09:47,772][root][INFO] - Start loading val data
[2025-08-28 06:09:47,785][root][INFO] - Start loading test data
[2025-08-28 06:09:47,798][root][INFO] - Finished DataLoader setup
[2025-08-28 06:09:47,799][root][INFO] - Start: 0
[2025-08-28 06:16:01,509][root][INFO] - [01/100] train 75.358%/0.4977 | val 93.125%/0.1926
[2025-08-28 06:16:01,629][root][INFO] - Start: 1
[2025-08-28 06:22:18,537][root][INFO] - [02/100] train 95.368%/0.1240 | val 95.958%/0.1096
[2025-08-28 06:22:19,933][root][INFO] - Start: 2
[2025-08-28 06:28:36,866][root][INFO] - [03/100] train 97.748%/0.0612 | val 96.069%/0.1270
[2025-08-28 06:28:37,847][root][INFO] - Start: 3
[2025-08-28 06:34:55,182][root][INFO] - [04/100] train 99.118%/0.0256 | val 96.556%/0.1073
[2025-08-28 06:34:56,083][root][INFO] - Start: 4
[2025-08-28 06:41:12,363][root][INFO] - [05/100] train 99.580%/0.0122 | val 97.556%/0.1111
[2025-08-28 06:41:13,333][root][INFO] - Start: 5
[2025-08-28 06:47:30,591][root][INFO] - [06/100] train 99.681%/0.0094 | val 96.653%/0.1340
[2025-08-28 06:47:30,591][root][INFO] - Start: 6
[2025-08-28 06:53:47,794][root][INFO] - [07/100] train 99.809%/0.0061 | val 97.042%/0.1434
[2025-08-28 06:53:47,794][root][INFO] - Start: 7
[2025-08-28 07:00:04,346][root][INFO] - [08/100] train 99.760%/0.0070 | val 96.750%/0.1498
[2025-08-28 07:00:04,346][root][INFO] - Start: 8
[2025-08-28 07:06:21,856][root][INFO] - [09/100] train 99.832%/0.0053 | val 97.000%/0.1083
[2025-08-28 07:06:21,856][root][INFO] - Start: 9
[2025-08-28 07:12:39,242][root][INFO] - [10/100] train 99.760%/0.0075 | val 95.708%/0.1804
[2025-08-28 07:12:39,243][root][INFO] - Start: 10
[2025-08-28 07:18:56,497][root][INFO] - [11/100] train 99.783%/0.0063 | val 96.917%/0.1616
[2025-08-28 07:18:56,497][root][INFO] - Start: 11
[2025-08-28 07:25:13,770][root][INFO] - [12/100] train 99.931%/0.0021 | val 94.653%/0.2208
[2025-08-28 07:25:13,770][root][INFO] - Start: 12
[2025-08-28 07:31:31,507][root][INFO] - [13/100] train 99.880%/0.0033 | val 97.236%/0.1612
[2025-08-28 07:31:31,508][root][INFO] - Start: 13
[2025-08-28 07:37:49,029][root][INFO] - [14/100] train 99.845%/0.0044 | val 97.250%/0.1609
[2025-08-28 07:37:49,030][root][INFO] - Start: 14
[2025-08-28 07:44:05,790][root][INFO] - [15/100] train 99.998%/0.0002 | val 96.972%/0.1838
[2025-08-28 07:44:05,790][root][INFO] - Start: 15
[2025-08-28 07:50:22,841][root][INFO] - [16/100] train 100.000%/0.0000 | val 97.028%/0.1883
[2025-08-28 07:50:22,841][root][INFO] - Start: 16
[2025-08-28 07:56:39,641][root][INFO] - [17/100] train 100.000%/0.0000 | val 97.056%/0.1929
[2025-08-28 07:56:39,642][root][INFO] - Start: 17
[2025-08-28 08:02:56,863][root][INFO] - [18/100] train 100.000%/0.0000 | val 97.056%/0.1971
[2025-08-28 08:02:56,864][root][INFO] - Start: 18
[2025-08-28 08:09:14,727][root][INFO] - [19/100] train 100.000%/0.0000 | val 97.097%/0.2012
[2025-08-28 08:09:14,727][root][INFO] - Start: 19
[2025-08-28 08:15:31,690][root][INFO] - [20/100] train 100.000%/0.0000 | val 97.097%/0.2047
[2025-08-28 08:15:31,690][root][INFO] - Start: 20
[2025-08-28 08:21:49,323][root][INFO] - [21/100] train 100.000%/0.0000 | val 97.097%/0.2084
[2025-08-28 08:21:49,323][root][INFO] - Start: 21
[2025-08-28 08:28:06,930][root][INFO] - [22/100] train 100.000%/0.0000 | val 97.139%/0.2114
[2025-08-28 08:28:06,930][root][INFO] - Start: 22
[2025-08-28 08:34:24,290][root][INFO] - [23/100] train 100.000%/0.0000 | val 97.167%/0.2146
[2025-08-28 08:34:24,291][root][INFO] - Start: 23
[2025-08-28 08:40:41,359][root][INFO] - [24/100] train 100.000%/0.0000 | val 97.153%/0.2174
[2025-08-28 08:40:41,359][root][INFO] - Start: 24
[2025-08-28 08:46:58,165][root][INFO] - [25/100] train 100.000%/0.0000 | val 97.167%/0.2205
[2025-08-28 08:46:58,166][root][INFO] - Start: 25
[2025-08-28 08:53:14,957][root][INFO] - [26/100] train 100.000%/0.0000 | val 97.181%/0.2237
[2025-08-28 08:53:14,957][root][INFO] - Start: 26
[2025-08-28 08:59:32,583][root][INFO] - [27/100] train 100.000%/0.0000 | val 97.181%/0.2263
[2025-08-28 08:59:32,583][root][INFO] - Start: 27
[2025-08-28 09:05:49,849][root][INFO] - [28/100] train 100.000%/0.0000 | val 97.181%/0.2293
[2025-08-28 09:05:49,849][root][INFO] - Start: 28
[2025-08-28 09:12:06,652][root][INFO] - [29/100] train 100.000%/0.0000 | val 97.194%/0.2323
[2025-08-28 09:12:06,652][root][INFO] - Start: 29
[2025-08-28 09:18:24,095][root][INFO] - [30/100] train 100.000%/0.0000 | val 97.194%/0.2350
[2025-08-28 09:18:24,096][root][INFO] - Start: 30
[2025-08-28 09:24:41,513][root][INFO] - [31/100] train 100.000%/0.0000 | val 97.208%/0.2373
[2025-08-28 09:24:41,514][root][INFO] - Start: 31
[2025-08-28 09:30:58,722][root][INFO] - [32/100] train 100.000%/0.0000 | val 97.208%/0.2403
[2025-08-28 09:30:58,723][root][INFO] - Start: 32
[2025-08-28 09:37:16,178][root][INFO] - [33/100] train 100.000%/0.0000 | val 97.208%/0.2428
[2025-08-28 09:37:16,179][root][INFO] - Start: 33
[2025-08-28 09:43:33,476][root][INFO] - [34/100] train 100.000%/0.0000 | val 97.194%/0.2461
[2025-08-28 09:43:33,477][root][INFO] - Start: 34
[2025-08-28 09:49:51,001][root][INFO] - [35/100] train 100.000%/0.0000 | val 97.208%/0.2482
[2025-08-28 09:49:51,001][root][INFO] - Start: 35
[2025-08-28 09:56:08,572][root][INFO] - [36/100] train 100.000%/0.0000 | val 97.250%/0.2507
[2025-08-28 09:56:08,572][root][INFO] - Start: 36
[2025-08-28 10:02:25,499][root][INFO] - [37/100] train 100.000%/0.0000 | val 97.250%/0.2534
[2025-08-28 10:02:25,499][root][INFO] - Start: 37
[2025-08-28 10:08:42,682][root][INFO] - [38/100] train 100.000%/0.0000 | val 97.250%/0.2563
[2025-08-28 10:08:42,682][root][INFO] - Start: 38
[2025-08-28 10:14:59,505][root][INFO] - [39/100] train 100.000%/0.0000 | val 97.222%/0.2593
[2025-08-28 10:14:59,506][root][INFO] - Start: 39
[2025-08-28 10:21:16,923][root][INFO] - [40/100] train 100.000%/0.0000 | val 97.264%/0.2613
[2025-08-28 10:21:16,923][root][INFO] - Start: 40
[2025-08-28 10:27:34,387][root][INFO] - [41/100] train 100.000%/0.0000 | val 97.306%/0.2638
[2025-08-28 10:27:34,388][root][INFO] - Start: 41
[2025-08-28 10:33:51,743][root][INFO] - [42/100] train 100.000%/0.0000 | val 97.347%/0.2663
[2025-08-28 10:33:51,744][root][INFO] - Start: 42
[2025-08-28 10:40:08,943][root][INFO] - [43/100] train 100.000%/0.0000 | val 97.347%/0.2687
[2025-08-28 10:40:08,943][root][INFO] - Start: 43
[2025-08-28 10:46:26,247][root][INFO] - [44/100] train 100.000%/0.0000 | val 97.375%/0.2712
[2025-08-28 10:46:26,247][root][INFO] - Start: 44
[2025-08-28 10:52:43,342][root][INFO] - [45/100] train 100.000%/0.0000 | val 97.375%/0.2740
[2025-08-28 10:52:43,343][root][INFO] - Start: 45
[2025-08-28 10:59:01,045][root][INFO] - [46/100] train 100.000%/0.0000 | val 97.389%/0.2763
[2025-08-28 10:59:01,045][root][INFO] - Start: 46
[2025-08-28 11:05:18,667][root][INFO] - [47/100] train 100.000%/0.0000 | val 97.403%/0.2787
[2025-08-28 11:05:18,668][root][INFO] - Start: 47
[2025-08-28 11:11:35,744][root][INFO] - [48/100] train 100.000%/0.0000 | val 97.417%/0.2809
[2025-08-28 11:11:35,744][root][INFO] - Start: 48
[2025-08-28 11:17:52,918][root][INFO] - [49/100] train 100.000%/0.0000 | val 97.417%/0.2834
[2025-08-28 11:17:52,918][root][INFO] - Start: 49
[2025-08-28 11:24:10,164][root][INFO] - [50/100] train 100.000%/0.0000 | val 97.431%/0.2858
[2025-08-28 11:24:10,164][root][INFO] - Start: 50
[2025-08-28 11:30:27,256][root][INFO] - [51/100] train 100.000%/0.0000 | val 97.431%/0.2886
[2025-08-28 11:30:27,256][root][INFO] - Start: 51
[2025-08-28 11:36:44,533][root][INFO] - [52/100] train 100.000%/0.0000 | val 97.444%/0.2904
[2025-08-28 11:36:44,533][root][INFO] - Start: 52
[2025-08-28 11:43:01,456][root][INFO] - [53/100] train 100.000%/0.0000 | val 97.472%/0.2929
[2025-08-28 11:43:01,456][root][INFO] - Start: 53
[2025-08-28 11:49:18,805][root][INFO] - [54/100] train 100.000%/0.0000 | val 97.472%/0.2953
[2025-08-28 11:49:18,806][root][INFO] - Start: 54
[2025-08-28 11:55:36,368][root][INFO] - [55/100] train 100.000%/0.0000 | val 97.472%/0.2980
[2025-08-28 11:55:36,369][root][INFO] - Start: 55
[2025-08-28 12:01:53,590][root][INFO] - [56/100] train 100.000%/0.0000 | val 97.472%/0.3003
[2025-08-28 12:01:53,590][root][INFO] - Start: 56
[2025-08-28 12:08:10,850][root][INFO] - [57/100] train 100.000%/0.0000 | val 97.458%/0.3027
[2025-08-28 12:08:10,850][root][INFO] - Start: 57
[2025-08-28 12:14:28,487][root][INFO] - [58/100] train 100.000%/0.0000 | val 97.458%/0.3051
[2025-08-28 12:14:28,488][root][INFO] - Start: 58
[2025-08-28 12:20:45,665][root][INFO] - [59/100] train 100.000%/0.0000 | val 97.444%/0.3077
[2025-08-28 12:20:45,665][root][INFO] - Start: 59
[2025-08-28 12:27:02,668][root][INFO] - [60/100] train 100.000%/0.0000 | val 97.458%/0.3098
[2025-08-28 12:27:02,668][root][INFO] - Start: 60
[2025-08-28 12:33:20,060][root][INFO] - [61/100] train 100.000%/0.0000 | val 97.458%/0.3120
[2025-08-28 12:33:20,061][root][INFO] - Start: 61
[2025-08-28 12:39:37,369][root][INFO] - [62/100] train 100.000%/0.0000 | val 97.431%/0.3145
[2025-08-28 12:39:37,369][root][INFO] - Start: 62
[2025-08-28 12:45:54,728][root][INFO] - [63/100] train 100.000%/0.0000 | val 97.444%/0.3168
[2025-08-28 12:45:54,728][root][INFO] - Start: 63
[2025-08-28 12:52:11,421][root][INFO] - [64/100] train 100.000%/0.0000 | val 97.444%/0.3190
[2025-08-28 12:52:11,422][root][INFO] - Start: 64
[2025-08-28 12:58:29,010][root][INFO] - [65/100] train 100.000%/0.0000 | val 97.444%/0.3210
[2025-08-28 12:58:29,010][root][INFO] - Start: 65
[2025-08-28 13:04:46,049][root][INFO] - [66/100] train 100.000%/0.0000 | val 97.444%/0.3230
[2025-08-28 13:04:46,049][root][INFO] - Start: 66
[2025-08-28 13:11:03,381][root][INFO] - [67/100] train 100.000%/0.0000 | val 97.444%/0.3252
[2025-08-28 13:11:03,382][root][INFO] - Start: 67
[2025-08-28 13:17:20,965][root][INFO] - [68/100] train 100.000%/0.0000 | val 97.444%/0.3274
[2025-08-28 13:17:20,965][root][INFO] - Start: 68
[2025-08-28 13:23:37,515][root][INFO] - [69/100] train 100.000%/0.0000 | val 97.444%/0.3299
[2025-08-28 13:23:37,515][root][INFO] - Start: 69
[2025-08-28 13:29:53,957][root][INFO] - [70/100] train 100.000%/0.0000 | val 97.444%/0.3320
[2025-08-28 13:29:53,958][root][INFO] - Start: 70
[2025-08-28 13:36:10,675][root][INFO] - [71/100] train 100.000%/0.0000 | val 97.444%/0.3341
[2025-08-28 13:36:10,675][root][INFO] - Start: 71
[2025-08-28 13:42:27,542][root][INFO] - [72/100] train 100.000%/0.0000 | val 97.444%/0.3361
[2025-08-28 13:42:27,543][root][INFO] - Start: 72
[2025-08-28 13:48:44,941][root][INFO] - [73/100] train 100.000%/0.0000 | val 97.431%/0.3379
[2025-08-28 13:48:44,942][root][INFO] - Start: 73
[2025-08-28 13:55:01,738][root][INFO] - [74/100] train 100.000%/0.0000 | val 97.431%/0.3397
[2025-08-28 13:55:01,738][root][INFO] - Start: 74
[2025-08-28 14:01:19,003][root][INFO] - [75/100] train 100.000%/0.0000 | val 97.431%/0.3410
[2025-08-28 14:01:19,003][root][INFO] - Start: 75
[2025-08-28 14:07:35,945][root][INFO] - [76/100] train 100.000%/0.0000 | val 97.431%/0.3422
[2025-08-28 14:07:35,946][root][INFO] - Start: 76
[2025-08-28 14:13:53,106][root][INFO] - [77/100] train 100.000%/0.0000 | val 97.431%/0.3438
[2025-08-28 14:13:53,106][root][INFO] - Start: 77
[2025-08-28 14:20:10,292][root][INFO] - [78/100] train 100.000%/0.0000 | val 97.431%/0.3449
[2025-08-28 14:20:10,292][root][INFO] - Start: 78
[2025-08-28 14:26:27,404][root][INFO] - [79/100] train 100.000%/0.0000 | val 97.431%/0.3461
[2025-08-28 14:26:27,404][root][INFO] - Start: 79
[2025-08-28 14:32:44,735][root][INFO] - [80/100] train 100.000%/0.0000 | val 97.417%/0.3473
[2025-08-28 14:32:44,735][root][INFO] - Start: 80
[2025-08-28 14:39:02,018][root][INFO] - [81/100] train 100.000%/0.0000 | val 97.417%/0.3484
[2025-08-28 14:39:02,018][root][INFO] - Start: 81
[2025-08-28 14:45:18,918][root][INFO] - [82/100] train 100.000%/0.0000 | val 97.417%/0.3492
[2025-08-28 14:45:18,919][root][INFO] - Start: 82
[2025-08-28 14:51:35,958][root][INFO] - [83/100] train 100.000%/0.0000 | val 97.417%/0.3499
[2025-08-28 14:51:35,958][root][INFO] - Start: 83
[2025-08-28 14:57:53,373][root][INFO] - [84/100] train 100.000%/0.0000 | val 97.417%/0.3507
[2025-08-28 14:57:53,373][root][INFO] - Start: 84
[2025-08-28 15:04:10,989][root][INFO] - [85/100] train 100.000%/0.0000 | val 97.431%/0.3512
[2025-08-28 15:04:10,990][root][INFO] - Start: 85
[2025-08-28 15:10:28,745][root][INFO] - [86/100] train 100.000%/0.0000 | val 97.444%/0.3521
[2025-08-28 15:10:28,746][root][INFO] - Start: 86
[2025-08-28 15:16:46,329][root][INFO] - [87/100] train 100.000%/0.0000 | val 97.444%/0.3524
[2025-08-28 15:16:46,329][root][INFO] - Start: 87
[2025-08-28 15:23:03,599][root][INFO] - [88/100] train 100.000%/0.0000 | val 97.444%/0.3530
[2025-08-28 15:23:03,599][root][INFO] - Start: 88
[2025-08-28 15:29:20,747][root][INFO] - [89/100] train 100.000%/0.0000 | val 97.458%/0.3537
[2025-08-28 15:29:20,747][root][INFO] - Start: 89
[2025-08-28 15:35:37,699][root][INFO] - [90/100] train 100.000%/0.0000 | val 97.458%/0.3543
[2025-08-28 15:35:37,699][root][INFO] - Start: 90
[2025-08-28 15:41:54,609][root][INFO] - [91/100] train 100.000%/0.0000 | val 97.458%/0.3547
[2025-08-28 15:41:54,609][root][INFO] - Start: 91
[2025-08-28 15:48:12,192][root][INFO] - [92/100] train 100.000%/0.0000 | val 97.458%/0.3551
[2025-08-28 15:48:12,192][root][INFO] - Start: 92
[2025-08-28 15:54:29,320][root][INFO] - [93/100] train 100.000%/0.0000 | val 97.458%/0.3555
[2025-08-28 15:54:29,320][root][INFO] - Start: 93
[2025-08-28 16:00:46,126][root][INFO] - [94/100] train 100.000%/0.0000 | val 97.458%/0.3557
[2025-08-28 16:00:46,126][root][INFO] - Start: 94
[2025-08-28 16:07:03,640][root][INFO] - [95/100] train 100.000%/0.0000 | val 97.458%/0.3559
[2025-08-28 16:07:03,640][root][INFO] - Start: 95
[2025-08-28 16:13:20,939][root][INFO] - [96/100] train 100.000%/0.0000 | val 97.458%/0.3560
[2025-08-28 16:13:20,940][root][INFO] - Start: 96
[2025-08-28 16:19:38,442][root][INFO] - [97/100] train 100.000%/0.0000 | val 97.458%/0.3562
[2025-08-28 16:19:38,443][root][INFO] - Start: 97
[2025-08-28 16:25:55,949][root][INFO] - [98/100] train 100.000%/0.0000 | val 97.458%/0.3562
[2025-08-28 16:25:55,950][root][INFO] - Start: 98
[2025-08-28 16:32:13,205][root][INFO] - [99/100] train 100.000%/0.0000 | val 97.458%/0.3562
[2025-08-28 16:32:13,206][root][INFO] - Start: 99
[2025-08-28 16:38:30,266][root][INFO] - [100/100] train 100.000%/0.0000 | val 97.458%/0.3563
[2025-08-28 16:38:45,218][root][INFO] - 
[Test Evaluation]
[2025-08-28 16:38:45,218][root][INFO] -  Accuracy : 0.968
[2025-08-28 16:38:45,219][root][INFO] -  Precision: 0.973
[2025-08-28 16:38:45,219][root][INFO] -  Recall   : 0.963
[2025-08-28 16:38:45,219][root][INFO] -  F1       : 0.968
[2025-08-28 16:38:45,219][root][INFO] -  Auc      : 0.994
