[2025-09-03 07:37:24,377][root][INFO] - ORIGINAL CWD : /home/sota/research/sotaohnuma/coffee
[2025-09-03 07:37:24,378][root][INFO] - RUN CWD      : /home/sota/research/sotaohnuma/coffee/outputs/bean_224/swin_s/base/2025-09-03_07-37-24
[2025-09-03 07:37:24,378][root][INFO] - batch: 66, 
 {'batch_size': 66, '_target_': 'models.swin_s.swin_s', 'lr': 1.37, 'weight_decay': 0.0081}
[2025-09-03 07:37:24,378][root][INFO] - lr: 1.37, 
 {'_target_': 'models.swin_s.swin_s', 'lr': 1.37, 'weight_decay': 0.0081}
[2025-09-03 07:37:24,378][root][INFO] - weight_decay: 0.0081, 
 {'_target_': 'models.swin_s.swin_s', 'weight_decay': 0.0081}
[2025-09-03 07:37:25,886][root][INFO] - Start loading train data
[2025-09-03 07:37:26,003][root][INFO] - Start loading val data
[2025-09-03 07:37:26,017][root][INFO] - Start loading test data
[2025-09-03 07:37:26,211][root][INFO] - Finished DataLoader setup
[2025-09-03 07:37:26,213][root][INFO] - Start: 0
[2025-09-03 07:50:18,988][root][INFO] - [01/100] train 50.214%/0.8370 | val 50.000%/0.8037
[2025-09-03 07:50:19,233][root][INFO] - Start: 1
[2025-09-03 08:03:14,636][root][INFO] - [02/100] train 50.212%/1.8419 | val 50.000%/0.7655
[2025-09-03 08:03:14,636][root][INFO] - Start: 2
[2025-09-03 08:16:08,728][root][INFO] - [03/100] train 50.000%/9.4493 | val 50.000%/0.6932
[2025-09-03 08:16:08,728][root][INFO] - Start: 3
[2025-09-03 08:29:02,242][root][INFO] - [04/100] train 49.977%/11.3317 | val 50.000%/0.7011
[2025-09-03 08:29:02,243][root][INFO] - Start: 4
[2025-09-03 08:41:55,297][root][INFO] - [05/100] train 49.835%/53.1913 | val 50.000%/0.6999
[2025-09-03 08:41:55,298][root][INFO] - Start: 5
[2025-09-03 08:54:48,722][root][INFO] - [06/100] train 49.681%/0.7121 | val 50.000%/0.6966
[2025-09-03 08:54:48,723][root][INFO] - Start: 6
[2025-09-03 09:07:38,892][root][INFO] - [07/100] train 50.090%/72.2230 | val 50.000%/0.6960
[2025-09-03 09:07:38,893][root][INFO] - Start: 7
[2025-09-03 09:20:31,427][root][INFO] - [08/100] train 49.868%/59.6273 | val 50.000%/81.8536
[2025-09-03 09:20:31,428][root][INFO] - Start: 8
[2025-09-03 09:33:24,061][root][INFO] - [09/100] train 49.917%/36.0968 | val 50.000%/27.9819
[2025-09-03 09:33:24,062][root][INFO] - Start: 9
[2025-09-03 09:46:14,598][root][INFO] - [10/100] train 50.311%/75.1267 | val 50.000%/54.0859
[2025-09-03 09:46:14,599][root][INFO] - Start: 10
[2025-09-03 09:59:05,756][root][INFO] - [11/100] train 50.266%/61.6298 | val 50.000%/0.7348
[2025-09-03 09:59:05,756][root][INFO] - Start: 11
[2025-09-03 10:11:56,179][root][INFO] - [12/100] train 49.977%/105.1772 | val 50.000%/0.7271
[2025-09-03 10:11:56,179][root][INFO] - Start: 12
[2025-09-03 10:24:47,530][root][INFO] - [13/100] train 49.859%/45.0136 | val 50.000%/131.6608
[2025-09-03 10:24:47,530][root][INFO] - Start: 13
[2025-09-03 10:37:39,903][root][INFO] - [14/100] train 50.031%/25.1474 | val 50.000%/19.7576
[2025-09-03 10:37:39,903][root][INFO] - Start: 14
[2025-09-03 10:50:30,476][root][INFO] - [15/100] train 49.984%/144.1990 | val 50.000%/0.7041
[2025-09-03 10:50:30,477][root][INFO] - Start: 15
[2025-09-03 11:03:18,390][root][INFO] - [16/100] train 50.064%/83.8279 | val 50.000%/0.9392
[2025-09-03 11:03:18,391][root][INFO] - Start: 16
[2025-09-03 11:16:06,995][root][INFO] - [17/100] train 49.946%/89.9225 | val 50.000%/153.2212
[2025-09-03 11:16:06,996][root][INFO] - Start: 17
[2025-09-03 11:28:54,424][root][INFO] - [18/100] train 49.812%/18.2238 | val 50.000%/6.2276
[2025-09-03 11:28:54,424][root][INFO] - Start: 18
[2025-09-03 11:41:38,289][root][INFO] - [19/100] train 50.144%/94.2487 | val 50.000%/1.9818
[2025-09-03 11:41:38,289][root][INFO] - Start: 19
[2025-09-03 11:54:23,570][root][INFO] - [20/100] train 49.747%/96.8430 | val 50.000%/160.9548
[2025-09-03 11:54:23,570][root][INFO] - Start: 20
[2025-09-03 12:07:12,408][root][INFO] - [21/100] train 50.003%/18.6269 | val 50.000%/0.9044
[2025-09-03 12:07:12,409][root][INFO] - Start: 21
[2025-09-03 12:19:59,276][root][INFO] - [22/100] train 49.865%/77.9735 | val 50.000%/25.4010
[2025-09-03 12:19:59,276][root][INFO] - Start: 22
[2025-09-03 12:32:45,062][root][INFO] - [23/100] train 50.405%/33.6851 | val 50.000%/9.3603
[2025-09-03 12:32:45,062][root][INFO] - Start: 23
[2025-09-03 12:45:29,125][root][INFO] - [24/100] train 50.054%/64.2166 | val 50.000%/19.7386
[2025-09-03 12:45:29,126][root][INFO] - Start: 24
[2025-09-03 12:58:12,508][root][INFO] - [25/100] train 49.918%/126.3284 | val 50.000%/0.7200
[2025-09-03 12:58:12,508][root][INFO] - Start: 25
[2025-09-03 13:10:56,735][root][INFO] - [26/100] train 50.113%/0.8821 | val 50.000%/0.6932
[2025-09-03 13:10:56,735][root][INFO] - Start: 26
[2025-09-03 13:23:36,849][root][INFO] - [27/100] train 50.132%/83.9859 | val 50.000%/0.6983
[2025-09-03 13:23:36,850][root][INFO] - Start: 27
[2025-09-03 13:36:16,185][root][INFO] - [28/100] train 50.014%/49.0337 | val 50.000%/22.8133
[2025-09-03 13:36:16,185][root][INFO] - Start: 28
[2025-09-03 13:48:55,450][root][INFO] - [29/100] train 49.773%/54.3080 | val 50.000%/55.3213
[2025-09-03 13:48:55,451][root][INFO] - Start: 29
[2025-09-03 14:01:33,033][root][INFO] - [30/100] train 49.865%/36.3613 | val 50.000%/38.8710
[2025-09-03 14:01:33,033][root][INFO] - Start: 30
[2025-09-03 14:14:08,554][root][INFO] - [31/100] train 50.142%/112.2765 | val 50.000%/313.8165
[2025-09-03 14:14:08,554][root][INFO] - Start: 31
[2025-09-03 14:26:43,744][root][INFO] - [32/100] train 50.490%/40.0736 | val 50.000%/327.1552
[2025-09-03 14:26:43,744][root][INFO] - Start: 32
[2025-09-03 14:39:17,767][root][INFO] - [33/100] train 50.132%/42.8789 | val 50.000%/26.5982
[2025-09-03 14:39:17,768][root][INFO] - Start: 33
[2025-09-03 14:51:51,805][root][INFO] - [34/100] train 49.955%/47.6581 | val 50.000%/30.7141
[2025-09-03 14:51:51,806][root][INFO] - Start: 34
[2025-09-03 15:04:25,223][root][INFO] - [35/100] train 50.108%/47.9771 | val 50.000%/29.3195
[2025-09-03 15:04:25,223][root][INFO] - Start: 35
[2025-09-03 15:16:58,579][root][INFO] - [36/100] train 49.667%/35.1742 | val 50.000%/1.6058
[2025-09-03 15:16:58,579][root][INFO] - Start: 36
[2025-09-03 15:29:32,771][root][INFO] - [37/100] train 49.851%/105.6013 | val 50.000%/0.7270
[2025-09-03 15:29:32,771][root][INFO] - Start: 37
[2025-09-03 15:42:08,625][root][INFO] - [38/100] train 49.792%/0.7798 | val 50.000%/0.6980
[2025-09-03 15:42:08,625][root][INFO] - Start: 38
[2025-09-03 15:54:43,620][root][INFO] - [39/100] train 50.045%/36.1846 | val 50.000%/6.0659
[2025-09-03 15:54:43,621][root][INFO] - Start: 39
[2025-09-03 16:07:18,819][root][INFO] - [40/100] train 49.922%/49.5179 | val 50.000%/424.6044
[2025-09-03 16:07:18,819][root][INFO] - Start: 40
[2025-09-03 16:19:53,176][root][INFO] - [41/100] train 49.939%/76.1762 | val 50.000%/1.0197
[2025-09-03 16:19:53,176][root][INFO] - Start: 41
[2025-09-03 16:32:28,389][root][INFO] - [42/100] train 50.045%/2.3615 | val 50.000%/1.9250
[2025-09-03 16:32:28,389][root][INFO] - Start: 42
[2025-09-03 16:45:03,802][root][INFO] - [43/100] train 49.873%/45.0532 | val 50.000%/0.7052
[2025-09-03 16:45:03,802][root][INFO] - Start: 43
[2025-09-03 16:57:39,525][root][INFO] - [44/100] train 50.017%/24.5616 | val 50.000%/432.8408
[2025-09-03 16:57:39,525][root][INFO] - Start: 44
[2025-09-03 17:10:14,985][root][INFO] - [45/100] train 49.786%/42.4820 | val 50.000%/1.9713
[2025-09-03 17:10:14,985][root][INFO] - Start: 45
[2025-09-03 17:22:50,091][root][INFO] - [46/100] train 49.859%/1.1115 | val 50.000%/0.6988
[2025-09-03 17:22:50,091][root][INFO] - Start: 46
[2025-09-03 17:35:25,346][root][INFO] - [47/100] train 50.028%/97.7361 | val 50.000%/4.4407
[2025-09-03 17:35:25,346][root][INFO] - Start: 47
[2025-09-03 17:48:03,179][root][INFO] - [48/100] train 49.986%/0.7544 | val 50.000%/0.7395
[2025-09-03 17:48:03,180][root][INFO] - Start: 48
[2025-09-03 18:00:43,116][root][INFO] - [49/100] train 49.785%/0.7386 | val 50.000%/0.8050
[2025-09-03 18:00:43,116][root][INFO] - Start: 49
[2025-09-03 18:13:23,056][root][INFO] - [50/100] train 50.241%/34.5021 | val 50.000%/0.6951
[2025-09-03 18:13:23,056][root][INFO] - Start: 50
[2025-09-03 18:26:02,555][root][INFO] - [51/100] train 50.045%/20.0465 | val 50.000%/0.7238
[2025-09-03 18:26:02,556][root][INFO] - Start: 51
[2025-09-03 18:38:41,425][root][INFO] - [52/100] train 49.708%/8.4831 | val 50.000%/0.6932
[2025-09-03 18:38:41,425][root][INFO] - Start: 52
[2025-09-03 18:51:20,162][root][INFO] - [53/100] train 50.116%/0.9771 | val 50.000%/0.6947
[2025-09-03 18:51:20,163][root][INFO] - Start: 53
[2025-09-03 19:03:59,364][root][INFO] - [54/100] train 50.321%/70.6410 | val 50.000%/0.7029
[2025-09-03 19:03:59,365][root][INFO] - Start: 54
[2025-09-03 19:16:37,742][root][INFO] - [55/100] train 50.547%/0.7097 | val 50.000%/0.7409
[2025-09-03 19:16:37,742][root][INFO] - Start: 55
[2025-09-03 19:29:16,002][root][INFO] - [56/100] train 50.170%/0.7481 | val 50.000%/0.6935
[2025-09-03 19:29:16,003][root][INFO] - Start: 56
[2025-09-03 19:41:53,458][root][INFO] - [57/100] train 50.052%/42.5058 | val 50.000%/3.1261
[2025-09-03 19:41:53,458][root][INFO] - Start: 57
[2025-09-03 19:54:30,156][root][INFO] - [58/100] train 49.991%/0.7403 | val 50.000%/0.7345
[2025-09-03 19:54:30,157][root][INFO] - Start: 58
[2025-09-03 20:07:05,189][root][INFO] - [59/100] train 49.908%/0.8408 | val 50.000%/14.8783
[2025-09-03 20:07:05,190][root][INFO] - Start: 59
[2025-09-03 20:19:41,738][root][INFO] - [60/100] train 49.955%/18.7327 | val 50.000%/0.7069
[2025-09-03 20:19:41,739][root][INFO] - Start: 60
[2025-09-03 20:32:17,113][root][INFO] - [61/100] train 50.028%/0.8208 | val 50.000%/0.7027
[2025-09-03 20:32:17,113][root][INFO] - Start: 61
[2025-09-03 20:44:52,099][root][INFO] - [62/100] train 50.156%/0.7833 | val 50.000%/0.8102
[2025-09-03 20:44:52,099][root][INFO] - Start: 62
[2025-09-03 20:57:26,406][root][INFO] - [63/100] train 50.153%/38.8085 | val 50.000%/0.6939
[2025-09-03 20:57:26,406][root][INFO] - Start: 63
[2025-09-03 21:10:00,396][root][INFO] - [64/100] train 49.878%/5.3844 | val 50.000%/0.7000
[2025-09-03 21:10:00,397][root][INFO] - Start: 64
[2025-09-03 21:22:34,956][root][INFO] - [65/100] train 49.870%/0.8115 | val 50.000%/0.6942
[2025-09-03 21:22:34,957][root][INFO] - Start: 65
[2025-09-03 21:35:07,667][root][INFO] - [66/100] train 50.012%/0.7378 | val 50.000%/0.6932
[2025-09-03 21:35:07,668][root][INFO] - Start: 66
