[2025-09-21 09:58:59,754][root][INFO] - ORIGINAL CWD : /home/sota/research/sotaohnuma/coffee
[2025-09-21 09:58:59,754][root][INFO] - RUN CWD      : /home/sota/research/sotaohnuma/coffee/outputs/bean_224/mobilenetv2_050_np/base/2025-09-21_09-58-59
[2025-09-21 09:58:59,754][root][INFO] - batch: 256, 
 {'batch_size': 256, '_target_': 'models.mobilenetv2_050_np.mobilenetv2_050_np'}
[2025-09-21 09:58:59,755][root][INFO] - Start loading train data
[2025-09-21 09:58:59,863][root][INFO] - Start loading val data
[2025-09-21 09:58:59,876][root][INFO] - Start loading test data
[2025-09-21 09:58:59,888][root][INFO] - Finished DataLoader setup
[2025-09-21 09:58:59,889][root][INFO] - Starting Optimize
[2025-09-21 09:59:00,628][root][INFO] - starting train
[2025-09-21 09:59:00,628][root][INFO] - epoch: 0
[2025-09-21 10:00:32,987][root][INFO] - epoch: 1
[2025-09-21 10:02:05,683][root][INFO] - epoch: 2
[2025-09-21 10:03:38,478][root][INFO] - epoch: 3
[2025-09-21 10:05:11,242][root][INFO] - epoch: 4
[2025-09-21 10:06:44,239][root][INFO] - epoch: 5
[2025-09-21 10:08:17,021][root][INFO] - epoch: 6
[2025-09-21 10:09:49,809][root][INFO] - epoch: 7
[2025-09-21 10:11:22,562][root][INFO] - epoch: 8
[2025-09-21 10:12:55,349][root][INFO] - epoch: 9
[2025-09-21 10:14:28,136][root][INFO] - epoch: 10
[2025-09-21 10:16:00,923][root][INFO] - epoch: 11
[2025-09-21 10:17:33,684][root][INFO] - epoch: 12
[2025-09-21 10:19:06,453][root][INFO] - epoch: 13
[2025-09-21 10:20:39,244][root][INFO] - epoch: 14
[2025-09-21 10:22:12,113][root][INFO] - epoch: 15
[2025-09-21 10:23:44,810][root][INFO] - epoch: 16
[2025-09-21 10:25:17,587][root][INFO] - epoch: 17
[2025-09-21 10:26:50,359][root][INFO] - epoch: 18
[2025-09-21 10:28:23,351][root][INFO] - epoch: 19
[2025-09-21 10:29:56,107][root][INFO] - finished train
[2025-09-21 10:29:56,107][root][INFO] - starting eval
[2025-09-21 10:30:01,433][root][INFO] - finished eval
[2025-09-21 10:30:01,565][root][INFO] - starting train
[2025-09-21 10:30:01,565][root][INFO] - epoch: 0
[2025-09-21 10:31:34,235][root][INFO] - epoch: 1
[2025-09-21 10:33:07,018][root][INFO] - epoch: 2
[2025-09-21 10:34:39,785][root][INFO] - epoch: 3
[2025-09-21 10:36:12,562][root][INFO] - epoch: 4
[2025-09-21 10:37:45,549][root][INFO] - epoch: 5
[2025-09-21 10:39:18,543][root][INFO] - epoch: 6
[2025-09-21 10:40:51,319][root][INFO] - epoch: 7
[2025-09-21 10:42:24,095][root][INFO] - epoch: 8
[2025-09-21 10:43:57,086][root][INFO] - epoch: 9
[2025-09-21 10:45:29,883][root][INFO] - epoch: 10
[2025-09-21 10:47:02,650][root][INFO] - epoch: 11
[2025-09-21 10:48:35,427][root][INFO] - epoch: 12
[2025-09-21 10:50:08,397][root][INFO] - epoch: 13
[2025-09-21 10:51:41,388][root][INFO] - epoch: 14
[2025-09-21 10:53:14,171][root][INFO] - epoch: 15
[2025-09-21 10:54:46,958][root][INFO] - epoch: 16
[2025-09-21 10:56:19,936][root][INFO] - epoch: 17
[2025-09-21 10:57:52,684][root][INFO] - epoch: 18
[2025-09-21 10:59:25,489][root][INFO] - epoch: 19
[2025-09-21 11:00:58,443][root][INFO] - finished train
[2025-09-21 11:00:58,444][root][INFO] - starting eval
[2025-09-21 11:01:03,700][root][INFO] - finished eval
[2025-09-21 11:01:03,796][root][INFO] - starting train
[2025-09-21 11:01:03,796][root][INFO] - epoch: 0
[2025-09-21 11:02:36,570][root][INFO] - epoch: 1
[2025-09-21 11:04:09,361][root][INFO] - epoch: 2
[2025-09-21 11:05:42,339][root][INFO] - epoch: 3
[2025-09-21 11:07:15,109][root][INFO] - epoch: 4
[2025-09-21 11:08:47,908][root][INFO] - epoch: 5
[2025-09-21 11:10:20,667][root][INFO] - epoch: 6
[2025-09-21 11:11:53,665][root][INFO] - epoch: 7
[2025-09-21 11:13:26,436][root][INFO] - epoch: 8
[2025-09-21 11:14:59,226][root][INFO] - epoch: 9
[2025-09-21 11:16:31,994][root][INFO] - epoch: 10
[2025-09-21 11:18:05,006][root][INFO] - epoch: 11
[2025-09-21 11:19:37,972][root][INFO] - epoch: 12
[2025-09-21 11:21:10,957][root][INFO] - epoch: 13
[2025-09-21 11:22:43,725][root][INFO] - epoch: 14
[2025-09-21 11:24:16,511][root][INFO] - epoch: 15
[2025-09-21 11:25:49,492][root][INFO] - epoch: 16
[2025-09-21 11:27:22,290][root][INFO] - epoch: 17
[2025-09-21 11:28:55,256][root][INFO] - epoch: 18
[2025-09-21 11:30:28,035][root][INFO] - epoch: 19
[2025-09-21 11:32:00,822][root][INFO] - finished train
[2025-09-21 11:32:00,823][root][INFO] - starting eval
[2025-09-21 11:32:05,981][root][INFO] - finished eval
[2025-09-21 11:32:06,077][root][INFO] - starting train
[2025-09-21 11:32:06,077][root][INFO] - epoch: 0
[2025-09-21 11:33:38,712][root][INFO] - epoch: 1
[2025-09-21 11:35:11,715][root][INFO] - epoch: 2
[2025-09-21 11:36:44,689][root][INFO] - epoch: 3
[2025-09-21 11:38:17,666][root][INFO] - epoch: 4
[2025-09-21 11:39:50,444][root][INFO] - epoch: 5
[2025-09-21 11:41:23,237][root][INFO] - epoch: 6
[2025-09-21 11:42:56,010][root][INFO] - epoch: 7
[2025-09-21 11:44:28,800][root][INFO] - epoch: 8
[2025-09-21 11:46:01,561][root][INFO] - epoch: 9
[2025-09-21 11:47:34,355][root][INFO] - epoch: 10
[2025-09-21 11:49:07,367][root][INFO] - epoch: 11
[2025-09-21 11:50:40,330][root][INFO] - epoch: 12
[2025-09-21 11:52:13,169][root][INFO] - epoch: 13
[2025-09-21 11:53:45,893][root][INFO] - epoch: 14
[2025-09-21 11:55:18,675][root][INFO] - epoch: 15
[2025-09-21 11:56:51,405][root][INFO] - epoch: 16
[2025-09-21 11:58:24,216][root][INFO] - epoch: 17
[2025-09-21 11:59:56,991][root][INFO] - epoch: 18
[2025-09-21 12:01:29,775][root][INFO] - epoch: 19
[2025-09-21 12:03:02,549][root][INFO] - finished train
[2025-09-21 12:03:02,550][root][INFO] - starting eval
[2025-09-21 12:03:08,143][root][INFO] - finished eval
[2025-09-21 12:03:08,246][root][INFO] - starting train
[2025-09-21 12:03:08,246][root][INFO] - epoch: 0
[2025-09-21 12:04:41,100][root][INFO] - epoch: 1
[2025-09-21 12:06:13,870][root][INFO] - epoch: 2
[2025-09-21 12:07:46,837][root][INFO] - epoch: 3
[2025-09-21 12:09:19,715][root][INFO] - epoch: 4
[2025-09-21 12:10:52,394][root][INFO] - epoch: 5
[2025-09-21 12:12:25,375][root][INFO] - epoch: 6
[2025-09-21 12:13:58,140][root][INFO] - epoch: 7
[2025-09-21 12:15:31,142][root][INFO] - epoch: 8
[2025-09-21 12:17:03,933][root][INFO] - epoch: 9
[2025-09-21 12:18:36,688][root][INFO] - epoch: 10
[2025-09-21 12:20:09,494][root][INFO] - epoch: 11
[2025-09-21 12:21:42,261][root][INFO] - epoch: 12
[2025-09-21 12:23:15,054][root][INFO] - epoch: 13
[2025-09-21 12:24:47,815][root][INFO] - epoch: 14
[2025-09-21 12:26:20,798][root][INFO] - epoch: 15
[2025-09-21 12:27:53,584][root][INFO] - epoch: 16
[2025-09-21 12:29:26,567][root][INFO] - epoch: 17
[2025-09-21 12:30:59,579][root][INFO] - epoch: 18
[2025-09-21 12:32:32,320][root][INFO] - epoch: 19
[2025-09-21 12:34:05,109][root][INFO] - finished train
[2025-09-21 12:34:05,110][root][INFO] - starting eval
[2025-09-21 12:34:10,477][root][INFO] - finished eval
[2025-09-21 12:34:10,576][root][INFO] - starting train
[2025-09-21 12:34:10,576][root][INFO] - epoch: 0
[2025-09-21 12:35:43,218][root][INFO] - epoch: 1
[2025-09-21 12:37:15,985][root][INFO] - epoch: 2
[2025-09-21 12:38:48,781][root][INFO] - epoch: 3
[2025-09-21 12:40:21,755][root][INFO] - epoch: 4
[2025-09-21 12:41:54,540][root][INFO] - epoch: 5
[2025-09-21 12:43:27,517][root][INFO] - epoch: 6
[2025-09-21 12:45:00,297][root][INFO] - epoch: 7
[2025-09-21 12:46:33,069][root][INFO] - epoch: 8
[2025-09-21 12:48:05,850][root][INFO] - epoch: 9
[2025-09-21 12:49:38,850][root][INFO] - epoch: 10
[2025-09-21 12:51:11,620][root][INFO] - epoch: 11
[2025-09-21 12:52:44,595][root][INFO] - epoch: 12
[2025-09-21 12:54:17,379][root][INFO] - epoch: 13
[2025-09-21 12:55:50,158][root][INFO] - epoch: 14
[2025-09-21 12:57:22,953][root][INFO] - epoch: 15
[2025-09-21 12:58:55,713][root][INFO] - epoch: 16
[2025-09-21 13:00:28,497][root][INFO] - epoch: 17
[2025-09-21 13:02:01,491][root][INFO] - epoch: 18
[2025-09-21 13:03:34,480][root][INFO] - epoch: 19
[2025-09-21 13:05:07,247][root][INFO] - finished train
[2025-09-21 13:05:07,247][root][INFO] - starting eval
[2025-09-21 13:05:12,538][root][INFO] - finished eval
[2025-09-21 13:05:12,634][root][INFO] - starting train
[2025-09-21 13:05:12,634][root][INFO] - epoch: 0
[2025-09-21 13:06:45,576][root][INFO] - epoch: 1
[2025-09-21 13:08:18,542][root][INFO] - epoch: 2
[2025-09-21 13:09:51,317][root][INFO] - epoch: 3
[2025-09-21 13:11:24,105][root][INFO] - epoch: 4
[2025-09-21 13:12:56,875][root][INFO] - epoch: 5
[2025-09-21 13:14:29,657][root][INFO] - epoch: 6
[2025-09-21 13:16:02,437][root][INFO] - epoch: 7
[2025-09-21 13:17:35,230][root][INFO] - epoch: 8
[2025-09-21 13:19:07,990][root][INFO] - epoch: 9
[2025-09-21 13:20:40,979][root][INFO] - epoch: 10
[2025-09-21 13:22:13,768][root][INFO] - epoch: 11
[2025-09-21 13:23:46,551][root][INFO] - epoch: 12
[2025-09-21 13:25:19,321][root][INFO] - epoch: 13
[2025-09-21 13:26:52,100][root][INFO] - epoch: 14
[2025-09-21 13:28:24,875][root][INFO] - epoch: 15
[2025-09-21 13:29:57,858][root][INFO] - epoch: 16
[2025-09-21 13:31:30,625][root][INFO] - epoch: 17
[2025-09-21 13:33:03,424][root][INFO] - epoch: 18
[2025-09-21 13:34:36,398][root][INFO] - epoch: 19
[2025-09-21 13:36:09,178][root][INFO] - finished train
[2025-09-21 13:36:09,179][root][INFO] - starting eval
[2025-09-21 13:36:14,600][root][INFO] - finished eval
[2025-09-21 13:36:14,704][root][INFO] - starting train
[2025-09-21 13:36:14,704][root][INFO] - epoch: 0
[2025-09-21 13:37:47,404][root][INFO] - epoch: 1
[2025-09-21 13:39:20,264][root][INFO] - epoch: 2
[2025-09-21 13:40:53,248][root][INFO] - epoch: 3
[2025-09-21 13:42:26,038][root][INFO] - epoch: 4
[2025-09-21 13:43:58,820][root][INFO] - epoch: 5
[2025-09-21 13:45:31,810][root][INFO] - epoch: 6
[2025-09-21 13:47:04,577][root][INFO] - epoch: 7
[2025-09-21 13:48:37,564][root][INFO] - epoch: 8
[2025-09-21 13:50:10,330][root][INFO] - epoch: 9
[2025-09-21 13:51:43,102][root][INFO] - epoch: 10
[2025-09-21 13:53:15,897][root][INFO] - epoch: 11
[2025-09-21 13:54:48,683][root][INFO] - epoch: 12
[2025-09-21 13:56:21,665][root][INFO] - epoch: 13
[2025-09-21 13:57:54,651][root][INFO] - epoch: 14
[2025-09-21 13:59:27,433][root][INFO] - epoch: 15
[2025-09-21 14:01:00,212][root][INFO] - epoch: 16
[2025-09-21 14:02:33,193][root][INFO] - epoch: 17
[2025-09-21 14:04:05,972][root][INFO] - epoch: 18
[2025-09-21 14:05:38,752][root][INFO] - epoch: 19
[2025-09-21 14:07:11,521][root][INFO] - finished train
[2025-09-21 14:07:11,521][root][INFO] - starting eval
[2025-09-21 14:07:16,986][root][INFO] - finished eval
[2025-09-21 14:07:17,082][root][INFO] - starting train
[2025-09-21 14:07:17,083][root][INFO] - epoch: 0
[2025-09-21 14:08:49,840][root][INFO] - epoch: 1
[2025-09-21 14:10:22,821][root][INFO] - epoch: 2
[2025-09-21 14:11:55,726][root][INFO] - epoch: 3
[2025-09-21 14:13:28,585][root][INFO] - epoch: 4
[2025-09-21 14:15:01,380][root][INFO] - epoch: 5
[2025-09-21 14:16:34,344][root][INFO] - epoch: 6
[2025-09-21 14:18:07,137][root][INFO] - epoch: 7
[2025-09-21 14:19:39,914][root][INFO] - epoch: 8
[2025-09-21 14:21:12,893][root][INFO] - epoch: 9
[2025-09-21 14:22:45,671][root][INFO] - epoch: 10
[2025-09-21 14:24:18,660][root][INFO] - epoch: 11
[2025-09-21 14:25:51,441][root][INFO] - epoch: 12
[2025-09-21 14:27:24,238][root][INFO] - epoch: 13
[2025-09-21 14:28:56,997][root][INFO] - epoch: 14
[2025-09-21 14:30:29,774][root][INFO] - epoch: 15
[2025-09-21 14:32:02,760][root][INFO] - epoch: 16
[2025-09-21 14:33:35,739][root][INFO] - epoch: 17
[2025-09-21 14:35:08,518][root][INFO] - epoch: 18
[2025-09-21 14:36:41,512][root][INFO] - epoch: 19
[2025-09-21 14:38:14,491][root][INFO] - finished train
[2025-09-21 14:38:14,492][root][INFO] - starting eval
[2025-09-21 14:38:19,841][root][INFO] - finished eval
[2025-09-21 14:38:19,939][root][INFO] - starting train
[2025-09-21 14:38:19,939][root][INFO] - epoch: 0
[2025-09-21 14:39:52,714][root][INFO] - epoch: 1
[2025-09-21 14:41:25,886][root][INFO] - epoch: 2
[2025-09-21 14:42:58,766][root][INFO] - epoch: 3
[2025-09-21 14:44:31,766][root][INFO] - epoch: 4
[2025-09-21 14:46:04,738][root][INFO] - epoch: 5
[2025-09-21 14:47:37,516][root][INFO] - epoch: 6
[2025-09-21 14:49:10,291][root][INFO] - epoch: 7
[2025-09-21 14:50:43,078][root][INFO] - epoch: 8
[2025-09-21 14:52:15,867][root][INFO] - epoch: 9
[2025-09-21 14:53:48,855][root][INFO] - epoch: 10
[2025-09-21 14:55:21,839][root][INFO] - epoch: 11
[2025-09-21 14:56:54,582][root][INFO] - epoch: 12
[2025-09-21 14:58:27,394][root][INFO] - epoch: 13
[2025-09-21 15:00:00,164][root][INFO] - epoch: 14
[2025-09-21 15:01:33,140][root][INFO] - epoch: 15
[2025-09-21 15:03:05,926][root][INFO] - epoch: 16
[2025-09-21 15:04:38,707][root][INFO] - epoch: 17
[2025-09-21 15:06:11,678][root][INFO] - epoch: 18
[2025-09-21 15:07:44,464][root][INFO] - epoch: 19
[2025-09-21 15:09:17,250][root][INFO] - finished train
[2025-09-21 15:09:17,250][root][INFO] - starting eval
[2025-09-21 15:09:22,744][root][INFO] - finished eval
[2025-09-21 15:09:22,845][root][INFO] - starting train
[2025-09-21 15:09:22,845][root][INFO] - epoch: 0
[2025-09-21 15:10:55,552][root][INFO] - epoch: 1
[2025-09-21 15:12:28,333][root][INFO] - epoch: 2
[2025-09-21 15:14:01,111][root][INFO] - epoch: 3
[2025-09-21 15:15:34,012][root][INFO] - epoch: 4
[2025-09-21 15:17:07,086][root][INFO] - epoch: 5
[2025-09-21 15:18:39,853][root][INFO] - epoch: 6
[2025-09-21 15:20:12,642][root][INFO] - epoch: 7
[2025-09-21 15:21:45,425][root][INFO] - epoch: 8
[2025-09-21 15:23:18,410][root][INFO] - epoch: 9
[2025-09-21 15:24:51,191][root][INFO] - epoch: 10
[2025-09-21 15:26:23,968][root][INFO] - epoch: 11
[2025-09-21 15:27:56,742][root][INFO] - epoch: 12
[2025-09-21 15:29:29,514][root][INFO] - epoch: 13
[2025-09-21 15:31:02,315][root][INFO] - epoch: 14
[2025-09-21 15:32:35,079][root][INFO] - epoch: 15
[2025-09-21 15:34:07,867][root][INFO] - epoch: 16
[2025-09-21 15:35:40,634][root][INFO] - epoch: 17
[2025-09-21 15:37:13,426][root][INFO] - epoch: 18
[2025-09-21 15:38:46,199][root][INFO] - epoch: 19
[2025-09-21 15:40:18,980][root][INFO] - finished train
[2025-09-21 15:40:18,980][root][INFO] - starting eval
[2025-09-21 15:40:24,420][root][INFO] - finished eval
[2025-09-21 15:40:24,520][root][INFO] - starting train
[2025-09-21 15:40:24,520][root][INFO] - epoch: 0
[2025-09-21 15:41:57,281][root][INFO] - epoch: 1
[2025-09-21 15:43:30,288][root][INFO] - epoch: 2
[2025-09-21 15:45:03,251][root][INFO] - epoch: 3
[2025-09-21 15:46:36,031][root][INFO] - epoch: 4
[2025-09-21 15:48:08,816][root][INFO] - epoch: 5
[2025-09-21 15:49:41,599][root][INFO] - epoch: 6
[2025-09-21 15:51:14,378][root][INFO] - epoch: 7
[2025-09-21 15:52:47,138][root][INFO] - epoch: 8
[2025-09-21 15:54:20,149][root][INFO] - epoch: 9
[2025-09-21 15:55:52,909][root][INFO] - epoch: 10
[2025-09-21 15:57:25,723][root][INFO] - epoch: 11
[2025-09-21 15:58:58,468][root][INFO] - epoch: 12
[2025-09-21 16:00:31,445][root][INFO] - epoch: 13
[2025-09-21 16:02:04,233][root][INFO] - epoch: 14
[2025-09-21 16:03:37,017][root][INFO] - epoch: 15
[2025-09-21 16:05:09,809][root][INFO] - epoch: 16
[2025-09-21 16:06:42,572][root][INFO] - epoch: 17
[2025-09-21 16:08:15,566][root][INFO] - epoch: 18
[2025-09-21 16:09:48,347][root][INFO] - epoch: 19
[2025-09-21 16:11:21,123][root][INFO] - finished train
[2025-09-21 16:11:21,123][root][INFO] - starting eval
[2025-09-21 16:11:26,687][root][INFO] - finished eval
[2025-09-21 16:11:26,786][root][INFO] - starting train
[2025-09-21 16:11:26,786][root][INFO] - epoch: 0
[2025-09-21 16:12:59,434][root][INFO] - epoch: 1
[2025-09-21 16:14:32,184][root][INFO] - epoch: 2
[2025-09-21 16:16:04,986][root][INFO] - epoch: 3
[2025-09-21 16:17:37,776][root][INFO] - epoch: 4
[2025-09-21 16:19:10,550][root][INFO] - epoch: 5
[2025-09-21 16:20:43,328][root][INFO] - epoch: 6
[2025-09-21 16:22:16,092][root][INFO] - epoch: 7
[2025-09-21 16:23:48,885][root][INFO] - epoch: 8
[2025-09-21 16:25:21,674][root][INFO] - epoch: 9
[2025-09-21 16:26:54,443][root][INFO] - epoch: 10
[2025-09-21 16:28:27,439][root][INFO] - epoch: 11
[2025-09-21 16:30:00,215][root][INFO] - epoch: 12
[2025-09-21 16:31:32,981][root][INFO] - epoch: 13
[2025-09-21 16:33:05,779][root][INFO] - epoch: 14
[2025-09-21 16:34:38,767][root][INFO] - epoch: 15
[2025-09-21 16:36:11,524][root][INFO] - epoch: 16
[2025-09-21 16:37:44,506][root][INFO] - epoch: 17
[2025-09-21 16:39:17,283][root][INFO] - epoch: 18
[2025-09-21 16:40:50,279][root][INFO] - epoch: 19
[2025-09-21 16:42:23,050][root][INFO] - finished train
[2025-09-21 16:42:23,051][root][INFO] - starting eval
[2025-09-21 16:42:28,402][root][INFO] - finished eval
[2025-09-21 16:42:28,501][root][INFO] - starting train
[2025-09-21 16:42:28,501][root][INFO] - epoch: 0
[2025-09-21 16:44:01,361][root][INFO] - epoch: 1
[2025-09-21 16:45:34,353][root][INFO] - epoch: 2
[2025-09-21 16:47:07,137][root][INFO] - epoch: 3
[2025-09-21 16:48:40,123][root][INFO] - epoch: 4
[2025-09-21 16:50:12,893][root][INFO] - epoch: 5
[2025-09-21 16:51:45,858][root][INFO] - epoch: 6
[2025-09-21 16:53:18,660][root][INFO] - epoch: 7
[2025-09-21 16:54:51,434][root][INFO] - epoch: 8
[2025-09-21 16:56:24,215][root][INFO] - epoch: 9
[2025-09-21 16:57:57,013][root][INFO] - epoch: 10
[2025-09-21 16:59:30,004][root][INFO] - epoch: 11
[2025-09-21 17:01:02,966][root][INFO] - epoch: 12
[2025-09-21 17:02:35,945][root][INFO] - epoch: 13
[2025-09-21 17:04:08,946][root][INFO] - epoch: 14
[2025-09-21 17:05:41,722][root][INFO] - epoch: 15
[2025-09-21 17:07:14,690][root][INFO] - epoch: 16
[2025-09-21 17:08:47,481][root][INFO] - epoch: 17
[2025-09-21 17:10:20,264][root][INFO] - epoch: 18
[2025-09-21 17:11:53,012][root][INFO] - epoch: 19
[2025-09-21 17:13:25,812][root][INFO] - finished train
[2025-09-21 17:13:25,812][root][INFO] - starting eval
[2025-09-21 17:13:31,045][root][INFO] - finished eval
[2025-09-21 17:13:31,145][root][INFO] - starting train
[2025-09-21 17:13:31,145][root][INFO] - epoch: 0
[2025-09-21 17:15:04,136][root][INFO] - epoch: 1
[2025-09-21 17:16:36,889][root][INFO] - epoch: 2
[2025-09-21 17:18:09,696][root][INFO] - epoch: 3
[2025-09-21 17:19:42,502][root][INFO] - epoch: 4
[2025-09-21 17:21:15,463][root][INFO] - epoch: 5
[2025-09-21 17:22:48,426][root][INFO] - epoch: 6
[2025-09-21 17:24:21,177][root][INFO] - epoch: 7
[2025-09-21 17:25:53,964][root][INFO] - epoch: 8
[2025-09-21 17:27:26,754][root][INFO] - epoch: 9
[2025-09-21 17:28:59,557][root][INFO] - epoch: 10
[2025-09-21 17:30:32,348][root][INFO] - epoch: 11
[2025-09-21 17:32:05,309][root][INFO] - epoch: 12
[2025-09-21 17:33:38,104][root][INFO] - epoch: 13
[2025-09-21 17:35:10,872][root][INFO] - epoch: 14
[2025-09-21 17:36:43,654][root][INFO] - epoch: 15
[2025-09-21 17:38:16,633][root][INFO] - epoch: 16
[2025-09-21 17:39:49,417][root][INFO] - epoch: 17
[2025-09-21 17:41:22,190][root][INFO] - epoch: 18
[2025-09-21 17:42:54,951][root][INFO] - epoch: 19
[2025-09-21 17:44:27,964][root][INFO] - finished train
[2025-09-21 17:44:27,965][root][INFO] - starting eval
[2025-09-21 17:44:33,155][root][INFO] - finished eval
[2025-09-21 17:44:33,257][root][INFO] - starting train
[2025-09-21 17:44:33,258][root][INFO] - epoch: 0
[2025-09-21 17:46:06,065][root][INFO] - epoch: 1
[2025-09-21 17:47:39,053][root][INFO] - epoch: 2
[2025-09-21 17:49:12,022][root][INFO] - epoch: 3
[2025-09-21 17:50:44,814][root][INFO] - epoch: 4
[2025-09-21 17:52:17,588][root][INFO] - epoch: 5
[2025-09-21 17:53:50,575][root][INFO] - epoch: 6
[2025-09-21 17:55:23,356][root][INFO] - epoch: 7
[2025-09-21 17:56:56,128][root][INFO] - epoch: 8
[2025-09-21 17:58:28,916][root][INFO] - epoch: 9
[2025-09-21 18:00:01,684][root][INFO] - epoch: 10
[2025-09-21 18:01:34,469][root][INFO] - epoch: 11
[2025-09-21 18:03:07,453][root][INFO] - epoch: 12
[2025-09-21 18:04:40,237][root][INFO] - epoch: 13
[2025-09-21 18:06:13,021][root][INFO] - epoch: 14
[2025-09-21 18:07:45,787][root][INFO] - epoch: 15
[2025-09-21 18:09:18,581][root][INFO] - epoch: 16
[2025-09-21 18:10:51,350][root][INFO] - epoch: 17
[2025-09-21 18:12:24,137][root][INFO] - epoch: 18
[2025-09-21 18:13:56,902][root][INFO] - epoch: 19
[2025-09-21 18:15:29,689][root][INFO] - finished train
[2025-09-21 18:15:29,690][root][INFO] - starting eval
[2025-09-21 18:15:35,028][root][INFO] - finished eval
[2025-09-21 18:15:35,144][root][INFO] - starting train
[2025-09-21 18:15:35,144][root][INFO] - epoch: 0
[2025-09-21 18:17:07,904][root][INFO] - epoch: 1
[2025-09-21 18:18:40,772][root][INFO] - epoch: 2
[2025-09-21 18:20:13,761][root][INFO] - epoch: 3
[2025-09-21 18:21:46,744][root][INFO] - epoch: 4
[2025-09-21 18:23:19,540][root][INFO] - epoch: 5
[2025-09-21 18:24:52,309][root][INFO] - epoch: 6
[2025-09-21 18:26:25,075][root][INFO] - epoch: 7
[2025-09-21 18:27:57,862][root][INFO] - epoch: 8
[2025-09-21 18:29:30,852][root][INFO] - epoch: 9
[2025-09-21 18:31:03,838][root][INFO] - epoch: 10
[2025-09-21 18:32:36,614][root][INFO] - epoch: 11
[2025-09-21 18:34:09,387][root][INFO] - epoch: 12
[2025-09-21 18:35:42,375][root][INFO] - epoch: 13
[2025-09-21 18:37:15,360][root][INFO] - epoch: 14
[2025-09-21 18:38:48,137][root][INFO] - epoch: 15
[2025-09-21 18:40:20,932][root][INFO] - epoch: 16
[2025-09-21 18:41:53,895][root][INFO] - epoch: 17
[2025-09-21 18:43:26,719][root][INFO] - epoch: 18
[2025-09-21 18:44:59,471][root][INFO] - epoch: 19
[2025-09-21 18:46:32,463][root][INFO] - finished train
[2025-09-21 18:46:32,463][root][INFO] - starting eval
[2025-09-21 18:46:37,850][root][INFO] - finished eval
[2025-09-21 18:46:37,950][root][INFO] - starting train
[2025-09-21 18:46:37,950][root][INFO] - epoch: 0
[2025-09-21 18:48:10,750][root][INFO] - epoch: 1
[2025-09-21 18:49:43,734][root][INFO] - epoch: 2
[2025-09-21 18:51:16,516][root][INFO] - epoch: 3
[2025-09-21 18:52:49,409][root][INFO] - epoch: 4
[2025-09-21 18:54:22,067][root][INFO] - epoch: 5
[2025-09-21 18:55:54,866][root][INFO] - epoch: 6
[2025-09-21 18:57:27,640][root][INFO] - epoch: 7
[2025-09-21 18:59:00,631][root][INFO] - epoch: 8
[2025-09-21 19:00:33,498][root][INFO] - epoch: 9
[2025-09-21 19:02:06,396][root][INFO] - epoch: 10
[2025-09-21 19:03:39,184][root][INFO] - epoch: 11
[2025-09-21 19:05:12,139][root][INFO] - epoch: 12
[2025-09-21 19:06:44,944][root][INFO] - epoch: 13
[2025-09-21 19:08:17,916][root][INFO] - epoch: 14
[2025-09-21 19:09:50,687][root][INFO] - epoch: 15
[2025-09-21 19:11:23,455][root][INFO] - epoch: 16
[2025-09-21 19:12:56,253][root][INFO] - epoch: 17
[2025-09-21 19:14:29,029][root][INFO] - epoch: 18
[2025-09-21 19:16:01,814][root][INFO] - epoch: 19
[2025-09-21 19:17:34,582][root][INFO] - finished train
[2025-09-21 19:17:34,582][root][INFO] - starting eval
[2025-09-21 19:17:40,290][root][INFO] - finished eval
[2025-09-21 19:17:40,402][root][INFO] - starting train
[2025-09-21 19:17:40,402][root][INFO] - epoch: 0
[2025-09-21 19:19:13,064][root][INFO] - epoch: 1
[2025-09-21 19:20:45,676][root][INFO] - epoch: 2
[2025-09-21 19:22:18,657][root][INFO] - epoch: 3
[2025-09-21 19:23:51,454][root][INFO] - epoch: 4
[2025-09-21 19:25:24,222][root][INFO] - epoch: 5
[2025-09-21 19:26:57,000][root][INFO] - epoch: 6
[2025-09-21 19:28:29,791][root][INFO] - epoch: 7
[2025-09-21 19:30:02,558][root][INFO] - epoch: 8
[2025-09-21 19:31:35,334][root][INFO] - epoch: 9
[2025-09-21 19:33:08,115][root][INFO] - epoch: 10
[2025-09-21 19:34:40,889][root][INFO] - epoch: 11
[2025-09-21 19:36:13,875][root][INFO] - epoch: 12
[2025-09-21 19:37:46,853][root][INFO] - epoch: 13
[2025-09-21 19:39:19,849][root][INFO] - epoch: 14
[2025-09-21 19:40:52,626][root][INFO] - epoch: 15
[2025-09-21 19:42:25,599][root][INFO] - epoch: 16
[2025-09-21 19:43:58,571][root][INFO] - epoch: 17
[2025-09-21 19:45:31,587][root][INFO] - epoch: 18
[2025-09-21 19:47:04,566][root][INFO] - epoch: 19
[2025-09-21 19:48:37,329][root][INFO] - finished train
[2025-09-21 19:48:37,329][root][INFO] - starting eval
[2025-09-21 19:48:42,524][root][INFO] - finished eval
[2025-09-21 19:48:42,623][root][INFO] - starting train
[2025-09-21 19:48:42,623][root][INFO] - epoch: 0
[2025-09-21 19:50:15,240][root][INFO] - epoch: 1
[2025-09-21 19:51:48,016][root][INFO] - epoch: 2
[2025-09-21 19:53:20,794][root][INFO] - epoch: 3
[2025-09-21 19:54:53,797][root][INFO] - epoch: 4
[2025-09-21 19:56:26,555][root][INFO] - epoch: 5
[2025-09-21 19:57:59,353][root][INFO] - epoch: 6
[2025-09-21 19:59:32,122][root][INFO] - epoch: 7
[2025-09-21 20:01:05,006][root][INFO] - epoch: 8
[2025-09-21 20:02:37,881][root][INFO] - epoch: 9
[2025-09-21 20:04:10,670][root][INFO] - epoch: 10
[2025-09-21 20:05:43,621][root][INFO] - epoch: 11
[2025-09-21 20:07:16,422][root][INFO] - epoch: 12
[2025-09-21 20:08:49,414][root][INFO] - epoch: 13
[2025-09-21 20:10:22,425][root][INFO] - epoch: 14
[2025-09-21 20:11:55,189][root][INFO] - epoch: 15
[2025-09-21 20:13:27,952][root][INFO] - epoch: 16
[2025-09-21 20:15:00,730][root][INFO] - epoch: 17
[2025-09-21 20:16:33,510][root][INFO] - epoch: 18
[2025-09-21 20:18:06,285][root][INFO] - epoch: 19
[2025-09-21 20:19:39,078][root][INFO] - finished train
[2025-09-21 20:19:39,078][root][INFO] - starting eval
[2025-09-21 20:19:44,556][root][INFO] - finished eval
[2025-09-21 20:19:44,657][root][INFO] - starting train
[2025-09-21 20:19:44,657][root][INFO] - epoch: 0
[2025-09-21 20:21:17,379][root][INFO] - epoch: 1
[2025-09-21 20:22:50,158][root][INFO] - epoch: 2
[2025-09-21 20:24:23,143][root][INFO] - epoch: 3
[2025-09-21 20:25:56,149][root][INFO] - epoch: 4
[2025-09-21 20:27:29,115][root][INFO] - epoch: 5
[2025-09-21 20:29:02,212][root][INFO] - epoch: 6
[2025-09-21 20:30:35,272][root][INFO] - epoch: 7
[2025-09-21 20:32:08,068][root][INFO] - epoch: 8
[2025-09-21 20:33:40,864][root][INFO] - epoch: 9
[2025-09-21 20:35:13,636][root][INFO] - epoch: 10
[2025-09-21 20:36:46,609][root][INFO] - epoch: 11
[2025-09-21 20:38:19,591][root][INFO] - epoch: 12
[2025-09-21 20:39:52,377][root][INFO] - epoch: 13
[2025-09-21 20:41:25,145][root][INFO] - epoch: 14
[2025-09-21 20:42:57,938][root][INFO] - epoch: 15
[2025-09-21 20:44:30,712][root][INFO] - epoch: 16
[2025-09-21 20:46:03,487][root][INFO] - epoch: 17
[2025-09-21 20:47:36,265][root][INFO] - epoch: 18
[2025-09-21 20:49:09,046][root][INFO] - epoch: 19
[2025-09-21 20:50:41,836][root][INFO] - finished train
[2025-09-21 20:50:41,836][root][INFO] - starting eval
[2025-09-21 20:50:47,349][root][INFO] - finished eval
[2025-09-21 20:50:47,464][root][INFO] - starting train
[2025-09-21 20:50:47,464][root][INFO] - epoch: 0
[2025-09-21 20:52:20,128][root][INFO] - epoch: 1
[2025-09-21 20:53:52,923][root][INFO] - epoch: 2
[2025-09-21 20:55:25,689][root][INFO] - epoch: 3
[2025-09-21 20:56:58,480][root][INFO] - epoch: 4
[2025-09-21 20:58:31,459][root][INFO] - epoch: 5
[2025-09-21 21:00:04,313][root][INFO] - epoch: 6
[2025-09-21 21:01:37,013][root][INFO] - epoch: 7
[2025-09-21 21:03:10,008][root][INFO] - epoch: 8
[2025-09-21 21:04:42,774][root][INFO] - epoch: 9
[2025-09-21 21:06:15,573][root][INFO] - epoch: 10
[2025-09-21 21:07:48,346][root][INFO] - epoch: 11
[2025-09-21 21:09:21,345][root][INFO] - epoch: 12
[2025-09-21 21:10:54,322][root][INFO] - epoch: 13
[2025-09-21 21:12:27,291][root][INFO] - epoch: 14
[2025-09-21 21:14:00,044][root][INFO] - epoch: 15
[2025-09-21 21:15:32,645][root][INFO] - epoch: 16
[2025-09-21 21:17:05,646][root][INFO] - epoch: 17
[2025-09-21 21:18:38,417][root][INFO] - epoch: 18
[2025-09-21 21:20:11,195][root][INFO] - epoch: 19
[2025-09-21 21:21:44,072][root][INFO] - finished train
[2025-09-21 21:21:44,073][root][INFO] - starting eval
[2025-09-21 21:21:49,374][root][INFO] - finished eval
[2025-09-21 21:21:49,478][root][INFO] - starting train
[2025-09-21 21:21:49,478][root][INFO] - epoch: 0
[2025-09-21 21:23:22,285][root][INFO] - epoch: 1
[2025-09-21 21:24:55,270][root][INFO] - epoch: 2
[2025-09-21 21:26:28,049][root][INFO] - epoch: 3
[2025-09-21 21:28:00,830][root][INFO] - epoch: 4
[2025-09-21 21:29:33,812][root][INFO] - epoch: 5
[2025-09-21 21:31:06,597][root][INFO] - epoch: 6
[2025-09-21 21:32:39,359][root][INFO] - epoch: 7
[2025-09-21 21:34:12,156][root][INFO] - epoch: 8
[2025-09-21 21:35:45,146][root][INFO] - epoch: 9
[2025-09-21 21:37:18,116][root][INFO] - epoch: 10
[2025-09-21 21:38:50,898][root][INFO] - epoch: 11
[2025-09-21 21:40:23,877][root][INFO] - epoch: 12
[2025-09-21 21:41:56,848][root][INFO] - epoch: 13
[2025-09-21 21:43:29,636][root][INFO] - epoch: 14
[2025-09-21 21:45:02,419][root][INFO] - epoch: 15
[2025-09-21 21:46:35,208][root][INFO] - epoch: 16
[2025-09-21 21:48:07,973][root][INFO] - epoch: 17
[2025-09-21 21:49:40,741][root][INFO] - epoch: 18
[2025-09-21 21:51:13,739][root][INFO] - epoch: 19
[2025-09-21 21:52:46,521][root][INFO] - finished train
[2025-09-21 21:52:46,521][root][INFO] - starting eval
[2025-09-21 21:52:51,947][root][INFO] - finished eval
[2025-09-21 21:52:52,046][root][INFO] - starting train
[2025-09-21 21:52:52,047][root][INFO] - epoch: 0
[2025-09-21 21:54:24,864][root][INFO] - epoch: 1
[2025-09-21 21:55:57,603][root][INFO] - epoch: 2
[2025-09-21 21:57:30,382][root][INFO] - epoch: 3
[2025-09-21 21:59:03,170][root][INFO] - epoch: 4
[2025-09-21 22:00:35,946][root][INFO] - epoch: 5
[2025-09-21 22:02:08,932][root][INFO] - epoch: 6
[2025-09-21 22:03:41,713][root][INFO] - epoch: 7
[2025-09-21 22:05:14,497][root][INFO] - epoch: 8
[2025-09-21 22:06:47,268][root][INFO] - epoch: 9
[2025-09-21 22:08:20,048][root][INFO] - epoch: 10
[2025-09-21 22:09:52,828][root][INFO] - epoch: 11
[2025-09-21 22:11:25,912][root][INFO] - epoch: 12
[2025-09-21 22:12:58,809][root][INFO] - epoch: 13
[2025-09-21 22:14:31,801][root][INFO] - epoch: 14
[2025-09-21 22:16:04,566][root][INFO] - epoch: 15
[2025-09-21 22:17:37,525][root][INFO] - epoch: 16
[2025-09-21 22:19:10,304][root][INFO] - epoch: 17
[2025-09-21 22:20:43,110][root][INFO] - epoch: 18
[2025-09-21 22:22:15,884][root][INFO] - epoch: 19
[2025-09-21 22:23:48,638][root][INFO] - finished train
[2025-09-21 22:23:48,638][root][INFO] - starting eval
[2025-09-21 22:23:54,180][root][INFO] - finished eval
[2025-09-21 22:23:54,280][root][INFO] - starting train
[2025-09-21 22:23:54,280][root][INFO] - epoch: 0
[2025-09-21 22:25:26,979][root][INFO] - epoch: 1
[2025-09-21 22:26:59,739][root][INFO] - epoch: 2
[2025-09-21 22:28:32,525][root][INFO] - epoch: 3
[2025-09-21 22:30:05,310][root][INFO] - epoch: 4
[2025-09-21 22:31:38,095][root][INFO] - epoch: 5
[2025-09-21 22:33:10,876][root][INFO] - epoch: 6
[2025-09-21 22:34:43,644][root][INFO] - epoch: 7
[2025-09-21 22:36:16,421][root][INFO] - epoch: 8
[2025-09-21 22:37:49,307][root][INFO] - epoch: 9
[2025-09-21 22:39:22,200][root][INFO] - epoch: 10
[2025-09-21 22:40:55,179][root][INFO] - epoch: 11
[2025-09-21 22:42:27,965][root][INFO] - epoch: 12
[2025-09-21 22:44:00,738][root][INFO] - epoch: 13
[2025-09-21 22:45:33,503][root][INFO] - epoch: 14
[2025-09-21 22:47:06,290][root][INFO] - epoch: 15
[2025-09-21 22:48:39,184][root][INFO] - epoch: 16
[2025-09-21 22:50:12,064][root][INFO] - epoch: 17
[2025-09-21 22:51:44,838][root][INFO] - epoch: 18
[2025-09-21 22:53:17,816][root][INFO] - epoch: 19
[2025-09-21 22:54:50,805][root][INFO] - finished train
[2025-09-21 22:54:50,805][root][INFO] - starting eval
[2025-09-21 22:54:56,278][root][INFO] - finished eval
[2025-09-21 22:54:56,378][root][INFO] - starting train
[2025-09-21 22:54:56,378][root][INFO] - epoch: 0
[2025-09-21 22:56:29,080][root][INFO] - epoch: 1
[2025-09-21 22:58:01,893][root][INFO] - epoch: 2
[2025-09-21 22:59:34,881][root][INFO] - epoch: 3
[2025-09-21 23:01:07,635][root][INFO] - epoch: 4
[2025-09-21 23:02:40,640][root][INFO] - epoch: 5
[2025-09-21 23:04:13,416][root][INFO] - epoch: 6
[2025-09-21 23:05:46,173][root][INFO] - epoch: 7
[2025-09-21 23:07:18,974][root][INFO] - epoch: 8
[2025-09-21 23:08:51,968][root][INFO] - epoch: 9
[2025-09-21 23:10:24,953][root][INFO] - epoch: 10
[2025-09-21 23:11:57,908][root][INFO] - epoch: 11
[2025-09-21 23:13:30,713][root][INFO] - epoch: 12
[2025-09-21 23:15:03,693][root][INFO] - epoch: 13
[2025-09-21 23:16:36,686][root][INFO] - epoch: 14
[2025-09-21 23:18:09,561][root][INFO] - epoch: 15
[2025-09-21 23:19:42,658][root][INFO] - epoch: 16
[2025-09-21 23:21:15,633][root][INFO] - epoch: 17
[2025-09-21 23:22:48,406][root][INFO] - epoch: 18
[2025-09-21 23:24:21,368][root][INFO] - epoch: 19
[2025-09-21 23:25:54,377][root][INFO] - finished train
[2025-09-21 23:25:54,377][root][INFO] - starting eval
[2025-09-21 23:25:59,708][root][INFO] - finished eval
[2025-09-21 23:25:59,809][root][INFO] - starting train
[2025-09-21 23:25:59,809][root][INFO] - epoch: 0
[2025-09-21 23:27:32,482][root][INFO] - epoch: 1
[2025-09-21 23:29:05,259][root][INFO] - epoch: 2
[2025-09-21 23:30:38,051][root][INFO] - epoch: 3
[2025-09-21 23:32:10,808][root][INFO] - epoch: 4
[2025-09-21 23:33:43,612][root][INFO] - epoch: 5
[2025-09-21 23:35:16,373][root][INFO] - epoch: 6
[2025-09-21 23:36:49,353][root][INFO] - epoch: 7
[2025-09-21 23:38:22,134][root][INFO] - epoch: 8
[2025-09-21 23:39:54,923][root][INFO] - epoch: 9
[2025-09-21 23:41:27,923][root][INFO] - epoch: 10
[2025-09-21 23:43:00,688][root][INFO] - epoch: 11
[2025-09-21 23:44:33,474][root][INFO] - epoch: 12
[2025-09-21 23:46:06,248][root][INFO] - epoch: 13
[2025-09-21 23:47:39,013][root][INFO] - epoch: 14
[2025-09-21 23:49:11,809][root][INFO] - epoch: 15
[2025-09-21 23:50:44,588][root][INFO] - epoch: 16
[2025-09-21 23:52:17,367][root][INFO] - epoch: 17
[2025-09-21 23:53:50,359][root][INFO] - epoch: 18
[2025-09-21 23:55:23,130][root][INFO] - epoch: 19
[2025-09-21 23:56:56,106][root][INFO] - finished train
[2025-09-21 23:56:56,106][root][INFO] - starting eval
[2025-09-21 23:57:01,508][root][INFO] - finished eval
[2025-09-21 23:57:01,616][root][INFO] - starting train
[2025-09-21 23:57:01,616][root][INFO] - epoch: 0
[2025-09-21 23:58:34,431][root][INFO] - epoch: 1
[2025-09-22 00:00:07,419][root][INFO] - epoch: 2
[2025-09-22 00:01:40,383][root][INFO] - epoch: 3
[2025-09-22 00:03:13,181][root][INFO] - epoch: 4
[2025-09-22 00:04:46,175][root][INFO] - epoch: 5
[2025-09-22 00:06:18,933][root][INFO] - epoch: 6
[2025-09-22 00:07:51,923][root][INFO] - epoch: 7
[2025-09-22 00:09:24,904][root][INFO] - epoch: 8
[2025-09-22 00:10:57,675][root][INFO] - epoch: 9
[2025-09-22 00:12:30,460][root][INFO] - epoch: 10
[2025-09-22 00:14:03,232][root][INFO] - epoch: 11
[2025-09-22 00:15:36,022][root][INFO] - epoch: 12
[2025-09-22 00:17:09,009][root][INFO] - epoch: 13
[2025-09-22 00:18:41,784][root][INFO] - epoch: 14
[2025-09-22 00:20:14,763][root][INFO] - epoch: 15
[2025-09-22 00:21:47,548][root][INFO] - epoch: 16
[2025-09-22 00:23:20,321][root][INFO] - epoch: 17
[2025-09-22 00:24:53,109][root][INFO] - epoch: 18
[2025-09-22 00:26:25,892][root][INFO] - epoch: 19
[2025-09-22 00:27:58,647][root][INFO] - finished train
[2025-09-22 00:27:58,648][root][INFO] - starting eval
[2025-09-22 00:28:04,093][root][INFO] - finished eval
[2025-09-22 00:28:04,193][root][INFO] - starting train
[2025-09-22 00:28:04,193][root][INFO] - epoch: 0
[2025-09-22 00:29:36,993][root][INFO] - epoch: 1
[2025-09-22 00:31:09,953][root][INFO] - epoch: 2
[2025-09-22 00:32:42,940][root][INFO] - epoch: 3
[2025-09-22 00:34:15,720][root][INFO] - epoch: 4
[2025-09-22 00:35:48,510][root][INFO] - epoch: 5
[2025-09-22 00:37:21,275][root][INFO] - epoch: 6
[2025-09-22 00:38:54,053][root][INFO] - epoch: 7
[2025-09-22 00:40:27,043][root][INFO] - epoch: 8
[2025-09-22 00:41:59,818][root][INFO] - epoch: 9
[2025-09-22 00:43:32,804][root][INFO] - epoch: 10
[2025-09-22 00:45:05,583][root][INFO] - epoch: 11
[2025-09-22 00:46:38,571][root][INFO] - epoch: 12
[2025-09-22 00:48:11,347][root][INFO] - epoch: 13
[2025-09-22 00:49:44,119][root][INFO] - epoch: 14
[2025-09-22 00:51:17,101][root][INFO] - epoch: 15
[2025-09-22 00:52:49,891][root][INFO] - epoch: 16
[2025-09-22 00:54:22,881][root][INFO] - epoch: 17
[2025-09-22 00:55:55,667][root][INFO] - epoch: 18
[2025-09-22 00:57:28,648][root][INFO] - epoch: 19
[2025-09-22 00:59:01,411][root][INFO] - finished train
[2025-09-22 00:59:01,411][root][INFO] - starting eval
[2025-09-22 00:59:06,910][root][INFO] - finished eval
[2025-09-22 00:59:07,010][root][INFO] - starting train
[2025-09-22 00:59:07,010][root][INFO] - epoch: 0
[2025-09-22 01:00:39,743][root][INFO] - epoch: 1
[2025-09-22 01:02:12,690][root][INFO] - epoch: 2
[2025-09-22 01:03:45,481][root][INFO] - epoch: 3
[2025-09-22 01:05:18,267][root][INFO] - epoch: 4
[2025-09-22 01:06:51,061][root][INFO] - epoch: 5
[2025-09-22 01:08:23,829][root][INFO] - epoch: 6
[2025-09-22 01:09:56,612][root][INFO] - epoch: 7
[2025-09-22 01:11:29,402][root][INFO] - epoch: 8
[2025-09-22 01:13:02,162][root][INFO] - epoch: 9
[2025-09-22 01:14:35,146][root][INFO] - epoch: 10
[2025-09-22 01:16:07,932][root][INFO] - epoch: 11
[2025-09-22 01:17:40,916][root][INFO] - epoch: 12
[2025-09-22 01:19:13,895][root][INFO] - epoch: 13
[2025-09-22 01:20:46,673][root][INFO] - epoch: 14
[2025-09-22 01:22:19,452][root][INFO] - epoch: 15
[2025-09-22 01:23:52,407][root][INFO] - epoch: 16
[2025-09-22 01:25:25,190][root][INFO] - epoch: 17
[2025-09-22 01:26:58,008][root][INFO] - epoch: 18
[2025-09-22 01:28:30,780][root][INFO] - epoch: 19
[2025-09-22 01:30:03,565][root][INFO] - finished train
[2025-09-22 01:30:03,565][root][INFO] - starting eval
[2025-09-22 01:30:09,016][root][INFO] - finished eval
[2025-09-22 01:30:09,020][root][INFO] - Finished
[2025-09-22 01:30:09,020][root][INFO] -  lr: 0.009709080782414435
[2025-09-22 01:30:09,020][root][INFO] -  weight_decay: 0.0001201452360432846
