[2025-09-26 01:31:28,618][root][INFO] - ORIGINAL CWD : /home/sota/research/sotaohnuma/coffee
[2025-09-26 01:31:28,619][root][INFO] - RUN CWD      : /home/sota/research/sotaohnuma/coffee/outputs/bean_224/cnn_student050/base/2025-09-26_01-31-28
[2025-09-26 01:31:28,619][root][INFO] - batch: 128, 
 {'_target_': 'models.cnn_student050.cnn_student050', 'batch_size': 128, 'lr': 0.0034, 'weight_decay': 0.0024}
[2025-09-26 01:31:28,619][root][INFO] - lr: 0.0034, 
 {'_target_': 'models.cnn_student050.cnn_student050', 'lr': 0.0034, 'weight_decay': 0.0024}
[2025-09-26 01:31:28,619][root][INFO] - weight_decay: 0.0024, 
 {'_target_': 'models.cnn_student050.cnn_student050', 'weight_decay': 0.0024}
[2025-09-26 01:31:29,273][root][INFO] - Start loading train data
[2025-09-26 01:31:29,400][root][INFO] - Start loading val data
[2025-09-26 01:31:29,414][root][INFO] - Start loading test data
[2025-09-26 01:31:29,427][root][INFO] - Finished DataLoader setup
[2025-09-26 01:31:29,428][root][INFO] - Start: 0
[2025-09-26 01:32:14,374][root][INFO] - [01/100] train 62.569%/0.6364 | val 62.889%/0.6382
[2025-09-26 01:32:14,382][root][INFO] - Start: 1
[2025-09-26 01:32:57,723][root][INFO] - [02/100] train 63.882%/0.6245 | val 63.486%/0.6210
[2025-09-26 01:32:57,726][root][INFO] - Start: 2
[2025-09-26 01:33:41,076][root][INFO] - [03/100] train 65.696%/0.6077 | val 68.583%/0.5617
[2025-09-26 01:33:41,080][root][INFO] - Start: 3
[2025-09-26 01:34:25,009][root][INFO] - [04/100] train 71.288%/0.5529 | val 50.000%/9.8011
[2025-09-26 01:34:25,009][root][INFO] - Start: 4
[2025-09-26 01:35:07,030][root][INFO] - [05/100] train 74.292%/0.5197 | val 50.000%/8.2284
[2025-09-26 01:35:07,030][root][INFO] - Start: 5
[2025-09-26 01:35:49,267][root][INFO] - [06/100] train 75.901%/0.5021 | val 72.778%/0.4975
[2025-09-26 01:35:49,271][root][INFO] - Start: 6
[2025-09-26 01:36:32,813][root][INFO] - [07/100] train 77.328%/0.4816 | val 65.236%/0.6564
[2025-09-26 01:36:32,813][root][INFO] - Start: 7
[2025-09-26 01:37:15,590][root][INFO] - [08/100] train 78.172%/0.4670 | val 50.000%/6.4876
[2025-09-26 01:37:15,590][root][INFO] - Start: 8
[2025-09-26 01:38:00,594][root][INFO] - [09/100] train 79.280%/0.4528 | val 50.000%/12.2863
[2025-09-26 01:38:00,594][root][INFO] - Start: 9
[2025-09-26 01:38:42,644][root][INFO] - [10/100] train 79.953%/0.4405 | val 50.417%/4.1048
[2025-09-26 01:38:42,644][root][INFO] - Start: 10
[2025-09-26 01:39:26,167][root][INFO] - [11/100] train 80.622%/0.4297 | val 60.681%/1.0047
[2025-09-26 01:39:26,167][root][INFO] - Start: 11
[2025-09-26 01:40:09,293][root][INFO] - [12/100] train 81.285%/0.4172 | val 70.236%/0.5953
[2025-09-26 01:40:09,293][root][INFO] - Start: 12
[2025-09-26 01:40:51,846][root][INFO] - [13/100] train 81.748%/0.4095 | val 82.222%/0.3817
[2025-09-26 01:40:51,849][root][INFO] - Start: 13
[2025-09-26 01:41:35,509][root][INFO] - [14/100] train 82.380%/0.3989 | val 84.208%/0.3316
[2025-09-26 01:41:35,515][root][INFO] - Start: 14
[2025-09-26 01:42:19,175][root][INFO] - [15/100] train 82.745%/0.3917 | val 78.556%/0.4189
[2025-09-26 01:42:19,176][root][INFO] - Start: 15
[2025-09-26 01:43:02,793][root][INFO] - [16/100] train 83.057%/0.3871 | val 81.167%/0.4066
[2025-09-26 01:43:02,793][root][INFO] - Start: 16
[2025-09-26 01:43:45,471][root][INFO] - [17/100] train 83.405%/0.3760 | val 78.514%/0.3993
[2025-09-26 01:43:45,471][root][INFO] - Start: 17
[2025-09-26 01:44:26,855][root][INFO] - [18/100] train 83.418%/0.3734 | val 65.500%/0.7507
[2025-09-26 01:44:26,855][root][INFO] - Start: 18
[2025-09-26 01:45:08,984][root][INFO] - [19/100] train 84.005%/0.3687 | val 71.222%/0.5826
[2025-09-26 01:45:08,984][root][INFO] - Start: 19
