[2025-07-25 08:46:11,661][root][INFO] - ORIGINAL CWD : /home/sota/research/sotaohnuma/coffee
[2025-07-25 08:46:11,661][root][INFO] - RUN CWD      : /home/sota/research/sotaohnuma/coffee/outputs/bean_224/vit_third/base/2025-07-25_08-46-11
[2025-07-25 08:46:11,662][root][INFO] - batch: 666, 
 {'_target_': 'vit_pytorch.ViT', 'batch_size': 666, 'image_size': 224, 'patch_size': 16, 'num_classes': 2, 'dim': 256, 'depth': 3, 'heads': 6, 'mlp_dim': 256, 'dropout': 0.2, 'emb_dropout': 0.2}
[2025-07-25 08:46:11,663][root][INFO] - Start loading train data
[2025-07-25 08:46:12,023][root][INFO] - Start loading val data
[2025-07-25 08:46:12,050][root][INFO] - Start loading test data
[2025-07-25 08:46:12,094][root][INFO] - Finished DataLoader setup
[2025-07-25 08:46:12,094][root][INFO] - Starting Optimize
[2025-07-25 08:46:13,163][root][INFO] - starting train
[2025-07-25 08:46:13,163][root][INFO] - epoch: 0
[2025-07-25 08:48:05,104][root][INFO] - epoch: 1
[2025-07-25 08:50:03,191][root][INFO] - epoch: 2
[2025-07-25 08:51:57,895][root][INFO] - epoch: 3
[2025-07-25 08:53:52,799][root][INFO] - epoch: 4
[2025-07-25 08:55:40,119][root][INFO] - epoch: 5
[2025-07-25 08:57:30,793][root][INFO] - epoch: 6
[2025-07-25 08:59:21,302][root][INFO] - epoch: 7
[2025-07-25 09:01:21,130][root][INFO] - epoch: 8
[2025-07-25 09:03:17,629][root][INFO] - epoch: 9
[2025-07-25 09:05:19,933][root][INFO] - epoch: 10
[2025-07-25 09:07:02,318][root][INFO] - epoch: 11
[2025-07-25 09:08:45,360][root][INFO] - epoch: 12
[2025-07-25 09:10:38,082][root][INFO] - epoch: 13
[2025-07-25 09:12:43,439][root][INFO] - epoch: 14
[2025-07-25 09:14:27,701][root][INFO] - epoch: 15
[2025-07-25 09:16:19,777][root][INFO] - epoch: 16
[2025-07-25 09:18:08,284][root][INFO] - epoch: 17
[2025-07-25 09:19:44,571][root][INFO] - epoch: 18
[2025-07-25 09:21:32,725][root][INFO] - epoch: 19
[2025-07-25 09:23:13,877][root][INFO] - finished train
[2025-07-25 09:23:13,878][root][INFO] - starting eval
[2025-07-25 09:23:25,540][root][INFO] - finished eval
[2025-07-25 09:23:25,587][root][INFO] - starting train
[2025-07-25 09:23:25,587][root][INFO] - epoch: 0
[2025-07-25 09:25:04,128][root][INFO] - epoch: 1
[2025-07-25 09:26:34,830][root][INFO] - epoch: 2
[2025-07-25 09:28:33,252][root][INFO] - epoch: 3
[2025-07-25 09:30:27,628][root][INFO] - epoch: 4
[2025-07-25 09:32:09,079][root][INFO] - epoch: 5
[2025-07-25 09:33:49,097][root][INFO] - epoch: 6
[2025-07-25 09:35:10,057][root][INFO] - epoch: 7
[2025-07-25 09:36:25,517][root][INFO] - epoch: 8
[2025-07-25 09:37:37,800][root][INFO] - epoch: 9
[2025-07-25 09:39:02,373][root][INFO] - epoch: 10
[2025-07-25 09:40:15,833][root][INFO] - epoch: 11
[2025-07-25 09:41:25,249][root][INFO] - epoch: 12
[2025-07-25 09:42:45,920][root][INFO] - epoch: 13
[2025-07-25 09:44:06,353][root][INFO] - epoch: 14
[2025-07-25 09:46:03,115][root][INFO] - epoch: 15
[2025-07-25 09:47:39,388][root][INFO] - epoch: 16
[2025-07-25 09:49:15,793][root][INFO] - epoch: 17
[2025-07-25 09:50:44,226][root][INFO] - epoch: 18
[2025-07-25 09:52:10,451][root][INFO] - epoch: 19
[2025-07-25 09:53:42,157][root][INFO] - finished train
[2025-07-25 09:53:42,157][root][INFO] - starting eval
[2025-07-25 09:53:59,873][root][INFO] - finished eval
[2025-07-25 09:53:59,971][root][INFO] - starting train
[2025-07-25 09:53:59,971][root][INFO] - epoch: 0
[2025-07-25 09:55:55,866][root][INFO] - epoch: 1
[2025-07-25 09:57:44,787][root][INFO] - epoch: 2
[2025-07-25 09:59:29,227][root][INFO] - epoch: 3
[2025-07-25 10:00:56,615][root][INFO] - epoch: 4
[2025-07-25 10:02:51,021][root][INFO] - epoch: 5
[2025-07-25 10:04:26,222][root][INFO] - epoch: 6
[2025-07-25 10:06:04,362][root][INFO] - epoch: 7
[2025-07-25 10:07:24,736][root][INFO] - epoch: 8
[2025-07-25 10:08:52,029][root][INFO] - epoch: 9
[2025-07-25 10:10:43,862][root][INFO] - epoch: 10
[2025-07-25 10:12:17,603][root][INFO] - epoch: 11
[2025-07-25 10:13:35,245][root][INFO] - epoch: 12
[2025-07-25 10:15:03,126][root][INFO] - epoch: 13
[2025-07-25 10:16:23,771][root][INFO] - epoch: 14
[2025-07-25 10:17:39,663][root][INFO] - epoch: 15
[2025-07-25 10:19:06,236][root][INFO] - epoch: 16
[2025-07-25 10:20:28,102][root][INFO] - epoch: 17
[2025-07-25 10:21:47,873][root][INFO] - epoch: 18
[2025-07-25 10:23:13,521][root][INFO] - epoch: 19
[2025-07-25 10:24:51,003][root][INFO] - finished train
[2025-07-25 10:24:51,003][root][INFO] - starting eval
[2025-07-25 10:25:04,312][root][INFO] - finished eval
[2025-07-25 10:25:04,353][root][INFO] - starting train
[2025-07-25 10:25:04,353][root][INFO] - epoch: 0
[2025-07-25 10:26:48,942][root][INFO] - epoch: 1
[2025-07-25 10:28:41,174][root][INFO] - epoch: 2
[2025-07-25 10:30:25,426][root][INFO] - epoch: 3
[2025-07-25 10:32:21,891][root][INFO] - epoch: 4
[2025-07-25 10:33:49,682][root][INFO] - epoch: 5
[2025-07-25 10:35:11,472][root][INFO] - epoch: 6
[2025-07-25 10:36:39,713][root][INFO] - epoch: 7
[2025-07-25 10:38:10,967][root][INFO] - epoch: 8
[2025-07-25 10:39:37,532][root][INFO] - epoch: 9
[2025-07-25 10:41:05,140][root][INFO] - epoch: 10
[2025-07-25 10:42:42,721][root][INFO] - epoch: 11
[2025-07-25 10:44:11,724][root][INFO] - epoch: 12
[2025-07-25 10:45:46,857][root][INFO] - epoch: 13
[2025-07-25 10:47:22,067][root][INFO] - epoch: 14
[2025-07-25 10:48:45,399][root][INFO] - epoch: 15
[2025-07-25 10:50:25,960][root][INFO] - epoch: 16
[2025-07-25 10:52:09,712][root][INFO] - epoch: 17
[2025-07-25 10:53:45,677][root][INFO] - epoch: 18
[2025-07-25 10:55:19,793][root][INFO] - epoch: 19
[2025-07-25 10:56:53,249][root][INFO] - finished train
[2025-07-25 10:56:53,250][root][INFO] - starting eval
[2025-07-25 10:57:06,423][root][INFO] - finished eval
[2025-07-25 10:57:06,470][root][INFO] - starting train
[2025-07-25 10:57:06,470][root][INFO] - epoch: 0
[2025-07-25 10:58:37,047][root][INFO] - epoch: 1
[2025-07-25 11:00:04,323][root][INFO] - epoch: 2
[2025-07-25 11:01:27,414][root][INFO] - epoch: 3
[2025-07-25 11:02:49,286][root][INFO] - epoch: 4
[2025-07-25 11:04:15,156][root][INFO] - epoch: 5
[2025-07-25 11:05:48,192][root][INFO] - epoch: 6
[2025-07-25 11:07:30,440][root][INFO] - epoch: 7
[2025-07-25 11:09:13,286][root][INFO] - epoch: 8
[2025-07-25 11:11:20,899][root][INFO] - epoch: 9
[2025-07-25 11:13:03,873][root][INFO] - epoch: 10
[2025-07-25 11:14:41,221][root][INFO] - epoch: 11
[2025-07-25 11:15:57,238][root][INFO] - epoch: 12
[2025-07-25 11:18:02,063][root][INFO] - epoch: 13
[2025-07-25 11:19:40,499][root][INFO] - epoch: 14
[2025-07-25 11:21:24,709][root][INFO] - epoch: 15
[2025-07-25 11:23:01,900][root][INFO] - epoch: 16
[2025-07-25 11:24:34,961][root][INFO] - epoch: 17
[2025-07-25 11:26:23,842][root][INFO] - epoch: 18
[2025-07-25 11:28:05,105][root][INFO] - epoch: 19
[2025-07-25 11:29:32,356][root][INFO] - finished train
[2025-07-25 11:29:32,356][root][INFO] - starting eval
[2025-07-25 11:29:46,381][root][INFO] - finished eval
[2025-07-25 11:29:46,425][root][INFO] - starting train
[2025-07-25 11:29:46,426][root][INFO] - epoch: 0
[2025-07-25 11:31:11,147][root][INFO] - epoch: 1
[2025-07-25 11:32:38,928][root][INFO] - epoch: 2
[2025-07-25 11:34:07,797][root][INFO] - epoch: 3
[2025-07-25 11:35:29,219][root][INFO] - epoch: 4
[2025-07-25 11:36:56,850][root][INFO] - epoch: 5
[2025-07-25 11:38:38,069][root][INFO] - epoch: 6
[2025-07-25 11:40:18,810][root][INFO] - epoch: 7
[2025-07-25 11:41:58,469][root][INFO] - epoch: 8
[2025-07-25 11:43:09,283][root][INFO] - epoch: 9
[2025-07-25 11:44:22,267][root][INFO] - epoch: 10
[2025-07-25 11:45:41,582][root][INFO] - epoch: 11
[2025-07-25 11:47:01,906][root][INFO] - epoch: 12
[2025-07-25 11:48:23,053][root][INFO] - epoch: 13
[2025-07-25 11:49:42,859][root][INFO] - epoch: 14
[2025-07-25 11:51:00,950][root][INFO] - epoch: 15
[2025-07-25 11:52:22,774][root][INFO] - epoch: 16
[2025-07-25 11:53:39,247][root][INFO] - epoch: 17
[2025-07-25 11:55:04,173][root][INFO] - epoch: 18
[2025-07-25 11:56:34,109][root][INFO] - epoch: 19
[2025-07-25 11:58:04,984][root][INFO] - finished train
[2025-07-25 11:58:04,985][root][INFO] - starting eval
[2025-07-25 11:58:16,832][root][INFO] - finished eval
[2025-07-25 11:58:16,876][root][INFO] - starting train
[2025-07-25 11:58:16,876][root][INFO] - epoch: 0
[2025-07-25 11:59:40,897][root][INFO] - epoch: 1
[2025-07-25 12:01:05,577][root][INFO] - epoch: 2
[2025-07-25 12:02:33,255][root][INFO] - epoch: 3
[2025-07-25 12:04:00,581][root][INFO] - epoch: 4
[2025-07-25 12:05:23,458][root][INFO] - epoch: 5
[2025-07-25 12:07:20,256][root][INFO] - epoch: 6
[2025-07-25 12:08:55,035][root][INFO] - epoch: 7
[2025-07-25 12:10:35,404][root][INFO] - epoch: 8
[2025-07-25 12:12:24,288][root][INFO] - epoch: 9
[2025-07-25 12:14:01,926][root][INFO] - epoch: 10
[2025-07-25 12:15:14,846][root][INFO] - epoch: 11
[2025-07-25 12:16:28,063][root][INFO] - epoch: 12
[2025-07-25 12:17:50,253][root][INFO] - epoch: 13
[2025-07-25 12:19:10,285][root][INFO] - epoch: 14
[2025-07-25 12:20:40,930][root][INFO] - epoch: 15
[2025-07-25 12:21:56,745][root][INFO] - epoch: 16
[2025-07-25 12:23:11,357][root][INFO] - epoch: 17
[2025-07-25 12:24:30,444][root][INFO] - epoch: 18
[2025-07-25 12:25:57,540][root][INFO] - epoch: 19
[2025-07-25 12:27:23,210][root][INFO] - finished train
[2025-07-25 12:27:23,210][root][INFO] - starting eval
[2025-07-25 12:27:35,914][root][INFO] - finished eval
[2025-07-25 12:27:35,959][root][INFO] - starting train
[2025-07-25 12:27:35,959][root][INFO] - epoch: 0
[2025-07-25 12:28:58,210][root][INFO] - epoch: 1
[2025-07-25 12:30:20,386][root][INFO] - epoch: 2
[2025-07-25 12:32:05,114][root][INFO] - epoch: 3
[2025-07-25 12:33:32,976][root][INFO] - epoch: 4
[2025-07-25 12:34:58,358][root][INFO] - epoch: 5
[2025-07-25 12:36:14,577][root][INFO] - epoch: 6
[2025-07-25 12:37:30,416][root][INFO] - epoch: 7
[2025-07-25 12:38:38,468][root][INFO] - epoch: 8
[2025-07-25 12:39:47,252][root][INFO] - epoch: 9
[2025-07-25 12:41:20,249][root][INFO] - epoch: 10
[2025-07-25 12:42:41,450][root][INFO] - epoch: 11
[2025-07-25 12:43:58,160][root][INFO] - epoch: 12
[2025-07-25 12:45:11,452][root][INFO] - epoch: 13
[2025-07-25 12:46:24,662][root][INFO] - epoch: 14
[2025-07-25 12:47:39,888][root][INFO] - epoch: 15
[2025-07-25 12:48:55,166][root][INFO] - epoch: 16
[2025-07-25 12:50:14,728][root][INFO] - epoch: 17
[2025-07-25 12:51:43,347][root][INFO] - epoch: 18
[2025-07-25 12:53:22,737][root][INFO] - epoch: 19
[2025-07-25 12:55:01,303][root][INFO] - finished train
[2025-07-25 12:55:01,304][root][INFO] - starting eval
[2025-07-25 12:55:17,904][root][INFO] - finished eval
[2025-07-25 12:55:17,944][root][INFO] - starting train
[2025-07-25 12:55:17,944][root][INFO] - epoch: 0
[2025-07-25 12:56:42,638][root][INFO] - epoch: 1
[2025-07-25 12:58:03,074][root][INFO] - epoch: 2
[2025-07-25 12:59:26,935][root][INFO] - epoch: 3
[2025-07-25 13:01:09,214][root][INFO] - epoch: 4
[2025-07-25 13:02:46,879][root][INFO] - epoch: 5
[2025-07-25 13:04:39,791][root][INFO] - epoch: 6
[2025-07-25 13:06:35,022][root][INFO] - epoch: 7
[2025-07-25 13:08:22,451][root][INFO] - epoch: 8
[2025-07-25 13:10:13,022][root][INFO] - epoch: 9
[2025-07-25 13:11:56,032][root][INFO] - epoch: 10
[2025-07-25 13:13:41,528][root][INFO] - epoch: 11
[2025-07-25 13:15:10,518][root][INFO] - epoch: 12
[2025-07-25 13:16:55,159][root][INFO] - epoch: 13
[2025-07-25 13:18:48,436][root][INFO] - epoch: 14
[2025-07-25 13:20:47,714][root][INFO] - epoch: 15
[2025-07-25 13:22:36,665][root][INFO] - epoch: 16
[2025-07-25 13:24:13,490][root][INFO] - epoch: 17
[2025-07-25 13:26:05,055][root][INFO] - epoch: 18
[2025-07-25 13:27:33,902][root][INFO] - epoch: 19
[2025-07-25 13:28:56,695][root][INFO] - finished train
[2025-07-25 13:28:56,696][root][INFO] - starting eval
[2025-07-25 13:29:09,777][root][INFO] - finished eval
[2025-07-25 13:29:09,850][root][INFO] - starting train
[2025-07-25 13:29:09,850][root][INFO] - epoch: 0
[2025-07-25 13:30:58,728][root][INFO] - epoch: 1
[2025-07-25 13:32:40,409][root][INFO] - epoch: 2
[2025-07-25 13:34:21,379][root][INFO] - epoch: 3
[2025-07-25 13:36:08,369][root][INFO] - epoch: 4
[2025-07-25 13:37:39,443][root][INFO] - epoch: 5
[2025-07-25 13:39:11,883][root][INFO] - epoch: 6
[2025-07-25 13:40:31,438][root][INFO] - epoch: 7
[2025-07-25 13:41:54,468][root][INFO] - epoch: 8
[2025-07-25 13:43:15,155][root][INFO] - epoch: 9
[2025-07-25 13:44:39,622][root][INFO] - epoch: 10
[2025-07-25 13:45:59,850][root][INFO] - epoch: 11
[2025-07-25 13:47:31,297][root][INFO] - epoch: 12
[2025-07-25 13:48:56,112][root][INFO] - epoch: 13
[2025-07-25 13:50:21,336][root][INFO] - epoch: 14
[2025-07-25 13:51:46,145][root][INFO] - epoch: 15
[2025-07-25 13:53:03,935][root][INFO] - epoch: 16
[2025-07-25 13:54:57,601][root][INFO] - epoch: 17
[2025-07-25 13:56:29,461][root][INFO] - epoch: 18
[2025-07-25 13:57:55,076][root][INFO] - epoch: 19
[2025-07-25 13:59:50,755][root][INFO] - finished train
[2025-07-25 13:59:50,755][root][INFO] - starting eval
[2025-07-25 14:00:04,392][root][INFO] - finished eval
[2025-07-25 14:00:04,448][root][INFO] - starting train
[2025-07-25 14:00:04,449][root][INFO] - epoch: 0
[2025-07-25 14:01:32,464][root][INFO] - epoch: 1
[2025-07-25 14:02:49,387][root][INFO] - epoch: 2
[2025-07-25 14:04:09,039][root][INFO] - epoch: 3
[2025-07-25 14:05:28,645][root][INFO] - epoch: 4
[2025-07-25 14:07:20,571][root][INFO] - epoch: 5
[2025-07-25 14:08:43,651][root][INFO] - epoch: 6
[2025-07-25 14:10:00,454][root][INFO] - epoch: 7
[2025-07-25 14:11:25,136][root][INFO] - epoch: 8
[2025-07-25 14:12:46,376][root][INFO] - epoch: 9
[2025-07-25 14:14:08,508][root][INFO] - epoch: 10
[2025-07-25 14:15:26,330][root][INFO] - epoch: 11
[2025-07-25 14:16:49,742][root][INFO] - epoch: 12
[2025-07-25 14:18:11,109][root][INFO] - epoch: 13
[2025-07-25 14:19:40,543][root][INFO] - epoch: 14
[2025-07-25 14:21:07,420][root][INFO] - epoch: 15
[2025-07-25 14:22:43,708][root][INFO] - epoch: 16
[2025-07-25 14:24:06,488][root][INFO] - epoch: 17
[2025-07-25 14:25:24,172][root][INFO] - epoch: 18
[2025-07-25 14:26:49,767][root][INFO] - epoch: 19
[2025-07-25 14:28:25,969][root][INFO] - finished train
[2025-07-25 14:28:25,969][root][INFO] - starting eval
[2025-07-25 14:28:37,658][root][INFO] - finished eval
[2025-07-25 14:28:37,715][root][INFO] - starting train
[2025-07-25 14:28:37,715][root][INFO] - epoch: 0
[2025-07-25 14:29:56,883][root][INFO] - epoch: 1
[2025-07-25 14:31:20,276][root][INFO] - epoch: 2
[2025-07-25 14:33:02,702][root][INFO] - epoch: 3
[2025-07-25 14:34:58,688][root][INFO] - epoch: 4
[2025-07-25 14:37:00,867][root][INFO] - epoch: 5
[2025-07-25 14:39:06,306][root][INFO] - epoch: 6
[2025-07-25 14:41:00,084][root][INFO] - epoch: 7
[2025-07-25 14:42:48,605][root][INFO] - epoch: 8
[2025-07-25 14:44:29,154][root][INFO] - epoch: 9
[2025-07-25 14:45:51,039][root][INFO] - epoch: 10
[2025-07-25 14:47:56,753][root][INFO] - epoch: 11
[2025-07-25 14:49:24,866][root][INFO] - epoch: 12
[2025-07-25 14:50:44,113][root][INFO] - epoch: 13
[2025-07-25 14:52:05,531][root][INFO] - epoch: 14
[2025-07-25 14:53:35,411][root][INFO] - epoch: 15
[2025-07-25 14:55:25,368][root][INFO] - epoch: 16
[2025-07-25 14:57:10,445][root][INFO] - epoch: 17
[2025-07-25 14:58:46,760][root][INFO] - epoch: 18
[2025-07-25 15:00:16,912][root][INFO] - epoch: 19
[2025-07-25 15:01:34,996][root][INFO] - finished train
[2025-07-25 15:01:34,997][root][INFO] - starting eval
[2025-07-25 15:01:46,744][root][INFO] - finished eval
[2025-07-25 15:01:46,796][root][INFO] - starting train
[2025-07-25 15:01:46,796][root][INFO] - epoch: 0
[2025-07-25 15:03:29,401][root][INFO] - epoch: 1
[2025-07-25 15:05:00,633][root][INFO] - epoch: 2
[2025-07-25 15:06:45,909][root][INFO] - epoch: 3
[2025-07-25 15:08:09,585][root][INFO] - epoch: 4
[2025-07-25 15:09:27,596][root][INFO] - epoch: 5
[2025-07-25 15:11:02,373][root][INFO] - epoch: 6
[2025-07-25 15:12:37,735][root][INFO] - epoch: 7
[2025-07-25 15:14:09,732][root][INFO] - epoch: 8
[2025-07-25 15:15:34,601][root][INFO] - epoch: 9
[2025-07-25 15:17:03,110][root][INFO] - epoch: 10
[2025-07-25 15:18:25,739][root][INFO] - epoch: 11
[2025-07-25 15:19:47,685][root][INFO] - epoch: 12
[2025-07-25 15:21:54,086][root][INFO] - epoch: 13
[2025-07-25 15:23:29,001][root][INFO] - epoch: 14
[2025-07-25 15:24:57,731][root][INFO] - epoch: 15
[2025-07-25 15:26:16,838][root][INFO] - epoch: 16
[2025-07-25 15:27:36,827][root][INFO] - epoch: 17
[2025-07-25 15:29:19,634][root][INFO] - epoch: 18
[2025-07-25 15:31:05,638][root][INFO] - epoch: 19
[2025-07-25 15:33:06,835][root][INFO] - finished train
[2025-07-25 15:33:06,836][root][INFO] - starting eval
[2025-07-25 15:33:23,308][root][INFO] - finished eval
[2025-07-25 15:33:23,459][root][INFO] - starting train
[2025-07-25 15:33:23,459][root][INFO] - epoch: 0
[2025-07-25 15:35:14,804][root][INFO] - epoch: 1
[2025-07-25 15:37:08,030][root][INFO] - epoch: 2
[2025-07-25 15:39:01,652][root][INFO] - epoch: 3
[2025-07-25 15:40:49,266][root][INFO] - epoch: 4
[2025-07-25 15:42:43,584][root][INFO] - epoch: 5
[2025-07-25 15:44:57,845][root][INFO] - epoch: 6
[2025-07-25 15:46:46,163][root][INFO] - epoch: 7
[2025-07-25 15:48:39,220][root][INFO] - epoch: 8
[2025-07-25 15:50:24,937][root][INFO] - epoch: 9
[2025-07-25 15:51:59,442][root][INFO] - epoch: 10
[2025-07-25 15:53:25,835][root][INFO] - epoch: 11
[2025-07-25 15:55:04,257][root][INFO] - epoch: 12
[2025-07-25 15:56:43,034][root][INFO] - epoch: 13
[2025-07-25 15:58:30,201][root][INFO] - epoch: 14
[2025-07-25 16:00:20,472][root][INFO] - epoch: 15
[2025-07-25 16:01:51,581][root][INFO] - epoch: 16
[2025-07-25 16:03:21,235][root][INFO] - epoch: 17
[2025-07-25 16:04:53,711][root][INFO] - epoch: 18
[2025-07-25 16:07:00,315][root][INFO] - epoch: 19
[2025-07-25 16:08:51,861][root][INFO] - finished train
[2025-07-25 16:08:51,861][root][INFO] - starting eval
[2025-07-25 16:09:04,305][root][INFO] - finished eval
[2025-07-25 16:09:04,368][root][INFO] - starting train
[2025-07-25 16:09:04,368][root][INFO] - epoch: 0
[2025-07-25 16:10:51,118][root][INFO] - epoch: 1
[2025-07-25 16:12:44,549][root][INFO] - epoch: 2
[2025-07-25 16:14:33,066][root][INFO] - epoch: 3
[2025-07-25 16:16:23,887][root][INFO] - epoch: 4
[2025-07-25 16:18:14,797][root][INFO] - epoch: 5
[2025-07-25 16:20:09,607][root][INFO] - epoch: 6
[2025-07-25 16:22:03,985][root][INFO] - epoch: 7
[2025-07-25 16:23:44,746][root][INFO] - epoch: 8
[2025-07-25 16:25:40,893][root][INFO] - epoch: 9
[2025-07-25 16:27:18,287][root][INFO] - epoch: 10
[2025-07-25 16:29:00,188][root][INFO] - epoch: 11
[2025-07-25 16:30:24,325][root][INFO] - epoch: 12
[2025-07-25 16:31:42,100][root][INFO] - epoch: 13
[2025-07-25 16:32:58,336][root][INFO] - epoch: 14
[2025-07-25 16:34:25,781][root][INFO] - epoch: 15
[2025-07-25 16:35:52,027][root][INFO] - epoch: 16
[2025-07-25 16:37:48,411][root][INFO] - epoch: 17
[2025-07-25 16:39:51,766][root][INFO] - epoch: 18
[2025-07-25 16:41:32,506][root][INFO] - epoch: 19
[2025-07-25 16:43:10,057][root][INFO] - finished train
[2025-07-25 16:43:10,057][root][INFO] - starting eval
[2025-07-25 16:43:22,950][root][INFO] - finished eval
[2025-07-25 16:43:23,010][root][INFO] - starting train
[2025-07-25 16:43:23,010][root][INFO] - epoch: 0
[2025-07-25 16:44:53,943][root][INFO] - epoch: 1
[2025-07-25 16:46:26,255][root][INFO] - epoch: 2
[2025-07-25 16:47:48,005][root][INFO] - epoch: 3
[2025-07-25 16:49:11,566][root][INFO] - epoch: 4
[2025-07-25 16:50:35,294][root][INFO] - epoch: 5
[2025-07-25 16:51:58,910][root][INFO] - epoch: 6
[2025-07-25 16:53:31,899][root][INFO] - epoch: 7
[2025-07-25 16:55:22,396][root][INFO] - epoch: 8
[2025-07-25 16:56:57,937][root][INFO] - epoch: 9
[2025-07-25 16:58:22,933][root][INFO] - epoch: 10
[2025-07-25 16:59:57,246][root][INFO] - epoch: 11
[2025-07-25 17:01:24,948][root][INFO] - epoch: 12
[2025-07-25 17:03:19,892][root][INFO] - epoch: 13
[2025-07-25 17:05:10,789][root][INFO] - epoch: 14
[2025-07-25 17:06:50,176][root][INFO] - epoch: 15
[2025-07-25 17:08:38,563][root][INFO] - epoch: 16
[2025-07-25 17:10:33,614][root][INFO] - epoch: 17
[2025-07-25 17:11:55,338][root][INFO] - epoch: 18
[2025-07-25 17:13:29,229][root][INFO] - epoch: 19
[2025-07-25 17:14:48,525][root][INFO] - finished train
[2025-07-25 17:14:48,525][root][INFO] - starting eval
[2025-07-25 17:15:00,980][root][INFO] - finished eval
[2025-07-25 17:15:01,035][root][INFO] - starting train
[2025-07-25 17:15:01,035][root][INFO] - epoch: 0
[2025-07-25 17:16:21,922][root][INFO] - epoch: 1
[2025-07-25 17:17:38,895][root][INFO] - epoch: 2
[2025-07-25 17:19:03,841][root][INFO] - epoch: 3
[2025-07-25 17:20:27,501][root][INFO] - epoch: 4
[2025-07-25 17:21:53,927][root][INFO] - epoch: 5
[2025-07-25 17:23:21,757][root][INFO] - epoch: 6
[2025-07-25 17:24:46,261][root][INFO] - epoch: 7
[2025-07-25 17:26:08,979][root][INFO] - epoch: 8
[2025-07-25 17:27:32,514][root][INFO] - epoch: 9
[2025-07-25 17:29:08,822][root][INFO] - epoch: 10
[2025-07-25 17:30:36,535][root][INFO] - epoch: 11
[2025-07-25 17:31:54,653][root][INFO] - epoch: 12
[2025-07-25 17:33:10,839][root][INFO] - epoch: 13
[2025-07-25 17:34:57,801][root][INFO] - epoch: 14
[2025-07-25 17:36:30,183][root][INFO] - epoch: 15
[2025-07-25 17:38:23,372][root][INFO] - epoch: 16
[2025-07-25 17:39:49,672][root][INFO] - epoch: 17
[2025-07-25 17:41:10,648][root][INFO] - epoch: 18
[2025-07-25 17:42:38,428][root][INFO] - epoch: 19
[2025-07-25 17:44:12,478][root][INFO] - finished train
[2025-07-25 17:44:12,478][root][INFO] - starting eval
[2025-07-25 17:44:29,694][root][INFO] - finished eval
[2025-07-25 17:44:29,800][root][INFO] - starting train
[2025-07-25 17:44:29,800][root][INFO] - epoch: 0
[2025-07-25 17:46:18,808][root][INFO] - epoch: 1
[2025-07-25 17:48:15,832][root][INFO] - epoch: 2
[2025-07-25 17:50:02,127][root][INFO] - epoch: 3
[2025-07-25 17:51:53,904][root][INFO] - epoch: 4
[2025-07-25 17:53:52,045][root][INFO] - epoch: 5
[2025-07-25 17:55:43,557][root][INFO] - epoch: 6
[2025-07-25 17:57:36,882][root][INFO] - epoch: 7
[2025-07-25 17:59:27,850][root][INFO] - epoch: 8
[2025-07-25 18:01:25,711][root][INFO] - epoch: 9
[2025-07-25 18:03:31,912][root][INFO] - epoch: 10
[2025-07-25 18:05:32,370][root][INFO] - epoch: 11
[2025-07-25 18:07:20,843][root][INFO] - epoch: 12
[2025-07-25 18:09:18,126][root][INFO] - epoch: 13
[2025-07-25 18:10:59,608][root][INFO] - epoch: 14
[2025-07-25 18:12:57,357][root][INFO] - epoch: 15
[2025-07-25 18:14:47,691][root][INFO] - epoch: 16
[2025-07-25 18:16:47,680][root][INFO] - epoch: 17
[2025-07-25 18:18:55,931][root][INFO] - epoch: 18
[2025-07-25 18:20:58,981][root][INFO] - epoch: 19
[2025-07-25 18:23:06,575][root][INFO] - finished train
[2025-07-25 18:23:06,575][root][INFO] - starting eval
[2025-07-25 18:23:24,711][root][INFO] - finished eval
[2025-07-25 18:23:24,769][root][INFO] - starting train
[2025-07-25 18:23:24,770][root][INFO] - epoch: 0
[2025-07-25 18:25:39,223][root][INFO] - epoch: 1
[2025-07-25 18:27:57,246][root][INFO] - epoch: 2
[2025-07-25 18:30:00,689][root][INFO] - epoch: 3
[2025-07-25 18:32:00,330][root][INFO] - epoch: 4
[2025-07-25 18:34:05,530][root][INFO] - epoch: 5
[2025-07-25 18:35:58,047][root][INFO] - epoch: 6
[2025-07-25 18:38:10,944][root][INFO] - epoch: 7
[2025-07-25 18:40:10,523][root][INFO] - epoch: 8
[2025-07-25 18:42:18,021][root][INFO] - epoch: 9
[2025-07-25 18:44:25,834][root][INFO] - epoch: 10
[2025-07-25 18:46:19,103][root][INFO] - epoch: 11
[2025-07-25 18:48:20,373][root][INFO] - epoch: 12
[2025-07-25 18:50:13,460][root][INFO] - epoch: 13
[2025-07-25 18:52:12,274][root][INFO] - epoch: 14
[2025-07-25 18:54:04,742][root][INFO] - epoch: 15
[2025-07-25 18:55:54,453][root][INFO] - epoch: 16
[2025-07-25 18:57:38,226][root][INFO] - epoch: 17
[2025-07-25 18:59:37,152][root][INFO] - epoch: 18
[2025-07-25 19:01:14,793][root][INFO] - epoch: 19
[2025-07-25 19:03:15,096][root][INFO] - finished train
[2025-07-25 19:03:15,097][root][INFO] - starting eval
[2025-07-25 19:03:31,534][root][INFO] - finished eval
[2025-07-25 19:03:31,613][root][INFO] - starting train
[2025-07-25 19:03:31,613][root][INFO] - epoch: 0
[2025-07-25 19:05:38,875][root][INFO] - epoch: 1
[2025-07-25 19:07:31,126][root][INFO] - epoch: 2
[2025-07-25 19:09:15,548][root][INFO] - epoch: 3
[2025-07-25 19:11:04,704][root][INFO] - epoch: 4
[2025-07-25 19:13:06,505][root][INFO] - epoch: 5
[2025-07-25 19:14:56,965][root][INFO] - epoch: 6
[2025-07-25 19:16:43,454][root][INFO] - epoch: 7
[2025-07-25 19:18:33,121][root][INFO] - epoch: 8
[2025-07-25 19:20:32,490][root][INFO] - epoch: 9
[2025-07-25 19:22:12,950][root][INFO] - epoch: 10
[2025-07-25 19:23:46,406][root][INFO] - epoch: 11
[2025-07-25 19:25:47,740][root][INFO] - epoch: 12
[2025-07-25 19:27:46,169][root][INFO] - epoch: 13
[2025-07-25 19:29:46,929][root][INFO] - epoch: 14
[2025-07-25 19:31:34,908][root][INFO] - epoch: 15
[2025-07-25 19:33:12,507][root][INFO] - epoch: 16
[2025-07-25 19:35:11,220][root][INFO] - epoch: 17
[2025-07-25 19:36:55,775][root][INFO] - epoch: 18
[2025-07-25 19:38:38,064][root][INFO] - epoch: 19
[2025-07-25 19:39:55,225][root][INFO] - finished train
[2025-07-25 19:39:55,225][root][INFO] - starting eval
[2025-07-25 19:40:07,908][root][INFO] - finished eval
[2025-07-25 19:40:08,002][root][INFO] - starting train
[2025-07-25 19:40:08,002][root][INFO] - epoch: 0
[2025-07-25 19:41:39,716][root][INFO] - epoch: 1
[2025-07-25 19:43:22,313][root][INFO] - epoch: 2
[2025-07-25 19:45:04,980][root][INFO] - epoch: 3
[2025-07-25 19:46:36,818][root][INFO] - epoch: 4
[2025-07-25 19:48:16,039][root][INFO] - epoch: 5
[2025-07-25 19:49:55,480][root][INFO] - epoch: 6
[2025-07-25 19:51:49,783][root][INFO] - epoch: 7
[2025-07-25 19:53:10,332][root][INFO] - epoch: 8
[2025-07-25 19:54:38,893][root][INFO] - epoch: 9
[2025-07-25 19:56:06,435][root][INFO] - epoch: 10
[2025-07-25 19:57:26,180][root][INFO] - epoch: 11
[2025-07-25 19:59:25,213][root][INFO] - epoch: 12
[2025-07-25 20:01:05,439][root][INFO] - epoch: 13
[2025-07-25 20:02:27,739][root][INFO] - epoch: 14
[2025-07-25 20:03:47,614][root][INFO] - epoch: 15
[2025-07-25 20:05:07,014][root][INFO] - epoch: 16
[2025-07-25 20:06:27,019][root][INFO] - epoch: 17
[2025-07-25 20:07:47,621][root][INFO] - epoch: 18
[2025-07-25 20:09:12,309][root][INFO] - epoch: 19
[2025-07-25 20:10:31,046][root][INFO] - finished train
[2025-07-25 20:10:31,046][root][INFO] - starting eval
[2025-07-25 20:10:43,773][root][INFO] - finished eval
[2025-07-25 20:10:43,846][root][INFO] - starting train
[2025-07-25 20:10:43,847][root][INFO] - epoch: 0
[2025-07-25 20:12:05,575][root][INFO] - epoch: 1
[2025-07-25 20:13:31,188][root][INFO] - epoch: 2
[2025-07-25 20:14:57,272][root][INFO] - epoch: 3
[2025-07-25 20:16:27,494][root][INFO] - epoch: 4
[2025-07-25 20:17:55,274][root][INFO] - epoch: 5
[2025-07-25 20:19:27,028][root][INFO] - epoch: 6
[2025-07-25 20:21:02,763][root][INFO] - epoch: 7
[2025-07-25 20:22:30,779][root][INFO] - epoch: 8
[2025-07-25 20:24:09,685][root][INFO] - epoch: 9
[2025-07-25 20:25:53,196][root][INFO] - epoch: 10
[2025-07-25 20:27:17,166][root][INFO] - epoch: 11
[2025-07-25 20:28:42,151][root][INFO] - epoch: 12
[2025-07-25 20:30:07,123][root][INFO] - epoch: 13
[2025-07-25 20:31:26,603][root][INFO] - epoch: 14
[2025-07-25 20:32:47,214][root][INFO] - epoch: 15
[2025-07-25 20:34:09,858][root][INFO] - epoch: 16
[2025-07-25 20:35:32,189][root][INFO] - epoch: 17
[2025-07-25 20:36:58,525][root][INFO] - epoch: 18
[2025-07-25 20:38:27,893][root][INFO] - epoch: 19
[2025-07-25 20:39:47,820][root][INFO] - finished train
[2025-07-25 20:39:47,820][root][INFO] - starting eval
[2025-07-25 20:39:59,343][root][INFO] - finished eval
[2025-07-25 20:39:59,406][root][INFO] - starting train
[2025-07-25 20:39:59,407][root][INFO] - epoch: 0
[2025-07-25 20:41:21,573][root][INFO] - epoch: 1
[2025-07-25 20:42:42,280][root][INFO] - epoch: 2
[2025-07-25 20:44:01,977][root][INFO] - epoch: 3
[2025-07-25 20:45:25,168][root][INFO] - epoch: 4
[2025-07-25 20:46:48,333][root][INFO] - epoch: 5
[2025-07-25 20:48:10,121][root][INFO] - epoch: 6
[2025-07-25 20:49:35,221][root][INFO] - epoch: 7
[2025-07-25 20:51:32,513][root][INFO] - epoch: 8
[2025-07-25 20:53:09,714][root][INFO] - epoch: 9
[2025-07-25 20:54:41,586][root][INFO] - epoch: 10
[2025-07-25 20:56:41,128][root][INFO] - epoch: 11
[2025-07-25 20:58:30,127][root][INFO] - epoch: 12
[2025-07-25 21:00:02,113][root][INFO] - epoch: 13
[2025-07-25 21:01:30,881][root][INFO] - epoch: 14
[2025-07-25 21:03:07,446][root][INFO] - epoch: 15
[2025-07-25 21:04:38,418][root][INFO] - epoch: 16
[2025-07-25 21:06:09,543][root][INFO] - epoch: 17
[2025-07-25 21:07:33,499][root][INFO] - epoch: 18
[2025-07-25 21:08:59,061][root][INFO] - epoch: 19
[2025-07-25 21:10:18,895][root][INFO] - finished train
[2025-07-25 21:10:18,895][root][INFO] - starting eval
[2025-07-25 21:10:30,846][root][INFO] - finished eval
[2025-07-25 21:10:30,905][root][INFO] - starting train
[2025-07-25 21:10:30,905][root][INFO] - epoch: 0
[2025-07-25 21:12:01,940][root][INFO] - epoch: 1
[2025-07-25 21:13:29,323][root][INFO] - epoch: 2
[2025-07-25 21:14:58,738][root][INFO] - epoch: 3
[2025-07-25 21:16:35,563][root][INFO] - epoch: 4
[2025-07-25 21:18:32,335][root][INFO] - epoch: 5
[2025-07-25 21:20:43,521][root][INFO] - epoch: 6
[2025-07-25 21:22:24,398][root][INFO] - epoch: 7
[2025-07-25 21:24:01,796][root][INFO] - epoch: 8
[2025-07-25 21:25:19,286][root][INFO] - epoch: 9
[2025-07-25 21:26:47,347][root][INFO] - epoch: 10
[2025-07-25 21:28:10,656][root][INFO] - epoch: 11
[2025-07-25 21:29:36,979][root][INFO] - epoch: 12
[2025-07-25 21:31:04,470][root][INFO] - epoch: 13
[2025-07-25 21:32:29,284][root][INFO] - epoch: 14
[2025-07-25 21:34:02,805][root][INFO] - epoch: 15
[2025-07-25 21:35:37,154][root][INFO] - epoch: 16
[2025-07-25 21:37:02,906][root][INFO] - epoch: 17
[2025-07-25 21:38:23,994][root][INFO] - epoch: 18
[2025-07-25 21:39:46,187][root][INFO] - epoch: 19
[2025-07-25 21:41:05,409][root][INFO] - finished train
[2025-07-25 21:41:05,410][root][INFO] - starting eval
[2025-07-25 21:41:17,127][root][INFO] - finished eval
[2025-07-25 21:41:17,186][root][INFO] - starting train
[2025-07-25 21:41:17,186][root][INFO] - epoch: 0
[2025-07-25 21:42:39,584][root][INFO] - epoch: 1
[2025-07-25 21:43:58,605][root][INFO] - epoch: 2
[2025-07-25 21:45:24,392][root][INFO] - epoch: 3
[2025-07-25 21:47:16,636][root][INFO] - epoch: 4
[2025-07-25 21:49:22,189][root][INFO] - epoch: 5
[2025-07-25 21:50:50,868][root][INFO] - epoch: 6
[2025-07-25 21:52:29,025][root][INFO] - epoch: 7
[2025-07-25 21:54:27,762][root][INFO] - epoch: 8
[2025-07-25 21:56:20,229][root][INFO] - epoch: 9
[2025-07-25 21:57:51,271][root][INFO] - epoch: 10
[2025-07-25 22:00:02,095][root][INFO] - epoch: 11
[2025-07-25 22:02:05,396][root][INFO] - epoch: 12
[2025-07-25 22:04:07,573][root][INFO] - epoch: 13
[2025-07-25 22:05:53,197][root][INFO] - epoch: 14
[2025-07-25 22:07:57,136][root][INFO] - epoch: 15
[2025-07-25 22:10:01,972][root][INFO] - epoch: 16
[2025-07-25 22:11:46,427][root][INFO] - epoch: 17
[2025-07-25 22:13:49,739][root][INFO] - epoch: 18
[2025-07-25 22:16:01,993][root][INFO] - epoch: 19
[2025-07-25 22:18:13,569][root][INFO] - finished train
[2025-07-25 22:18:13,569][root][INFO] - starting eval
[2025-07-25 22:18:34,755][root][INFO] - finished eval
[2025-07-25 22:18:34,891][root][INFO] - starting train
[2025-07-25 22:18:34,891][root][INFO] - epoch: 0
[2025-07-25 22:20:39,776][root][INFO] - epoch: 1
[2025-07-25 22:22:27,886][root][INFO] - epoch: 2
[2025-07-25 22:24:39,425][root][INFO] - epoch: 3
[2025-07-25 22:26:39,838][root][INFO] - epoch: 4
[2025-07-25 22:28:34,921][root][INFO] - epoch: 5
[2025-07-25 22:30:40,668][root][INFO] - epoch: 6
[2025-07-25 22:32:42,180][root][INFO] - epoch: 7
[2025-07-25 22:34:29,096][root][INFO] - epoch: 8
[2025-07-25 22:36:13,914][root][INFO] - epoch: 9
[2025-07-25 22:37:55,236][root][INFO] - epoch: 10
[2025-07-25 22:39:41,387][root][INFO] - epoch: 11
[2025-07-25 22:41:38,737][root][INFO] - epoch: 12
[2025-07-25 22:43:30,531][root][INFO] - epoch: 13
[2025-07-25 22:45:18,642][root][INFO] - epoch: 14
[2025-07-25 22:47:20,143][root][INFO] - epoch: 15
[2025-07-25 22:49:25,994][root][INFO] - epoch: 16
[2025-07-25 22:51:35,941][root][INFO] - epoch: 17
[2025-07-25 22:53:23,585][root][INFO] - epoch: 18
[2025-07-25 22:55:00,025][root][INFO] - epoch: 19
[2025-07-25 22:56:30,849][root][INFO] - finished train
[2025-07-25 22:56:30,849][root][INFO] - starting eval
[2025-07-25 22:56:43,657][root][INFO] - finished eval
[2025-07-25 22:56:43,710][root][INFO] - starting train
[2025-07-25 22:56:43,710][root][INFO] - epoch: 0
[2025-07-25 22:58:21,222][root][INFO] - epoch: 1
[2025-07-25 22:59:53,549][root][INFO] - epoch: 2
[2025-07-25 23:01:30,138][root][INFO] - epoch: 3
[2025-07-25 23:02:53,945][root][INFO] - epoch: 4
[2025-07-25 23:04:25,127][root][INFO] - epoch: 5
[2025-07-25 23:06:03,053][root][INFO] - epoch: 6
[2025-07-25 23:07:51,138][root][INFO] - epoch: 7
[2025-07-25 23:09:45,812][root][INFO] - epoch: 8
[2025-07-25 23:11:34,334][root][INFO] - epoch: 9
[2025-07-25 23:13:23,505][root][INFO] - epoch: 10
[2025-07-25 23:15:09,669][root][INFO] - epoch: 11
[2025-07-25 23:17:16,656][root][INFO] - epoch: 12
[2025-07-25 23:19:09,117][root][INFO] - epoch: 13
[2025-07-25 23:20:35,519][root][INFO] - epoch: 14
[2025-07-25 23:22:07,641][root][INFO] - epoch: 15
[2025-07-25 23:23:36,258][root][INFO] - epoch: 16
[2025-07-25 23:25:22,450][root][INFO] - epoch: 17
[2025-07-25 23:27:24,631][root][INFO] - epoch: 18
[2025-07-25 23:29:20,002][root][INFO] - epoch: 19
[2025-07-25 23:31:08,681][root][INFO] - finished train
[2025-07-25 23:31:08,681][root][INFO] - starting eval
[2025-07-25 23:31:25,875][root][INFO] - finished eval
[2025-07-25 23:31:26,024][root][INFO] - starting train
[2025-07-25 23:31:26,024][root][INFO] - epoch: 0
[2025-07-25 23:33:11,258][root][INFO] - epoch: 1
[2025-07-25 23:35:09,286][root][INFO] - epoch: 2
[2025-07-25 23:37:00,556][root][INFO] - epoch: 3
[2025-07-25 23:38:51,594][root][INFO] - epoch: 4
[2025-07-25 23:40:39,977][root][INFO] - epoch: 5
[2025-07-25 23:42:31,453][root][INFO] - epoch: 6
[2025-07-25 23:44:12,662][root][INFO] - epoch: 7
[2025-07-25 23:45:48,742][root][INFO] - epoch: 8
[2025-07-25 23:47:16,721][root][INFO] - epoch: 9
[2025-07-25 23:48:42,012][root][INFO] - epoch: 10
[2025-07-25 23:50:34,677][root][INFO] - epoch: 11
[2025-07-25 23:52:03,229][root][INFO] - epoch: 12
[2025-07-25 23:53:29,940][root][INFO] - epoch: 13
[2025-07-25 23:54:55,248][root][INFO] - epoch: 14
[2025-07-25 23:56:23,561][root][INFO] - epoch: 15
[2025-07-25 23:57:51,153][root][INFO] - epoch: 16
[2025-07-25 23:59:20,955][root][INFO] - epoch: 17
[2025-07-26 00:01:04,391][root][INFO] - epoch: 18
[2025-07-26 00:02:30,895][root][INFO] - epoch: 19
[2025-07-26 00:03:52,029][root][INFO] - finished train
[2025-07-26 00:03:52,029][root][INFO] - starting eval
[2025-07-26 00:04:04,341][root][INFO] - finished eval
[2025-07-26 00:04:04,419][root][INFO] - starting train
[2025-07-26 00:04:04,419][root][INFO] - epoch: 0
[2025-07-26 00:05:32,875][root][INFO] - epoch: 1
[2025-07-26 00:06:57,974][root][INFO] - epoch: 2
[2025-07-26 00:08:16,779][root][INFO] - epoch: 3
[2025-07-26 00:09:30,915][root][INFO] - epoch: 4
[2025-07-26 00:10:54,801][root][INFO] - epoch: 5
[2025-07-26 00:12:25,782][root][INFO] - epoch: 6
[2025-07-26 00:14:10,849][root][INFO] - epoch: 7
[2025-07-26 00:16:02,180][root][INFO] - epoch: 8
[2025-07-26 00:17:54,988][root][INFO] - epoch: 9
[2025-07-26 00:19:22,553][root][INFO] - epoch: 10
[2025-07-26 00:20:52,532][root][INFO] - epoch: 11
[2025-07-26 00:22:21,020][root][INFO] - epoch: 12
[2025-07-26 00:23:52,804][root][INFO] - epoch: 13
[2025-07-26 00:25:27,007][root][INFO] - epoch: 14
[2025-07-26 00:27:05,324][root][INFO] - epoch: 15
[2025-07-26 00:29:02,277][root][INFO] - epoch: 16
[2025-07-26 00:30:52,708][root][INFO] - epoch: 17
[2025-07-26 00:32:48,264][root][INFO] - epoch: 18
[2025-07-26 00:34:33,884][root][INFO] - epoch: 19
[2025-07-26 00:36:16,158][root][INFO] - finished train
[2025-07-26 00:36:16,159][root][INFO] - starting eval
[2025-07-26 00:36:34,020][root][INFO] - finished eval
[2025-07-26 00:36:34,083][root][INFO] - starting train
[2025-07-26 00:36:34,083][root][INFO] - epoch: 0
[2025-07-26 00:38:19,238][root][INFO] - epoch: 1
[2025-07-26 00:39:38,385][root][INFO] - epoch: 2
[2025-07-26 00:40:56,308][root][INFO] - epoch: 3
[2025-07-26 00:42:22,591][root][INFO] - epoch: 4
[2025-07-26 00:44:03,914][root][INFO] - epoch: 5
[2025-07-26 00:45:36,440][root][INFO] - epoch: 6
[2025-07-26 00:47:08,701][root][INFO] - epoch: 7
[2025-07-26 00:48:45,161][root][INFO] - epoch: 8
[2025-07-26 00:50:20,019][root][INFO] - epoch: 9
[2025-07-26 00:52:06,759][root][INFO] - epoch: 10
[2025-07-26 00:53:52,268][root][INFO] - epoch: 11
[2025-07-26 00:55:47,682][root][INFO] - epoch: 12
[2025-07-26 00:57:40,787][root][INFO] - epoch: 13
[2025-07-26 00:59:02,661][root][INFO] - epoch: 14
[2025-07-26 01:00:42,315][root][INFO] - epoch: 15
[2025-07-26 01:02:03,984][root][INFO] - epoch: 16
[2025-07-26 01:03:19,889][root][INFO] - epoch: 17
[2025-07-26 01:04:54,477][root][INFO] - epoch: 18
[2025-07-26 01:06:28,819][root][INFO] - epoch: 19
[2025-07-26 01:07:46,927][root][INFO] - finished train
[2025-07-26 01:07:46,927][root][INFO] - starting eval
[2025-07-26 01:07:58,226][root][INFO] - finished eval
[2025-07-26 01:07:58,229][root][INFO] - Finished
[2025-07-26 01:07:58,229][root][INFO] -  lr: 0.001584728541254928
[2025-07-26 01:07:58,229][root][INFO] -  weight_decay: 8.717318634050494e-05
