[2025-09-03 07:25:40,359][root][INFO] - ORIGINAL CWD : /home/sota/research/sotaohnuma/coffee
[2025-09-03 07:25:40,359][root][INFO] - RUN CWD      : /home/sota/research/sotaohnuma/coffee/outputs/bean_224/swin_b/base/2025-09-03_07-25-40
[2025-09-03 07:25:40,359][root][INFO] - batch: 47, 
 {'batch_size': 47, '_target_': 'models.swin_b.swin_b'}
[2025-09-03 07:25:40,359][root][INFO] - Start loading train data
[2025-09-03 07:25:40,469][root][INFO] - Start loading val data
[2025-09-03 07:25:40,481][root][INFO] - Start loading test data
[2025-09-03 07:25:40,495][root][INFO] - Finished DataLoader setup
[2025-09-03 07:25:40,495][root][INFO] - Starting Optimize
[2025-09-03 07:25:42,779][root][INFO] - starting train
[2025-09-03 07:25:42,779][root][INFO] - epoch: 0
[2025-09-03 07:45:28,152][root][INFO] - epoch: 1
[2025-09-03 08:05:25,272][root][INFO] - epoch: 2
[2025-09-03 08:25:20,967][root][INFO] - epoch: 3
[2025-09-03 08:45:17,925][root][INFO] - epoch: 4
[2025-09-03 09:05:12,604][root][INFO] - epoch: 5
[2025-09-03 09:25:10,057][root][INFO] - epoch: 6
[2025-09-03 09:45:02,221][root][INFO] - epoch: 7
[2025-09-03 10:04:54,688][root][INFO] - epoch: 8
[2025-09-03 10:24:50,583][root][INFO] - epoch: 9
[2025-09-03 10:44:44,901][root][INFO] - epoch: 10
[2025-09-03 11:04:42,285][root][INFO] - epoch: 11
[2025-09-03 11:24:36,012][root][INFO] - epoch: 12
[2025-09-03 11:44:30,558][root][INFO] - epoch: 13
[2025-09-03 12:04:26,783][root][INFO] - epoch: 14
[2025-09-03 12:24:19,831][root][INFO] - epoch: 15
[2025-09-03 12:44:14,495][root][INFO] - epoch: 16
[2025-09-03 13:04:08,510][root][INFO] - epoch: 17
[2025-09-03 13:24:06,007][root][INFO] - epoch: 18
[2025-09-03 13:43:59,627][root][INFO] - epoch: 19
[2025-09-03 14:03:53,998][root][INFO] - finished train
[2025-09-03 14:03:53,999][root][INFO] - starting eval
[2025-09-03 14:04:49,988][root][INFO] - finished eval
[2025-09-03 14:04:51,696][root][INFO] - starting train
[2025-09-03 14:04:51,696][root][INFO] - epoch: 0
[2025-09-03 14:24:50,002][root][INFO] - epoch: 1
[2025-09-03 14:44:46,612][root][INFO] - epoch: 2
[2025-09-03 15:04:40,189][root][INFO] - epoch: 3
[2025-09-03 15:24:37,030][root][INFO] - epoch: 4
[2025-09-03 15:44:36,594][root][INFO] - epoch: 5
[2025-09-03 16:04:33,096][root][INFO] - epoch: 6
[2025-09-03 16:24:25,536][root][INFO] - epoch: 7
[2025-09-03 16:44:17,505][root][INFO] - epoch: 8
[2025-09-03 17:04:11,889][root][INFO] - epoch: 9
[2025-09-03 17:24:04,044][root][INFO] - epoch: 10
[2025-09-03 17:43:55,199][root][INFO] - epoch: 11
[2025-09-03 18:03:44,908][root][INFO] - epoch: 12
[2025-09-03 18:23:39,792][root][INFO] - epoch: 13
[2025-09-03 18:43:31,651][root][INFO] - epoch: 14
[2025-09-03 19:03:23,596][root][INFO] - epoch: 15
[2025-09-03 19:23:16,804][root][INFO] - epoch: 16
[2025-09-03 19:43:08,772][root][INFO] - epoch: 17
[2025-09-03 20:02:58,736][root][INFO] - epoch: 18
[2025-09-03 20:22:52,665][root][INFO] - epoch: 19
[2025-09-03 20:42:42,825][root][INFO] - finished train
[2025-09-03 20:42:42,826][root][INFO] - starting eval
[2025-09-03 20:43:38,754][root][INFO] - finished eval
[2025-09-03 20:43:40,450][root][INFO] - starting train
[2025-09-03 20:43:40,451][root][INFO] - epoch: 0
[2025-09-03 21:03:35,956][root][INFO] - epoch: 1
[2025-09-03 21:23:31,823][root][INFO] - epoch: 2
[2025-09-03 21:43:22,918][root][INFO] - epoch: 3
[2025-09-03 22:03:07,361][root][INFO] - epoch: 4
[2025-09-03 22:22:46,783][root][INFO] - epoch: 5
[2025-09-03 22:42:24,705][root][INFO] - epoch: 6
[2025-09-03 23:01:59,781][root][INFO] - epoch: 7
[2025-09-03 23:21:38,423][root][INFO] - epoch: 8
[2025-09-03 23:41:17,058][root][INFO] - epoch: 9
[2025-09-04 00:00:54,868][root][INFO] - epoch: 10
[2025-09-04 00:20:32,394][root][INFO] - epoch: 11
[2025-09-04 00:40:10,453][root][INFO] - epoch: 12
[2025-09-04 00:59:50,351][root][INFO] - epoch: 13
[2025-09-04 01:19:28,382][root][INFO] - epoch: 14
[2025-09-04 01:39:06,102][root][INFO] - epoch: 15
[2025-09-04 01:58:45,038][root][INFO] - epoch: 16
[2025-09-04 02:18:22,424][root][INFO] - epoch: 17
[2025-09-04 02:38:03,376][root][INFO] - epoch: 18
[2025-09-04 02:57:41,073][root][INFO] - epoch: 19
[2025-09-04 03:17:21,092][root][INFO] - finished train
[2025-09-04 03:17:21,093][root][INFO] - starting eval
[2025-09-04 03:18:16,255][root][INFO] - finished eval
[2025-09-04 03:18:17,873][root][INFO] - starting train
[2025-09-04 03:18:17,874][root][INFO] - epoch: 0
[2025-09-04 03:37:55,371][root][INFO] - epoch: 1
[2025-09-04 03:57:32,256][root][INFO] - epoch: 2
[2025-09-04 04:17:11,103][root][INFO] - epoch: 3
[2025-09-04 04:36:48,569][root][INFO] - epoch: 4
[2025-09-04 04:56:27,015][root][INFO] - epoch: 5
[2025-09-04 05:16:06,676][root][INFO] - epoch: 6
[2025-09-04 05:35:43,752][root][INFO] - epoch: 7
[2025-09-04 05:55:22,649][root][INFO] - epoch: 8
[2025-09-04 06:14:58,021][root][INFO] - epoch: 9
[2025-09-04 06:34:34,856][root][INFO] - epoch: 10
[2025-09-04 06:54:11,552][root][INFO] - epoch: 11
[2025-09-04 07:13:52,734][root][INFO] - epoch: 12
[2025-09-04 07:33:29,642][root][INFO] - epoch: 13
[2025-09-04 07:53:03,600][root][INFO] - epoch: 14
[2025-09-04 08:12:39,069][root][INFO] - epoch: 15
[2025-09-04 08:32:14,914][root][INFO] - epoch: 16
[2025-09-04 08:51:52,234][root][INFO] - epoch: 17
[2025-09-04 09:11:28,341][root][INFO] - epoch: 18
[2025-09-04 09:31:03,179][root][INFO] - epoch: 19
[2025-09-04 09:50:43,307][root][INFO] - finished train
[2025-09-04 09:50:43,307][root][INFO] - starting eval
[2025-09-04 09:51:38,592][root][INFO] - finished eval
[2025-09-04 09:51:40,224][root][INFO] - starting train
[2025-09-04 09:51:40,224][root][INFO] - epoch: 0
[2025-09-04 10:11:16,795][root][INFO] - epoch: 1
[2025-09-04 10:30:54,551][root][INFO] - epoch: 2
[2025-09-04 10:50:34,030][root][INFO] - epoch: 3
[2025-09-04 11:10:11,520][root][INFO] - epoch: 4
[2025-09-04 11:29:50,235][root][INFO] - epoch: 5
[2025-09-04 11:49:27,838][root][INFO] - epoch: 6
[2025-09-04 12:09:03,962][root][INFO] - epoch: 7
[2025-09-04 12:28:41,938][root][INFO] - epoch: 8
[2025-09-04 12:48:18,285][root][INFO] - epoch: 9
[2025-09-04 13:08:00,192][root][INFO] - epoch: 10
[2025-09-04 13:27:35,944][root][INFO] - epoch: 11
[2025-09-04 13:47:11,038][root][INFO] - epoch: 12
[2025-09-04 14:06:46,617][root][INFO] - epoch: 13
[2025-09-04 14:26:26,267][root][INFO] - epoch: 14
[2025-09-04 14:46:03,272][root][INFO] - epoch: 15
[2025-09-04 15:05:40,194][root][INFO] - epoch: 16
[2025-09-04 15:25:17,927][root][INFO] - epoch: 17
[2025-09-04 15:44:56,955][root][INFO] - epoch: 18
[2025-09-04 16:04:33,149][root][INFO] - epoch: 19
[2025-09-04 16:24:11,772][root][INFO] - finished train
[2025-09-04 16:24:11,773][root][INFO] - starting eval
[2025-09-04 16:25:07,041][root][INFO] - finished eval
[2025-09-04 16:25:08,615][root][INFO] - starting train
[2025-09-04 16:25:08,615][root][INFO] - epoch: 0
[2025-09-04 16:44:45,794][root][INFO] - epoch: 1
[2025-09-04 17:04:22,075][root][INFO] - epoch: 2
[2025-09-04 17:23:58,816][root][INFO] - epoch: 3
[2025-09-04 17:43:38,021][root][INFO] - epoch: 4
[2025-09-04 18:03:15,084][root][INFO] - epoch: 5
[2025-09-04 18:22:51,203][root][INFO] - epoch: 6
[2025-09-04 18:42:26,040][root][INFO] - epoch: 7
[2025-09-04 19:02:04,726][root][INFO] - epoch: 8
[2025-09-04 19:21:43,487][root][INFO] - epoch: 9
[2025-09-04 19:41:22,047][root][INFO] - epoch: 10
[2025-09-04 20:01:00,712][root][INFO] - epoch: 11
[2025-09-04 20:20:39,501][root][INFO] - epoch: 12
[2025-09-04 20:40:16,131][root][INFO] - epoch: 13
[2025-09-04 20:59:56,209][root][INFO] - epoch: 14
[2025-09-04 21:19:33,503][root][INFO] - epoch: 15
[2025-09-04 21:39:10,160][root][INFO] - epoch: 16
[2025-09-04 21:58:47,023][root][INFO] - epoch: 17
[2025-09-04 22:18:24,717][root][INFO] - epoch: 18
[2025-09-04 22:38:05,224][root][INFO] - epoch: 19
[2025-09-04 22:57:43,535][root][INFO] - finished train
[2025-09-04 22:57:43,535][root][INFO] - starting eval
[2025-09-04 22:58:38,848][root][INFO] - finished eval
[2025-09-04 22:58:40,422][root][INFO] - starting train
[2025-09-04 22:58:40,422][root][INFO] - epoch: 0
[2025-09-04 23:18:18,880][root][INFO] - epoch: 1
[2025-09-04 23:37:58,577][root][INFO] - epoch: 2
[2025-09-04 23:57:37,045][root][INFO] - epoch: 3
[2025-09-05 00:17:16,826][root][INFO] - epoch: 4
