[2025-09-24 11:17:43,985][root][INFO] - ORIGINAL CWD : /home/sota/research/sotaohnuma/coffee
[2025-09-24 11:17:43,985][root][INFO] - RUN CWD      : /home/sota/research/sotaohnuma/coffee/outputs/bean_224/cnn224/base/2025-09-24_11-17-43
[2025-09-24 11:17:43,986][root][INFO] - batch: 128, 
 {'_target_': 'models.cnn_224.CNN224', 'batch_size': 128, 'lr': 0.00066, 'weight_decay': 0.00093}
[2025-09-24 11:17:43,986][root][INFO] - lr: 0.00066, 
 {'_target_': 'models.cnn_224.CNN224', 'lr': 0.00066, 'weight_decay': 0.00093}
[2025-09-24 11:17:43,986][root][INFO] - weight_decay: 0.00093, 
 {'_target_': 'models.cnn_224.CNN224', 'weight_decay': 0.00093}
[2025-09-24 11:17:44,620][root][INFO] - Start loading train data
[2025-09-24 11:17:44,828][root][INFO] - Start loading val data
[2025-09-24 11:17:44,854][root][INFO] - Start loading test data
[2025-09-24 11:17:44,873][root][INFO] - Finished DataLoader setup
[2025-09-24 11:17:44,874][root][INFO] - Start: 0
[2025-09-24 11:18:57,865][root][INFO] - [01/100] train 66.069%/0.6132 | val 72.611%/0.5473
[2025-09-24 11:18:57,999][root][INFO] - Start: 1
[2025-09-24 11:20:17,049][root][INFO] - [02/100] train 73.613%/0.5236 | val 80.042%/0.4172
[2025-09-24 11:20:17,739][root][INFO] - Start: 2
[2025-09-24 11:21:32,659][root][INFO] - [03/100] train 79.333%/0.4313 | val 79.875%/0.4144
[2025-09-24 11:21:32,660][root][INFO] - Start: 3
[2025-09-24 11:22:46,318][root][INFO] - [04/100] train 85.052%/0.3369 | val 87.319%/0.3023
[2025-09-24 11:22:46,899][root][INFO] - Start: 4
[2025-09-24 11:24:01,504][root][INFO] - [05/100] train 88.424%/0.2730 | val 90.167%/0.2640
[2025-09-24 11:24:02,134][root][INFO] - Start: 5
[2025-09-24 11:25:17,211][root][INFO] - [06/100] train 90.811%/0.2220 | val 90.528%/0.2379
[2025-09-24 11:25:17,843][root][INFO] - Start: 6
[2025-09-24 11:26:32,155][root][INFO] - [07/100] train 92.453%/0.1853 | val 90.375%/0.2599
[2025-09-24 11:26:32,155][root][INFO] - Start: 7
[2025-09-24 11:27:46,510][root][INFO] - [08/100] train 93.814%/0.1534 | val 92.250%/0.2143
[2025-09-24 11:27:47,128][root][INFO] - Start: 8
[2025-09-24 11:29:01,166][root][INFO] - [09/100] train 95.530%/0.1168 | val 92.292%/0.2219
[2025-09-24 11:29:01,820][root][INFO] - Start: 9
[2025-09-24 11:30:19,824][root][INFO] - [10/100] train 96.561%/0.0911 | val 91.264%/0.2816
[2025-09-24 11:30:19,825][root][INFO] - Start: 10
[2025-09-24 11:31:33,651][root][INFO] - [11/100] train 97.349%/0.0706 | val 92.889%/0.2433
[2025-09-24 11:31:34,179][root][INFO] - Start: 11
[2025-09-24 11:32:47,171][root][INFO] - [12/100] train 98.182%/0.0477 | val 91.417%/0.2745
[2025-09-24 11:32:47,171][root][INFO] - Start: 12
[2025-09-24 11:34:00,166][root][INFO] - [13/100] train 98.545%/0.0402 | val 92.514%/0.3274
[2025-09-24 11:34:00,167][root][INFO] - Start: 13
[2025-09-24 11:35:12,370][root][INFO] - [14/100] train 98.689%/0.0368 | val 93.278%/0.2770
[2025-09-24 11:35:13,030][root][INFO] - Start: 14
[2025-09-24 11:36:26,650][root][INFO] - [15/100] train 99.274%/0.0217 | val 92.847%/0.3146
[2025-09-24 11:36:26,650][root][INFO] - Start: 15
[2025-09-24 11:37:40,328][root][INFO] - [16/100] train 98.986%/0.0288 | val 92.111%/0.3283
[2025-09-24 11:37:40,331][root][INFO] - Start: 16
[2025-09-24 11:38:54,063][root][INFO] - [17/100] train 99.441%/0.0169 | val 91.319%/0.4348
[2025-09-24 11:38:54,063][root][INFO] - Start: 17
[2025-09-24 11:40:08,487][root][INFO] - [18/100] train 99.345%/0.0188 | val 92.764%/0.3914
[2025-09-24 11:40:08,487][root][INFO] - Start: 18
[2025-09-24 11:41:22,628][root][INFO] - [19/100] train 99.125%/0.0245 | val 92.722%/0.3730
[2025-09-24 11:41:22,628][root][INFO] - Start: 19
[2025-09-24 11:42:36,095][root][INFO] - [20/100] train 99.644%/0.0109 | val 93.542%/0.3892
[2025-09-24 11:42:36,688][root][INFO] - Start: 20
[2025-09-24 11:43:49,505][root][INFO] - [21/100] train 99.462%/0.0158 | val 92.764%/0.3341
[2025-09-24 11:43:49,505][root][INFO] - Start: 21
[2025-09-24 11:45:04,216][root][INFO] - [22/100] train 99.465%/0.0159 | val 92.736%/0.4395
[2025-09-24 11:45:04,216][root][INFO] - Start: 22
[2025-09-24 11:46:22,719][root][INFO] - [23/100] train 99.401%/0.0171 | val 90.139%/0.6577
[2025-09-24 11:46:22,720][root][INFO] - Start: 23
[2025-09-24 11:47:32,748][root][INFO] - [24/100] train 99.691%/0.0099 | val 93.264%/0.3577
[2025-09-24 11:47:32,748][root][INFO] - Start: 24
[2025-09-24 11:48:46,846][root][INFO] - [25/100] train 99.646%/0.0104 | val 93.333%/0.3870
[2025-09-24 11:48:46,846][root][INFO] - Start: 25
[2025-09-24 11:50:04,431][root][INFO] - [26/100] train 99.559%/0.0129 | val 91.681%/0.4965
[2025-09-24 11:50:04,432][root][INFO] - Start: 26
[2025-09-24 11:51:19,881][root][INFO] - [27/100] train 99.595%/0.0113 | val 92.681%/0.4068
[2025-09-24 11:51:19,882][root][INFO] - Start: 27
[2025-09-24 11:52:38,446][root][INFO] - [28/100] train 99.918%/0.0031 | val 93.528%/0.4442
[2025-09-24 11:52:38,447][root][INFO] - Start: 28
[2025-09-24 11:53:53,111][root][INFO] - [29/100] train 99.389%/0.0185 | val 92.653%/0.4229
[2025-09-24 11:53:53,111][root][INFO] - Start: 29
[2025-09-24 11:55:09,077][root][INFO] - [30/100] train 99.811%/0.0057 | val 91.917%/0.5507
[2025-09-24 11:55:09,077][root][INFO] - Start: 30
[2025-09-24 11:56:22,011][root][INFO] - [31/100] train 99.875%/0.0036 | val 93.472%/0.4523
[2025-09-24 11:56:22,011][root][INFO] - Start: 31
[2025-09-24 11:57:36,493][root][INFO] - [32/100] train 99.582%/0.0111 | val 93.306%/0.4319
[2025-09-24 11:57:36,493][root][INFO] - Start: 32
[2025-09-24 11:58:49,834][root][INFO] - [33/100] train 99.620%/0.0112 | val 93.083%/0.4446
[2025-09-24 11:58:49,834][root][INFO] - Start: 33
[2025-09-24 12:00:07,984][root][INFO] - [34/100] train 99.979%/0.0009 | val 93.806%/0.4161
[2025-09-24 12:00:08,598][root][INFO] - Start: 34
[2025-09-24 12:01:20,923][root][INFO] - [35/100] train 100.000%/0.0001 | val 93.903%/0.4272
[2025-09-24 12:01:21,573][root][INFO] - Start: 35
[2025-09-24 12:02:36,254][root][INFO] - [36/100] train 100.000%/0.0000 | val 93.903%/0.4492
[2025-09-24 12:02:36,255][root][INFO] - Start: 36
[2025-09-24 12:03:52,212][root][INFO] - [37/100] train 100.000%/0.0000 | val 93.944%/0.4542
[2025-09-24 12:03:52,762][root][INFO] - Start: 37
[2025-09-24 12:05:06,875][root][INFO] - [38/100] train 100.000%/0.0000 | val 93.986%/0.4628
[2025-09-24 12:05:07,523][root][INFO] - Start: 38
[2025-09-24 12:06:24,339][root][INFO] - [39/100] train 100.000%/0.0000 | val 94.028%/0.4651
[2025-09-24 12:06:24,921][root][INFO] - Start: 39
[2025-09-24 12:07:40,211][root][INFO] - [40/100] train 100.000%/0.0000 | val 94.111%/0.4760
[2025-09-24 12:07:40,780][root][INFO] - Start: 40
[2025-09-24 12:08:54,028][root][INFO] - [41/100] train 100.000%/0.0000 | val 94.097%/0.4783
[2025-09-24 12:08:54,028][root][INFO] - Start: 41
[2025-09-24 12:10:09,954][root][INFO] - [42/100] train 100.000%/0.0000 | val 94.069%/0.4838
[2025-09-24 12:10:09,954][root][INFO] - Start: 42
[2025-09-24 12:11:22,819][root][INFO] - [43/100] train 100.000%/0.0000 | val 94.111%/0.4940
[2025-09-24 12:11:22,820][root][INFO] - Start: 43
[2025-09-24 12:12:38,319][root][INFO] - [44/100] train 100.000%/0.0000 | val 94.181%/0.4993
[2025-09-24 12:12:38,953][root][INFO] - Start: 44
[2025-09-24 12:13:54,324][root][INFO] - [45/100] train 100.000%/0.0000 | val 94.153%/0.5107
[2025-09-24 12:13:54,325][root][INFO] - Start: 45
[2025-09-24 12:15:08,049][root][INFO] - [46/100] train 100.000%/0.0000 | val 94.236%/0.5162
[2025-09-24 12:15:08,694][root][INFO] - Start: 46
[2025-09-24 12:16:22,984][root][INFO] - [47/100] train 100.000%/0.0000 | val 94.236%/0.5221
[2025-09-24 12:16:22,984][root][INFO] - Start: 47
[2025-09-24 12:17:36,672][root][INFO] - [48/100] train 100.000%/0.0000 | val 94.167%/0.5366
[2025-09-24 12:17:36,672][root][INFO] - Start: 48
[2025-09-24 12:18:48,166][root][INFO] - [49/100] train 100.000%/0.0000 | val 94.167%/0.5414
[2025-09-24 12:18:48,166][root][INFO] - Start: 49
[2025-09-24 12:19:55,565][root][INFO] - [50/100] train 100.000%/0.0000 | val 94.153%/0.5490
[2025-09-24 12:19:55,565][root][INFO] - Start: 50
[2025-09-24 12:21:03,983][root][INFO] - [51/100] train 100.000%/0.0000 | val 94.139%/0.5594
[2025-09-24 12:21:03,983][root][INFO] - Start: 51
[2025-09-24 12:22:13,590][root][INFO] - [52/100] train 100.000%/0.0000 | val 94.236%/0.5641
[2025-09-24 12:22:13,590][root][INFO] - Start: 52
[2025-09-24 12:23:22,850][root][INFO] - [53/100] train 100.000%/0.0000 | val 94.250%/0.5763
[2025-09-24 12:23:23,506][root][INFO] - Start: 53
[2025-09-24 12:24:35,179][root][INFO] - [54/100] train 100.000%/0.0000 | val 94.208%/0.5843
[2025-09-24 12:24:35,180][root][INFO] - Start: 54
[2025-09-24 12:25:49,433][root][INFO] - [55/100] train 100.000%/0.0000 | val 94.208%/0.5959
[2025-09-24 12:25:49,433][root][INFO] - Start: 55
[2025-09-24 12:26:59,740][root][INFO] - [56/100] train 100.000%/0.0000 | val 94.194%/0.6050
[2025-09-24 12:26:59,741][root][INFO] - Start: 56
[2025-09-24 12:28:08,871][root][INFO] - [57/100] train 100.000%/0.0000 | val 94.194%/0.6122
[2025-09-24 12:28:08,872][root][INFO] - Start: 57
[2025-09-24 12:29:20,164][root][INFO] - [58/100] train 100.000%/0.0000 | val 94.236%/0.6204
[2025-09-24 12:29:20,165][root][INFO] - Start: 58
[2025-09-24 12:30:29,807][root][INFO] - [59/100] train 100.000%/0.0000 | val 94.222%/0.6287
[2025-09-24 12:30:29,808][root][INFO] - Start: 59
[2025-09-24 12:31:41,853][root][INFO] - [60/100] train 100.000%/0.0000 | val 94.208%/0.6399
[2025-09-24 12:31:41,854][root][INFO] - Start: 60
[2025-09-24 12:32:50,535][root][INFO] - [61/100] train 100.000%/0.0000 | val 94.167%/0.6476
[2025-09-24 12:32:50,535][root][INFO] - Start: 61
[2025-09-24 12:34:01,842][root][INFO] - [62/100] train 100.000%/0.0000 | val 94.181%/0.6571
[2025-09-24 12:34:01,843][root][INFO] - Start: 62
[2025-09-24 12:35:10,570][root][INFO] - [63/100] train 100.000%/0.0000 | val 94.250%/0.6648
[2025-09-24 12:35:10,570][root][INFO] - Start: 63
[2025-09-24 12:36:20,689][root][INFO] - [64/100] train 100.000%/0.0000 | val 94.250%/0.6723
[2025-09-24 12:36:20,690][root][INFO] - Start: 64
[2025-09-24 12:37:29,531][root][INFO] - [65/100] train 100.000%/0.0000 | val 94.208%/0.6798
[2025-09-24 12:37:29,531][root][INFO] - Start: 65
[2025-09-24 12:38:38,605][root][INFO] - [66/100] train 100.000%/0.0000 | val 94.208%/0.6891
[2025-09-24 12:38:38,605][root][INFO] - Start: 66
[2025-09-24 12:39:47,726][root][INFO] - [67/100] train 100.000%/0.0000 | val 94.194%/0.6952
[2025-09-24 12:39:47,726][root][INFO] - Start: 67
[2025-09-24 12:40:56,420][root][INFO] - [68/100] train 100.000%/0.0000 | val 94.194%/0.7048
[2025-09-24 12:40:56,420][root][INFO] - Start: 68
[2025-09-24 12:42:04,414][root][INFO] - [69/100] train 100.000%/0.0000 | val 94.278%/0.7151
[2025-09-24 12:42:05,057][root][INFO] - Start: 69
[2025-09-24 12:43:16,016][root][INFO] - [70/100] train 100.000%/0.0000 | val 94.250%/0.7209
[2025-09-24 12:43:16,017][root][INFO] - Start: 70
[2025-09-24 12:44:26,339][root][INFO] - [71/100] train 100.000%/0.0000 | val 94.236%/0.7274
[2025-09-24 12:44:26,339][root][INFO] - Start: 71
[2025-09-24 12:45:34,541][root][INFO] - [72/100] train 100.000%/0.0000 | val 94.222%/0.7388
[2025-09-24 12:45:34,541][root][INFO] - Start: 72
[2025-09-24 12:46:45,407][root][INFO] - [73/100] train 100.000%/0.0000 | val 94.222%/0.7436
[2025-09-24 12:46:45,407][root][INFO] - Start: 73
[2025-09-24 12:47:56,062][root][INFO] - [74/100] train 100.000%/0.0000 | val 94.194%/0.7553
[2025-09-24 12:47:56,062][root][INFO] - Start: 74
[2025-09-24 12:49:05,581][root][INFO] - [75/100] train 100.000%/0.0000 | val 94.208%/0.7593
[2025-09-24 12:49:05,581][root][INFO] - Start: 75
[2025-09-24 12:50:11,518][root][INFO] - [76/100] train 100.000%/0.0000 | val 94.208%/0.7671
[2025-09-24 12:50:11,518][root][INFO] - Start: 76
[2025-09-24 12:51:20,553][root][INFO] - [77/100] train 100.000%/0.0000 | val 94.153%/0.7770
[2025-09-24 12:51:20,554][root][INFO] - Start: 77
[2025-09-24 12:52:22,559][root][INFO] - [78/100] train 100.000%/0.0000 | val 94.181%/0.7820
[2025-09-24 12:52:22,559][root][INFO] - Start: 78
[2025-09-24 12:53:24,003][root][INFO] - [79/100] train 100.000%/0.0000 | val 94.194%/0.7881
[2025-09-24 12:53:24,004][root][INFO] - Start: 79
[2025-09-24 12:54:27,047][root][INFO] - [80/100] train 100.000%/0.0000 | val 94.208%/0.7955
[2025-09-24 12:54:27,048][root][INFO] - Start: 80
[2025-09-24 12:55:30,774][root][INFO] - [81/100] train 100.000%/0.0000 | val 94.208%/0.8012
[2025-09-24 12:55:30,774][root][INFO] - Start: 81
[2025-09-24 12:56:34,158][root][INFO] - [82/100] train 100.000%/0.0000 | val 94.208%/0.8082
[2025-09-24 12:56:34,158][root][INFO] - Start: 82
[2025-09-24 12:57:37,078][root][INFO] - [83/100] train 100.000%/0.0000 | val 94.194%/0.8137
[2025-09-24 12:57:37,079][root][INFO] - Start: 83
[2025-09-24 12:58:41,812][root][INFO] - [84/100] train 100.000%/0.0000 | val 94.194%/0.8195
[2025-09-24 12:58:41,812][root][INFO] - Start: 84
[2025-09-24 12:59:48,545][root][INFO] - [85/100] train 100.000%/0.0000 | val 94.194%/0.8257
[2025-09-24 12:59:48,545][root][INFO] - Start: 85
[2025-09-24 13:00:55,720][root][INFO] - [86/100] train 100.000%/0.0000 | val 94.222%/0.8282
[2025-09-24 13:00:55,720][root][INFO] - Start: 86
[2025-09-24 13:02:01,923][root][INFO] - [87/100] train 100.000%/0.0000 | val 94.194%/0.8330
[2025-09-24 13:02:01,923][root][INFO] - Start: 87
[2025-09-24 13:03:08,083][root][INFO] - [88/100] train 100.000%/0.0000 | val 94.181%/0.8424
[2025-09-24 13:03:08,083][root][INFO] - Start: 88
[2025-09-24 13:04:12,898][root][INFO] - [89/100] train 100.000%/0.0000 | val 94.181%/0.8453
[2025-09-24 13:04:12,899][root][INFO] - Start: 89
[2025-09-24 13:05:18,789][root][INFO] - [90/100] train 100.000%/0.0000 | val 94.194%/0.8484
[2025-09-24 13:05:18,790][root][INFO] - Start: 90
[2025-09-24 13:06:24,770][root][INFO] - [91/100] train 100.000%/0.0000 | val 94.167%/0.8508
[2025-09-24 13:06:24,771][root][INFO] - Start: 91
[2025-09-24 13:07:28,478][root][INFO] - [92/100] train 100.000%/0.0000 | val 94.139%/0.8553
[2025-09-24 13:07:28,479][root][INFO] - Start: 92
[2025-09-24 13:08:31,786][root][INFO] - [93/100] train 100.000%/0.0000 | val 94.153%/0.8574
[2025-09-24 13:08:31,786][root][INFO] - Start: 93
[2025-09-24 13:09:38,600][root][INFO] - [94/100] train 100.000%/0.0000 | val 94.208%/0.8598
[2025-09-24 13:09:38,600][root][INFO] - Start: 94
[2025-09-24 13:10:44,841][root][INFO] - [95/100] train 100.000%/0.0000 | val 94.139%/0.8624
[2025-09-24 13:10:44,842][root][INFO] - Start: 95
[2025-09-24 13:11:49,977][root][INFO] - [96/100] train 100.000%/0.0000 | val 94.181%/0.8619
[2025-09-24 13:11:49,978][root][INFO] - Start: 96
[2025-09-24 13:12:52,496][root][INFO] - [97/100] train 100.000%/0.0000 | val 94.153%/0.8631
[2025-09-24 13:12:52,496][root][INFO] - Start: 97
[2025-09-24 13:13:55,018][root][INFO] - [98/100] train 100.000%/0.0000 | val 94.153%/0.8636
[2025-09-24 13:13:55,018][root][INFO] - Start: 98
[2025-09-24 13:14:59,061][root][INFO] - [99/100] train 100.000%/0.0000 | val 94.153%/0.8638
[2025-09-24 13:14:59,061][root][INFO] - Start: 99
[2025-09-24 13:16:04,205][root][INFO] - [100/100] train 100.000%/0.0000 | val 94.153%/0.8637
[2025-09-24 13:16:11,691][root][INFO] - 
[Test Evaluation]
[2025-09-24 13:16:11,692][root][INFO] -  Accuracy : 0.926
[2025-09-24 13:16:11,692][root][INFO] -  Precision: 0.911
[2025-09-24 13:16:11,692][root][INFO] -  Recall   : 0.944
[2025-09-24 13:16:11,692][root][INFO] -  F1       : 0.927
[2025-09-24 13:16:11,692][root][INFO] -  Auc      : 0.974
