[2025-09-25 23:36:33,311][root][INFO] - ORIGINAL CWD : /home/sota/research/sotaohnuma/coffee
[2025-09-25 23:36:33,311][root][INFO] - RUN CWD      : /home/sota/research/sotaohnuma/coffee/outputs/bean_224/cnn_student050/base/2025-09-25_23-36-33
[2025-09-25 23:36:33,311][root][INFO] - batch: 128, 
 {'_target_': 'models.cnn_student050.cnn_student050', 'batch_size': 128, 'lr': 0.0034, 'weight_decay': 0.0024}
[2025-09-25 23:36:33,312][root][INFO] - lr: 0.0034, 
 {'_target_': 'models.cnn_student050.cnn_student050', 'lr': 0.0034, 'weight_decay': 0.0024}
[2025-09-25 23:36:33,312][root][INFO] - weight_decay: 0.0024, 
 {'_target_': 'models.cnn_student050.cnn_student050', 'weight_decay': 0.0024}
[2025-09-25 23:36:33,740][root][INFO] - Start loading train data
[2025-09-25 23:36:33,852][root][INFO] - Start loading val data
[2025-09-25 23:36:33,865][root][INFO] - Start loading test data
[2025-09-25 23:36:33,878][root][INFO] - Finished DataLoader setup
[2025-09-25 23:36:33,879][root][INFO] - Start: 0
[2025-09-25 23:37:17,034][root][INFO] - [01/100] train 56.608%/0.6755 | val 64.514%/0.6263
[2025-09-25 23:37:17,044][root][INFO] - Start: 1
[2025-09-25 23:37:55,704][root][INFO] - [02/100] train 62.774%/0.6357 | val 59.611%/0.6838
[2025-09-25 23:37:55,705][root][INFO] - Start: 2
[2025-09-25 23:38:34,823][root][INFO] - [03/100] train 66.561%/0.6044 | val 64.681%/0.6486
[2025-09-25 23:38:34,827][root][INFO] - Start: 3
[2025-09-25 23:39:14,285][root][INFO] - [04/100] train 69.575%/0.5768 | val 62.542%/0.7471
[2025-09-25 23:39:14,286][root][INFO] - Start: 4
[2025-09-25 23:39:52,852][root][INFO] - [05/100] train 71.561%/0.5538 | val 50.083%/1.0624
[2025-09-25 23:39:52,852][root][INFO] - Start: 5
[2025-09-25 23:40:34,594][root][INFO] - [06/100] train 72.637%/0.5398 | val 51.097%/2.0708
[2025-09-25 23:40:34,594][root][INFO] - Start: 6
[2025-09-25 23:41:14,753][root][INFO] - [07/100] train 72.766%/0.5380 | val 65.944%/0.5724
[2025-09-25 23:41:14,760][root][INFO] - Start: 7
[2025-09-25 23:41:56,716][root][INFO] - [08/100] train 73.556%/0.5305 | val 59.181%/0.7639
[2025-09-25 23:41:56,717][root][INFO] - Start: 8
[2025-09-25 23:42:36,379][root][INFO] - [09/100] train 74.207%/0.5223 | val 59.181%/0.8888
[2025-09-25 23:42:36,379][root][INFO] - Start: 9
[2025-09-25 23:43:16,335][root][INFO] - [10/100] train 74.438%/0.5171 | val 61.472%/0.7382
[2025-09-25 23:43:16,335][root][INFO] - Start: 10
[2025-09-25 23:43:57,408][root][INFO] - [11/100] train 75.457%/0.5045 | val 50.042%/2.4929
[2025-09-25 23:43:57,408][root][INFO] - Start: 11
[2025-09-25 23:44:40,791][root][INFO] - [12/100] train 76.040%/0.4968 | val 80.389%/0.4214
[2025-09-25 23:44:40,794][root][INFO] - Start: 12
[2025-09-25 23:45:21,261][root][INFO] - [13/100] train 77.457%/0.4764 | val 79.347%/0.4246
[2025-09-25 23:45:21,261][root][INFO] - Start: 13
[2025-09-25 23:46:01,280][root][INFO] - [14/100] train 78.556%/0.4619 | val 50.139%/3.2918
[2025-09-25 23:46:01,280][root][INFO] - Start: 14
[2025-09-25 23:46:43,586][root][INFO] - [15/100] train 79.240%/0.4495 | val 59.250%/0.8008
[2025-09-25 23:46:43,586][root][INFO] - Start: 15
[2025-09-25 23:47:27,132][root][INFO] - [16/100] train 79.382%/0.4467 | val 75.653%/0.4841
[2025-09-25 23:47:27,132][root][INFO] - Start: 16
[2025-09-25 23:48:09,163][root][INFO] - [17/100] train 80.512%/0.4291 | val 52.681%/1.6544
[2025-09-25 23:48:09,164][root][INFO] - Start: 17
[2025-09-25 23:48:51,627][root][INFO] - [18/100] train 80.731%/0.4273 | val 78.153%/0.4251
[2025-09-25 23:48:51,628][root][INFO] - Start: 18
[2025-09-25 23:49:35,116][root][INFO] - [19/100] train 81.497%/0.4148 | val 57.569%/1.0309
[2025-09-25 23:49:35,117][root][INFO] - Start: 19
[2025-09-25 23:50:14,103][root][INFO] - [20/100] train 81.745%/0.4125 | val 53.097%/2.6708
[2025-09-25 23:50:14,103][root][INFO] - Start: 20
[2025-09-25 23:50:54,319][root][INFO] - [21/100] train 82.304%/0.4018 | val 54.042%/1.7769
[2025-09-25 23:50:54,320][root][INFO] - Start: 21
[2025-09-25 23:51:36,944][root][INFO] - [22/100] train 82.599%/0.3941 | val 50.056%/7.3915
[2025-09-25 23:51:36,944][root][INFO] - Start: 22
[2025-09-25 23:52:16,765][root][INFO] - [23/100] train 83.470%/0.3799 | val 51.708%/2.6289
[2025-09-25 23:52:16,766][root][INFO] - Start: 23
[2025-09-25 23:52:59,050][root][INFO] - [24/100] train 83.543%/0.3741 | val 83.875%/0.3618
[2025-09-25 23:52:59,053][root][INFO] - Start: 24
[2025-09-25 23:53:38,791][root][INFO] - [25/100] train 83.767%/0.3726 | val 54.028%/1.7028
[2025-09-25 23:53:38,792][root][INFO] - Start: 25
[2025-09-25 23:54:20,044][root][INFO] - [26/100] train 84.292%/0.3634 | val 87.639%/0.3195
[2025-09-25 23:54:20,048][root][INFO] - Start: 26
[2025-09-25 23:55:00,102][root][INFO] - [27/100] train 84.530%/0.3608 | val 81.181%/0.3652
[2025-09-25 23:55:00,102][root][INFO] - Start: 27
[2025-09-25 23:55:39,757][root][INFO] - [28/100] train 84.934%/0.3511 | val 58.569%/1.4084
[2025-09-25 23:55:39,757][root][INFO] - Start: 28
[2025-09-25 23:56:22,621][root][INFO] - [29/100] train 85.182%/0.3474 | val 83.139%/0.3409
[2025-09-25 23:56:22,621][root][INFO] - Start: 29
[2025-09-25 23:57:02,757][root][INFO] - [30/100] train 85.550%/0.3395 | val 87.375%/0.2946
[2025-09-25 23:57:02,758][root][INFO] - Start: 30
[2025-09-25 23:57:42,968][root][INFO] - [31/100] train 85.438%/0.3427 | val 69.986%/0.5859
[2025-09-25 23:57:42,969][root][INFO] - Start: 31
[2025-09-25 23:58:23,309][root][INFO] - [32/100] train 85.391%/0.3403 | val 88.667%/0.2745
[2025-09-25 23:58:23,313][root][INFO] - Start: 32
[2025-09-25 23:59:05,112][root][INFO] - [33/100] train 85.915%/0.3322 | val 81.208%/0.3728
[2025-09-25 23:59:05,112][root][INFO] - Start: 33
[2025-09-25 23:59:47,791][root][INFO] - [34/100] train 86.122%/0.3277 | val 84.472%/0.3256
[2025-09-25 23:59:47,791][root][INFO] - Start: 34
[2025-09-26 00:00:27,496][root][INFO] - [35/100] train 86.319%/0.3237 | val 60.069%/1.3055
[2025-09-26 00:00:27,496][root][INFO] - Start: 35
[2025-09-26 00:01:06,949][root][INFO] - [36/100] train 86.451%/0.3254 | val 79.708%/0.4121
[2025-09-26 00:01:06,949][root][INFO] - Start: 36
[2025-09-26 00:01:48,320][root][INFO] - [37/100] train 86.391%/0.3230 | val 50.014%/9.4071
[2025-09-26 00:01:48,321][root][INFO] - Start: 37
[2025-09-26 00:02:30,538][root][INFO] - [38/100] train 86.738%/0.3142 | val 84.806%/0.3134
[2025-09-26 00:02:30,538][root][INFO] - Start: 38
[2025-09-26 00:03:10,331][root][INFO] - [39/100] train 86.882%/0.3158 | val 76.514%/0.4558
[2025-09-26 00:03:10,332][root][INFO] - Start: 39
[2025-09-26 00:03:53,694][root][INFO] - [40/100] train 86.903%/0.3104 | val 56.417%/1.8135
[2025-09-26 00:03:53,694][root][INFO] - Start: 40
[2025-09-26 00:04:35,698][root][INFO] - [41/100] train 87.193%/0.3083 | val 78.375%/0.4669
[2025-09-26 00:04:35,698][root][INFO] - Start: 41
[2025-09-26 00:05:19,239][root][INFO] - [42/100] train 87.250%/0.3064 | val 60.458%/1.0812
[2025-09-26 00:05:19,240][root][INFO] - Start: 42
[2025-09-26 00:06:01,595][root][INFO] - [43/100] train 87.542%/0.3001 | val 90.056%/0.2667
[2025-09-26 00:06:01,602][root][INFO] - Start: 43
[2025-09-26 00:06:40,631][root][INFO] - [44/100] train 87.523%/0.3007 | val 50.222%/6.4023
[2025-09-26 00:06:40,631][root][INFO] - Start: 44
[2025-09-26 00:07:21,795][root][INFO] - [45/100] train 87.453%/0.3027 | val 89.486%/0.2913
[2025-09-26 00:07:21,796][root][INFO] - Start: 45
[2025-09-26 00:08:02,332][root][INFO] - [46/100] train 87.536%/0.3004 | val 86.750%/0.3056
[2025-09-26 00:08:02,332][root][INFO] - Start: 46
[2025-09-26 00:08:43,191][root][INFO] - [47/100] train 87.873%/0.2945 | val 91.389%/0.2356
[2025-09-26 00:08:43,194][root][INFO] - Start: 47
[2025-09-26 00:09:23,221][root][INFO] - [48/100] train 87.852%/0.2944 | val 53.069%/2.6612
[2025-09-26 00:09:23,221][root][INFO] - Start: 48
[2025-09-26 00:10:04,667][root][INFO] - [49/100] train 88.090%/0.2922 | val 86.931%/0.3174
[2025-09-26 00:10:04,667][root][INFO] - Start: 49
[2025-09-26 00:10:48,685][root][INFO] - [50/100] train 87.950%/0.2885 | val 80.250%/0.4190
[2025-09-26 00:10:48,685][root][INFO] - Start: 50
[2025-09-26 00:11:31,613][root][INFO] - [51/100] train 88.260%/0.2850 | val 90.444%/0.2501
[2025-09-26 00:11:31,614][root][INFO] - Start: 51
[2025-09-26 00:12:13,982][root][INFO] - [52/100] train 88.335%/0.2835 | val 91.014%/0.2450
[2025-09-26 00:12:13,982][root][INFO] - Start: 52
[2025-09-26 00:12:54,430][root][INFO] - [53/100] train 88.594%/0.2793 | val 52.917%/3.5781
[2025-09-26 00:12:54,430][root][INFO] - Start: 53
[2025-09-26 00:13:34,747][root][INFO] - [54/100] train 88.526%/0.2809 | val 88.403%/0.2667
[2025-09-26 00:13:34,748][root][INFO] - Start: 54
[2025-09-26 00:14:14,937][root][INFO] - [55/100] train 88.453%/0.2801 | val 90.486%/0.2354
[2025-09-26 00:14:14,937][root][INFO] - Start: 55
[2025-09-26 00:14:54,955][root][INFO] - [56/100] train 88.592%/0.2776 | val 86.528%/0.2981
[2025-09-26 00:14:54,955][root][INFO] - Start: 56
[2025-09-26 00:15:37,034][root][INFO] - [57/100] train 88.736%/0.2743 | val 50.153%/5.0449
[2025-09-26 00:15:37,034][root][INFO] - Start: 57
[2025-09-26 00:16:17,658][root][INFO] - [58/100] train 88.788%/0.2746 | val 68.722%/0.7453
[2025-09-26 00:16:17,658][root][INFO] - Start: 58
[2025-09-26 00:16:57,384][root][INFO] - [59/100] train 88.694%/0.2761 | val 89.903%/0.2329
[2025-09-26 00:16:57,385][root][INFO] - Start: 59
[2025-09-26 00:17:37,518][root][INFO] - [60/100] train 88.766%/0.2725 | val 90.542%/0.2523
[2025-09-26 00:17:37,518][root][INFO] - Start: 60
[2025-09-26 00:18:17,938][root][INFO] - [61/100] train 88.830%/0.2717 | val 89.653%/0.2475
[2025-09-26 00:18:17,939][root][INFO] - Start: 61
[2025-09-26 00:18:58,048][root][INFO] - [62/100] train 88.977%/0.2683 | val 50.694%/4.3334
[2025-09-26 00:18:58,048][root][INFO] - Start: 62
[2025-09-26 00:19:38,424][root][INFO] - [63/100] train 88.998%/0.2657 | val 90.819%/0.2368
[2025-09-26 00:19:38,424][root][INFO] - Start: 63
[2025-09-26 00:20:18,851][root][INFO] - [64/100] train 88.993%/0.2667 | val 69.458%/0.8156
[2025-09-26 00:20:18,851][root][INFO] - Start: 64
[2025-09-26 00:20:59,409][root][INFO] - [65/100] train 88.924%/0.2694 | val 50.000%/14.1406
[2025-09-26 00:20:59,410][root][INFO] - Start: 65
[2025-09-26 00:21:39,853][root][INFO] - [66/100] train 89.106%/0.2677 | val 88.569%/0.2744
[2025-09-26 00:21:39,854][root][INFO] - Start: 66
[2025-09-26 00:22:20,538][root][INFO] - [67/100] train 89.321%/0.2613 | val 91.806%/0.2424
[2025-09-26 00:22:20,542][root][INFO] - Start: 67
[2025-09-26 00:23:00,511][root][INFO] - [68/100] train 89.247%/0.2603 | val 89.778%/0.2459
[2025-09-26 00:23:00,511][root][INFO] - Start: 68
[2025-09-26 00:23:42,276][root][INFO] - [69/100] train 89.288%/0.2599 | val 90.556%/0.2346
[2025-09-26 00:23:42,276][root][INFO] - Start: 69
[2025-09-26 00:24:24,596][root][INFO] - [70/100] train 89.417%/0.2590 | val 75.764%/0.6234
[2025-09-26 00:24:24,597][root][INFO] - Start: 70
[2025-09-26 00:25:08,272][root][INFO] - [71/100] train 89.413%/0.2615 | val 90.597%/0.2309
[2025-09-26 00:25:08,273][root][INFO] - Start: 71
[2025-09-26 00:25:49,612][root][INFO] - [72/100] train 89.483%/0.2589 | val 91.125%/0.2285
[2025-09-26 00:25:49,613][root][INFO] - Start: 72
[2025-09-26 00:26:34,176][root][INFO] - [73/100] train 89.531%/0.2578 | val 91.528%/0.2216
[2025-09-26 00:26:34,176][root][INFO] - Start: 73
[2025-09-26 00:27:15,201][root][INFO] - [74/100] train 89.625%/0.2561 | val 91.208%/0.2388
[2025-09-26 00:27:15,201][root][INFO] - Start: 74
[2025-09-26 00:27:56,645][root][INFO] - [75/100] train 89.559%/0.2551 | val 54.931%/2.8761
[2025-09-26 00:27:56,645][root][INFO] - Start: 75
[2025-09-26 00:28:36,665][root][INFO] - [76/100] train 89.688%/0.2536 | val 91.806%/0.2344
[2025-09-26 00:28:36,665][root][INFO] - Start: 76
[2025-09-26 00:29:18,118][root][INFO] - [77/100] train 89.818%/0.2514 | val 56.847%/2.2899
[2025-09-26 00:29:18,119][root][INFO] - Start: 77
[2025-09-26 00:29:58,970][root][INFO] - [78/100] train 89.811%/0.2511 | val 86.875%/0.2934
[2025-09-26 00:29:58,971][root][INFO] - Start: 78
[2025-09-26 00:30:39,585][root][INFO] - [79/100] train 89.844%/0.2490 | val 92.056%/0.2153
[2025-09-26 00:30:39,590][root][INFO] - Start: 79
[2025-09-26 00:31:20,285][root][INFO] - [80/100] train 89.908%/0.2501 | val 91.806%/0.2177
[2025-09-26 00:31:20,285][root][INFO] - Start: 80
[2025-09-26 00:32:02,980][root][INFO] - [81/100] train 89.785%/0.2503 | val 91.514%/0.2176
[2025-09-26 00:32:02,981][root][INFO] - Start: 81
[2025-09-26 00:32:43,806][root][INFO] - [82/100] train 89.755%/0.2494 | val 91.486%/0.2140
[2025-09-26 00:32:43,806][root][INFO] - Start: 82
[2025-09-26 00:33:25,161][root][INFO] - [83/100] train 89.903%/0.2478 | val 91.569%/0.2169
[2025-09-26 00:33:25,161][root][INFO] - Start: 83
[2025-09-26 00:34:06,039][root][INFO] - [84/100] train 90.043%/0.2456 | val 91.125%/0.2212
[2025-09-26 00:34:06,040][root][INFO] - Start: 84
[2025-09-26 00:34:47,872][root][INFO] - [85/100] train 89.950%/0.2462 | val 91.931%/0.2164
[2025-09-26 00:34:47,873][root][INFO] - Start: 85
[2025-09-26 00:35:29,061][root][INFO] - [86/100] train 90.054%/0.2452 | val 92.014%/0.2178
[2025-09-26 00:35:29,062][root][INFO] - Start: 86
[2025-09-26 00:36:12,200][root][INFO] - [87/100] train 90.135%/0.2449 | val 91.931%/0.2188
[2025-09-26 00:36:12,200][root][INFO] - Start: 87
[2025-09-26 00:36:53,967][root][INFO] - [88/100] train 89.837%/0.2475 | val 91.986%/0.2125
[2025-09-26 00:36:53,968][root][INFO] - Start: 88
[2025-09-26 00:37:35,839][root][INFO] - [89/100] train 90.174%/0.2441 | val 92.153%/0.2120
[2025-09-26 00:37:35,843][root][INFO] - Start: 89
[2025-09-26 00:38:17,498][root][INFO] - [90/100] train 90.095%/0.2428 | val 92.181%/0.2125
[2025-09-26 00:38:17,501][root][INFO] - Start: 90
[2025-09-26 00:38:59,174][root][INFO] - [91/100] train 90.113%/0.2438 | val 92.153%/0.2172
[2025-09-26 00:38:59,175][root][INFO] - Start: 91
[2025-09-26 00:39:39,725][root][INFO] - [92/100] train 90.321%/0.2424 | val 92.208%/0.2153
[2025-09-26 00:39:39,732][root][INFO] - Start: 92
[2025-09-26 00:40:19,560][root][INFO] - [93/100] train 90.215%/0.2405 | val 92.028%/0.2130
[2025-09-26 00:40:19,561][root][INFO] - Start: 93
[2025-09-26 00:41:00,577][root][INFO] - [94/100] train 90.036%/0.2430 | val 92.028%/0.2138
[2025-09-26 00:41:00,578][root][INFO] - Start: 94
[2025-09-26 00:41:40,114][root][INFO] - [95/100] train 90.095%/0.2428 | val 92.083%/0.2151
[2025-09-26 00:41:40,115][root][INFO] - Start: 95
[2025-09-26 00:42:19,110][root][INFO] - [96/100] train 90.132%/0.2424 | val 92.056%/0.2131
[2025-09-26 00:42:19,110][root][INFO] - Start: 96
[2025-09-26 00:42:57,814][root][INFO] - [97/100] train 90.099%/0.2434 | val 92.028%/0.2138
[2025-09-26 00:42:57,814][root][INFO] - Start: 97
[2025-09-26 00:43:35,958][root][INFO] - [98/100] train 90.250%/0.2413 | val 92.097%/0.2137
[2025-09-26 00:43:35,959][root][INFO] - Start: 98
[2025-09-26 00:44:14,060][root][INFO] - [99/100] train 90.319%/0.2412 | val 91.972%/0.2135
[2025-09-26 00:44:14,060][root][INFO] - Start: 99
[2025-09-26 00:44:52,593][root][INFO] - [100/100] train 90.186%/0.2405 | val 91.986%/0.2131
[2025-09-26 00:44:57,901][root][INFO] - 
[Test Evaluation]
[2025-09-26 00:44:57,902][root][INFO] -  Accuracy : 0.926
[2025-09-26 00:44:57,902][root][INFO] -  Precision: 0.936
[2025-09-26 00:44:57,902][root][INFO] -  Recall   : 0.914
[2025-09-26 00:44:57,902][root][INFO] -  F1       : 0.925
[2025-09-26 00:44:57,902][root][INFO] -  Auc      : 0.981
