[2025-09-26 23:26:37,143][root][INFO] - ORIGINAL CWD : /home/sota/research/sotaohnuma/coffee
[2025-09-26 23:26:37,144][root][INFO] - RUN CWD      : /home/sota/research/sotaohnuma/coffee/outputs/kd/resnet/2025-09-26_23-26-37
[2025-09-26 23:26:38,181][root][INFO] - Start epoch 1
[2025-09-26 23:28:46,663][root][INFO] - [01/150] train 65.215%/1.5151 | val 50.000%/2.6589
[2025-09-26 23:28:46,667][root][INFO] - Start epoch 2
[2025-09-26 23:30:55,647][root][INFO] - [02/150] train 74.385%/1.2911 | val 80.069%/1.1410
[2025-09-26 23:30:55,650][root][INFO] - Start epoch 3
[2025-09-26 23:33:05,055][root][INFO] - [03/150] train 77.576%/1.1855 | val 50.722%/4.6327
[2025-09-26 23:33:05,056][root][INFO] - Start epoch 4
[2025-09-26 23:35:14,727][root][INFO] - [04/150] train 79.521%/1.1110 | val 50.000%/10.0378
[2025-09-26 23:35:14,727][root][INFO] - Start epoch 5
[2025-09-26 23:37:24,332][root][INFO] - [05/150] train 80.795%/1.0590 | val 50.000%/19.2109
[2025-09-26 23:37:24,332][root][INFO] - Start epoch 6
[2025-09-26 23:39:33,953][root][INFO] - [06/150] train 81.863%/1.0099 | val 60.486%/2.1697
[2025-09-26 23:39:33,953][root][INFO] - Start epoch 7
[2025-09-26 23:41:43,651][root][INFO] - [07/150] train 82.443%/0.9780 | val 67.069%/1.4996
[2025-09-26 23:41:43,651][root][INFO] - Start epoch 8
[2025-09-26 23:43:53,210][root][INFO] - [08/150] train 83.271%/0.9406 | val 50.000%/11.1755
[2025-09-26 23:43:53,210][root][INFO] - Start epoch 9
[2025-09-26 23:46:02,774][root][INFO] - [09/150] train 83.915%/0.9231 | val 84.167%/0.8172
[2025-09-26 23:46:02,777][root][INFO] - Start epoch 10
[2025-09-26 23:48:12,303][root][INFO] - [10/150] train 84.036%/0.9095 | val 85.389%/0.7928
[2025-09-26 23:48:12,306][root][INFO] - Start epoch 11
[2025-09-26 23:50:22,011][root][INFO] - [11/150] train 84.375%/0.8943 | val 55.417%/3.9793
[2025-09-26 23:50:22,012][root][INFO] - Start epoch 12
[2025-09-26 23:52:31,524][root][INFO] - [12/150] train 84.931%/0.8667 | val 50.000%/14.2479
[2025-09-26 23:52:31,525][root][INFO] - Start epoch 13
[2025-09-26 23:54:41,246][root][INFO] - [13/150] train 84.887%/0.8641 | val 81.708%/0.9587
[2025-09-26 23:54:41,246][root][INFO] - Start epoch 14
[2025-09-26 23:56:50,962][root][INFO] - [14/150] train 85.307%/0.8422 | val 50.000%/22.5732
[2025-09-26 23:56:50,962][root][INFO] - Start epoch 15
[2025-09-26 23:59:00,634][root][INFO] - [15/150] train 85.457%/0.8424 | val 72.625%/1.3841
[2025-09-26 23:59:00,634][root][INFO] - Start epoch 16
[2025-09-27 00:01:10,345][root][INFO] - [16/150] train 85.212%/0.8409 | val 51.847%/4.8768
[2025-09-27 00:01:10,345][root][INFO] - Start epoch 17
[2025-09-27 00:03:19,658][root][INFO] - [17/150] train 85.549%/0.8262 | val 50.000%/13.2398
[2025-09-27 00:03:19,659][root][INFO] - Start epoch 18
[2025-09-27 00:05:29,238][root][INFO] - [18/150] train 85.977%/0.8124 | val 50.000%/17.4189
[2025-09-27 00:05:29,238][root][INFO] - Start epoch 19
[2025-09-27 00:07:38,789][root][INFO] - [19/150] train 86.311%/0.7977 | val 50.000%/30.1405
[2025-09-27 00:07:38,789][root][INFO] - Start epoch 20
[2025-09-27 00:09:48,536][root][INFO] - [20/150] train 86.033%/0.8020 | val 50.236%/8.3217
[2025-09-27 00:09:48,536][root][INFO] - Start epoch 21
[2025-09-27 00:11:58,347][root][INFO] - [21/150] train 86.212%/0.7934 | val 50.000%/52.6000
[2025-09-27 00:11:58,348][root][INFO] - Start epoch 22
[2025-09-27 00:14:08,126][root][INFO] - [22/150] train 86.241%/0.7963 | val 50.028%/15.3777
[2025-09-27 00:14:08,126][root][INFO] - Start epoch 23
[2025-09-27 00:16:17,989][root][INFO] - [23/150] train 86.682%/0.7782 | val 54.431%/5.1318
[2025-09-27 00:16:17,990][root][INFO] - Start epoch 24
[2025-09-27 00:18:27,687][root][INFO] - [24/150] train 86.797%/0.7692 | val 50.000%/19.6649
[2025-09-27 00:18:27,687][root][INFO] - Start epoch 25
[2025-09-27 00:20:37,330][root][INFO] - [25/150] train 86.564%/0.7782 | val 50.000%/32.9553
[2025-09-27 00:20:37,331][root][INFO] - Start epoch 26
[2025-09-27 00:22:47,103][root][INFO] - [26/150] train 87.005%/0.7547 | val 50.444%/11.8131
[2025-09-27 00:22:47,103][root][INFO] - Start epoch 27
[2025-09-27 00:24:56,860][root][INFO] - [27/150] train 87.042%/0.7635 | val 50.000%/23.0631
[2025-09-27 00:24:56,861][root][INFO] - Start epoch 28
[2025-09-27 00:27:06,709][root][INFO] - [28/150] train 87.184%/0.7493 | val 50.000%/41.6374
[2025-09-27 00:27:06,710][root][INFO] - Start epoch 29
[2025-09-27 00:29:16,351][root][INFO] - [29/150] train 87.292%/0.7447 | val 51.861%/6.6711
[2025-09-27 00:29:16,351][root][INFO] - Start epoch 30
[2025-09-27 00:31:26,054][root][INFO] - [30/150] train 87.311%/0.7408 | val 50.000%/23.1687
[2025-09-27 00:31:26,055][root][INFO] - Start epoch 31
[2025-09-27 00:33:35,747][root][INFO] - [31/150] train 87.411%/0.7379 | val 50.000%/16.0953
[2025-09-27 00:33:35,748][root][INFO] - Start epoch 32
[2025-09-27 00:35:45,464][root][INFO] - [32/150] train 87.941%/0.7126 | val 75.764%/1.2893
[2025-09-27 00:35:45,464][root][INFO] - Start epoch 33
[2025-09-27 00:37:55,288][root][INFO] - [33/150] train 87.953%/0.7112 | val 50.000%/26.6177
[2025-09-27 00:37:55,288][root][INFO] - Start epoch 34
[2025-09-27 00:40:04,893][root][INFO] - [34/150] train 87.988%/0.7116 | val 80.764%/0.9328
[2025-09-27 00:40:04,893][root][INFO] - Start epoch 35
[2025-09-27 00:42:14,614][root][INFO] - [35/150] train 88.087%/0.7074 | val 86.042%/0.6776
[2025-09-27 00:42:14,617][root][INFO] - Start epoch 36
[2025-09-27 00:44:24,269][root][INFO] - [36/150] train 88.132%/0.7002 | val 51.139%/8.7527
[2025-09-27 00:44:24,269][root][INFO] - Start epoch 37
[2025-09-27 00:46:33,943][root][INFO] - [37/150] train 88.250%/0.7013 | val 71.597%/1.4006
[2025-09-27 00:46:33,944][root][INFO] - Start epoch 38
[2025-09-27 00:48:43,552][root][INFO] - [38/150] train 88.528%/0.6831 | val 50.583%/9.3272
[2025-09-27 00:48:43,552][root][INFO] - Start epoch 39
[2025-09-27 00:50:53,271][root][INFO] - [39/150] train 88.358%/0.6826 | val 50.000%/30.4499
[2025-09-27 00:50:53,271][root][INFO] - Start epoch 40
[2025-09-27 00:53:03,055][root][INFO] - [40/150] train 88.576%/0.6805 | val 50.000%/28.2168
[2025-09-27 00:53:03,056][root][INFO] - Start epoch 41
[2025-09-27 00:55:12,713][root][INFO] - [41/150] train 88.717%/0.6753 | val 50.000%/37.0738
[2025-09-27 00:55:12,714][root][INFO] - Start epoch 42
[2025-09-27 00:57:22,498][root][INFO] - [42/150] train 88.852%/0.6679 | val 50.000%/18.0030
[2025-09-27 00:57:22,498][root][INFO] - Start epoch 43
[2025-09-27 00:59:32,621][root][INFO] - [43/150] train 88.766%/0.6777 | val 50.000%/73.7125
[2025-09-27 00:59:32,621][root][INFO] - Start epoch 44
[2025-09-27 01:01:42,084][root][INFO] - [44/150] train 88.981%/0.6584 | val 50.153%/10.5118
[2025-09-27 01:01:42,084][root][INFO] - Start epoch 45
[2025-09-27 01:03:51,512][root][INFO] - [45/150] train 88.948%/0.6679 | val 89.806%/0.5654
[2025-09-27 01:03:51,515][root][INFO] - Start epoch 46
[2025-09-27 01:06:00,795][root][INFO] - [46/150] train 89.128%/0.6577 | val 50.000%/25.0747
[2025-09-27 01:06:00,795][root][INFO] - Start epoch 47
[2025-09-27 01:08:10,508][root][INFO] - [47/150] train 89.295%/0.6459 | val 50.000%/54.4078
[2025-09-27 01:08:10,509][root][INFO] - Start epoch 48
[2025-09-27 01:10:20,388][root][INFO] - [48/150] train 89.358%/0.6470 | val 50.000%/40.4119
[2025-09-27 01:10:20,388][root][INFO] - Start epoch 49
[2025-09-27 01:12:30,216][root][INFO] - [49/150] train 89.365%/0.6390 | val 50.000%/32.2248
[2025-09-27 01:12:30,217][root][INFO] - Start epoch 50
[2025-09-27 01:14:40,011][root][INFO] - [50/150] train 89.477%/0.6388 | val 50.000%/34.0786
[2025-09-27 01:14:40,011][root][INFO] - Start epoch 51
[2025-09-27 01:16:49,562][root][INFO] - [51/150] train 89.380%/0.6350 | val 50.000%/55.7795
[2025-09-27 01:16:49,562][root][INFO] - Start epoch 52
[2025-09-27 01:18:59,037][root][INFO] - [52/150] train 89.703%/0.6258 | val 82.014%/0.9397
[2025-09-27 01:18:59,038][root][INFO] - Start epoch 53
[2025-09-27 01:21:08,591][root][INFO] - [53/150] train 89.472%/0.6321 | val 58.111%/3.4299
[2025-09-27 01:21:08,591][root][INFO] - Start epoch 54
[2025-09-27 01:23:18,255][root][INFO] - [54/150] train 89.712%/0.6195 | val 50.181%/11.5752
[2025-09-27 01:23:18,256][root][INFO] - Start epoch 55
[2025-09-27 01:25:27,878][root][INFO] - [55/150] train 89.609%/0.6210 | val 68.597%/2.3432
[2025-09-27 01:25:27,878][root][INFO] - Start epoch 56
[2025-09-27 01:27:37,611][root][INFO] - [56/150] train 89.710%/0.6263 | val 50.000%/39.1786
[2025-09-27 01:27:37,611][root][INFO] - Start epoch 57
[2025-09-27 01:29:47,169][root][INFO] - [57/150] train 89.790%/0.6228 | val 50.000%/18.0249
[2025-09-27 01:29:47,169][root][INFO] - Start epoch 58
[2025-09-27 01:31:57,073][root][INFO] - [58/150] train 90.003%/0.6127 | val 50.000%/26.0455
[2025-09-27 01:31:57,073][root][INFO] - Start epoch 59
[2025-09-27 01:34:06,765][root][INFO] - [59/150] train 90.210%/0.6043 | val 50.000%/108.8768
[2025-09-27 01:34:06,765][root][INFO] - Start epoch 60
[2025-09-27 01:36:16,465][root][INFO] - [60/150] train 90.163%/0.6062 | val 84.833%/0.7802
[2025-09-27 01:36:16,465][root][INFO] - Start epoch 61
[2025-09-27 01:38:26,328][root][INFO] - [61/150] train 90.304%/0.5955 | val 50.097%/14.1352
[2025-09-27 01:38:26,328][root][INFO] - Start epoch 62
[2025-09-27 01:40:36,004][root][INFO] - [62/150] train 90.108%/0.6065 | val 50.000%/69.1272
[2025-09-27 01:40:36,004][root][INFO] - Start epoch 63
[2025-09-27 01:42:45,671][root][INFO] - [63/150] train 89.990%/0.6079 | val 56.611%/6.9032
[2025-09-27 01:42:45,671][root][INFO] - Start epoch 64
[2025-09-27 01:44:55,294][root][INFO] - [64/150] train 90.382%/0.5930 | val 90.917%/0.5168
[2025-09-27 01:44:55,298][root][INFO] - Start epoch 65
[2025-09-27 01:47:04,933][root][INFO] - [65/150] train 90.311%/0.5933 | val 50.000%/62.0677
[2025-09-27 01:47:04,934][root][INFO] - Start epoch 66
[2025-09-27 01:49:14,529][root][INFO] - [66/150] train 90.406%/0.5860 | val 50.000%/15.6023
[2025-09-27 01:49:14,529][root][INFO] - Start epoch 67
[2025-09-27 01:51:24,285][root][INFO] - [67/150] train 90.526%/0.5849 | val 50.000%/101.6885
[2025-09-27 01:51:24,285][root][INFO] - Start epoch 68
[2025-09-27 01:53:34,068][root][INFO] - [68/150] train 90.319%/0.5883 | val 50.014%/14.9530
[2025-09-27 01:53:34,069][root][INFO] - Start epoch 69
[2025-09-27 01:55:43,762][root][INFO] - [69/150] train 90.453%/0.5815 | val 79.972%/0.9586
[2025-09-27 01:55:43,762][root][INFO] - Start epoch 70
[2025-09-27 01:57:53,297][root][INFO] - [70/150] train 90.210%/0.5957 | val 62.361%/2.5961
[2025-09-27 01:57:53,297][root][INFO] - Start epoch 71
[2025-09-27 02:00:02,678][root][INFO] - [71/150] train 90.408%/0.5895 | val 50.000%/50.2484
[2025-09-27 02:00:02,678][root][INFO] - Start epoch 72
[2025-09-27 02:02:12,163][root][INFO] - [72/150] train 90.344%/0.5921 | val 50.000%/48.8378
[2025-09-27 02:02:12,163][root][INFO] - Start epoch 73
[2025-09-27 02:04:21,681][root][INFO] - [73/150] train 90.604%/0.5772 | val 50.000%/60.7739
[2025-09-27 02:04:21,682][root][INFO] - Start epoch 74
[2025-09-27 02:06:31,446][root][INFO] - [74/150] train 90.826%/0.5690 | val 50.000%/17.4624
[2025-09-27 02:06:31,446][root][INFO] - Start epoch 75
[2025-09-27 02:08:41,226][root][INFO] - [75/150] train 90.760%/0.5699 | val 50.000%/32.2064
[2025-09-27 02:08:41,226][root][INFO] - Start epoch 76
[2025-09-27 02:10:50,887][root][INFO] - [76/150] train 90.710%/0.5661 | val 61.222%/3.3945
[2025-09-27 02:10:50,888][root][INFO] - Start epoch 77
[2025-09-27 02:13:00,535][root][INFO] - [77/150] train 90.785%/0.5666 | val 50.000%/49.7366
[2025-09-27 02:13:00,536][root][INFO] - Start epoch 78
[2025-09-27 02:15:10,334][root][INFO] - [78/150] train 90.908%/0.5599 | val 50.000%/38.4798
[2025-09-27 02:15:10,334][root][INFO] - Start epoch 79
[2025-09-27 02:17:19,906][root][INFO] - [79/150] train 90.757%/0.5664 | val 87.111%/0.6613
[2025-09-27 02:17:19,906][root][INFO] - Start epoch 80
[2025-09-27 02:19:29,546][root][INFO] - [80/150] train 90.925%/0.5623 | val 50.000%/33.5188
[2025-09-27 02:19:29,546][root][INFO] - Start epoch 81
[2025-09-27 02:21:39,142][root][INFO] - [81/150] train 90.894%/0.5606 | val 50.000%/81.7296
[2025-09-27 02:21:39,142][root][INFO] - Start epoch 82
[2025-09-27 02:23:48,979][root][INFO] - [82/150] train 91.033%/0.5548 | val 50.000%/65.1185
[2025-09-27 02:23:48,979][root][INFO] - Start epoch 83
[2025-09-27 02:25:58,636][root][INFO] - [83/150] train 90.866%/0.5565 | val 50.000%/100.6944
[2025-09-27 02:25:58,636][root][INFO] - Start epoch 84
[2025-09-27 02:28:08,351][root][INFO] - [84/150] train 90.983%/0.5576 | val 50.000%/102.8933
[2025-09-27 02:28:08,351][root][INFO] - Start epoch 85
[2025-09-27 02:30:18,209][root][INFO] - [85/150] train 91.267%/0.5453 | val 71.861%/1.7612
[2025-09-27 02:30:18,209][root][INFO] - Start epoch 86
[2025-09-27 02:32:27,901][root][INFO] - [86/150] train 91.175%/0.5480 | val 50.000%/31.6829
[2025-09-27 02:32:27,901][root][INFO] - Start epoch 87
[2025-09-27 02:34:37,515][root][INFO] - [87/150] train 91.160%/0.5536 | val 51.403%/8.3320
[2025-09-27 02:34:37,515][root][INFO] - Start epoch 88
[2025-09-27 02:36:47,294][root][INFO] - [88/150] train 91.314%/0.5432 | val 50.528%/9.3993
[2025-09-27 02:36:47,295][root][INFO] - Start epoch 89
[2025-09-27 02:38:56,988][root][INFO] - [89/150] train 91.312%/0.5414 | val 51.556%/9.0620
[2025-09-27 02:38:56,989][root][INFO] - Start epoch 90
[2025-09-27 02:41:06,838][root][INFO] - [90/150] train 91.325%/0.5413 | val 50.000%/63.8501
[2025-09-27 02:41:06,838][root][INFO] - Start epoch 91
[2025-09-27 02:43:16,557][root][INFO] - [91/150] train 91.293%/0.5373 | val 50.028%/16.8058
[2025-09-27 02:43:16,558][root][INFO] - Start epoch 92
[2025-09-27 02:45:26,172][root][INFO] - [92/150] train 91.474%/0.5341 | val 50.000%/39.6401
[2025-09-27 02:45:26,172][root][INFO] - Start epoch 93
[2025-09-27 02:47:35,663][root][INFO] - [93/150] train 91.247%/0.5392 | val 50.000%/115.9288
[2025-09-27 02:47:35,663][root][INFO] - Start epoch 94
[2025-09-27 02:49:45,206][root][INFO] - [94/150] train 91.269%/0.5383 | val 50.000%/39.7164
[2025-09-27 02:49:45,207][root][INFO] - Start epoch 95
[2025-09-27 02:51:55,096][root][INFO] - [95/150] train 91.340%/0.5343 | val 53.250%/6.8026
[2025-09-27 02:51:55,096][root][INFO] - Start epoch 96
[2025-09-27 02:54:05,001][root][INFO] - [96/150] train 91.372%/0.5359 | val 63.903%/2.9189
[2025-09-27 02:54:05,001][root][INFO] - Start epoch 97
[2025-09-27 02:56:14,768][root][INFO] - [97/150] train 91.693%/0.5246 | val 52.153%/8.9204
[2025-09-27 02:56:14,768][root][INFO] - Start epoch 98
[2025-09-27 02:58:24,596][root][INFO] - [98/150] train 91.457%/0.5305 | val 59.444%/3.9568
[2025-09-27 02:58:24,597][root][INFO] - Start epoch 99
[2025-09-27 03:00:34,123][root][INFO] - [99/150] train 91.540%/0.5252 | val 50.000%/46.7048
[2025-09-27 03:00:34,123][root][INFO] - Start epoch 100
[2025-09-27 03:02:43,617][root][INFO] - [100/150] train 91.573%/0.5277 | val 91.042%/0.4914
[2025-09-27 03:02:43,620][root][INFO] - Start epoch 101
[2025-09-27 03:04:53,190][root][INFO] - [101/150] train 91.609%/0.5198 | val 89.236%/0.6068
[2025-09-27 03:04:53,190][root][INFO] - Start epoch 102
[2025-09-27 03:07:02,927][root][INFO] - [102/150] train 91.538%/0.5292 | val 50.000%/63.8042
[2025-09-27 03:07:02,928][root][INFO] - Start epoch 103
[2025-09-27 03:09:12,711][root][INFO] - [103/150] train 91.694%/0.5170 | val 76.833%/1.1887
[2025-09-27 03:09:12,711][root][INFO] - Start epoch 104
[2025-09-27 03:11:22,338][root][INFO] - [104/150] train 91.748%/0.5156 | val 50.000%/98.7577
[2025-09-27 03:11:22,338][root][INFO] - Start epoch 105
[2025-09-27 03:13:32,152][root][INFO] - [105/150] train 91.785%/0.5123 | val 64.236%/2.9235
[2025-09-27 03:13:32,153][root][INFO] - Start epoch 106
[2025-09-27 03:15:41,838][root][INFO] - [106/150] train 91.799%/0.5156 | val 50.000%/26.8645
[2025-09-27 03:15:41,838][root][INFO] - Start epoch 107
[2025-09-27 03:17:51,729][root][INFO] - [107/150] train 91.738%/0.5148 | val 50.000%/32.9695
[2025-09-27 03:17:51,729][root][INFO] - Start epoch 108
[2025-09-27 03:20:01,602][root][INFO] - [108/150] train 91.764%/0.5140 | val 51.431%/9.1001
[2025-09-27 03:20:01,603][root][INFO] - Start epoch 109
[2025-09-27 03:22:11,322][root][INFO] - [109/150] train 91.717%/0.5113 | val 86.167%/0.7318
[2025-09-27 03:22:11,322][root][INFO] - Start epoch 110
[2025-09-27 03:24:21,180][root][INFO] - [110/150] train 91.720%/0.5233 | val 50.000%/115.1913
[2025-09-27 03:24:21,180][root][INFO] - Start epoch 111
[2025-09-27 03:26:30,957][root][INFO] - [111/150] train 91.785%/0.5132 | val 50.000%/22.9804
[2025-09-27 03:26:30,957][root][INFO] - Start epoch 112
[2025-09-27 03:28:40,588][root][INFO] - [112/150] train 91.719%/0.5098 | val 50.000%/53.9829
[2025-09-27 03:28:40,588][root][INFO] - Start epoch 113
[2025-09-27 03:30:50,212][root][INFO] - [113/150] train 91.951%/0.5030 | val 50.125%/17.1930
[2025-09-27 03:30:50,212][root][INFO] - Start epoch 114
[2025-09-27 03:32:59,983][root][INFO] - [114/150] train 91.790%/0.5094 | val 60.722%/4.2066
[2025-09-27 03:32:59,984][root][INFO] - Start epoch 115
[2025-09-27 03:35:09,806][root][INFO] - [115/150] train 91.804%/0.5121 | val 50.000%/27.7466
[2025-09-27 03:35:09,806][root][INFO] - Start epoch 116
[2025-09-27 03:37:19,543][root][INFO] - [116/150] train 92.026%/0.5051 | val 78.125%/1.2885
[2025-09-27 03:37:19,544][root][INFO] - Start epoch 117
[2025-09-27 03:39:29,297][root][INFO] - [117/150] train 92.047%/0.4972 | val 50.014%/17.2046
[2025-09-27 03:39:29,297][root][INFO] - Start epoch 118
[2025-09-27 03:41:38,979][root][INFO] - [118/150] train 92.007%/0.4998 | val 50.000%/80.1278
[2025-09-27 03:41:38,979][root][INFO] - Start epoch 119
[2025-09-27 03:43:48,742][root][INFO] - [119/150] train 91.986%/0.5027 | val 55.889%/5.4627
[2025-09-27 03:43:48,743][root][INFO] - Start epoch 120
[2025-09-27 03:45:58,381][root][INFO] - [120/150] train 91.927%/0.5042 | val 50.042%/16.6925
[2025-09-27 03:45:58,381][root][INFO] - Start epoch 121
[2025-09-27 03:48:08,009][root][INFO] - [121/150] train 92.208%/0.4911 | val 63.931%/3.1977
[2025-09-27 03:48:08,010][root][INFO] - Start epoch 122
[2025-09-27 03:50:17,648][root][INFO] - [122/150] train 91.918%/0.4951 | val 50.181%/14.4842
[2025-09-27 03:50:17,649][root][INFO] - Start epoch 123
[2025-09-27 03:52:27,181][root][INFO] - [123/150] train 92.141%/0.4959 | val 50.000%/31.4917
[2025-09-27 03:52:27,182][root][INFO] - Start epoch 124
[2025-09-27 03:54:36,824][root][INFO] - [124/150] train 92.240%/0.4908 | val 52.639%/7.8611
[2025-09-27 03:54:36,824][root][INFO] - Start epoch 125
[2025-09-27 03:56:46,245][root][INFO] - [125/150] train 92.293%/0.4867 | val 50.000%/21.8521
[2025-09-27 03:56:46,245][root][INFO] - Start epoch 126
[2025-09-27 03:58:55,617][root][INFO] - [126/150] train 92.177%/0.4923 | val 50.000%/37.7260
[2025-09-27 03:58:55,617][root][INFO] - Start epoch 127
[2025-09-27 04:01:04,983][root][INFO] - [127/150] train 92.378%/0.4837 | val 50.000%/59.0851
[2025-09-27 04:01:04,983][root][INFO] - Start epoch 128
[2025-09-27 04:03:14,483][root][INFO] - [128/150] train 91.944%/0.4996 | val 52.417%/8.1945
[2025-09-27 04:03:14,483][root][INFO] - Start epoch 129
[2025-09-27 04:05:23,853][root][INFO] - [129/150] train 92.149%/0.4943 | val 50.000%/62.0909
[2025-09-27 04:05:23,853][root][INFO] - Start epoch 130
[2025-09-27 04:07:33,331][root][INFO] - [130/150] train 92.082%/0.4964 | val 50.083%/16.1070
[2025-09-27 04:07:33,331][root][INFO] - Start epoch 131
[2025-09-27 04:09:43,017][root][INFO] - [131/150] train 92.168%/0.4900 | val 50.000%/43.9637
[2025-09-27 04:09:43,017][root][INFO] - Start epoch 132
[2025-09-27 04:11:52,637][root][INFO] - [132/150] train 92.253%/0.4907 | val 50.139%/18.6614
[2025-09-27 04:11:52,637][root][INFO] - Start epoch 133
[2025-09-27 04:14:02,368][root][INFO] - [133/150] train 92.271%/0.4888 | val 56.736%/5.9336
[2025-09-27 04:14:02,368][root][INFO] - Start epoch 134
[2025-09-27 04:16:12,030][root][INFO] - [134/150] train 92.526%/0.4744 | val 50.000%/66.3500
[2025-09-27 04:16:12,030][root][INFO] - Start epoch 135
[2025-09-27 04:18:21,630][root][INFO] - [135/150] train 92.344%/0.4819 | val 50.000%/66.5242
[2025-09-27 04:18:21,630][root][INFO] - Start epoch 136
[2025-09-27 04:20:31,391][root][INFO] - [136/150] train 92.233%/0.4875 | val 50.028%/16.9212
[2025-09-27 04:20:31,391][root][INFO] - Start epoch 137
[2025-09-27 04:22:41,214][root][INFO] - [137/150] train 92.372%/0.4813 | val 50.000%/39.9193
[2025-09-27 04:22:41,214][root][INFO] - Start epoch 138
[2025-09-27 04:24:50,775][root][INFO] - [138/150] train 92.623%/0.4732 | val 50.000%/29.9026
[2025-09-27 04:24:50,776][root][INFO] - Start epoch 139
[2025-09-27 04:27:00,242][root][INFO] - [139/150] train 92.262%/0.4847 | val 50.569%/13.2959
[2025-09-27 04:27:00,242][root][INFO] - Start epoch 140
[2025-09-27 04:29:09,807][root][INFO] - [140/150] train 92.382%/0.4778 | val 50.000%/77.3525
[2025-09-27 04:29:09,807][root][INFO] - Start epoch 141
[2025-09-27 04:31:19,659][root][INFO] - [141/150] train 92.479%/0.4746 | val 67.306%/2.4179
[2025-09-27 04:31:19,659][root][INFO] - Start epoch 142
[2025-09-27 04:33:29,650][root][INFO] - [142/150] train 92.533%/0.4738 | val 50.667%/14.2658
[2025-09-27 04:33:29,650][root][INFO] - Start epoch 143
[2025-09-27 04:35:39,341][root][INFO] - [143/150] train 92.455%/0.4748 | val 50.861%/11.2215
[2025-09-27 04:35:39,341][root][INFO] - Start epoch 144
[2025-09-27 04:37:49,128][root][INFO] - [144/150] train 92.491%/0.4741 | val 50.000%/84.9945
[2025-09-27 04:37:49,128][root][INFO] - Start epoch 145
[2025-09-27 04:39:58,578][root][INFO] - [145/150] train 92.497%/0.4776 | val 50.000%/30.7408
[2025-09-27 04:39:58,578][root][INFO] - Start epoch 146
[2025-09-27 04:42:07,904][root][INFO] - [146/150] train 92.578%/0.4730 | val 50.000%/32.9483
[2025-09-27 04:42:07,905][root][INFO] - Start epoch 147
[2025-09-27 04:44:17,431][root][INFO] - [147/150] train 92.493%/0.4690 | val 65.236%/2.8879
[2025-09-27 04:44:17,431][root][INFO] - Start epoch 148
[2025-09-27 04:46:26,927][root][INFO] - [148/150] train 92.634%/0.4620 | val 50.000%/112.5874
[2025-09-27 04:46:26,927][root][INFO] - Start epoch 149
[2025-09-27 04:48:36,503][root][INFO] - [149/150] train 92.562%/0.4663 | val 50.000%/77.9528
[2025-09-27 04:48:36,504][root][INFO] - Start epoch 150
[2025-09-27 04:50:46,030][root][INFO] - [150/150] train 92.448%/0.4735 | val 50.000%/83.1872
[2025-09-27 04:50:51,918][root][INFO] - 
[Test Evaluation]
[2025-09-27 04:50:51,918][root][INFO] -  Accuracy : 0.921
[2025-09-27 04:50:51,918][root][INFO] -  Precision: 0.919
[2025-09-27 04:50:51,918][root][INFO] -  Recall   : 0.924
[2025-09-27 04:50:51,918][root][INFO] -  F1       : 0.921
[2025-09-27 04:50:51,918][root][INFO] -  Auc      : 0.976
