[2025-08-25 04:14:27,703][root][INFO] - ORIGINAL CWD : /home/sota/research/sotaohnuma/coffee
[2025-08-25 04:14:27,703][root][INFO] - RUN CWD      : /home/sota/research/sotaohnuma/coffee/outputs/bean_224/resnet50/base/2025-08-25_04-14-27
[2025-08-25 04:14:27,703][root][INFO] - batch: 137, 
 {'batch_size': 137, '_target_': 'models.resnet50.resnet50', 'lr': 0.0007, 'weight_decay': 5.3e-05}
[2025-08-25 04:14:27,703][root][INFO] - lr: 0.0007, 
 {'_target_': 'models.resnet50.resnet50', 'lr': 0.0007, 'weight_decay': 5.3e-05}
[2025-08-25 04:14:27,703][root][INFO] - weight_decay: 5.3e-05, 
 {'_target_': 'models.resnet50.resnet50', 'weight_decay': 5.3e-05}
[2025-08-25 04:14:56,782][root][INFO] - Start loading train data
[2025-08-25 04:14:56,902][root][INFO] - Start loading val data
[2025-08-25 04:14:56,916][root][INFO] - Start loading test data
[2025-08-25 04:14:56,929][root][INFO] - Finished DataLoader setup
[2025-08-25 04:14:56,930][root][INFO] - Start: 0
[2025-08-25 04:20:41,468][root][INFO] - [01/100] train 75.365%/0.4863 | val 89.708%/0.2459
[2025-08-25 04:20:41,677][root][INFO] - Start: 1
[2025-08-25 04:26:26,584][root][INFO] - [02/100] train 96.149%/0.0999 | val 95.125%/0.1365
[2025-08-25 04:26:27,638][root][INFO] - Start: 2
[2025-08-25 04:32:12,007][root][INFO] - [03/100] train 98.682%/0.0353 | val 96.111%/0.1128
[2025-08-25 04:32:13,152][root][INFO] - Start: 3
[2025-08-25 04:37:57,414][root][INFO] - [04/100] train 99.295%/0.0196 | val 96.722%/0.1261
[2025-08-25 04:37:58,562][root][INFO] - Start: 4
[2025-08-25 04:43:43,362][root][INFO] - [05/100] train 99.493%/0.0142 | val 97.167%/0.1086
[2025-08-25 04:43:44,420][root][INFO] - Start: 5
[2025-08-25 04:49:29,527][root][INFO] - [06/100] train 99.576%/0.0116 | val 97.000%/0.0969
[2025-08-25 04:49:29,528][root][INFO] - Start: 6
[2025-08-25 04:55:14,371][root][INFO] - [07/100] train 99.583%/0.0118 | val 96.722%/0.1396
[2025-08-25 04:55:14,371][root][INFO] - Start: 7
[2025-08-25 05:01:00,089][root][INFO] - [08/100] train 99.642%/0.0099 | val 90.139%/0.4656
[2025-08-25 05:01:00,090][root][INFO] - Start: 8
[2025-08-25 05:06:44,777][root][INFO] - [09/100] train 99.582%/0.0118 | val 96.931%/0.1304
[2025-08-25 05:06:44,778][root][INFO] - Start: 9
[2025-08-25 05:12:29,958][root][INFO] - [10/100] train 99.641%/0.0099 | val 97.278%/0.1703
[2025-08-25 05:12:31,071][root][INFO] - Start: 10
[2025-08-25 05:18:16,086][root][INFO] - [11/100] train 99.720%/0.0085 | val 95.806%/0.2634
[2025-08-25 05:18:16,088][root][INFO] - Start: 11
[2025-08-25 05:24:00,922][root][INFO] - [12/100] train 99.726%/0.0082 | val 96.347%/0.1685
[2025-08-25 05:24:00,922][root][INFO] - Start: 12
[2025-08-25 05:29:45,587][root][INFO] - [13/100] train 99.780%/0.0067 | val 97.278%/0.1455
[2025-08-25 05:29:45,588][root][INFO] - Start: 13
[2025-08-25 05:35:29,888][root][INFO] - [14/100] train 99.793%/0.0063 | val 97.028%/0.1483
[2025-08-25 05:35:29,888][root][INFO] - Start: 14
[2025-08-25 05:41:14,474][root][INFO] - [15/100] train 99.828%/0.0055 | val 96.694%/0.1430
[2025-08-25 05:41:14,475][root][INFO] - Start: 15
[2025-08-25 05:46:58,896][root][INFO] - [16/100] train 99.811%/0.0061 | val 97.514%/0.1514
[2025-08-25 05:47:00,039][root][INFO] - Start: 16
[2025-08-25 05:52:44,252][root][INFO] - [17/100] train 99.832%/0.0051 | val 96.375%/0.1785
[2025-08-25 05:52:44,252][root][INFO] - Start: 17
[2025-08-25 05:58:28,250][root][INFO] - [18/100] train 99.859%/0.0045 | val 97.181%/0.1383
[2025-08-25 05:58:28,250][root][INFO] - Start: 18
[2025-08-25 06:04:13,359][root][INFO] - [19/100] train 99.802%/0.0061 | val 97.000%/0.1684
[2025-08-25 06:04:13,360][root][INFO] - Start: 19
[2025-08-25 06:09:58,049][root][INFO] - [20/100] train 99.859%/0.0045 | val 96.889%/0.1703
[2025-08-25 06:09:58,049][root][INFO] - Start: 20
[2025-08-25 06:15:41,400][root][INFO] - [21/100] train 99.887%/0.0035 | val 96.722%/0.2109
[2025-08-25 06:15:41,400][root][INFO] - Start: 21
[2025-08-25 06:21:23,756][root][INFO] - [22/100] train 99.884%/0.0037 | val 97.708%/0.1386
[2025-08-25 06:21:24,762][root][INFO] - Start: 22
[2025-08-25 06:27:06,412][root][INFO] - [23/100] train 99.901%/0.0028 | val 97.167%/0.1670
[2025-08-25 06:27:06,412][root][INFO] - Start: 23
[2025-08-25 06:32:48,318][root][INFO] - [24/100] train 99.901%/0.0027 | val 97.014%/0.1927
[2025-08-25 06:32:48,318][root][INFO] - Start: 24
[2025-08-25 06:38:31,836][root][INFO] - [25/100] train 99.851%/0.0046 | val 97.458%/0.1600
[2025-08-25 06:38:31,836][root][INFO] - Start: 25
[2025-08-25 06:44:14,433][root][INFO] - [26/100] train 99.922%/0.0023 | val 96.944%/0.1899
[2025-08-25 06:44:14,434][root][INFO] - Start: 26
[2025-08-25 06:49:56,048][root][INFO] - [27/100] train 99.858%/0.0040 | val 97.542%/0.1976
[2025-08-25 06:49:56,048][root][INFO] - Start: 27
[2025-08-25 06:55:37,494][root][INFO] - [28/100] train 99.941%/0.0020 | val 97.472%/0.2069
[2025-08-25 06:55:37,495][root][INFO] - Start: 28
[2025-08-25 07:01:20,340][root][INFO] - [29/100] train 99.910%/0.0029 | val 96.361%/0.2689
[2025-08-25 07:01:20,341][root][INFO] - Start: 29
[2025-08-25 07:07:02,936][root][INFO] - [30/100] train 99.891%/0.0036 | val 96.806%/0.1844
[2025-08-25 07:07:02,936][root][INFO] - Start: 30
[2025-08-25 07:12:44,913][root][INFO] - [31/100] train 99.913%/0.0025 | val 96.833%/0.2279
[2025-08-25 07:12:44,913][root][INFO] - Start: 31
[2025-08-25 07:18:26,986][root][INFO] - [32/100] train 99.964%/0.0013 | val 96.986%/0.2124
[2025-08-25 07:18:26,986][root][INFO] - Start: 32
[2025-08-25 07:24:09,485][root][INFO] - [33/100] train 99.892%/0.0037 | val 94.500%/0.2060
[2025-08-25 07:24:09,485][root][INFO] - Start: 33
[2025-08-25 07:29:51,170][root][INFO] - [34/100] train 99.911%/0.0031 | val 96.694%/0.1853
[2025-08-25 07:29:51,170][root][INFO] - Start: 34
[2025-08-25 07:35:33,301][root][INFO] - [35/100] train 99.988%/0.0004 | val 97.111%/0.1802
[2025-08-25 07:35:33,301][root][INFO] - Start: 35
[2025-08-25 07:41:15,047][root][INFO] - [36/100] train 99.903%/0.0029 | val 97.222%/0.1782
[2025-08-25 07:41:15,047][root][INFO] - Start: 36
[2025-08-25 07:46:56,593][root][INFO] - [37/100] train 99.948%/0.0015 | val 96.875%/0.1887
[2025-08-25 07:46:56,593][root][INFO] - Start: 37
[2025-08-25 07:52:39,195][root][INFO] - [38/100] train 99.938%/0.0022 | val 95.486%/0.2731
[2025-08-25 07:52:39,195][root][INFO] - Start: 38
[2025-08-25 07:58:20,466][root][INFO] - [39/100] train 99.970%/0.0008 | val 97.236%/0.2614
[2025-08-25 07:58:20,466][root][INFO] - Start: 39
[2025-08-25 08:04:01,886][root][INFO] - [40/100] train 99.932%/0.0023 | val 97.250%/0.1747
[2025-08-25 08:04:01,887][root][INFO] - Start: 40
[2025-08-25 08:09:43,480][root][INFO] - [41/100] train 100.000%/0.0001 | val 97.375%/0.2253
[2025-08-25 08:09:43,481][root][INFO] - Start: 41
[2025-08-25 08:15:25,311][root][INFO] - [42/100] train 100.000%/0.0000 | val 97.292%/0.2374
[2025-08-25 08:15:25,311][root][INFO] - Start: 42
[2025-08-25 08:21:06,905][root][INFO] - [43/100] train 100.000%/0.0000 | val 97.347%/0.2457
[2025-08-25 08:21:06,906][root][INFO] - Start: 43
[2025-08-25 08:26:48,953][root][INFO] - [44/100] train 100.000%/0.0000 | val 97.403%/0.2578
[2025-08-25 08:26:48,953][root][INFO] - Start: 44
[2025-08-25 08:32:31,034][root][INFO] - [45/100] train 100.000%/0.0000 | val 97.278%/0.2636
[2025-08-25 08:32:31,034][root][INFO] - Start: 45
[2025-08-25 08:38:12,685][root][INFO] - [46/100] train 100.000%/0.0000 | val 97.500%/0.2791
[2025-08-25 08:38:12,685][root][INFO] - Start: 46
[2025-08-25 08:43:54,542][root][INFO] - [47/100] train 100.000%/0.0000 | val 97.347%/0.2695
[2025-08-25 08:43:54,542][root][INFO] - Start: 47
[2025-08-25 08:49:36,122][root][INFO] - [48/100] train 100.000%/0.0000 | val 97.375%/0.2707
[2025-08-25 08:49:36,122][root][INFO] - Start: 48
[2025-08-25 08:55:18,032][root][INFO] - [49/100] train 100.000%/0.0000 | val 97.431%/0.2733
[2025-08-25 08:55:18,033][root][INFO] - Start: 49
[2025-08-25 09:00:59,584][root][INFO] - [50/100] train 100.000%/0.0000 | val 97.389%/0.2707
[2025-08-25 09:00:59,584][root][INFO] - Start: 50
[2025-08-25 09:06:42,074][root][INFO] - [51/100] train 100.000%/0.0000 | val 97.375%/0.2729
[2025-08-25 09:06:42,074][root][INFO] - Start: 51
[2025-08-25 09:12:24,692][root][INFO] - [52/100] train 100.000%/0.0000 | val 97.431%/0.2747
[2025-08-25 09:12:24,692][root][INFO] - Start: 52
[2025-08-25 09:18:06,882][root][INFO] - [53/100] train 100.000%/0.0000 | val 97.375%/0.2857
[2025-08-25 09:18:06,882][root][INFO] - Start: 53
[2025-08-25 09:23:48,335][root][INFO] - [54/100] train 100.000%/0.0000 | val 97.403%/0.2844
[2025-08-25 09:23:48,335][root][INFO] - Start: 54
[2025-08-25 09:29:29,729][root][INFO] - [55/100] train 100.000%/0.0000 | val 97.458%/0.2875
[2025-08-25 09:29:29,729][root][INFO] - Start: 55
[2025-08-25 09:35:11,732][root][INFO] - [56/100] train 100.000%/0.0000 | val 97.278%/0.3085
[2025-08-25 09:35:11,732][root][INFO] - Start: 56
[2025-08-25 09:40:53,041][root][INFO] - [57/100] train 100.000%/0.0000 | val 97.431%/0.3004
[2025-08-25 09:40:53,041][root][INFO] - Start: 57
[2025-08-25 09:46:34,997][root][INFO] - [58/100] train 100.000%/0.0000 | val 97.403%/0.3091
[2025-08-25 09:46:34,997][root][INFO] - Start: 58
[2025-08-25 09:52:15,989][root][INFO] - [59/100] train 100.000%/0.0000 | val 97.292%/0.3228
[2025-08-25 09:52:15,989][root][INFO] - Start: 59
[2025-08-25 09:57:58,312][root][INFO] - [60/100] train 100.000%/0.0000 | val 97.431%/0.3249
[2025-08-25 09:57:58,313][root][INFO] - Start: 60
[2025-08-25 10:03:40,093][root][INFO] - [61/100] train 100.000%/0.0000 | val 97.389%/0.3242
[2025-08-25 10:03:40,093][root][INFO] - Start: 61
[2025-08-25 10:09:21,110][root][INFO] - [62/100] train 100.000%/0.0000 | val 97.375%/0.3269
[2025-08-25 10:09:21,110][root][INFO] - Start: 62
[2025-08-25 10:15:02,643][root][INFO] - [63/100] train 100.000%/0.0000 | val 97.319%/0.3332
[2025-08-25 10:15:02,643][root][INFO] - Start: 63
[2025-08-25 10:20:44,593][root][INFO] - [64/100] train 100.000%/0.0000 | val 97.431%/0.3291
[2025-08-25 10:20:44,594][root][INFO] - Start: 64
[2025-08-25 10:26:26,633][root][INFO] - [65/100] train 100.000%/0.0000 | val 97.292%/0.3412
[2025-08-25 10:26:26,633][root][INFO] - Start: 65
[2025-08-25 10:32:08,861][root][INFO] - [66/100] train 99.997%/0.0001 | val 93.028%/0.8329
[2025-08-25 10:32:08,861][root][INFO] - Start: 66
[2025-08-25 10:37:50,507][root][INFO] - [67/100] train 99.941%/0.0023 | val 97.222%/0.2658
[2025-08-25 10:37:50,507][root][INFO] - Start: 67
[2025-08-25 10:43:32,324][root][INFO] - [68/100] train 100.000%/0.0000 | val 97.264%/0.2359
[2025-08-25 10:43:32,324][root][INFO] - Start: 68
[2025-08-25 10:49:14,569][root][INFO] - [69/100] train 100.000%/0.0000 | val 97.333%/0.2455
[2025-08-25 10:49:14,570][root][INFO] - Start: 69
[2025-08-25 10:54:56,109][root][INFO] - [70/100] train 100.000%/0.0000 | val 97.444%/0.2582
[2025-08-25 10:54:56,109][root][INFO] - Start: 70
[2025-08-25 11:00:38,212][root][INFO] - [71/100] train 100.000%/0.0000 | val 97.431%/0.2414
[2025-08-25 11:00:38,212][root][INFO] - Start: 71
[2025-08-25 11:06:20,087][root][INFO] - [72/100] train 100.000%/0.0000 | val 97.472%/0.2487
[2025-08-25 11:06:20,088][root][INFO] - Start: 72
[2025-08-25 11:12:02,323][root][INFO] - [73/100] train 100.000%/0.0000 | val 96.903%/0.2955
[2025-08-25 11:12:02,323][root][INFO] - Start: 73
[2025-08-25 11:17:44,146][root][INFO] - [74/100] train 100.000%/0.0000 | val 97.347%/0.2483
[2025-08-25 11:17:44,146][root][INFO] - Start: 74
[2025-08-25 11:23:25,304][root][INFO] - [75/100] train 100.000%/0.0000 | val 97.250%/0.2612
[2025-08-25 11:23:25,304][root][INFO] - Start: 75
[2025-08-25 11:29:07,228][root][INFO] - [76/100] train 100.000%/0.0000 | val 97.347%/0.2489
[2025-08-25 11:29:07,228][root][INFO] - Start: 76
[2025-08-25 11:34:49,584][root][INFO] - [77/100] train 100.000%/0.0000 | val 97.444%/0.2464
[2025-08-25 11:34:49,584][root][INFO] - Start: 77
[2025-08-25 11:40:30,762][root][INFO] - [78/100] train 100.000%/0.0000 | val 97.250%/0.2524
[2025-08-25 11:40:30,762][root][INFO] - Start: 78
[2025-08-25 11:46:12,222][root][INFO] - [79/100] train 100.000%/0.0000 | val 97.333%/0.2501
[2025-08-25 11:46:12,222][root][INFO] - Start: 79
[2025-08-25 11:51:54,347][root][INFO] - [80/100] train 100.000%/0.0000 | val 97.472%/0.2538
[2025-08-25 11:51:54,347][root][INFO] - Start: 80
[2025-08-25 11:57:36,546][root][INFO] - [81/100] train 100.000%/0.0000 | val 97.375%/0.2442
[2025-08-25 11:57:36,546][root][INFO] - Start: 81
[2025-08-25 12:03:17,657][root][INFO] - [82/100] train 100.000%/0.0000 | val 97.333%/0.2631
[2025-08-25 12:03:17,658][root][INFO] - Start: 82
[2025-08-25 12:08:59,553][root][INFO] - [83/100] train 100.000%/0.0000 | val 97.431%/0.2522
[2025-08-25 12:08:59,553][root][INFO] - Start: 83
[2025-08-25 12:14:41,394][root][INFO] - [84/100] train 100.000%/0.0000 | val 97.458%/0.2478
[2025-08-25 12:14:41,395][root][INFO] - Start: 84
[2025-08-25 12:20:23,580][root][INFO] - [85/100] train 100.000%/0.0000 | val 97.611%/0.2529
[2025-08-25 12:20:23,580][root][INFO] - Start: 85
[2025-08-25 12:26:07,271][root][INFO] - [86/100] train 100.000%/0.0000 | val 97.403%/0.2498
[2025-08-25 12:26:07,272][root][INFO] - Start: 86
[2025-08-25 12:31:52,090][root][INFO] - [87/100] train 100.000%/0.0000 | val 97.444%/0.2518
[2025-08-25 12:31:52,090][root][INFO] - Start: 87
[2025-08-25 12:37:35,756][root][INFO] - [88/100] train 100.000%/0.0000 | val 97.431%/0.2557
[2025-08-25 12:37:35,756][root][INFO] - Start: 88
[2025-08-25 12:43:19,727][root][INFO] - [89/100] train 100.000%/0.0000 | val 97.250%/0.2586
[2025-08-25 12:43:19,727][root][INFO] - Start: 89
[2025-08-25 12:49:03,088][root][INFO] - [90/100] train 100.000%/0.0000 | val 97.347%/0.2808
[2025-08-25 12:49:03,088][root][INFO] - Start: 90
[2025-08-25 12:54:46,253][root][INFO] - [91/100] train 100.000%/0.0000 | val 97.306%/0.2663
[2025-08-25 12:54:46,253][root][INFO] - Start: 91
[2025-08-25 13:00:29,349][root][INFO] - [92/100] train 100.000%/0.0000 | val 97.333%/0.2623
[2025-08-25 13:00:29,349][root][INFO] - Start: 92
[2025-08-25 13:06:12,647][root][INFO] - [93/100] train 100.000%/0.0000 | val 97.347%/0.2662
[2025-08-25 13:06:12,648][root][INFO] - Start: 93
[2025-08-25 13:11:56,441][root][INFO] - [94/100] train 100.000%/0.0000 | val 97.514%/0.2752
[2025-08-25 13:11:56,441][root][INFO] - Start: 94
[2025-08-25 13:17:39,965][root][INFO] - [95/100] train 100.000%/0.0000 | val 97.347%/0.2660
[2025-08-25 13:17:39,966][root][INFO] - Start: 95
[2025-08-25 13:23:23,995][root][INFO] - [96/100] train 100.000%/0.0000 | val 97.347%/0.2682
[2025-08-25 13:23:23,995][root][INFO] - Start: 96
[2025-08-25 13:29:07,255][root][INFO] - [97/100] train 100.000%/0.0000 | val 97.375%/0.2663
[2025-08-25 13:29:07,255][root][INFO] - Start: 97
[2025-08-25 13:34:51,536][root][INFO] - [98/100] train 100.000%/0.0000 | val 97.458%/0.2766
[2025-08-25 13:34:51,536][root][INFO] - Start: 98
[2025-08-25 13:40:34,749][root][INFO] - [99/100] train 100.000%/0.0000 | val 97.486%/0.2806
[2025-08-25 13:40:34,749][root][INFO] - Start: 99
[2025-08-25 13:46:18,130][root][INFO] - [100/100] train 100.000%/0.0000 | val 97.514%/0.2852
[2025-08-25 13:46:30,837][root][INFO] - 
[Test Evaluation]
[2025-08-25 13:46:30,838][root][INFO] -  Accuracy : 0.981
[2025-08-25 13:46:30,838][root][INFO] -  Precision: 0.973
[2025-08-25 13:46:30,838][root][INFO] -  Recall   : 0.990
[2025-08-25 13:46:30,838][root][INFO] -  F1       : 0.981
[2025-08-25 13:46:30,838][root][INFO] -  Auc      : 0.999
