[2025-09-26 01:32:15,934][root][INFO] - ORIGINAL CWD : /home/sota/research/sotaohnuma/coffee
[2025-09-26 01:32:15,935][root][INFO] - RUN CWD      : /home/sota/research/sotaohnuma/coffee/outputs/bean_224/cnn_student100/base/2025-09-26_01-32-15
[2025-09-26 01:32:15,935][root][INFO] - batch: 128, 
 {'_target_': 'models.cnn_student100.cnn_student100', 'batch_size': 128, 'lr': 0.002, 'weight_decay': 0.009}
[2025-09-26 01:32:15,935][root][INFO] - lr: 0.002, 
 {'_target_': 'models.cnn_student100.cnn_student100', 'lr': 0.002, 'weight_decay': 0.009}
[2025-09-26 01:32:15,935][root][INFO] - weight_decay: 0.009, 
 {'_target_': 'models.cnn_student100.cnn_student100', 'weight_decay': 0.009}
[2025-09-26 01:32:16,278][root][INFO] - Start loading train data
[2025-09-26 01:32:16,392][root][INFO] - Start loading val data
[2025-09-26 01:32:16,406][root][INFO] - Start loading test data
[2025-09-26 01:32:16,419][root][INFO] - Finished DataLoader setup
[2025-09-26 01:32:16,419][root][INFO] - Start: 0
[2025-09-26 01:33:03,748][root][INFO] - [01/100] train 64.729%/0.6178 | val 60.944%/0.7030
[2025-09-26 01:33:03,753][root][INFO] - Start: 1
[2025-09-26 01:33:48,204][root][INFO] - [02/100] train 72.651%/0.5370 | val 50.528%/2.9526
[2025-09-26 01:33:48,204][root][INFO] - Start: 2
[2025-09-26 01:34:32,414][root][INFO] - [03/100] train 77.420%/0.4746 | val 59.986%/0.9081
[2025-09-26 01:34:32,414][root][INFO] - Start: 3
[2025-09-26 01:35:18,634][root][INFO] - [04/100] train 80.009%/0.4373 | val 74.306%/0.5329
[2025-09-26 01:35:18,638][root][INFO] - Start: 4
[2025-09-26 01:36:02,294][root][INFO] - [05/100] train 81.576%/0.4093 | val 50.000%/29.4325
[2025-09-26 01:36:02,294][root][INFO] - Start: 5
[2025-09-26 01:36:45,967][root][INFO] - [06/100] train 83.142%/0.3814 | val 84.819%/0.3383
[2025-09-26 01:36:45,970][root][INFO] - Start: 6
[2025-09-26 01:37:29,911][root][INFO] - [07/100] train 83.627%/0.3714 | val 50.000%/4.2391
[2025-09-26 01:37:29,911][root][INFO] - Start: 7
[2025-09-26 01:38:15,494][root][INFO] - [08/100] train 84.274%/0.3581 | val 50.000%/17.6770
[2025-09-26 01:38:15,494][root][INFO] - Start: 8
[2025-09-26 01:38:58,907][root][INFO] - [09/100] train 84.566%/0.3518 | val 83.111%/0.3584
[2025-09-26 01:38:58,908][root][INFO] - Start: 9
[2025-09-26 01:39:41,587][root][INFO] - [10/100] train 84.712%/0.3489 | val 50.000%/18.1281
[2025-09-26 01:39:41,587][root][INFO] - Start: 10
[2025-09-26 01:40:24,586][root][INFO] - [11/100] train 85.458%/0.3371 | val 50.236%/5.2790
[2025-09-26 01:40:24,587][root][INFO] - Start: 11
[2025-09-26 01:41:08,299][root][INFO] - [12/100] train 85.660%/0.3295 | val 50.222%/3.4988
[2025-09-26 01:41:08,299][root][INFO] - Start: 12
[2025-09-26 01:41:52,810][root][INFO] - [13/100] train 85.641%/0.3310 | val 50.000%/17.9464
[2025-09-26 01:41:52,811][root][INFO] - Start: 13
[2025-09-26 01:42:36,206][root][INFO] - [14/100] train 86.097%/0.3204 | val 50.000%/30.7682
[2025-09-26 01:42:36,206][root][INFO] - Start: 14
[2025-09-26 01:43:20,035][root][INFO] - [15/100] train 86.064%/0.3213 | val 73.458%/0.5224
[2025-09-26 01:43:20,035][root][INFO] - Start: 15
[2025-09-26 01:44:04,049][root][INFO] - [16/100] train 86.099%/0.3218 | val 50.000%/23.2985
[2025-09-26 01:44:04,050][root][INFO] - Start: 16
[2025-09-26 01:44:48,673][root][INFO] - [17/100] train 86.516%/0.3148 | val 50.000%/25.5333
[2025-09-26 01:44:48,674][root][INFO] - Start: 17
[2025-09-26 01:45:33,599][root][INFO] - [18/100] train 86.760%/0.3077 | val 50.000%/27.9319
[2025-09-26 01:45:33,599][root][INFO] - Start: 18
[2025-09-26 01:46:17,802][root][INFO] - [19/100] train 87.056%/0.3030 | val 50.000%/19.5275
[2025-09-26 01:46:17,802][root][INFO] - Start: 19
[2025-09-26 01:47:02,537][root][INFO] - [20/100] train 87.656%/0.2940 | val 50.000%/23.4764
[2025-09-26 01:47:02,537][root][INFO] - Start: 20
[2025-09-26 01:47:47,443][root][INFO] - [21/100] train 87.811%/0.2906 | val 57.944%/1.4096
[2025-09-26 01:47:47,443][root][INFO] - Start: 21
[2025-09-26 01:48:31,182][root][INFO] - [22/100] train 87.990%/0.2866 | val 50.000%/8.1554
[2025-09-26 01:48:31,182][root][INFO] - Start: 22
[2025-09-26 01:49:13,789][root][INFO] - [23/100] train 88.307%/0.2804 | val 50.000%/8.8859
[2025-09-26 01:49:13,789][root][INFO] - Start: 23
[2025-09-26 01:49:59,214][root][INFO] - [24/100] train 88.569%/0.2760 | val 50.014%/11.1177
[2025-09-26 01:49:59,215][root][INFO] - Start: 24
[2025-09-26 01:50:43,074][root][INFO] - [25/100] train 88.526%/0.2783 | val 50.000%/45.4712
[2025-09-26 01:50:43,075][root][INFO] - Start: 25
[2025-09-26 01:51:29,303][root][INFO] - [26/100] train 88.543%/0.2765 | val 50.000%/34.4851
[2025-09-26 01:51:29,304][root][INFO] - Start: 26
[2025-09-26 01:52:12,989][root][INFO] - [27/100] train 88.969%/0.2684 | val 50.000%/26.5415
[2025-09-26 01:52:12,990][root][INFO] - Start: 27
[2025-09-26 01:52:56,428][root][INFO] - [28/100] train 89.175%/0.2640 | val 50.000%/15.7535
[2025-09-26 01:52:56,428][root][INFO] - Start: 28
[2025-09-26 01:53:41,309][root][INFO] - [29/100] train 89.503%/0.2581 | val 50.000%/8.5681
[2025-09-26 01:53:41,310][root][INFO] - Start: 29
[2025-09-26 01:54:25,812][root][INFO] - [30/100] train 89.625%/0.2592 | val 50.000%/20.5021
[2025-09-26 01:54:25,813][root][INFO] - Start: 30
[2025-09-26 01:55:10,740][root][INFO] - [31/100] train 89.634%/0.2550 | val 50.000%/8.6566
[2025-09-26 01:55:10,741][root][INFO] - Start: 31
[2025-09-26 01:55:55,045][root][INFO] - [32/100] train 89.493%/0.2539 | val 62.611%/1.1094
[2025-09-26 01:55:55,046][root][INFO] - Start: 32
[2025-09-26 01:56:41,389][root][INFO] - [33/100] train 89.562%/0.2529 | val 50.000%/34.4551
[2025-09-26 01:56:41,389][root][INFO] - Start: 33
[2025-09-26 01:57:26,416][root][INFO] - [34/100] train 90.050%/0.2450 | val 68.667%/0.8432
[2025-09-26 01:57:26,417][root][INFO] - Start: 34
[2025-09-26 01:58:11,322][root][INFO] - [35/100] train 90.031%/0.2491 | val 53.097%/2.5768
[2025-09-26 01:58:11,323][root][INFO] - Start: 35
[2025-09-26 01:58:56,983][root][INFO] - [36/100] train 90.059%/0.2445 | val 87.125%/0.2767
[2025-09-26 01:58:56,986][root][INFO] - Start: 36
[2025-09-26 01:59:41,718][root][INFO] - [37/100] train 90.253%/0.2398 | val 74.306%/0.6459
[2025-09-26 01:59:41,718][root][INFO] - Start: 37
[2025-09-26 02:00:28,080][root][INFO] - [38/100] train 90.358%/0.2393 | val 50.889%/4.8525
[2025-09-26 02:00:28,081][root][INFO] - Start: 38
[2025-09-26 02:01:14,479][root][INFO] - [39/100] train 90.286%/0.2374 | val 50.000%/11.6575
[2025-09-26 02:01:14,480][root][INFO] - Start: 39
[2025-09-26 02:02:00,895][root][INFO] - [40/100] train 90.660%/0.2315 | val 50.000%/19.4639
[2025-09-26 02:02:00,895][root][INFO] - Start: 40
[2025-09-26 02:02:45,615][root][INFO] - [41/100] train 90.670%/0.2314 | val 50.000%/23.0213
[2025-09-26 02:02:45,615][root][INFO] - Start: 41
[2025-09-26 02:03:32,336][root][INFO] - [42/100] train 90.622%/0.2323 | val 50.000%/29.1862
[2025-09-26 02:03:32,337][root][INFO] - Start: 42
[2025-09-26 02:04:16,842][root][INFO] - [43/100] train 90.604%/0.2330 | val 50.000%/15.1022
[2025-09-26 02:04:16,843][root][INFO] - Start: 43
[2025-09-26 02:05:01,224][root][INFO] - [44/100] train 90.740%/0.2313 | val 52.403%/2.9360
[2025-09-26 02:05:01,224][root][INFO] - Start: 44
[2025-09-26 02:05:49,905][root][INFO] - [45/100] train 90.889%/0.2273 | val 50.014%/6.0284
[2025-09-26 02:05:49,905][root][INFO] - Start: 45
[2025-09-26 02:06:35,347][root][INFO] - [46/100] train 91.021%/0.2237 | val 50.000%/7.7235
[2025-09-26 02:06:35,347][root][INFO] - Start: 46
[2025-09-26 02:07:22,127][root][INFO] - [47/100] train 90.990%/0.2234 | val 50.208%/5.3669
[2025-09-26 02:07:22,128][root][INFO] - Start: 47
[2025-09-26 02:08:07,647][root][INFO] - [48/100] train 91.170%/0.2224 | val 50.069%/5.6248
[2025-09-26 02:08:07,647][root][INFO] - Start: 48
[2025-09-26 02:08:51,528][root][INFO] - [49/100] train 90.972%/0.2246 | val 50.000%/21.4140
[2025-09-26 02:08:51,528][root][INFO] - Start: 49
[2025-09-26 02:09:36,683][root][INFO] - [50/100] train 91.226%/0.2186 | val 64.792%/1.0350
[2025-09-26 02:09:36,683][root][INFO] - Start: 50
[2025-09-26 02:10:22,225][root][INFO] - [51/100] train 91.325%/0.2184 | val 50.000%/16.2181
[2025-09-26 02:10:22,226][root][INFO] - Start: 51
[2025-09-26 02:11:08,347][root][INFO] - [52/100] train 91.380%/0.2189 | val 50.167%/4.6048
[2025-09-26 02:11:08,347][root][INFO] - Start: 52
[2025-09-26 02:11:51,635][root][INFO] - [53/100] train 91.512%/0.2139 | val 50.000%/19.1133
[2025-09-26 02:11:51,635][root][INFO] - Start: 53
[2025-09-26 02:12:37,784][root][INFO] - [54/100] train 91.389%/0.2150 | val 50.000%/8.0192
[2025-09-26 02:12:37,785][root][INFO] - Start: 54
[2025-09-26 02:13:24,122][root][INFO] - [55/100] train 91.481%/0.2138 | val 50.000%/22.2111
[2025-09-26 02:13:24,122][root][INFO] - Start: 55
[2025-09-26 02:14:10,463][root][INFO] - [56/100] train 91.398%/0.2132 | val 68.139%/0.9729
[2025-09-26 02:14:10,463][root][INFO] - Start: 56
[2025-09-26 02:14:56,726][root][INFO] - [57/100] train 91.516%/0.2122 | val 64.250%/1.0355
[2025-09-26 02:14:56,727][root][INFO] - Start: 57
[2025-09-26 02:15:41,874][root][INFO] - [58/100] train 91.609%/0.2103 | val 50.000%/21.5376
[2025-09-26 02:15:41,875][root][INFO] - Start: 58
[2025-09-26 02:16:27,952][root][INFO] - [59/100] train 91.583%/0.2134 | val 50.000%/12.6043
[2025-09-26 02:16:27,952][root][INFO] - Start: 59
[2025-09-26 02:17:14,737][root][INFO] - [60/100] train 91.526%/0.2151 | val 50.000%/22.0064
[2025-09-26 02:17:14,737][root][INFO] - Start: 60
[2025-09-26 02:18:01,106][root][INFO] - [61/100] train 91.458%/0.2117 | val 50.000%/23.5713
[2025-09-26 02:18:01,106][root][INFO] - Start: 61
[2025-09-26 02:18:48,518][root][INFO] - [62/100] train 91.715%/0.2075 | val 50.000%/15.1958
[2025-09-26 02:18:48,519][root][INFO] - Start: 62
[2025-09-26 02:19:35,141][root][INFO] - [63/100] train 91.979%/0.2035 | val 50.000%/20.1098
[2025-09-26 02:19:35,141][root][INFO] - Start: 63
[2025-09-26 02:20:19,712][root][INFO] - [64/100] train 91.823%/0.2070 | val 50.000%/10.6108
[2025-09-26 02:20:19,712][root][INFO] - Start: 64
[2025-09-26 02:21:04,326][root][INFO] - [65/100] train 92.080%/0.2020 | val 51.417%/3.9521
[2025-09-26 02:21:04,326][root][INFO] - Start: 65
[2025-09-26 02:21:49,963][root][INFO] - [66/100] train 91.932%/0.2030 | val 50.000%/22.1852
[2025-09-26 02:21:49,964][root][INFO] - Start: 66
[2025-09-26 02:22:35,314][root][INFO] - [67/100] train 91.988%/0.2013 | val 50.000%/40.3809
[2025-09-26 02:22:35,314][root][INFO] - Start: 67
[2025-09-26 02:23:20,567][root][INFO] - [68/100] train 92.083%/0.2001 | val 50.000%/42.5599
[2025-09-26 02:23:20,567][root][INFO] - Start: 68
[2025-09-26 02:24:05,886][root][INFO] - [69/100] train 91.806%/0.2060 | val 50.347%/4.9463
[2025-09-26 02:24:05,886][root][INFO] - Start: 69
[2025-09-26 02:24:51,479][root][INFO] - [70/100] train 92.012%/0.2025 | val 51.069%/4.8542
[2025-09-26 02:24:51,480][root][INFO] - Start: 70
[2025-09-26 02:25:35,091][root][INFO] - [71/100] train 92.172%/0.1980 | val 50.000%/15.5208
[2025-09-26 02:25:35,091][root][INFO] - Start: 71
[2025-09-26 02:26:22,853][root][INFO] - [72/100] train 92.167%/0.2002 | val 50.000%/15.8355
[2025-09-26 02:26:22,853][root][INFO] - Start: 72
[2025-09-26 02:27:11,291][root][INFO] - [73/100] train 92.073%/0.1996 | val 50.000%/11.2329
[2025-09-26 02:27:11,292][root][INFO] - Start: 73
[2025-09-26 02:27:58,989][root][INFO] - [74/100] train 92.141%/0.1987 | val 50.000%/16.1437
[2025-09-26 02:27:58,989][root][INFO] - Start: 74
[2025-09-26 02:28:46,222][root][INFO] - [75/100] train 92.441%/0.1932 | val 50.000%/22.3887
[2025-09-26 02:28:46,222][root][INFO] - Start: 75
[2025-09-26 02:29:33,805][root][INFO] - [76/100] train 92.137%/0.1974 | val 88.306%/0.2837
[2025-09-26 02:29:33,811][root][INFO] - Start: 76
[2025-09-26 02:30:21,082][root][INFO] - [77/100] train 92.201%/0.1958 | val 58.042%/1.7730
[2025-09-26 02:30:21,082][root][INFO] - Start: 77
[2025-09-26 02:31:09,160][root][INFO] - [78/100] train 92.349%/0.1951 | val 50.000%/17.7433
[2025-09-26 02:31:09,160][root][INFO] - Start: 78
[2025-09-26 02:31:57,075][root][INFO] - [79/100] train 92.269%/0.1965 | val 80.625%/0.4723
[2025-09-26 02:31:57,076][root][INFO] - Start: 79
[2025-09-26 02:32:45,125][root][INFO] - [80/100] train 92.302%/0.1952 | val 50.000%/10.9555
[2025-09-26 02:32:45,125][root][INFO] - Start: 80
[2025-09-26 02:33:33,130][root][INFO] - [81/100] train 92.207%/0.1954 | val 50.000%/24.9912
[2025-09-26 02:33:33,130][root][INFO] - Start: 81
[2025-09-26 02:34:19,666][root][INFO] - [82/100] train 92.470%/0.1922 | val 50.042%/9.9028
[2025-09-26 02:34:19,666][root][INFO] - Start: 82
[2025-09-26 02:35:06,364][root][INFO] - [83/100] train 92.385%/0.1916 | val 60.514%/1.6732
[2025-09-26 02:35:06,364][root][INFO] - Start: 83
[2025-09-26 02:35:54,192][root][INFO] - [84/100] train 92.319%/0.1939 | val 50.347%/5.2206
[2025-09-26 02:35:54,193][root][INFO] - Start: 84
[2025-09-26 02:36:40,937][root][INFO] - [85/100] train 92.243%/0.1950 | val 50.000%/17.2622
[2025-09-26 02:36:40,937][root][INFO] - Start: 85
[2025-09-26 02:37:25,883][root][INFO] - [86/100] train 92.363%/0.1921 | val 50.000%/28.8345
[2025-09-26 02:37:25,883][root][INFO] - Start: 86
[2025-09-26 02:38:12,712][root][INFO] - [87/100] train 92.464%/0.1919 | val 50.000%/32.6756
[2025-09-26 02:38:12,713][root][INFO] - Start: 87
[2025-09-26 02:38:58,098][root][INFO] - [88/100] train 92.606%/0.1880 | val 50.306%/7.8974
[2025-09-26 02:38:58,098][root][INFO] - Start: 88
[2025-09-26 02:39:44,450][root][INFO] - [89/100] train 92.403%/0.1937 | val 90.861%/0.2335
[2025-09-26 02:39:44,454][root][INFO] - Start: 89
[2025-09-26 02:40:29,922][root][INFO] - [90/100] train 92.601%/0.1881 | val 50.000%/9.2625
[2025-09-26 02:40:29,923][root][INFO] - Start: 90
[2025-09-26 02:41:15,767][root][INFO] - [91/100] train 92.484%/0.1909 | val 63.694%/1.1099
[2025-09-26 02:41:15,767][root][INFO] - Start: 91
[2025-09-26 02:42:00,314][root][INFO] - [92/100] train 92.521%/0.1880 | val 50.000%/8.9400
[2025-09-26 02:42:00,314][root][INFO] - Start: 92
[2025-09-26 02:42:46,585][root][INFO] - [93/100] train 92.446%/0.1900 | val 50.000%/12.7069
[2025-09-26 02:42:46,585][root][INFO] - Start: 93
[2025-09-26 02:43:31,398][root][INFO] - [94/100] train 92.483%/0.1895 | val 50.097%/7.6352
[2025-09-26 02:43:31,399][root][INFO] - Start: 94
[2025-09-26 02:44:18,831][root][INFO] - [95/100] train 92.387%/0.1911 | val 50.000%/16.0912
[2025-09-26 02:44:18,831][root][INFO] - Start: 95
[2025-09-26 02:45:05,805][root][INFO] - [96/100] train 92.679%/0.1861 | val 59.069%/1.6953
[2025-09-26 02:45:05,805][root][INFO] - Start: 96
[2025-09-26 02:45:52,969][root][INFO] - [97/100] train 92.675%/0.1865 | val 50.778%/4.7968
[2025-09-26 02:45:52,970][root][INFO] - Start: 97
[2025-09-26 02:46:36,597][root][INFO] - [98/100] train 92.571%/0.1879 | val 50.000%/17.6048
[2025-09-26 02:46:36,597][root][INFO] - Start: 98
[2025-09-26 02:47:17,470][root][INFO] - [99/100] train 92.686%/0.1862 | val 62.861%/1.3999
[2025-09-26 02:47:17,471][root][INFO] - Start: 99
[2025-09-26 02:47:57,219][root][INFO] - [100/100] train 92.576%/0.1882 | val 73.986%/0.6122
[2025-09-26 02:48:02,848][root][INFO] - 
[Test Evaluation]
[2025-09-26 02:48:02,849][root][INFO] -  Accuracy : 0.926
[2025-09-26 02:48:02,849][root][INFO] -  Precision: 0.958
[2025-09-26 02:48:02,849][root][INFO] -  Recall   : 0.891
[2025-09-26 02:48:02,849][root][INFO] -  F1       : 0.923
[2025-09-26 02:48:02,849][root][INFO] -  Auc      : 0.981
