[2025-09-28 01:29:55,936][root][INFO] - ORIGINAL CWD : /home/sota/research/sotaohnuma/coffee
[2025-09-28 01:29:55,937][root][INFO] - RUN CWD      : /home/sota/research/sotaohnuma/coffee/outputs/kd/swin/soft/2025-09-28_01-29-55
[2025-09-28 01:29:57,677][root][INFO] - Start epoch 1
[2025-09-28 01:36:19,356][root][INFO] - [01/150] train 60.023%/1.6410 | val 65.986%/1.5544
[2025-09-28 01:36:19,360][root][INFO] - Start epoch 2
[2025-09-28 01:42:44,744][root][INFO] - [02/150] train 65.363%/1.5389 | val 50.000%/4.6797
[2025-09-28 01:42:44,744][root][INFO] - Start epoch 3
[2025-09-28 01:49:08,640][root][INFO] - [03/150] train 69.023%/1.4535 | val 50.000%/21.1294
[2025-09-28 01:49:08,640][root][INFO] - Start epoch 4
[2025-09-28 01:55:33,282][root][INFO] - [04/150] train 73.014%/1.3437 | val 50.000%/48.1897
[2025-09-28 01:55:33,282][root][INFO] - Start epoch 5
[2025-09-28 02:01:58,313][root][INFO] - [05/150] train 75.302%/1.2752 | val 50.000%/103.0291
[2025-09-28 02:01:58,313][root][INFO] - Start epoch 6
[2025-09-28 02:08:22,542][root][INFO] - [06/150] train 77.043%/1.2139 | val 60.042%/2.3299
[2025-09-28 02:08:22,542][root][INFO] - Start epoch 7
[2025-09-28 02:14:46,471][root][INFO] - [07/150] train 79.087%/1.1433 | val 50.000%/27.0049
[2025-09-28 02:14:46,471][root][INFO] - Start epoch 8
[2025-09-28 02:21:10,151][root][INFO] - [08/150] train 80.135%/1.0995 | val 50.000%/16.8629
[2025-09-28 02:21:10,151][root][INFO] - Start epoch 9
[2025-09-28 02:27:36,105][root][INFO] - [09/150] train 81.955%/1.0213 | val 50.000%/129.0051
[2025-09-28 02:27:36,105][root][INFO] - Start epoch 10
[2025-09-28 02:34:00,568][root][INFO] - [10/150] train 82.453%/0.9957 | val 50.000%/149.4171
[2025-09-28 02:34:00,568][root][INFO] - Start epoch 11
[2025-09-28 02:40:23,888][root][INFO] - [11/150] train 83.481%/0.9580 | val 72.917%/1.5537
[2025-09-28 02:40:23,891][root][INFO] - Start epoch 12
[2025-09-28 02:46:48,689][root][INFO] - [12/150] train 84.292%/0.9178 | val 50.000%/38.3748
[2025-09-28 02:46:48,690][root][INFO] - Start epoch 13
[2025-09-28 02:53:12,611][root][INFO] - [13/150] train 84.997%/0.8895 | val 50.000%/474.6808
[2025-09-28 02:53:12,611][root][INFO] - Start epoch 14
[2025-09-28 02:59:37,780][root][INFO] - [14/150] train 85.753%/0.8504 | val 50.000%/30.7203
[2025-09-28 02:59:37,781][root][INFO] - Start epoch 15
[2025-09-28 03:06:02,886][root][INFO] - [15/150] train 86.003%/0.8360 | val 50.000%/194.3101
[2025-09-28 03:06:02,886][root][INFO] - Start epoch 16
[2025-09-28 03:12:27,574][root][INFO] - [16/150] train 86.878%/0.8014 | val 50.000%/186.9719
[2025-09-28 03:12:27,575][root][INFO] - Start epoch 17
[2025-09-28 03:18:51,996][root][INFO] - [17/150] train 87.224%/0.7762 | val 50.000%/22.1800
[2025-09-28 03:18:51,996][root][INFO] - Start epoch 18
[2025-09-28 03:25:16,918][root][INFO] - [18/150] train 87.422%/0.7647 | val 50.000%/431.4442
[2025-09-28 03:25:16,919][root][INFO] - Start epoch 19
[2025-09-28 03:31:41,418][root][INFO] - [19/150] train 87.845%/0.7557 | val 50.000%/66.2963
[2025-09-28 03:31:41,418][root][INFO] - Start epoch 20
[2025-09-28 03:38:05,891][root][INFO] - [20/150] train 88.222%/0.7288 | val 50.000%/111.0270
[2025-09-28 03:38:05,891][root][INFO] - Start epoch 21
[2025-09-28 03:44:29,898][root][INFO] - [21/150] train 88.580%/0.7122 | val 50.167%/26.9571
[2025-09-28 03:44:29,898][root][INFO] - Start epoch 22
[2025-09-28 03:50:53,835][root][INFO] - [22/150] train 88.646%/0.7088 | val 50.000%/150.2234
[2025-09-28 03:50:53,835][root][INFO] - Start epoch 23
[2025-09-28 03:57:18,742][root][INFO] - [23/150] train 89.132%/0.6900 | val 50.000%/213.6456
[2025-09-28 03:57:18,743][root][INFO] - Start epoch 24
[2025-09-28 04:03:43,485][root][INFO] - [24/150] train 88.913%/0.6895 | val 50.000%/122.5534
[2025-09-28 04:03:43,486][root][INFO] - Start epoch 25
[2025-09-28 04:10:08,218][root][INFO] - [25/150] train 89.484%/0.6661 | val 59.972%/3.5794
[2025-09-28 04:10:08,218][root][INFO] - Start epoch 26
[2025-09-28 04:16:32,960][root][INFO] - [26/150] train 89.486%/0.6559 | val 57.694%/6.1334
[2025-09-28 04:16:32,960][root][INFO] - Start epoch 27
[2025-09-28 04:22:57,716][root][INFO] - [27/150] train 89.717%/0.6504 | val 50.000%/184.2758
[2025-09-28 04:22:57,716][root][INFO] - Start epoch 28
[2025-09-28 04:29:22,973][root][INFO] - [28/150] train 89.786%/0.6442 | val 50.000%/67.5180
[2025-09-28 04:29:22,974][root][INFO] - Start epoch 29
[2025-09-28 04:35:47,929][root][INFO] - [29/150] train 90.122%/0.6283 | val 64.569%/3.4144
[2025-09-28 04:35:47,929][root][INFO] - Start epoch 30
[2025-09-28 04:42:11,836][root][INFO] - [30/150] train 90.326%/0.6182 | val 50.000%/346.1706
[2025-09-28 04:42:11,836][root][INFO] - Start epoch 31
[2025-09-28 04:48:37,069][root][INFO] - [31/150] train 90.535%/0.6048 | val 54.361%/5.8403
[2025-09-28 04:48:37,069][root][INFO] - Start epoch 32
[2025-09-28 04:55:01,617][root][INFO] - [32/150] train 90.507%/0.6041 | val 50.000%/88.5983
[2025-09-28 04:55:01,617][root][INFO] - Start epoch 33
[2025-09-28 05:01:26,097][root][INFO] - [33/150] train 90.668%/0.5999 | val 51.597%/8.2343
[2025-09-28 05:01:26,097][root][INFO] - Start epoch 34
[2025-09-28 05:07:50,812][root][INFO] - [34/150] train 90.470%/0.6085 | val 50.000%/146.8249
[2025-09-28 05:07:50,812][root][INFO] - Start epoch 35
[2025-09-28 05:14:16,925][root][INFO] - [35/150] train 90.882%/0.5863 | val 50.000%/105.6724
[2025-09-28 05:14:16,925][root][INFO] - Start epoch 36
[2025-09-28 05:20:41,203][root][INFO] - [36/150] train 90.833%/0.5866 | val 50.000%/140.1627
[2025-09-28 05:20:41,203][root][INFO] - Start epoch 37
[2025-09-28 05:27:05,549][root][INFO] - [37/150] train 91.201%/0.5626 | val 51.486%/9.4378
[2025-09-28 05:27:05,549][root][INFO] - Start epoch 38
[2025-09-28 05:33:29,411][root][INFO] - [38/150] train 91.028%/0.5667 | val 50.000%/137.7825
[2025-09-28 05:33:29,411][root][INFO] - Start epoch 39
[2025-09-28 05:39:53,822][root][INFO] - [39/150] train 91.194%/0.5647 | val 50.000%/65.1635
[2025-09-28 05:39:53,823][root][INFO] - Start epoch 40
[2025-09-28 05:46:17,997][root][INFO] - [40/150] train 91.309%/0.5551 | val 82.222%/1.2384
[2025-09-28 05:46:18,001][root][INFO] - Start epoch 41
[2025-09-28 05:52:42,525][root][INFO] - [41/150] train 91.352%/0.5535 | val 52.514%/8.7497
[2025-09-28 05:52:42,526][root][INFO] - Start epoch 42
[2025-09-28 05:59:06,294][root][INFO] - [42/150] train 91.587%/0.5421 | val 50.000%/28.9455
[2025-09-28 05:59:06,294][root][INFO] - Start epoch 43
[2025-09-28 06:05:30,813][root][INFO] - [43/150] train 91.533%/0.5447 | val 85.111%/0.8918
[2025-09-28 06:05:30,816][root][INFO] - Start epoch 44
[2025-09-28 06:11:55,359][root][INFO] - [44/150] train 91.740%/0.5360 | val 50.000%/142.3051
[2025-09-28 06:11:55,359][root][INFO] - Start epoch 45
[2025-09-28 06:18:21,335][root][INFO] - [45/150] train 91.932%/0.5198 | val 55.736%/6.7644
[2025-09-28 06:18:21,335][root][INFO] - Start epoch 46
[2025-09-28 06:24:44,779][root][INFO] - [46/150] train 91.898%/0.5226 | val 50.000%/34.3741
[2025-09-28 06:24:44,779][root][INFO] - Start epoch 47
[2025-09-28 06:31:09,234][root][INFO] - [47/150] train 91.915%/0.5222 | val 51.597%/10.2473
[2025-09-28 06:31:09,234][root][INFO] - Start epoch 48
[2025-09-28 06:37:33,698][root][INFO] - [48/150] train 91.689%/0.5300 | val 50.542%/14.1780
[2025-09-28 06:37:33,698][root][INFO] - Start epoch 49
[2025-09-28 06:43:58,468][root][INFO] - [49/150] train 92.111%/0.5157 | val 50.000%/50.7807
[2025-09-28 06:43:58,468][root][INFO] - Start epoch 50
[2025-09-28 06:50:23,455][root][INFO] - [50/150] train 92.314%/0.4999 | val 50.000%/85.5476
[2025-09-28 06:50:23,455][root][INFO] - Start epoch 51
[2025-09-28 06:56:47,180][root][INFO] - [51/150] train 91.885%/0.5194 | val 52.139%/9.4688
[2025-09-28 06:56:47,180][root][INFO] - Start epoch 52
[2025-09-28 07:03:13,500][root][INFO] - [52/150] train 92.085%/0.5099 | val 80.236%/1.1848
[2025-09-28 07:03:13,500][root][INFO] - Start epoch 53
[2025-09-28 07:09:38,930][root][INFO] - [53/150] train 92.089%/0.5137 | val 86.708%/0.7786
[2025-09-28 07:09:38,933][root][INFO] - Start epoch 54
[2025-09-28 07:16:04,638][root][INFO] - [54/150] train 92.024%/0.5072 | val 54.667%/6.5080
[2025-09-28 07:16:04,638][root][INFO] - Start epoch 55
[2025-09-28 07:22:29,016][root][INFO] - [55/150] train 92.458%/0.4904 | val 50.000%/37.4088
[2025-09-28 07:22:29,016][root][INFO] - Start epoch 56
[2025-09-28 07:28:54,037][root][INFO] - [56/150] train 92.472%/0.4882 | val 50.000%/59.6266
[2025-09-28 07:28:54,037][root][INFO] - Start epoch 57
[2025-09-28 07:35:18,313][root][INFO] - [57/150] train 92.701%/0.4736 | val 60.083%/4.6578
[2025-09-28 07:35:18,313][root][INFO] - Start epoch 58
[2025-09-28 07:41:43,815][root][INFO] - [58/150] train 92.439%/0.4889 | val 50.000%/136.7094
[2025-09-28 07:41:43,816][root][INFO] - Start epoch 59
[2025-09-28 07:48:07,324][root][INFO] - [59/150] train 92.769%/0.4744 | val 50.000%/68.0945
[2025-09-28 07:48:07,324][root][INFO] - Start epoch 60
[2025-09-28 07:54:31,557][root][INFO] - [60/150] train 92.627%/0.4762 | val 57.903%/5.5075
[2025-09-28 07:54:31,558][root][INFO] - Start epoch 61
[2025-09-28 08:00:56,791][root][INFO] - [61/150] train 92.517%/0.4782 | val 50.000%/95.2098
[2025-09-28 08:00:56,791][root][INFO] - Start epoch 62
[2025-09-28 08:07:21,330][root][INFO] - [62/150] train 92.885%/0.4645 | val 50.000%/59.0821
[2025-09-28 08:07:21,330][root][INFO] - Start epoch 63
[2025-09-28 08:13:46,332][root][INFO] - [63/150] train 92.814%/0.4641 | val 50.639%/18.1093
[2025-09-28 08:13:46,332][root][INFO] - Start epoch 64
[2025-09-28 08:20:09,879][root][INFO] - [64/150] train 92.901%/0.4668 | val 50.000%/79.4716
[2025-09-28 08:20:09,879][root][INFO] - Start epoch 65
[2025-09-28 08:26:35,134][root][INFO] - [65/150] train 93.012%/0.4597 | val 87.375%/0.7757
[2025-09-28 08:26:35,137][root][INFO] - Start epoch 66
[2025-09-28 08:33:00,302][root][INFO] - [66/150] train 92.920%/0.4593 | val 70.556%/2.3918
[2025-09-28 08:33:00,302][root][INFO] - Start epoch 67
[2025-09-28 08:39:26,357][root][INFO] - [67/150] train 93.144%/0.4514 | val 50.000%/80.0641
[2025-09-28 08:39:26,358][root][INFO] - Start epoch 68
[2025-09-28 08:45:50,675][root][INFO] - [68/150] train 93.240%/0.4475 | val 53.972%/8.4352
[2025-09-28 08:45:50,675][root][INFO] - Start epoch 69
[2025-09-28 08:52:15,621][root][INFO] - [69/150] train 93.113%/0.4513 | val 51.486%/9.2895
[2025-09-28 08:52:15,622][root][INFO] - Start epoch 70
[2025-09-28 08:58:41,162][root][INFO] - [70/150] train 93.297%/0.4410 | val 71.444%/2.0625
[2025-09-28 08:58:41,162][root][INFO] - Start epoch 71
[2025-09-28 09:05:06,487][root][INFO] - [71/150] train 93.160%/0.4463 | val 65.486%/3.3120
[2025-09-28 09:05:06,487][root][INFO] - Start epoch 72
[2025-09-28 09:11:31,177][root][INFO] - [72/150] train 93.399%/0.4339 | val 50.042%/21.6666
[2025-09-28 09:11:31,178][root][INFO] - Start epoch 73
[2025-09-28 09:17:56,499][root][INFO] - [73/150] train 93.443%/0.4343 | val 50.000%/77.8940
[2025-09-28 09:17:56,499][root][INFO] - Start epoch 74
[2025-09-28 09:24:21,224][root][INFO] - [74/150] train 93.151%/0.4416 | val 59.361%/4.8161
[2025-09-28 09:24:21,224][root][INFO] - Start epoch 75
[2025-09-28 09:30:45,450][root][INFO] - [75/150] train 93.373%/0.4360 | val 60.111%/4.6571
[2025-09-28 09:30:45,450][root][INFO] - Start epoch 76
[2025-09-28 09:37:08,551][root][INFO] - [76/150] train 93.651%/0.4244 | val 67.292%/2.8302
[2025-09-28 09:37:08,552][root][INFO] - Start epoch 77
[2025-09-28 09:43:33,184][root][INFO] - [77/150] train 93.517%/0.4278 | val 53.681%/8.2424
[2025-09-28 09:43:33,184][root][INFO] - Start epoch 78
[2025-09-28 09:49:58,669][root][INFO] - [78/150] train 93.712%/0.4135 | val 60.639%/4.5105
[2025-09-28 09:49:58,669][root][INFO] - Start epoch 79
[2025-09-28 09:56:23,486][root][INFO] - [79/150] train 93.668%/0.4192 | val 50.000%/30.9241
[2025-09-28 09:56:23,487][root][INFO] - Start epoch 80
[2025-09-28 10:02:49,901][root][INFO] - [80/150] train 93.849%/0.4101 | val 53.653%/7.8457
[2025-09-28 10:02:49,902][root][INFO] - Start epoch 81
[2025-09-28 10:09:15,410][root][INFO] - [81/150] train 93.764%/0.4132 | val 82.875%/1.0927
[2025-09-28 10:09:15,411][root][INFO] - Start epoch 82
[2025-09-28 10:15:41,274][root][INFO] - [82/150] train 93.969%/0.4025 | val 56.847%/5.9585
[2025-09-28 10:15:41,274][root][INFO] - Start epoch 83
[2025-09-28 10:22:06,273][root][INFO] - [83/150] train 93.866%/0.4060 | val 50.014%/29.9071
[2025-09-28 10:22:06,274][root][INFO] - Start epoch 84
[2025-09-28 10:28:31,073][root][INFO] - [84/150] train 93.896%/0.4098 | val 92.833%/0.4775
[2025-09-28 10:28:31,077][root][INFO] - Start epoch 85
[2025-09-28 10:34:55,399][root][INFO] - [85/150] train 94.040%/0.3948 | val 61.903%/3.7888
[2025-09-28 10:34:55,399][root][INFO] - Start epoch 86
[2025-09-28 10:41:20,429][root][INFO] - [86/150] train 94.175%/0.3936 | val 70.292%/2.3119
[2025-09-28 10:41:20,430][root][INFO] - Start epoch 87
[2025-09-28 10:47:44,878][root][INFO] - [87/150] train 94.200%/0.3887 | val 92.583%/0.4867
[2025-09-28 10:47:44,878][root][INFO] - Start epoch 88
[2025-09-28 10:54:10,422][root][INFO] - [88/150] train 94.111%/0.3928 | val 61.556%/4.5559
[2025-09-28 10:54:10,422][root][INFO] - Start epoch 89
[2025-09-28 11:00:35,259][root][INFO] - [89/150] train 94.260%/0.3848 | val 87.458%/0.8248
[2025-09-28 11:00:35,259][root][INFO] - Start epoch 90
[2025-09-28 11:07:00,721][root][INFO] - [90/150] train 94.161%/0.3878 | val 64.597%/3.3620
[2025-09-28 11:07:00,721][root][INFO] - Start epoch 91
[2025-09-28 11:13:24,493][root][INFO] - [91/150] train 94.198%/0.3866 | val 57.222%/6.4777
[2025-09-28 11:13:24,493][root][INFO] - Start epoch 92
[2025-09-28 11:19:50,206][root][INFO] - [92/150] train 94.260%/0.3844 | val 71.847%/2.1145
[2025-09-28 11:19:50,207][root][INFO] - Start epoch 93
[2025-09-28 11:26:14,971][root][INFO] - [93/150] train 94.295%/0.3842 | val 79.597%/1.3591
[2025-09-28 11:26:14,971][root][INFO] - Start epoch 94
[2025-09-28 11:32:39,991][root][INFO] - [94/150] train 94.231%/0.3879 | val 56.361%/8.4585
[2025-09-28 11:32:39,992][root][INFO] - Start epoch 95
[2025-09-28 11:39:04,400][root][INFO] - [95/150] train 94.215%/0.3835 | val 50.125%/18.9977
[2025-09-28 11:39:04,400][root][INFO] - Start epoch 96
[2025-09-28 11:45:30,538][root][INFO] - [96/150] train 94.389%/0.3738 | val 71.931%/2.1818
[2025-09-28 11:45:30,538][root][INFO] - Start epoch 97
[2025-09-28 11:51:54,963][root][INFO] - [97/150] train 94.464%/0.3723 | val 93.083%/0.4819
[2025-09-28 11:51:54,966][root][INFO] - Start epoch 98
[2025-09-28 11:58:19,357][root][INFO] - [98/150] train 94.651%/0.3664 | val 86.181%/0.8607
[2025-09-28 11:58:19,357][root][INFO] - Start epoch 99
[2025-09-28 12:04:44,401][root][INFO] - [99/150] train 94.514%/0.3686 | val 61.944%/4.2896
[2025-09-28 12:04:44,401][root][INFO] - Start epoch 100
[2025-09-28 12:11:09,300][root][INFO] - [100/150] train 94.677%/0.3644 | val 75.778%/1.7864
[2025-09-28 12:11:09,300][root][INFO] - Start epoch 101
[2025-09-28 12:17:34,685][root][INFO] - [101/150] train 94.616%/0.3645 | val 79.764%/1.3404
[2025-09-28 12:17:34,686][root][INFO] - Start epoch 102
[2025-09-28 12:24:00,083][root][INFO] - [102/150] train 94.684%/0.3597 | val 62.861%/4.1757
[2025-09-28 12:24:00,083][root][INFO] - Start epoch 103
[2025-09-28 12:30:24,349][root][INFO] - [103/150] train 94.781%/0.3574 | val 66.778%/2.8457
[2025-09-28 12:30:24,350][root][INFO] - Start epoch 104
[2025-09-28 12:36:48,861][root][INFO] - [104/150] train 94.646%/0.3610 | val 70.069%/2.5546
[2025-09-28 12:36:48,861][root][INFO] - Start epoch 105
[2025-09-28 12:43:13,467][root][INFO] - [105/150] train 94.635%/0.3590 | val 72.611%/2.1854
[2025-09-28 12:43:13,468][root][INFO] - Start epoch 106
[2025-09-28 12:49:38,331][root][INFO] - [106/150] train 94.688%/0.3553 | val 67.583%/2.9408
[2025-09-28 12:49:38,331][root][INFO] - Start epoch 107
[2025-09-28 12:56:03,247][root][INFO] - [107/150] train 94.778%/0.3533 | val 76.944%/1.7373
[2025-09-28 12:56:03,247][root][INFO] - Start epoch 108
[2025-09-28 13:02:28,490][root][INFO] - [108/150] train 94.849%/0.3510 | val 62.681%/4.2839
[2025-09-28 13:02:28,490][root][INFO] - Start epoch 109
[2025-09-28 13:08:53,917][root][INFO] - [109/150] train 94.934%/0.3494 | val 92.903%/0.4683
[2025-09-28 13:08:53,917][root][INFO] - Start epoch 110
[2025-09-28 13:15:18,145][root][INFO] - [110/150] train 94.990%/0.3458 | val 62.944%/3.9615
[2025-09-28 13:15:18,146][root][INFO] - Start epoch 111
[2025-09-28 13:21:43,613][root][INFO] - [111/150] train 94.854%/0.3505 | val 50.000%/37.8214
[2025-09-28 13:21:43,613][root][INFO] - Start epoch 112
[2025-09-28 13:28:09,124][root][INFO] - [112/150] train 94.965%/0.3457 | val 53.569%/9.0376
[2025-09-28 13:28:09,124][root][INFO] - Start epoch 113
[2025-09-28 13:34:33,934][root][INFO] - [113/150] train 94.955%/0.3417 | val 93.139%/0.4610
[2025-09-28 13:34:33,938][root][INFO] - Start epoch 114
[2025-09-28 13:40:58,376][root][INFO] - [114/150] train 94.988%/0.3403 | val 76.736%/1.6716
[2025-09-28 13:40:58,376][root][INFO] - Start epoch 115
[2025-09-28 13:47:23,431][root][INFO] - [115/150] train 94.955%/0.3424 | val 73.917%/2.0654
[2025-09-28 13:47:23,432][root][INFO] - Start epoch 116
[2025-09-28 13:53:48,071][root][INFO] - [116/150] train 95.047%/0.3387 | val 62.208%/4.4630
[2025-09-28 13:53:48,072][root][INFO] - Start epoch 117
[2025-09-28 14:00:13,410][root][INFO] - [117/150] train 95.059%/0.3334 | val 93.097%/0.4650
[2025-09-28 14:00:13,410][root][INFO] - Start epoch 118
[2025-09-28 14:06:37,724][root][INFO] - [118/150] train 94.903%/0.3499 | val 51.028%/13.7211
[2025-09-28 14:06:37,725][root][INFO] - Start epoch 119
[2025-09-28 14:13:03,000][root][INFO] - [119/150] train 95.028%/0.3356 | val 86.736%/0.8238
[2025-09-28 14:13:03,001][root][INFO] - Start epoch 120
[2025-09-28 14:19:28,319][root][INFO] - [120/150] train 95.179%/0.3301 | val 85.167%/0.9275
[2025-09-28 14:19:28,319][root][INFO] - Start epoch 121
[2025-09-28 14:25:53,207][root][INFO] - [121/150] train 95.271%/0.3300 | val 93.097%/0.4463
[2025-09-28 14:25:53,207][root][INFO] - Start epoch 122
[2025-09-28 14:32:18,716][root][INFO] - [122/150] train 95.102%/0.3320 | val 82.764%/1.0992
[2025-09-28 14:32:18,716][root][INFO] - Start epoch 123
[2025-09-28 14:38:43,826][root][INFO] - [123/150] train 95.219%/0.3316 | val 93.264%/0.4318
[2025-09-28 14:38:43,830][root][INFO] - Start epoch 124
[2025-09-28 14:45:09,434][root][INFO] - [124/150] train 95.168%/0.3286 | val 68.847%/2.8348
[2025-09-28 14:45:09,435][root][INFO] - Start epoch 125
[2025-09-28 14:51:33,479][root][INFO] - [125/150] train 95.229%/0.3284 | val 92.722%/0.4710
[2025-09-28 14:51:33,479][root][INFO] - Start epoch 126
[2025-09-28 14:57:58,097][root][INFO] - [126/150] train 95.259%/0.3262 | val 64.125%/3.8749
[2025-09-28 14:57:58,098][root][INFO] - Start epoch 127
[2025-09-28 15:04:22,639][root][INFO] - [127/150] train 95.375%/0.3252 | val 91.069%/0.5914
[2025-09-28 15:04:22,640][root][INFO] - Start epoch 128
[2025-09-28 15:10:48,154][root][INFO] - [128/150] train 95.266%/0.3232 | val 93.389%/0.4330
[2025-09-28 15:10:48,158][root][INFO] - Start epoch 129
[2025-09-28 15:17:12,925][root][INFO] - [129/150] train 95.292%/0.3248 | val 92.528%/0.4834
[2025-09-28 15:17:12,926][root][INFO] - Start epoch 130
[2025-09-28 15:23:38,138][root][INFO] - [130/150] train 95.200%/0.3231 | val 88.944%/0.7118
[2025-09-28 15:23:38,138][root][INFO] - Start epoch 131
[2025-09-28 15:30:03,966][root][INFO] - [131/150] train 95.326%/0.3209 | val 92.361%/0.5183
[2025-09-28 15:30:03,966][root][INFO] - Start epoch 132
[2025-09-28 15:36:29,607][root][INFO] - [132/150] train 95.406%/0.3177 | val 92.819%/0.4678
[2025-09-28 15:36:29,608][root][INFO] - Start epoch 133
[2025-09-28 15:42:55,095][root][INFO] - [133/150] train 95.417%/0.3179 | val 87.306%/0.7987
[2025-09-28 15:42:55,095][root][INFO] - Start epoch 134
[2025-09-28 15:49:19,695][root][INFO] - [134/150] train 95.368%/0.3195 | val 93.319%/0.4362
[2025-09-28 15:49:19,695][root][INFO] - Start epoch 135
[2025-09-28 15:55:44,298][root][INFO] - [135/150] train 95.387%/0.3209 | val 92.903%/0.4621
[2025-09-28 15:55:44,298][root][INFO] - Start epoch 136
[2025-09-28 16:02:08,702][root][INFO] - [136/150] train 95.424%/0.3188 | val 93.403%/0.4515
[2025-09-28 16:02:08,706][root][INFO] - Start epoch 137
[2025-09-28 16:08:33,469][root][INFO] - [137/150] train 95.453%/0.3178 | val 92.486%/0.4740
[2025-09-28 16:08:33,470][root][INFO] - Start epoch 138
[2025-09-28 16:14:58,173][root][INFO] - [138/150] train 95.391%/0.3174 | val 90.125%/0.6381
[2025-09-28 16:14:58,173][root][INFO] - Start epoch 139
[2025-09-28 16:21:22,621][root][INFO] - [139/150] train 95.469%/0.3172 | val 93.417%/0.4535
[2025-09-28 16:21:22,625][root][INFO] - Start epoch 140
[2025-09-28 16:27:46,931][root][INFO] - [140/150] train 95.451%/0.3184 | val 93.444%/0.4353
[2025-09-28 16:27:46,934][root][INFO] - Start epoch 141
[2025-09-28 16:34:11,487][root][INFO] - [141/150] train 95.450%/0.3150 | val 93.389%/0.4411
[2025-09-28 16:34:11,488][root][INFO] - Start epoch 142
[2025-09-28 16:40:36,028][root][INFO] - [142/150] train 95.493%/0.3153 | val 93.389%/0.4302
[2025-09-28 16:40:36,028][root][INFO] - Start epoch 143
[2025-09-28 16:47:01,599][root][INFO] - [143/150] train 95.592%/0.3100 | val 93.389%/0.4281
[2025-09-28 16:47:01,599][root][INFO] - Start epoch 144
[2025-09-28 16:53:26,280][root][INFO] - [144/150] train 95.519%/0.3145 | val 93.403%/0.4297
[2025-09-28 16:53:26,281][root][INFO] - Start epoch 145
[2025-09-28 16:59:51,986][root][INFO] - [145/150] train 95.549%/0.3156 | val 93.222%/0.4354
[2025-09-28 16:59:51,987][root][INFO] - Start epoch 146
[2025-09-28 17:06:15,469][root][INFO] - [146/150] train 95.446%/0.3153 | val 93.458%/0.4311
[2025-09-28 17:06:15,473][root][INFO] - Start epoch 147
[2025-09-28 17:12:39,442][root][INFO] - [147/150] train 95.479%/0.3135 | val 93.333%/0.4318
[2025-09-28 17:12:39,442][root][INFO] - Start epoch 148
[2025-09-28 17:19:04,809][root][INFO] - [148/150] train 95.439%/0.3146 | val 93.444%/0.4306
[2025-09-28 17:19:04,809][root][INFO] - Start epoch 149
[2025-09-28 17:25:31,399][root][INFO] - [149/150] train 95.512%/0.3141 | val 93.431%/0.4330
[2025-09-28 17:25:31,400][root][INFO] - Start epoch 150
[2025-09-28 17:31:56,876][root][INFO] - [150/150] train 95.460%/0.3135 | val 93.556%/0.4317
[2025-09-28 17:32:02,972][root][INFO] - 
[Test Evaluation]
[2025-09-28 17:32:02,972][root][INFO] -  Accuracy : 0.945
[2025-09-28 17:32:02,972][root][INFO] -  Precision: 0.948
[2025-09-28 17:32:02,973][root][INFO] -  Recall   : 0.943
[2025-09-28 17:32:02,973][root][INFO] -  F1       : 0.945
[2025-09-28 17:32:02,973][root][INFO] -  Auc      : 0.990
