[2025-09-26 08:38:17,099][root][INFO] - ORIGINAL CWD : /home/sota/research/sotaohnuma/coffee
[2025-09-26 08:38:17,099][root][INFO] - RUN CWD      : /home/sota/research/sotaohnuma/coffee/outputs/kd/cnn_student100/2025-09-26_08-38-17
[2025-09-26 08:38:18,236][root][INFO] - Start epoch 1
[2025-09-26 08:40:26,881][root][INFO] - [01/50] train 62.469%/1.5749 | val 60.597%/1.5118
[2025-09-26 08:40:26,884][root][INFO] - Start epoch 2
[2025-09-26 08:42:35,842][root][INFO] - [02/50] train 67.884%/1.4669 | val 71.528%/1.3211
[2025-09-26 08:42:35,846][root][INFO] - Start epoch 3
[2025-09-26 08:44:44,971][root][INFO] - [03/50] train 72.410%/1.3610 | val 73.750%/1.2591
[2025-09-26 08:44:44,974][root][INFO] - Start epoch 4
[2025-09-26 08:46:54,182][root][INFO] - [04/50] train 74.714%/1.2943 | val 51.417%/4.9880
[2025-09-26 08:46:54,183][root][INFO] - Start epoch 5
[2025-09-26 08:49:03,703][root][INFO] - [05/50] train 76.774%/1.2258 | val 58.667%/2.1708
[2025-09-26 08:49:03,703][root][INFO] - Start epoch 6
[2025-09-26 08:51:13,572][root][INFO] - [06/50] train 78.196%/1.1773 | val 54.014%/2.3769
[2025-09-26 08:51:13,572][root][INFO] - Start epoch 7
[2025-09-26 08:53:23,237][root][INFO] - [07/50] train 79.557%/1.1275 | val 50.000%/19.5719
[2025-09-26 08:53:23,237][root][INFO] - Start epoch 8
[2025-09-26 08:55:32,635][root][INFO] - [08/50] train 80.384%/1.0877 | val 50.028%/6.1509
[2025-09-26 08:55:32,635][root][INFO] - Start epoch 9
[2025-09-26 08:57:41,998][root][INFO] - [09/50] train 81.189%/1.0553 | val 61.583%/1.7907
[2025-09-26 08:57:41,998][root][INFO] - Start epoch 10
[2025-09-26 08:59:51,443][root][INFO] - [10/50] train 81.823%/1.0206 | val 50.000%/44.7763
[2025-09-26 08:59:51,443][root][INFO] - Start epoch 11
[2025-09-26 09:02:00,800][root][INFO] - [11/50] train 82.693%/0.9882 | val 58.458%/2.6346
[2025-09-26 09:02:00,800][root][INFO] - Start epoch 12
[2025-09-26 09:04:09,991][root][INFO] - [12/50] train 82.845%/0.9734 | val 50.000%/38.6319
[2025-09-26 09:04:09,991][root][INFO] - Start epoch 13
[2025-09-26 09:06:19,378][root][INFO] - [13/50] train 83.325%/0.9508 | val 51.000%/6.0002
[2025-09-26 09:06:19,378][root][INFO] - Start epoch 14
[2025-09-26 09:08:28,868][root][INFO] - [14/50] train 83.547%/0.9357 | val 50.000%/15.5634
[2025-09-26 09:08:28,868][root][INFO] - Start epoch 15
[2025-09-26 09:10:38,640][root][INFO] - [15/50] train 84.056%/0.9141 | val 50.000%/25.6170
[2025-09-26 09:10:38,640][root][INFO] - Start epoch 16
[2025-09-26 09:12:48,330][root][INFO] - [16/50] train 84.082%/0.9095 | val 57.583%/3.2424
[2025-09-26 09:12:48,330][root][INFO] - Start epoch 17
[2025-09-26 09:14:57,733][root][INFO] - [17/50] train 84.299%/0.8948 | val 74.264%/1.2111
[2025-09-26 09:14:57,737][root][INFO] - Start epoch 18
[2025-09-26 09:17:06,985][root][INFO] - [18/50] train 84.778%/0.8760 | val 50.000%/24.9290
[2025-09-26 09:17:06,985][root][INFO] - Start epoch 19
[2025-09-26 09:19:16,381][root][INFO] - [19/50] train 84.931%/0.8679 | val 50.000%/22.5633
[2025-09-26 09:19:16,381][root][INFO] - Start epoch 20
[2025-09-26 09:21:25,672][root][INFO] - [20/50] train 84.844%/0.8631 | val 50.042%/16.9614
[2025-09-26 09:21:25,672][root][INFO] - Start epoch 21
[2025-09-26 09:23:35,296][root][INFO] - [21/50] train 85.161%/0.8528 | val 62.694%/2.7808
[2025-09-26 09:23:35,296][root][INFO] - Start epoch 22
[2025-09-26 09:25:44,991][root][INFO] - [22/50] train 85.358%/0.8408 | val 50.347%/6.8146
[2025-09-26 09:25:44,992][root][INFO] - Start epoch 23
[2025-09-26 09:27:54,572][root][INFO] - [23/50] train 85.905%/0.8189 | val 51.222%/8.2971
[2025-09-26 09:27:54,572][root][INFO] - Start epoch 24
[2025-09-26 09:30:04,039][root][INFO] - [24/50] train 86.115%/0.8094 | val 66.444%/1.6098
[2025-09-26 09:30:04,040][root][INFO] - Start epoch 25
[2025-09-26 09:32:13,532][root][INFO] - [25/50] train 86.109%/0.8107 | val 50.000%/18.6222
[2025-09-26 09:32:13,532][root][INFO] - Start epoch 26
[2025-09-26 09:34:22,811][root][INFO] - [26/50] train 86.123%/0.7998 | val 51.194%/5.4575
[2025-09-26 09:34:22,811][root][INFO] - Start epoch 27
[2025-09-26 09:36:32,145][root][INFO] - [27/50] train 86.325%/0.7918 | val 50.000%/15.6348
[2025-09-26 09:36:32,145][root][INFO] - Start epoch 28
[2025-09-26 09:38:41,519][root][INFO] - [28/50] train 86.509%/0.7843 | val 50.000%/30.2830
[2025-09-26 09:38:41,519][root][INFO] - Start epoch 29
[2025-09-26 09:40:51,130][root][INFO] - [29/50] train 86.599%/0.7771 | val 83.208%/0.8453
[2025-09-26 09:40:51,133][root][INFO] - Start epoch 30
[2025-09-26 09:43:00,809][root][INFO] - [30/50] train 86.564%/0.7809 | val 83.194%/0.8413
[2025-09-26 09:43:00,809][root][INFO] - Start epoch 31
[2025-09-26 09:45:10,048][root][INFO] - [31/50] train 86.974%/0.7610 | val 51.569%/5.8212
[2025-09-26 09:45:10,048][root][INFO] - Start epoch 32
[2025-09-26 09:47:19,485][root][INFO] - [32/50] train 86.870%/0.7660 | val 50.236%/9.6669
[2025-09-26 09:47:19,485][root][INFO] - Start epoch 33
[2025-09-26 09:49:28,716][root][INFO] - [33/50] train 87.219%/0.7499 | val 50.000%/27.8953
[2025-09-26 09:49:28,716][root][INFO] - Start epoch 34
[2025-09-26 09:51:38,088][root][INFO] - [34/50] train 87.155%/0.7497 | val 66.236%/1.8080
[2025-09-26 09:51:38,088][root][INFO] - Start epoch 35
[2025-09-26 09:53:47,208][root][INFO] - [35/50] train 87.349%/0.7421 | val 50.000%/29.7700
[2025-09-26 09:53:47,209][root][INFO] - Start epoch 36
[2025-09-26 09:55:56,590][root][INFO] - [36/50] train 87.446%/0.7342 | val 50.000%/61.6842
[2025-09-26 09:55:56,590][root][INFO] - Start epoch 37
[2025-09-26 09:58:06,065][root][INFO] - [37/50] train 87.675%/0.7248 | val 50.153%/8.7783
[2025-09-26 09:58:06,065][root][INFO] - Start epoch 38
[2025-09-26 10:00:15,646][root][INFO] - [38/50] train 87.523%/0.7260 | val 50.000%/63.5018
[2025-09-26 10:00:15,646][root][INFO] - Start epoch 39
[2025-09-26 10:02:25,350][root][INFO] - [39/50] train 87.786%/0.7167 | val 50.000%/82.4390
[2025-09-26 10:02:25,350][root][INFO] - Start epoch 40
[2025-09-26 10:04:34,645][root][INFO] - [40/50] train 87.915%/0.7158 | val 68.806%/1.6895
[2025-09-26 10:04:34,645][root][INFO] - Start epoch 41
[2025-09-26 10:06:44,087][root][INFO] - [41/50] train 88.186%/0.7079 | val 89.500%/0.5841
[2025-09-26 10:06:44,090][root][INFO] - Start epoch 42
[2025-09-26 10:08:53,395][root][INFO] - [42/50] train 88.094%/0.7027 | val 50.431%/12.3463
[2025-09-26 10:08:53,395][root][INFO] - Start epoch 43
[2025-09-26 10:11:02,944][root][INFO] - [43/50] train 88.104%/0.7010 | val 50.319%/14.9934
[2025-09-26 10:11:02,944][root][INFO] - Start epoch 44
[2025-09-26 10:13:12,857][root][INFO] - [44/50] train 88.238%/0.6960 | val 50.000%/52.4354
[2025-09-26 10:13:12,857][root][INFO] - Start epoch 45
[2025-09-26 10:15:22,630][root][INFO] - [45/50] train 88.075%/0.7031 | val 50.028%/19.1056
[2025-09-26 10:15:22,631][root][INFO] - Start epoch 46
[2025-09-26 10:17:32,047][root][INFO] - [46/50] train 88.361%/0.6882 | val 50.014%/11.6758
[2025-09-26 10:17:32,047][root][INFO] - Start epoch 47
[2025-09-26 10:19:41,547][root][INFO] - [47/50] train 88.455%/0.6823 | val 50.000%/30.2377
[2025-09-26 10:19:41,547][root][INFO] - Start epoch 48
[2025-09-26 10:21:51,062][root][INFO] - [48/50] train 88.476%/0.6813 | val 50.000%/66.1386
[2025-09-26 10:21:51,062][root][INFO] - Start epoch 49
[2025-09-26 10:24:00,392][root][INFO] - [49/50] train 88.582%/0.6735 | val 50.000%/22.4470
[2025-09-26 10:24:00,392][root][INFO] - Start epoch 50
[2025-09-26 10:26:09,773][root][INFO] - [50/50] train 88.656%/0.6758 | val 50.000%/76.4013
[2025-09-26 10:26:16,649][root][INFO] - 
[Test Evaluation]
[2025-09-26 10:26:16,649][root][INFO] -  Accuracy : 0.889
[2025-09-26 10:26:16,649][root][INFO] -  Precision: 0.889
[2025-09-26 10:26:16,649][root][INFO] -  Recall   : 0.889
[2025-09-26 10:26:16,649][root][INFO] -  F1       : 0.889
[2025-09-26 10:26:16,649][root][INFO] -  Auc      : 0.960
