[2025-09-22 04:53:32,964][root][INFO] - ORIGINAL CWD : /home/sota/research/sotaohnuma/coffee
[2025-09-22 04:53:32,964][root][INFO] - RUN CWD      : /home/sota/research/sotaohnuma/coffee/outputs/bean_224/mobilenetv2_050_np/base/2025-09-22_04-53-32
[2025-09-22 04:53:32,965][root][INFO] - batch: 256, 
 {'batch_size': 256, '_target_': 'models.mobilenetv2_050_np.mobilenetv2_050_np', 'lr': 0.0001, 'weight_decay': 0.00012}
[2025-09-22 04:53:32,965][root][INFO] - lr: 0.0001, 
 {'_target_': 'models.mobilenetv2_050_np.mobilenetv2_050_np', 'lr': 0.0001, 'weight_decay': 0.00012}
[2025-09-22 04:53:32,965][root][INFO] - weight_decay: 0.00012, 
 {'_target_': 'models.mobilenetv2_050_np.mobilenetv2_050_np', 'weight_decay': 0.00012}
[2025-09-22 04:53:33,733][root][INFO] - Start loading train data
[2025-09-22 04:53:33,853][root][INFO] - Start loading val data
[2025-09-22 04:53:33,867][root][INFO] - Start loading test data
[2025-09-22 04:53:34,072][root][INFO] - Finished DataLoader setup
[2025-09-22 04:53:34,073][root][INFO] - Start: 0
[2025-09-22 04:55:13,067][root][INFO] - [01/100] train 51.644%/1.2075 | val 52.972%/0.9168
[2025-09-22 04:55:13,100][root][INFO] - Start: 1
[2025-09-22 04:56:51,890][root][INFO] - [02/100] train 55.120%/0.7957 | val 55.222%/0.7631
[2025-09-22 04:56:51,925][root][INFO] - Start: 2
[2025-09-22 04:58:30,416][root][INFO] - [03/100] train 56.767%/0.7314 | val 56.708%/0.7318
[2025-09-22 04:58:30,483][root][INFO] - Start: 3
[2025-09-22 05:00:09,068][root][INFO] - [04/100] train 58.497%/0.7080 | val 57.556%/0.7151
[2025-09-22 05:00:09,102][root][INFO] - Start: 4
[2025-09-22 05:01:47,716][root][INFO] - [05/100] train 58.858%/0.7008 | val 58.264%/0.7046
[2025-09-22 05:01:47,750][root][INFO] - Start: 5
[2025-09-22 05:03:26,325][root][INFO] - [06/100] train 59.955%/0.6873 | val 53.472%/0.7488
[2025-09-22 05:03:26,325][root][INFO] - Start: 6
[2025-09-22 05:05:04,647][root][INFO] - [07/100] train 60.330%/0.6837 | val 53.361%/0.7714
[2025-09-22 05:05:04,648][root][INFO] - Start: 7
[2025-09-22 05:06:43,542][root][INFO] - [08/100] train 61.276%/0.6723 | val 53.764%/0.7579
[2025-09-22 05:06:43,542][root][INFO] - Start: 8
[2025-09-22 05:08:22,117][root][INFO] - [09/100] train 61.951%/0.6632 | val 61.542%/0.6623
[2025-09-22 05:08:22,154][root][INFO] - Start: 9
[2025-09-22 05:10:00,532][root][INFO] - [10/100] train 62.573%/0.6581 | val 58.583%/0.6806
[2025-09-22 05:10:00,532][root][INFO] - Start: 10
[2025-09-22 05:11:39,391][root][INFO] - [11/100] train 63.821%/0.6442 | val 59.417%/0.6772
[2025-09-22 05:11:39,392][root][INFO] - Start: 11
[2025-09-22 05:13:17,872][root][INFO] - [12/100] train 64.830%/0.6278 | val 60.264%/0.6644
[2025-09-22 05:13:17,873][root][INFO] - Start: 12
[2025-09-22 05:14:56,950][root][INFO] - [13/100] train 64.043%/0.6383 | val 62.750%/0.6530
[2025-09-22 05:14:56,985][root][INFO] - Start: 13
[2025-09-22 05:16:35,731][root][INFO] - [14/100] train 64.495%/0.6301 | val 56.611%/0.6945
[2025-09-22 05:16:35,732][root][INFO] - Start: 14
[2025-09-22 05:18:15,270][root][INFO] - [15/100] train 65.472%/0.6190 | val 59.639%/0.6728
[2025-09-22 05:18:15,270][root][INFO] - Start: 15
[2025-09-22 05:19:55,263][root][INFO] - [16/100] train 66.523%/0.6064 | val 60.833%/0.6477
[2025-09-22 05:19:55,263][root][INFO] - Start: 16
[2025-09-22 05:21:34,566][root][INFO] - [17/100] train 67.608%/0.5939 | val 64.875%/0.6301
[2025-09-22 05:21:34,601][root][INFO] - Start: 17
[2025-09-22 05:23:13,890][root][INFO] - [18/100] train 67.896%/0.5894 | val 64.042%/0.6200
[2025-09-22 05:23:13,890][root][INFO] - Start: 18
[2025-09-22 05:24:53,267][root][INFO] - [19/100] train 67.583%/0.5916 | val 65.778%/0.6143
[2025-09-22 05:24:53,303][root][INFO] - Start: 19
[2025-09-22 05:26:32,749][root][INFO] - [20/100] train 68.384%/0.5822 | val 63.819%/0.6329
[2025-09-22 05:26:32,749][root][INFO] - Start: 20
[2025-09-22 05:28:12,361][root][INFO] - [21/100] train 69.227%/0.5731 | val 68.208%/0.5960
[2025-09-22 05:28:12,395][root][INFO] - Start: 21
[2025-09-22 05:29:52,185][root][INFO] - [22/100] train 70.472%/0.5578 | val 67.389%/0.6119
[2025-09-22 05:29:52,185][root][INFO] - Start: 22
[2025-09-22 05:31:32,003][root][INFO] - [23/100] train 70.552%/0.5578 | val 69.569%/0.5740
[2025-09-22 05:31:32,037][root][INFO] - Start: 23
[2025-09-22 05:33:11,640][root][INFO] - [24/100] train 71.422%/0.5446 | val 71.194%/0.5685
[2025-09-22 05:33:11,681][root][INFO] - Start: 24
[2025-09-22 05:34:51,009][root][INFO] - [25/100] train 73.054%/0.5270 | val 72.944%/0.5532
[2025-09-22 05:34:51,044][root][INFO] - Start: 25
[2025-09-22 05:36:30,560][root][INFO] - [26/100] train 73.583%/0.5163 | val 73.958%/0.5215
[2025-09-22 05:36:30,614][root][INFO] - Start: 26
[2025-09-22 05:38:10,127][root][INFO] - [27/100] train 75.495%/0.4920 | val 71.944%/0.5568
[2025-09-22 05:38:10,127][root][INFO] - Start: 27
[2025-09-22 05:39:49,335][root][INFO] - [28/100] train 76.925%/0.4725 | val 74.028%/0.5326
[2025-09-22 05:39:49,375][root][INFO] - Start: 28
[2025-09-22 05:41:29,375][root][INFO] - [29/100] train 78.507%/0.4477 | val 70.958%/0.6107
[2025-09-22 05:41:29,376][root][INFO] - Start: 29
[2025-09-22 05:43:08,419][root][INFO] - [30/100] train 79.995%/0.4248 | val 66.153%/0.7574
[2025-09-22 05:43:08,420][root][INFO] - Start: 30
[2025-09-22 05:44:47,453][root][INFO] - [31/100] train 81.365%/0.4011 | val 71.069%/0.6540
[2025-09-22 05:44:47,454][root][INFO] - Start: 31
[2025-09-22 05:46:27,039][root][INFO] - [32/100] train 82.790%/0.3760 | val 66.389%/0.8111
[2025-09-22 05:46:27,040][root][INFO] - Start: 32
[2025-09-22 05:48:06,235][root][INFO] - [33/100] train 84.804%/0.3432 | val 68.375%/0.8494
[2025-09-22 05:48:06,236][root][INFO] - Start: 33
[2025-09-22 05:49:45,604][root][INFO] - [34/100] train 86.031%/0.3193 | val 71.306%/0.7037
[2025-09-22 05:49:45,604][root][INFO] - Start: 34
[2025-09-22 05:51:25,023][root][INFO] - [35/100] train 87.951%/0.2850 | val 73.097%/0.6491
[2025-09-22 05:51:25,023][root][INFO] - Start: 35
[2025-09-22 05:53:04,358][root][INFO] - [36/100] train 89.601%/0.2554 | val 69.236%/0.8812
[2025-09-22 05:53:04,358][root][INFO] - Start: 36
[2025-09-22 05:54:43,525][root][INFO] - [37/100] train 90.953%/0.2243 | val 76.208%/0.5904
[2025-09-22 05:54:43,579][root][INFO] - Start: 37
[2025-09-22 05:56:23,421][root][INFO] - [38/100] train 92.392%/0.1977 | val 70.264%/0.9840
[2025-09-22 05:56:23,421][root][INFO] - Start: 38
[2025-09-22 05:58:02,711][root][INFO] - [39/100] train 93.698%/0.1672 | val 72.569%/0.9039
[2025-09-22 05:58:02,711][root][INFO] - Start: 39
[2025-09-22 05:59:41,947][root][INFO] - [40/100] train 94.868%/0.1410 | val 71.236%/1.0227
[2025-09-22 05:59:41,948][root][INFO] - Start: 40
[2025-09-22 06:01:21,429][root][INFO] - [41/100] train 95.988%/0.1179 | val 69.333%/1.2164
[2025-09-22 06:01:21,429][root][INFO] - Start: 41
[2025-09-22 06:03:01,048][root][INFO] - [42/100] train 96.800%/0.0979 | val 71.667%/1.1337
[2025-09-22 06:03:01,049][root][INFO] - Start: 42
[2025-09-22 06:04:40,031][root][INFO] - [43/100] train 97.479%/0.0807 | val 69.375%/1.6731
[2025-09-22 06:04:40,032][root][INFO] - Start: 43
[2025-09-22 06:06:20,783][root][INFO] - [44/100] train 97.740%/0.0720 | val 72.569%/1.3739
[2025-09-22 06:06:20,783][root][INFO] - Start: 44
[2025-09-22 06:08:00,190][root][INFO] - [45/100] train 98.127%/0.0600 | val 74.167%/1.0002
[2025-09-22 06:08:00,190][root][INFO] - Start: 45
[2025-09-22 06:09:39,421][root][INFO] - [46/100] train 98.281%/0.0561 | val 75.556%/0.9237
[2025-09-22 06:09:39,421][root][INFO] - Start: 46
[2025-09-22 06:11:19,148][root][INFO] - [47/100] train 98.720%/0.0454 | val 73.472%/1.2566
[2025-09-22 06:11:19,148][root][INFO] - Start: 47
[2025-09-22 06:12:58,901][root][INFO] - [48/100] train 98.760%/0.0412 | val 67.264%/2.4486
[2025-09-22 06:12:58,901][root][INFO] - Start: 48
[2025-09-22 06:14:37,812][root][INFO] - [49/100] train 98.972%/0.0353 | val 75.667%/1.0498
[2025-09-22 06:14:37,812][root][INFO] - Start: 49
[2025-09-22 06:16:17,727][root][INFO] - [50/100] train 99.038%/0.0340 | val 72.514%/1.7183
[2025-09-22 06:16:17,727][root][INFO] - Start: 50
[2025-09-22 06:17:57,548][root][INFO] - [51/100] train 99.094%/0.0304 | val 73.778%/1.5591
[2025-09-22 06:17:57,548][root][INFO] - Start: 51
[2025-09-22 06:19:36,721][root][INFO] - [52/100] train 99.135%/0.0299 | val 75.056%/1.1305
[2025-09-22 06:19:36,721][root][INFO] - Start: 52
[2025-09-22 06:21:16,041][root][INFO] - [53/100] train 99.193%/0.0286 | val 71.681%/1.9723
[2025-09-22 06:21:16,041][root][INFO] - Start: 53
[2025-09-22 06:22:55,894][root][INFO] - [54/100] train 99.274%/0.0246 | val 67.861%/2.6562
[2025-09-22 06:22:55,894][root][INFO] - Start: 54
[2025-09-22 06:24:35,470][root][INFO] - [55/100] train 99.332%/0.0238 | val 75.472%/1.2187
[2025-09-22 06:24:35,470][root][INFO] - Start: 55
[2025-09-22 06:26:14,081][root][INFO] - [56/100] train 99.351%/0.0223 | val 71.847%/2.1132
[2025-09-22 06:26:14,081][root][INFO] - Start: 56
[2025-09-22 06:27:53,400][root][INFO] - [57/100] train 99.510%/0.0183 | val 77.486%/1.1780
[2025-09-22 06:27:53,438][root][INFO] - Start: 57
[2025-09-22 06:29:33,079][root][INFO] - [58/100] train 99.578%/0.0161 | val 75.931%/1.2898
[2025-09-22 06:29:33,079][root][INFO] - Start: 58
[2025-09-22 06:31:13,376][root][INFO] - [59/100] train 99.451%/0.0184 | val 74.236%/1.9172
[2025-09-22 06:31:13,376][root][INFO] - Start: 59
[2025-09-22 06:32:53,770][root][INFO] - [60/100] train 99.517%/0.0172 | val 74.944%/1.5515
[2025-09-22 06:32:53,771][root][INFO] - Start: 60
[2025-09-22 06:34:33,985][root][INFO] - [61/100] train 99.557%/0.0148 | val 71.708%/2.2627
[2025-09-22 06:34:33,986][root][INFO] - Start: 61
[2025-09-22 06:36:13,947][root][INFO] - [62/100] train 99.696%/0.0129 | val 74.722%/1.3484
[2025-09-22 06:36:13,948][root][INFO] - Start: 62
[2025-09-22 06:37:54,310][root][INFO] - [63/100] train 99.616%/0.0138 | val 75.264%/1.5353
[2025-09-22 06:37:54,310][root][INFO] - Start: 63
[2025-09-22 06:39:34,933][root][INFO] - [64/100] train 99.601%/0.0139 | val 72.236%/2.2623
[2025-09-22 06:39:34,933][root][INFO] - Start: 64
[2025-09-22 06:41:15,035][root][INFO] - [65/100] train 99.582%/0.0140 | val 70.389%/2.6345
[2025-09-22 06:41:15,035][root][INFO] - Start: 65
[2025-09-22 06:42:55,683][root][INFO] - [66/100] train 99.720%/0.0108 | val 76.708%/1.5090
[2025-09-22 06:42:55,683][root][INFO] - Start: 66
[2025-09-22 06:44:35,594][root][INFO] - [67/100] train 99.802%/0.0085 | val 76.903%/1.3714
[2025-09-22 06:44:35,594][root][INFO] - Start: 67
[2025-09-22 06:46:15,692][root][INFO] - [68/100] train 99.823%/0.0078 | val 74.986%/1.4209
[2025-09-22 06:46:15,692][root][INFO] - Start: 68
[2025-09-22 06:47:55,754][root][INFO] - [69/100] train 99.755%/0.0099 | val 75.917%/1.3941
[2025-09-22 06:47:55,754][root][INFO] - Start: 69
[2025-09-22 06:49:36,090][root][INFO] - [70/100] train 99.762%/0.0090 | val 68.194%/3.2668
[2025-09-22 06:49:36,090][root][INFO] - Start: 70
[2025-09-22 06:51:16,821][root][INFO] - [71/100] train 99.856%/0.0067 | val 77.306%/1.4457
[2025-09-22 06:51:16,821][root][INFO] - Start: 71
[2025-09-22 06:52:56,447][root][INFO] - [72/100] train 99.797%/0.0074 | val 76.764%/1.3873
[2025-09-22 06:52:56,447][root][INFO] - Start: 72
[2025-09-22 06:54:36,662][root][INFO] - [73/100] train 99.839%/0.0064 | val 77.097%/1.4209
[2025-09-22 06:54:36,662][root][INFO] - Start: 73
[2025-09-22 06:56:16,410][root][INFO] - [74/100] train 99.849%/0.0065 | val 73.389%/2.1189
[2025-09-22 06:56:16,410][root][INFO] - Start: 74
[2025-09-22 06:57:56,019][root][INFO] - [75/100] train 99.832%/0.0067 | val 76.458%/1.5134
[2025-09-22 06:57:56,019][root][INFO] - Start: 75
[2025-09-22 06:59:35,757][root][INFO] - [76/100] train 99.892%/0.0049 | val 76.528%/1.5217
[2025-09-22 06:59:35,757][root][INFO] - Start: 76
[2025-09-22 07:01:15,261][root][INFO] - [77/100] train 99.878%/0.0051 | val 71.847%/2.5746
[2025-09-22 07:01:15,261][root][INFO] - Start: 77
[2025-09-22 07:02:55,539][root][INFO] - [78/100] train 99.839%/0.0062 | val 76.917%/1.4971
[2025-09-22 07:02:55,539][root][INFO] - Start: 78
[2025-09-22 07:04:35,370][root][INFO] - [79/100] train 99.908%/0.0044 | val 77.542%/1.4001
[2025-09-22 07:04:35,404][root][INFO] - Start: 79
[2025-09-22 07:06:15,296][root][INFO] - [80/100] train 99.905%/0.0042 | val 76.361%/1.6686
[2025-09-22 07:06:15,297][root][INFO] - Start: 80
[2025-09-22 07:07:55,442][root][INFO] - [81/100] train 99.925%/0.0040 | val 76.361%/1.6605
[2025-09-22 07:07:55,442][root][INFO] - Start: 81
[2025-09-22 07:09:35,394][root][INFO] - [82/100] train 99.934%/0.0033 | val 76.750%/1.4678
[2025-09-22 07:09:35,394][root][INFO] - Start: 82
[2025-09-22 07:11:14,831][root][INFO] - [83/100] train 99.917%/0.0038 | val 76.972%/1.4585
[2025-09-22 07:11:14,831][root][INFO] - Start: 83
[2025-09-22 07:12:55,002][root][INFO] - [84/100] train 99.882%/0.0048 | val 77.597%/1.4543
[2025-09-22 07:12:55,038][root][INFO] - Start: 84
[2025-09-22 07:14:35,198][root][INFO] - [85/100] train 99.951%/0.0029 | val 76.819%/1.4626
[2025-09-22 07:14:35,199][root][INFO] - Start: 85
[2025-09-22 07:16:15,378][root][INFO] - [86/100] train 99.936%/0.0030 | val 76.736%/1.6307
[2025-09-22 07:16:15,379][root][INFO] - Start: 86
[2025-09-22 07:17:55,103][root][INFO] - [87/100] train 99.939%/0.0034 | val 76.569%/1.5882
[2025-09-22 07:17:55,103][root][INFO] - Start: 87
[2025-09-22 07:19:35,157][root][INFO] - [88/100] train 99.901%/0.0041 | val 76.417%/1.4991
[2025-09-22 07:19:35,157][root][INFO] - Start: 88
[2025-09-22 07:21:14,936][root][INFO] - [89/100] train 99.951%/0.0027 | val 76.972%/1.4553
[2025-09-22 07:21:14,937][root][INFO] - Start: 89
[2025-09-22 07:22:54,596][root][INFO] - [90/100] train 99.938%/0.0030 | val 77.556%/1.4931
[2025-09-22 07:22:54,596][root][INFO] - Start: 90
[2025-09-22 07:24:33,682][root][INFO] - [91/100] train 99.979%/0.0019 | val 77.500%/1.5349
[2025-09-22 07:24:33,683][root][INFO] - Start: 91
[2025-09-22 07:26:13,042][root][INFO] - [92/100] train 99.946%/0.0027 | val 77.222%/1.4722
[2025-09-22 07:26:13,042][root][INFO] - Start: 92
[2025-09-22 07:27:52,726][root][INFO] - [93/100] train 99.962%/0.0022 | val 77.500%/1.4730
[2025-09-22 07:27:52,726][root][INFO] - Start: 93
[2025-09-22 07:29:31,380][root][INFO] - [94/100] train 99.944%/0.0029 | val 77.069%/1.4726
[2025-09-22 07:29:31,380][root][INFO] - Start: 94
[2025-09-22 07:31:09,982][root][INFO] - [95/100] train 99.943%/0.0028 | val 77.667%/1.4874
[2025-09-22 07:31:10,017][root][INFO] - Start: 95
[2025-09-22 07:32:48,857][root][INFO] - [96/100] train 99.976%/0.0020 | val 77.347%/1.4759
[2025-09-22 07:32:48,857][root][INFO] - Start: 96
[2025-09-22 07:34:27,863][root][INFO] - [97/100] train 99.981%/0.0019 | val 76.986%/1.4804
[2025-09-22 07:34:27,863][root][INFO] - Start: 97
[2025-09-22 07:36:06,747][root][INFO] - [98/100] train 99.964%/0.0023 | val 77.236%/1.4703
[2025-09-22 07:36:06,747][root][INFO] - Start: 98
[2025-09-22 07:37:46,006][root][INFO] - [99/100] train 99.953%/0.0024 | val 77.069%/1.4684
[2025-09-22 07:37:46,007][root][INFO] - Start: 99
[2025-09-22 07:39:24,835][root][INFO] - [100/100] train 99.953%/0.0025 | val 76.861%/1.4741
[2025-09-22 07:39:30,531][root][INFO] - 
[Test Evaluation]
[2025-09-22 07:39:30,531][root][INFO] -  Accuracy : 0.781
[2025-09-22 07:39:30,531][root][INFO] -  Precision: 0.788
[2025-09-22 07:39:30,531][root][INFO] -  Recall   : 0.769
[2025-09-22 07:39:30,531][root][INFO] -  F1       : 0.779
[2025-09-22 07:39:30,531][root][INFO] -  Auc      : 0.861
