[2025-08-25 04:12:32,310][root][INFO] - ORIGINAL CWD : /home/sota/research/sotaohnuma/coffee
[2025-08-25 04:12:32,310][root][INFO] - RUN CWD      : /home/sota/research/sotaohnuma/coffee/outputs/bean_224/cnn224/base/2025-08-25_04-12-32
[2025-08-25 04:12:32,311][root][INFO] - batch: 800, 
 {'_target_': 'models.cnn_224.CNN224', 'batch_size': 800, 'lr': 0.00066, 'weight_decay': 0.00093}
[2025-08-25 04:12:32,311][root][INFO] - lr: 0.00066, 
 {'_target_': 'models.cnn_224.CNN224', 'lr': 0.00066, 'weight_decay': 0.00093}
[2025-08-25 04:12:32,311][root][INFO] - weight_decay: 0.00093, 
 {'_target_': 'models.cnn_224.CNN224', 'weight_decay': 0.00093}
[2025-08-25 04:12:33,013][root][INFO] - Start loading train data
[2025-08-25 04:12:33,355][root][INFO] - Start loading val data
[2025-08-25 04:12:33,394][root][INFO] - Start loading test data
[2025-08-25 04:12:33,428][root][INFO] - Finished DataLoader setup
[2025-08-25 04:12:33,428][root][INFO] - Start: 0
[2025-08-25 04:15:50,156][root][INFO] - [01/100] train 63.417%/0.6399 | val 67.931%/0.5827
[2025-08-25 04:15:50,246][root][INFO] - Start: 1
[2025-08-25 04:17:02,840][root][INFO] - [02/100] train 69.135%/0.5808 | val 69.972%/0.5622
[2025-08-25 04:17:03,498][root][INFO] - Start: 2
[2025-08-25 04:18:13,400][root][INFO] - [03/100] train 71.635%/0.5518 | val 77.069%/0.4963
[2025-08-25 04:18:14,092][root][INFO] - Start: 3
[2025-08-25 04:19:27,233][root][INFO] - [04/100] train 74.361%/0.5167 | val 78.708%/0.4526
[2025-08-25 04:19:27,858][root][INFO] - Start: 4
[2025-08-25 04:20:41,772][root][INFO] - [05/100] train 76.179%/0.4869 | val 82.167%/0.4006
[2025-08-25 04:20:42,407][root][INFO] - Start: 5
[2025-08-25 04:21:52,820][root][INFO] - [06/100] train 79.068%/0.4394 | val 84.667%/0.3580
[2025-08-25 04:21:53,407][root][INFO] - Start: 6
[2025-08-25 04:22:58,933][root][INFO] - [07/100] train 82.252%/0.3899 | val 85.861%/0.3314
[2025-08-25 04:22:59,531][root][INFO] - Start: 7
[2025-08-25 04:24:09,786][root][INFO] - [08/100] train 84.123%/0.3564 | val 87.708%/0.3068
[2025-08-25 04:24:10,385][root][INFO] - Start: 8
[2025-08-25 04:25:20,544][root][INFO] - [09/100] train 86.352%/0.3167 | val 86.389%/0.3240
[2025-08-25 04:25:20,544][root][INFO] - Start: 9
[2025-08-25 04:26:36,348][root][INFO] - [10/100] train 87.571%/0.2896 | val 88.986%/0.2822
[2025-08-25 04:26:36,929][root][INFO] - Start: 10
[2025-08-25 04:27:49,593][root][INFO] - [11/100] train 89.693%/0.2465 | val 90.431%/0.2499
[2025-08-25 04:27:50,204][root][INFO] - Start: 11
[2025-08-25 04:29:04,469][root][INFO] - [12/100] train 90.877%/0.2220 | val 90.222%/0.2540
[2025-08-25 04:29:04,470][root][INFO] - Start: 12
[2025-08-25 04:30:14,665][root][INFO] - [13/100] train 92.104%/0.1927 | val 89.472%/0.2665
[2025-08-25 04:30:14,665][root][INFO] - Start: 13
[2025-08-25 04:31:23,928][root][INFO] - [14/100] train 93.938%/0.1548 | val 91.389%/0.2361
[2025-08-25 04:31:24,554][root][INFO] - Start: 14
[2025-08-25 04:32:39,760][root][INFO] - [15/100] train 94.326%/0.1447 | val 91.833%/0.2319
[2025-08-25 04:32:40,343][root][INFO] - Start: 15
[2025-08-25 04:33:50,154][root][INFO] - [16/100] train 95.224%/0.1255 | val 91.208%/0.2542
[2025-08-25 04:33:50,154][root][INFO] - Start: 16
[2025-08-25 04:34:59,352][root][INFO] - [17/100] train 96.102%/0.1057 | val 91.500%/0.2450
[2025-08-25 04:34:59,352][root][INFO] - Start: 17
[2025-08-25 04:36:12,500][root][INFO] - [18/100] train 96.517%/0.0939 | val 91.194%/0.2655
[2025-08-25 04:36:12,500][root][INFO] - Start: 18
[2025-08-25 04:37:21,970][root][INFO] - [19/100] train 97.036%/0.0834 | val 92.903%/0.2280
[2025-08-25 04:37:22,520][root][INFO] - Start: 19
[2025-08-25 04:38:33,377][root][INFO] - [20/100] train 97.632%/0.0690 | val 92.569%/0.2370
[2025-08-25 04:38:33,377][root][INFO] - Start: 20
[2025-08-25 04:39:44,299][root][INFO] - [21/100] train 98.247%/0.0545 | val 92.500%/0.2434
[2025-08-25 04:39:44,300][root][INFO] - Start: 21
[2025-08-25 04:40:57,895][root][INFO] - [22/100] train 98.866%/0.0401 | val 93.042%/0.2407
[2025-08-25 04:40:58,449][root][INFO] - Start: 22
[2025-08-25 04:42:12,688][root][INFO] - [23/100] train 98.873%/0.0371 | val 92.389%/0.2768
[2025-08-25 04:42:12,689][root][INFO] - Start: 23
[2025-08-25 04:43:20,981][root][INFO] - [24/100] train 99.182%/0.0296 | val 92.750%/0.2748
[2025-08-25 04:43:20,981][root][INFO] - Start: 24
[2025-08-25 04:44:34,719][root][INFO] - [25/100] train 97.502%/0.0669 | val 92.431%/0.2696
[2025-08-25 04:44:34,720][root][INFO] - Start: 25
[2025-08-25 04:45:43,773][root][INFO] - [26/100] train 99.266%/0.0289 | val 93.028%/0.2868
[2025-08-25 04:45:43,774][root][INFO] - Start: 26
[2025-08-25 04:46:54,208][root][INFO] - [27/100] train 99.618%/0.0188 | val 93.319%/0.2849
[2025-08-25 04:46:54,785][root][INFO] - Start: 27
[2025-08-25 04:48:06,616][root][INFO] - [28/100] train 99.861%/0.0120 | val 92.583%/0.3282
[2025-08-25 04:48:06,617][root][INFO] - Start: 28
[2025-08-25 04:49:17,309][root][INFO] - [29/100] train 98.095%/0.0532 | val 93.431%/0.2855
[2025-08-25 04:49:17,954][root][INFO] - Start: 29
[2025-08-25 04:50:33,707][root][INFO] - [30/100] train 99.880%/0.0108 | val 93.264%/0.3019
[2025-08-25 04:50:33,707][root][INFO] - Start: 30
[2025-08-25 04:51:43,623][root][INFO] - [31/100] train 99.974%/0.0067 | val 92.903%/0.3411
[2025-08-25 04:51:43,623][root][INFO] - Start: 31
[2025-08-25 04:52:55,175][root][INFO] - [32/100] train 99.983%/0.0056 | val 92.639%/0.3588
[2025-08-25 04:52:55,176][root][INFO] - Start: 32
[2025-08-25 04:54:06,683][root][INFO] - [33/100] train 99.984%/0.0048 | val 93.250%/0.3369
[2025-08-25 04:54:06,684][root][INFO] - Start: 33
[2025-08-25 04:55:13,255][root][INFO] - [34/100] train 100.000%/0.0031 | val 93.292%/0.3436
[2025-08-25 04:55:13,256][root][INFO] - Start: 34
[2025-08-25 04:56:23,188][root][INFO] - [35/100] train 100.000%/0.0028 | val 92.903%/0.3614
[2025-08-25 04:56:23,188][root][INFO] - Start: 35
[2025-08-25 04:57:29,920][root][INFO] - [36/100] train 100.000%/0.0023 | val 93.167%/0.3591
[2025-08-25 04:57:29,921][root][INFO] - Start: 36
[2025-08-25 04:58:38,566][root][INFO] - [37/100] train 100.000%/0.0019 | val 93.111%/0.3595
[2025-08-25 04:58:38,566][root][INFO] - Start: 37
[2025-08-25 04:59:50,328][root][INFO] - [38/100] train 100.000%/0.0018 | val 93.083%/0.3694
[2025-08-25 04:59:50,329][root][INFO] - Start: 38
[2025-08-25 05:01:01,865][root][INFO] - [39/100] train 100.000%/0.0015 | val 93.278%/0.3780
[2025-08-25 05:01:01,865][root][INFO] - Start: 39
[2025-08-25 05:02:09,045][root][INFO] - [40/100] train 100.000%/0.0014 | val 93.181%/0.3823
[2025-08-25 05:02:09,045][root][INFO] - Start: 40
[2025-08-25 05:03:19,046][root][INFO] - [41/100] train 100.000%/0.0013 | val 93.194%/0.3855
[2025-08-25 05:03:19,046][root][INFO] - Start: 41
[2025-08-25 05:04:31,962][root][INFO] - [42/100] train 100.000%/0.0011 | val 93.264%/0.3872
[2025-08-25 05:04:31,962][root][INFO] - Start: 42
[2025-08-25 05:05:41,702][root][INFO] - [43/100] train 100.000%/0.0010 | val 93.264%/0.3922
[2025-08-25 05:05:41,702][root][INFO] - Start: 43
[2025-08-25 05:06:55,411][root][INFO] - [44/100] train 100.000%/0.0009 | val 93.181%/0.4013
[2025-08-25 05:06:55,411][root][INFO] - Start: 44
[2025-08-25 05:08:07,461][root][INFO] - [45/100] train 100.000%/0.0009 | val 93.306%/0.4066
[2025-08-25 05:08:07,461][root][INFO] - Start: 45
[2025-08-25 05:09:18,398][root][INFO] - [46/100] train 100.000%/0.0008 | val 93.250%/0.4058
[2025-08-25 05:09:18,398][root][INFO] - Start: 46
[2025-08-25 05:10:31,494][root][INFO] - [47/100] train 100.000%/0.0007 | val 93.264%/0.4114
[2025-08-25 05:10:31,495][root][INFO] - Start: 47
[2025-08-25 05:11:39,423][root][INFO] - [48/100] train 100.000%/0.0007 | val 93.250%/0.4149
[2025-08-25 05:11:39,424][root][INFO] - Start: 48
[2025-08-25 05:12:54,241][root][INFO] - [49/100] train 100.000%/0.0007 | val 93.222%/0.4184
[2025-08-25 05:12:54,241][root][INFO] - Start: 49
[2025-08-25 05:14:04,502][root][INFO] - [50/100] train 100.000%/0.0006 | val 93.236%/0.4228
[2025-08-25 05:14:04,502][root][INFO] - Start: 50
[2025-08-25 05:15:11,354][root][INFO] - [51/100] train 100.000%/0.0006 | val 93.139%/0.4270
[2025-08-25 05:15:11,355][root][INFO] - Start: 51
[2025-08-25 05:16:25,041][root][INFO] - [52/100] train 100.000%/0.0005 | val 93.181%/0.4248
[2025-08-25 05:16:25,041][root][INFO] - Start: 52
[2025-08-25 05:17:35,503][root][INFO] - [53/100] train 100.000%/0.0005 | val 93.250%/0.4263
[2025-08-25 05:17:35,503][root][INFO] - Start: 53
[2025-08-25 05:18:46,454][root][INFO] - [54/100] train 100.000%/0.0005 | val 93.194%/0.4313
[2025-08-25 05:18:46,455][root][INFO] - Start: 54
[2025-08-25 05:19:57,283][root][INFO] - [55/100] train 100.000%/0.0004 | val 93.264%/0.4378
[2025-08-25 05:19:57,283][root][INFO] - Start: 55
[2025-08-25 05:21:06,641][root][INFO] - [56/100] train 100.000%/0.0004 | val 93.208%/0.4368
[2025-08-25 05:21:06,641][root][INFO] - Start: 56
[2025-08-25 05:22:15,511][root][INFO] - [57/100] train 100.000%/0.0004 | val 93.292%/0.4410
[2025-08-25 05:22:15,511][root][INFO] - Start: 57
[2025-08-25 05:23:22,731][root][INFO] - [58/100] train 100.000%/0.0004 | val 93.264%/0.4422
[2025-08-25 05:23:22,731][root][INFO] - Start: 58
[2025-08-25 05:24:30,522][root][INFO] - [59/100] train 100.000%/0.0004 | val 93.278%/0.4398
[2025-08-25 05:24:30,523][root][INFO] - Start: 59
[2025-08-25 05:25:41,959][root][INFO] - [60/100] train 100.000%/0.0004 | val 93.333%/0.4406
[2025-08-25 05:25:41,959][root][INFO] - Start: 60
[2025-08-25 05:26:51,893][root][INFO] - [61/100] train 100.000%/0.0003 | val 93.250%/0.4457
[2025-08-25 05:26:51,893][root][INFO] - Start: 61
[2025-08-25 05:27:58,736][root][INFO] - [62/100] train 100.000%/0.0003 | val 93.194%/0.4495
[2025-08-25 05:27:58,736][root][INFO] - Start: 62
[2025-08-25 05:29:09,832][root][INFO] - [63/100] train 100.000%/0.0003 | val 93.347%/0.4477
[2025-08-25 05:29:09,833][root][INFO] - Start: 63
[2025-08-25 05:30:19,277][root][INFO] - [64/100] train 100.000%/0.0003 | val 93.236%/0.4525
[2025-08-25 05:30:19,278][root][INFO] - Start: 64
[2025-08-25 05:31:26,251][root][INFO] - [65/100] train 100.000%/0.0003 | val 93.236%/0.4533
[2025-08-25 05:31:26,251][root][INFO] - Start: 65
[2025-08-25 05:32:36,342][root][INFO] - [66/100] train 100.000%/0.0003 | val 93.333%/0.4554
[2025-08-25 05:32:36,342][root][INFO] - Start: 66
[2025-08-25 05:33:41,041][root][INFO] - [67/100] train 100.000%/0.0003 | val 93.194%/0.4612
[2025-08-25 05:33:41,042][root][INFO] - Start: 67
[2025-08-25 05:34:53,243][root][INFO] - [68/100] train 100.000%/0.0003 | val 93.306%/0.4578
[2025-08-25 05:34:53,243][root][INFO] - Start: 68
[2025-08-25 05:36:01,346][root][INFO] - [69/100] train 100.000%/0.0002 | val 93.125%/0.4641
[2025-08-25 05:36:01,346][root][INFO] - Start: 69
[2025-08-25 05:37:13,479][root][INFO] - [70/100] train 100.000%/0.0002 | val 93.264%/0.4594
[2025-08-25 05:37:13,479][root][INFO] - Start: 70
[2025-08-25 05:38:24,767][root][INFO] - [71/100] train 100.000%/0.0002 | val 93.278%/0.4642
[2025-08-25 05:38:24,768][root][INFO] - Start: 71
[2025-08-25 05:39:34,871][root][INFO] - [72/100] train 100.000%/0.0002 | val 93.222%/0.4656
[2025-08-25 05:39:34,872][root][INFO] - Start: 72
[2025-08-25 05:40:46,731][root][INFO] - [73/100] train 100.000%/0.0002 | val 93.264%/0.4690
[2025-08-25 05:40:46,732][root][INFO] - Start: 73
[2025-08-25 05:41:59,678][root][INFO] - [74/100] train 100.000%/0.0002 | val 93.278%/0.4680
[2025-08-25 05:41:59,678][root][INFO] - Start: 74
[2025-08-25 05:43:07,700][root][INFO] - [75/100] train 100.000%/0.0002 | val 93.264%/0.4687
[2025-08-25 05:43:07,700][root][INFO] - Start: 75
[2025-08-25 05:44:18,154][root][INFO] - [76/100] train 100.000%/0.0002 | val 93.264%/0.4671
[2025-08-25 05:44:18,154][root][INFO] - Start: 76
[2025-08-25 05:45:25,610][root][INFO] - [77/100] train 100.000%/0.0002 | val 93.250%/0.4707
[2025-08-25 05:45:25,611][root][INFO] - Start: 77
[2025-08-25 05:46:35,709][root][INFO] - [78/100] train 100.000%/0.0002 | val 93.250%/0.4691
[2025-08-25 05:46:35,709][root][INFO] - Start: 78
[2025-08-25 05:47:48,487][root][INFO] - [79/100] train 100.000%/0.0002 | val 93.306%/0.4713
[2025-08-25 05:47:48,488][root][INFO] - Start: 79
[2025-08-25 05:48:56,225][root][INFO] - [80/100] train 100.000%/0.0002 | val 93.264%/0.4742
[2025-08-25 05:48:56,225][root][INFO] - Start: 80
[2025-08-25 05:50:05,341][root][INFO] - [81/100] train 100.000%/0.0002 | val 93.306%/0.4724
[2025-08-25 05:50:05,341][root][INFO] - Start: 81
[2025-08-25 05:51:13,366][root][INFO] - [82/100] train 100.000%/0.0002 | val 93.389%/0.4725
[2025-08-25 05:51:13,366][root][INFO] - Start: 82
[2025-08-25 05:52:17,722][root][INFO] - [83/100] train 100.000%/0.0002 | val 93.319%/0.4740
[2025-08-25 05:52:17,722][root][INFO] - Start: 83
[2025-08-25 05:53:29,482][root][INFO] - [84/100] train 100.000%/0.0002 | val 93.333%/0.4733
[2025-08-25 05:53:29,482][root][INFO] - Start: 84
[2025-08-25 05:54:42,230][root][INFO] - [85/100] train 100.000%/0.0002 | val 93.306%/0.4729
[2025-08-25 05:54:42,230][root][INFO] - Start: 85
[2025-08-25 05:55:56,231][root][INFO] - [86/100] train 100.000%/0.0002 | val 93.278%/0.4763
[2025-08-25 05:55:56,232][root][INFO] - Start: 86
[2025-08-25 05:57:03,349][root][INFO] - [87/100] train 100.000%/0.0002 | val 93.306%/0.4761
[2025-08-25 05:57:03,349][root][INFO] - Start: 87
[2025-08-25 05:58:19,481][root][INFO] - [88/100] train 100.000%/0.0002 | val 93.319%/0.4757
[2025-08-25 05:58:19,482][root][INFO] - Start: 88
[2025-08-25 05:59:32,410][root][INFO] - [89/100] train 100.000%/0.0002 | val 93.306%/0.4759
[2025-08-25 05:59:32,411][root][INFO] - Start: 89
[2025-08-25 06:00:42,662][root][INFO] - [90/100] train 100.000%/0.0002 | val 93.292%/0.4781
[2025-08-25 06:00:42,663][root][INFO] - Start: 90
[2025-08-25 06:01:49,714][root][INFO] - [91/100] train 100.000%/0.0002 | val 93.306%/0.4773
[2025-08-25 06:01:49,714][root][INFO] - Start: 91
[2025-08-25 06:03:00,085][root][INFO] - [92/100] train 100.000%/0.0002 | val 93.292%/0.4780
[2025-08-25 06:03:00,086][root][INFO] - Start: 92
[2025-08-25 06:04:09,863][root][INFO] - [93/100] train 100.000%/0.0002 | val 93.306%/0.4779
[2025-08-25 06:04:09,864][root][INFO] - Start: 93
[2025-08-25 06:05:20,192][root][INFO] - [94/100] train 100.000%/0.0002 | val 93.278%/0.4780
[2025-08-25 06:05:20,193][root][INFO] - Start: 94
[2025-08-25 06:06:30,639][root][INFO] - [95/100] train 100.000%/0.0002 | val 93.306%/0.4783
[2025-08-25 06:06:30,639][root][INFO] - Start: 95
[2025-08-25 06:07:41,891][root][INFO] - [96/100] train 100.000%/0.0002 | val 93.306%/0.4778
[2025-08-25 06:07:41,891][root][INFO] - Start: 96
[2025-08-25 06:08:38,237][root][INFO] - [97/100] train 100.000%/0.0002 | val 93.278%/0.4782
[2025-08-25 06:08:38,238][root][INFO] - Start: 97
[2025-08-25 06:09:34,169][root][INFO] - [98/100] train 100.000%/0.0002 | val 93.292%/0.4780
[2025-08-25 06:09:34,170][root][INFO] - Start: 98
[2025-08-25 06:10:28,083][root][INFO] - [99/100] train 100.000%/0.0002 | val 93.278%/0.4781
[2025-08-25 06:10:28,083][root][INFO] - Start: 99
[2025-08-25 06:11:24,355][root][INFO] - [100/100] train 100.000%/0.0002 | val 93.278%/0.4781
[2025-08-25 06:11:31,821][root][INFO] - 
[Test Evaluation]
[2025-08-25 06:11:31,822][root][INFO] -  Accuracy : 0.918
[2025-08-25 06:11:31,822][root][INFO] -  Precision: 0.912
[2025-08-25 06:11:31,822][root][INFO] -  Recall   : 0.926
[2025-08-25 06:11:31,822][root][INFO] -  F1       : 0.919
[2025-08-25 06:11:31,822][root][INFO] -  Auc      : 0.975
