[2025-09-24 11:16:10,990][root][INFO] - ORIGINAL CWD : /home/sota/research/sotaohnuma/coffee
[2025-09-24 11:16:10,991][root][INFO] - RUN CWD      : /home/sota/research/sotaohnuma/coffee/outputs/bean_224/cnn_student100/base/2025-09-24_11-16-10
[2025-09-24 11:16:10,991][root][INFO] - batch: 128, 
 {'_target_': 'models.cnn_student100.cnn_student100', 'batch_size': 128, 'lr': 0.002, 'weight_decay': 0.009}
[2025-09-24 11:16:10,991][root][INFO] - lr: 0.002, 
 {'_target_': 'models.cnn_student100.cnn_student100', 'lr': 0.002, 'weight_decay': 0.009}
[2025-09-24 11:16:10,991][root][INFO] - weight_decay: 0.009, 
 {'_target_': 'models.cnn_student100.cnn_student100', 'weight_decay': 0.009}
[2025-09-24 11:16:11,466][root][INFO] - Start loading train data
[2025-09-24 11:16:11,597][root][INFO] - Start loading val data
[2025-09-24 11:16:11,611][root][INFO] - Start loading test data
[2025-09-24 11:16:11,625][root][INFO] - Finished DataLoader setup
[2025-09-24 11:16:11,626][root][INFO] - Start: 0
[2025-09-24 11:17:16,108][root][INFO] - [01/100] train 58.764%/0.6615 | val 61.208%/0.6312
[2025-09-24 11:17:16,113][root][INFO] - Start: 1
[2025-09-24 11:18:26,437][root][INFO] - [02/100] train 65.818%/0.6102 | val 50.889%/1.5691
[2025-09-24 11:18:26,437][root][INFO] - Start: 2
[2025-09-24 11:19:39,923][root][INFO] - [03/100] train 70.977%/0.5613 | val 50.153%/1.8616
[2025-09-24 11:19:39,923][root][INFO] - Start: 3
[2025-09-24 11:20:56,093][root][INFO] - [04/100] train 74.236%/0.5207 | val 50.000%/4.9927
[2025-09-24 11:20:56,094][root][INFO] - Start: 4
[2025-09-24 11:22:08,409][root][INFO] - [05/100] train 75.566%/0.5027 | val 50.000%/7.2614
[2025-09-24 11:22:08,409][root][INFO] - Start: 5
[2025-09-24 11:23:23,046][root][INFO] - [06/100] train 77.521%/0.4721 | val 50.000%/2.9765
[2025-09-24 11:23:23,046][root][INFO] - Start: 6
[2025-09-24 11:24:37,076][root][INFO] - [07/100] train 78.863%/0.4527 | val 50.000%/6.2282
[2025-09-24 11:24:37,076][root][INFO] - Start: 7
[2025-09-24 11:25:54,764][root][INFO] - [08/100] train 80.278%/0.4263 | val 73.889%/0.5110
[2025-09-24 11:25:54,770][root][INFO] - Start: 8
[2025-09-24 11:27:09,449][root][INFO] - [09/100] train 81.252%/0.4114 | val 50.000%/9.8410
[2025-09-24 11:27:09,450][root][INFO] - Start: 9
[2025-09-24 11:28:27,544][root][INFO] - [10/100] train 82.568%/0.3892 | val 50.000%/9.0540
[2025-09-24 11:28:27,545][root][INFO] - Start: 10
[2025-09-24 11:29:41,134][root][INFO] - [11/100] train 83.257%/0.3776 | val 84.292%/0.3487
[2025-09-24 11:29:41,139][root][INFO] - Start: 11
[2025-09-24 11:30:57,222][root][INFO] - [12/100] train 84.300%/0.3595 | val 52.833%/2.4940
[2025-09-24 11:30:57,222][root][INFO] - Start: 12
[2025-09-24 11:32:13,942][root][INFO] - [13/100] train 84.708%/0.3500 | val 50.000%/4.9643
[2025-09-24 11:32:13,942][root][INFO] - Start: 13
[2025-09-24 11:33:31,291][root][INFO] - [14/100] train 85.003%/0.3417 | val 55.875%/2.2057
[2025-09-24 11:33:31,292][root][INFO] - Start: 14
[2025-09-24 11:34:48,067][root][INFO] - [15/100] train 85.797%/0.3311 | val 61.208%/1.1283
[2025-09-24 11:34:48,067][root][INFO] - Start: 15
[2025-09-24 11:36:00,934][root][INFO] - [16/100] train 86.062%/0.3256 | val 63.111%/1.0502
[2025-09-24 11:36:00,934][root][INFO] - Start: 16
[2025-09-24 11:37:20,636][root][INFO] - [17/100] train 86.146%/0.3218 | val 65.167%/0.8910
[2025-09-24 11:37:20,637][root][INFO] - Start: 17
[2025-09-24 11:38:40,560][root][INFO] - [18/100] train 86.722%/0.3115 | val 50.000%/22.9125
[2025-09-24 11:38:40,561][root][INFO] - Start: 18
[2025-09-24 11:39:54,453][root][INFO] - [19/100] train 86.769%/0.3100 | val 50.000%/9.6435
[2025-09-24 11:39:54,453][root][INFO] - Start: 19
[2025-09-24 11:41:09,012][root][INFO] - [20/100] train 87.158%/0.3049 | val 85.361%/0.3195
[2025-09-24 11:41:09,017][root][INFO] - Start: 20
[2025-09-24 11:42:26,447][root][INFO] - [21/100] train 87.286%/0.3019 | val 65.458%/0.8266
[2025-09-24 11:42:26,448][root][INFO] - Start: 21
[2025-09-24 11:43:38,996][root][INFO] - [22/100] train 87.667%/0.2966 | val 50.000%/42.6500
[2025-09-24 11:43:38,996][root][INFO] - Start: 22
[2025-09-24 11:44:55,772][root][INFO] - [23/100] train 87.955%/0.2885 | val 50.000%/7.5227
[2025-09-24 11:44:55,773][root][INFO] - Start: 23
[2025-09-24 11:46:10,779][root][INFO] - [24/100] train 88.134%/0.2847 | val 58.778%/1.5223
[2025-09-24 11:46:10,780][root][INFO] - Start: 24
[2025-09-24 11:47:25,353][root][INFO] - [25/100] train 88.194%/0.2814 | val 50.000%/6.2315
[2025-09-24 11:47:25,354][root][INFO] - Start: 25
[2025-09-24 11:48:42,519][root][INFO] - [26/100] train 88.498%/0.2761 | val 50.000%/19.7801
[2025-09-24 11:48:42,519][root][INFO] - Start: 26
[2025-09-24 11:49:55,981][root][INFO] - [27/100] train 88.785%/0.2678 | val 50.333%/3.4957
[2025-09-24 11:49:55,981][root][INFO] - Start: 27
[2025-09-24 11:51:11,131][root][INFO] - [28/100] train 88.865%/0.2674 | val 81.556%/0.3860
[2025-09-24 11:51:11,132][root][INFO] - Start: 28
[2025-09-24 11:52:26,132][root][INFO] - [29/100] train 88.957%/0.2687 | val 76.889%/0.5280
[2025-09-24 11:52:26,132][root][INFO] - Start: 29
[2025-09-24 11:53:39,589][root][INFO] - [30/100] train 89.260%/0.2626 | val 50.000%/5.0344
[2025-09-24 11:53:39,590][root][INFO] - Start: 30
[2025-09-24 11:54:54,368][root][INFO] - [31/100] train 89.597%/0.2557 | val 50.000%/12.4603
[2025-09-24 11:54:54,368][root][INFO] - Start: 31
[2025-09-24 11:56:11,768][root][INFO] - [32/100] train 89.608%/0.2554 | val 59.389%/1.3941
[2025-09-24 11:56:11,769][root][INFO] - Start: 32
[2025-09-24 11:57:29,370][root][INFO] - [33/100] train 89.753%/0.2525 | val 50.000%/21.9128
[2025-09-24 11:57:29,370][root][INFO] - Start: 33
[2025-09-24 11:58:46,002][root][INFO] - [34/100] train 89.648%/0.2536 | val 89.181%/0.2654
[2025-09-24 11:58:46,008][root][INFO] - Start: 34
[2025-09-24 11:59:59,552][root][INFO] - [35/100] train 89.950%/0.2489 | val 50.000%/33.7730
[2025-09-24 11:59:59,552][root][INFO] - Start: 35
[2025-09-24 12:01:16,508][root][INFO] - [36/100] train 90.071%/0.2445 | val 89.153%/0.2573
[2025-09-24 12:01:16,509][root][INFO] - Start: 36
[2025-09-24 12:02:34,306][root][INFO] - [37/100] train 89.964%/0.2460 | val 50.056%/4.9380
[2025-09-24 12:02:34,306][root][INFO] - Start: 37
[2025-09-24 12:03:51,644][root][INFO] - [38/100] train 90.479%/0.2382 | val 50.000%/11.2938
[2025-09-24 12:03:51,644][root][INFO] - Start: 38
[2025-09-24 12:05:04,472][root][INFO] - [39/100] train 90.031%/0.2443 | val 56.931%/1.6508
[2025-09-24 12:05:04,472][root][INFO] - Start: 39
[2025-09-24 12:06:23,195][root][INFO] - [40/100] train 90.530%/0.2374 | val 51.542%/3.5508
[2025-09-24 12:06:23,196][root][INFO] - Start: 40
[2025-09-24 12:07:35,126][root][INFO] - [41/100] train 90.333%/0.2371 | val 50.000%/8.5677
[2025-09-24 12:07:35,127][root][INFO] - Start: 41
[2025-09-24 12:08:52,390][root][INFO] - [42/100] train 90.832%/0.2296 | val 67.167%/0.8902
[2025-09-24 12:08:52,390][root][INFO] - Start: 42
[2025-09-24 12:10:05,660][root][INFO] - [43/100] train 90.745%/0.2324 | val 50.000%/9.8551
[2025-09-24 12:10:05,660][root][INFO] - Start: 43
[2025-09-24 12:11:24,149][root][INFO] - [44/100] train 90.927%/0.2262 | val 50.000%/7.8916
[2025-09-24 12:11:24,149][root][INFO] - Start: 44
[2025-09-24 12:12:41,070][root][INFO] - [45/100] train 90.804%/0.2257 | val 50.000%/8.4046
[2025-09-24 12:12:41,071][root][INFO] - Start: 45
[2025-09-24 12:13:57,280][root][INFO] - [46/100] train 91.012%/0.2234 | val 53.431%/2.3057
[2025-09-24 12:13:57,281][root][INFO] - Start: 46
[2025-09-24 12:15:14,025][root][INFO] - [47/100] train 91.085%/0.2213 | val 50.208%/4.9645
[2025-09-24 12:15:14,025][root][INFO] - Start: 47
[2025-09-24 12:16:28,998][root][INFO] - [48/100] train 91.273%/0.2201 | val 50.000%/11.2242
[2025-09-24 12:16:28,999][root][INFO] - Start: 48
[2025-09-24 12:17:45,699][root][INFO] - [49/100] train 91.358%/0.2179 | val 52.556%/2.4651
[2025-09-24 12:17:45,700][root][INFO] - Start: 49
[2025-09-24 12:19:03,755][root][INFO] - [50/100] train 91.403%/0.2169 | val 53.264%/2.6666
[2025-09-24 12:19:03,756][root][INFO] - Start: 50
[2025-09-24 12:20:17,053][root][INFO] - [51/100] train 91.573%/0.2111 | val 53.069%/2.7570
[2025-09-24 12:20:17,053][root][INFO] - Start: 51
[2025-09-24 12:21:30,627][root][INFO] - [52/100] train 91.467%/0.2115 | val 50.458%/4.5676
[2025-09-24 12:21:30,628][root][INFO] - Start: 52
[2025-09-24 12:22:41,976][root][INFO] - [53/100] train 91.656%/0.2111 | val 80.722%/0.4033
[2025-09-24 12:22:41,976][root][INFO] - Start: 53
[2025-09-24 12:23:52,919][root][INFO] - [54/100] train 91.625%/0.2095 | val 50.000%/15.2002
[2025-09-24 12:23:52,919][root][INFO] - Start: 54
[2025-09-24 12:25:05,655][root][INFO] - [55/100] train 91.753%/0.2062 | val 50.000%/8.6204
[2025-09-24 12:25:05,655][root][INFO] - Start: 55
[2025-09-24 12:26:17,874][root][INFO] - [56/100] train 91.872%/0.2055 | val 84.528%/0.3310
[2025-09-24 12:26:17,875][root][INFO] - Start: 56
[2025-09-24 12:27:32,804][root][INFO] - [57/100] train 91.764%/0.2064 | val 51.014%/3.5783
[2025-09-24 12:27:32,805][root][INFO] - Start: 57
[2025-09-24 12:28:45,372][root][INFO] - [58/100] train 91.821%/0.2055 | val 60.000%/1.5391
[2025-09-24 12:28:45,373][root][INFO] - Start: 58
[2025-09-24 12:29:57,102][root][INFO] - [59/100] train 91.984%/0.2026 | val 53.375%/2.7231
[2025-09-24 12:29:57,102][root][INFO] - Start: 59
[2025-09-24 12:31:10,064][root][INFO] - [60/100] train 92.085%/0.2022 | val 62.778%/1.1865
[2025-09-24 12:31:10,064][root][INFO] - Start: 60
[2025-09-24 12:32:23,274][root][INFO] - [61/100] train 92.080%/0.1997 | val 55.194%/2.4447
[2025-09-24 12:32:23,274][root][INFO] - Start: 61
[2025-09-24 12:33:35,099][root][INFO] - [62/100] train 92.380%/0.1955 | val 50.000%/8.4570
[2025-09-24 12:33:35,099][root][INFO] - Start: 62
[2025-09-24 12:34:46,350][root][INFO] - [63/100] train 92.247%/0.1977 | val 83.750%/0.3669
[2025-09-24 12:34:46,351][root][INFO] - Start: 63
[2025-09-24 12:35:56,025][root][INFO] - [64/100] train 92.245%/0.1968 | val 51.472%/3.6258
[2025-09-24 12:35:56,025][root][INFO] - Start: 64
[2025-09-24 12:37:06,663][root][INFO] - [65/100] train 92.389%/0.1934 | val 51.583%/3.1850
[2025-09-24 12:37:06,663][root][INFO] - Start: 65
[2025-09-24 12:38:19,019][root][INFO] - [66/100] train 92.299%/0.1946 | val 82.208%/0.4027
[2025-09-24 12:38:19,019][root][INFO] - Start: 66
[2025-09-24 12:39:31,101][root][INFO] - [67/100] train 92.491%/0.1915 | val 52.514%/3.0921
[2025-09-24 12:39:31,102][root][INFO] - Start: 67
[2025-09-24 12:40:43,576][root][INFO] - [68/100] train 92.540%/0.1907 | val 50.000%/7.9332
[2025-09-24 12:40:43,577][root][INFO] - Start: 68
[2025-09-24 12:41:52,812][root][INFO] - [69/100] train 92.608%/0.1911 | val 57.542%/1.8506
[2025-09-24 12:41:52,812][root][INFO] - Start: 69
[2025-09-24 12:43:05,816][root][INFO] - [70/100] train 92.622%/0.1893 | val 56.792%/1.9702
[2025-09-24 12:43:05,816][root][INFO] - Start: 70
[2025-09-24 12:44:20,304][root][INFO] - [71/100] train 92.462%/0.1892 | val 62.167%/1.2148
[2025-09-24 12:44:20,304][root][INFO] - Start: 71
[2025-09-24 12:45:32,099][root][INFO] - [72/100] train 92.833%/0.1848 | val 51.000%/4.0139
[2025-09-24 12:45:32,100][root][INFO] - Start: 72
[2025-09-24 12:46:44,426][root][INFO] - [73/100] train 92.760%/0.1857 | val 64.528%/1.1257
[2025-09-24 12:46:44,427][root][INFO] - Start: 73
[2025-09-24 12:47:57,429][root][INFO] - [74/100] train 92.908%/0.1849 | val 71.389%/0.7196
[2025-09-24 12:47:57,429][root][INFO] - Start: 74
[2025-09-24 12:49:10,771][root][INFO] - [75/100] train 92.769%/0.1843 | val 93.097%/0.1874
[2025-09-24 12:49:10,778][root][INFO] - Start: 75
[2025-09-24 12:50:24,534][root][INFO] - [76/100] train 92.802%/0.1829 | val 50.042%/6.2059
[2025-09-24 12:50:24,534][root][INFO] - Start: 76
[2025-09-24 12:51:35,942][root][INFO] - [77/100] train 92.882%/0.1819 | val 53.764%/2.5190
[2025-09-24 12:51:35,943][root][INFO] - Start: 77
[2025-09-24 12:52:45,173][root][INFO] - [78/100] train 92.873%/0.1811 | val 59.681%/1.6218
[2025-09-24 12:52:45,173][root][INFO] - Start: 78
[2025-09-24 12:53:51,810][root][INFO] - [79/100] train 92.967%/0.1810 | val 71.167%/0.7207
[2025-09-24 12:53:51,811][root][INFO] - Start: 79
[2025-09-24 12:54:59,544][root][INFO] - [80/100] train 92.974%/0.1811 | val 50.222%/5.7806
[2025-09-24 12:54:59,545][root][INFO] - Start: 80
[2025-09-24 12:56:04,498][root][INFO] - [81/100] train 93.101%/0.1777 | val 82.403%/0.3945
[2025-09-24 12:56:04,499][root][INFO] - Start: 81
[2025-09-24 12:57:15,027][root][INFO] - [82/100] train 93.120%/0.1772 | val 83.889%/0.3553
[2025-09-24 12:57:15,028][root][INFO] - Start: 82
[2025-09-24 12:58:23,257][root][INFO] - [83/100] train 93.156%/0.1770 | val 64.875%/1.1018
[2025-09-24 12:58:23,258][root][INFO] - Start: 83
[2025-09-24 12:59:34,965][root][INFO] - [84/100] train 93.153%/0.1772 | val 69.389%/0.7762
[2025-09-24 12:59:34,965][root][INFO] - Start: 84
[2025-09-24 13:00:44,151][root][INFO] - [85/100] train 93.160%/0.1760 | val 78.944%/0.4873
[2025-09-24 13:00:44,152][root][INFO] - Start: 85
[2025-09-24 13:01:52,427][root][INFO] - [86/100] train 93.116%/0.1756 | val 90.972%/0.2148
[2025-09-24 13:01:52,427][root][INFO] - Start: 86
[2025-09-24 13:02:58,323][root][INFO] - [87/100] train 93.262%/0.1748 | val 82.056%/0.4059
[2025-09-24 13:02:58,323][root][INFO] - Start: 87
[2025-09-24 13:04:06,009][root][INFO] - [88/100] train 93.179%/0.1744 | val 63.944%/1.1726
[2025-09-24 13:04:06,009][root][INFO] - Start: 88
[2025-09-24 13:05:16,195][root][INFO] - [89/100] train 93.201%/0.1752 | val 72.458%/0.6872
[2025-09-24 13:05:16,195][root][INFO] - Start: 89
[2025-09-24 13:06:22,410][root][INFO] - [90/100] train 93.333%/0.1730 | val 89.611%/0.2438
[2025-09-24 13:06:22,411][root][INFO] - Start: 90
[2025-09-24 13:07:29,249][root][INFO] - [91/100] train 93.406%/0.1728 | val 83.097%/0.3817
[2025-09-24 13:07:29,250][root][INFO] - Start: 91
[2025-09-24 13:08:38,123][root][INFO] - [92/100] train 93.260%/0.1737 | val 91.736%/0.2065
[2025-09-24 13:08:38,123][root][INFO] - Start: 92
[2025-09-24 13:09:49,206][root][INFO] - [93/100] train 93.354%/0.1721 | val 92.667%/0.1903
[2025-09-24 13:09:49,207][root][INFO] - Start: 93
[2025-09-24 13:10:57,956][root][INFO] - [94/100] train 93.441%/0.1714 | val 91.986%/0.2015
[2025-09-24 13:10:57,956][root][INFO] - Start: 94
[2025-09-24 13:12:05,499][root][INFO] - [95/100] train 93.441%/0.1707 | val 92.514%/0.1954
[2025-09-24 13:12:05,500][root][INFO] - Start: 95
[2025-09-24 13:13:08,127][root][INFO] - [96/100] train 93.370%/0.1728 | val 92.556%/0.1920
[2025-09-24 13:13:08,127][root][INFO] - Start: 96
[2025-09-24 13:14:11,338][root][INFO] - [97/100] train 93.453%/0.1721 | val 92.514%/0.1907
[2025-09-24 13:14:11,338][root][INFO] - Start: 97
[2025-09-24 13:15:14,965][root][INFO] - [98/100] train 93.385%/0.1720 | val 92.583%/0.1906
[2025-09-24 13:15:14,965][root][INFO] - Start: 98
[2025-09-24 13:16:17,414][root][INFO] - [99/100] train 93.444%/0.1715 | val 92.542%/0.1902
[2025-09-24 13:16:17,415][root][INFO] - Start: 99
[2025-09-24 13:17:08,813][root][INFO] - [100/100] train 93.403%/0.1718 | val 92.486%/0.1919
[2025-09-24 13:17:14,858][root][INFO] - 
[Test Evaluation]
[2025-09-24 13:17:14,859][root][INFO] -  Accuracy : 0.928
[2025-09-24 13:17:14,859][root][INFO] -  Precision: 0.944
[2025-09-24 13:17:14,859][root][INFO] -  Recall   : 0.910
[2025-09-24 13:17:14,859][root][INFO] -  F1       : 0.927
[2025-09-24 13:17:14,859][root][INFO] -  Auc      : 0.982
