[2025-09-28 01:30:09,833][root][INFO] - ORIGINAL CWD : /home/sota/research/sotaohnuma/coffee
[2025-09-28 01:30:09,833][root][INFO] - RUN CWD      : /home/sota/research/sotaohnuma/coffee/outputs/kd/resnet/soft/2025-09-28_01-30-09
[2025-09-28 01:30:10,843][root][INFO] - Start epoch 1
[2025-09-28 01:32:19,187][root][INFO] - [01/150] train 64.019%/1.5399 | val 50.222%/5.3836
[2025-09-28 01:32:19,190][root][INFO] - Start epoch 2
[2025-09-28 01:34:28,074][root][INFO] - [02/150] train 65.099%/1.5163 | val 50.000%/2.9190
[2025-09-28 01:34:28,074][root][INFO] - Start epoch 3
[2025-09-28 01:36:37,558][root][INFO] - [03/150] train 69.219%/1.4178 | val 50.014%/9.6822
[2025-09-28 01:36:37,558][root][INFO] - Start epoch 4
[2025-09-28 01:38:47,022][root][INFO] - [04/150] train 73.753%/1.3021 | val 50.000%/12.1451
[2025-09-28 01:38:47,022][root][INFO] - Start epoch 5
[2025-09-28 01:40:56,823][root][INFO] - [05/150] train 77.163%/1.2003 | val 50.000%/81.9646
[2025-09-28 01:40:56,823][root][INFO] - Start epoch 6
[2025-09-28 01:43:06,517][root][INFO] - [06/150] train 78.819%/1.1404 | val 64.542%/1.9980
[2025-09-28 01:43:06,520][root][INFO] - Start epoch 7
[2025-09-28 01:45:16,066][root][INFO] - [07/150] train 79.517%/1.1112 | val 58.528%/2.0411
[2025-09-28 01:45:16,067][root][INFO] - Start epoch 8
[2025-09-28 01:47:25,839][root][INFO] - [08/150] train 80.887%/1.0541 | val 50.000%/6.4277
[2025-09-28 01:47:25,839][root][INFO] - Start epoch 9
[2025-09-28 01:49:35,358][root][INFO] - [09/150] train 81.273%/1.0407 | val 50.000%/12.1087
[2025-09-28 01:49:35,359][root][INFO] - Start epoch 10
[2025-09-28 01:51:44,783][root][INFO] - [10/150] train 82.130%/1.0003 | val 56.944%/4.1568
[2025-09-28 01:51:44,783][root][INFO] - Start epoch 11
[2025-09-28 01:53:54,355][root][INFO] - [11/150] train 82.476%/0.9868 | val 50.000%/14.7807
[2025-09-28 01:53:54,355][root][INFO] - Start epoch 12
[2025-09-28 01:56:03,906][root][INFO] - [12/150] train 83.047%/0.9613 | val 50.000%/114.6485
[2025-09-28 01:56:03,906][root][INFO] - Start epoch 13
[2025-09-28 01:58:13,598][root][INFO] - [13/150] train 82.856%/0.9687 | val 50.208%/9.5189
[2025-09-28 01:58:13,598][root][INFO] - Start epoch 14
[2025-09-28 02:00:23,026][root][INFO] - [14/150] train 83.649%/0.9420 | val 81.542%/0.9184
[2025-09-28 02:00:23,029][root][INFO] - Start epoch 15
[2025-09-28 02:02:32,686][root][INFO] - [15/150] train 84.337%/0.9099 | val 50.000%/18.8948
[2025-09-28 02:02:32,686][root][INFO] - Start epoch 16
[2025-09-28 02:04:42,253][root][INFO] - [16/150] train 84.484%/0.9042 | val 50.000%/28.0982
[2025-09-28 02:04:42,253][root][INFO] - Start epoch 17
[2025-09-28 02:06:51,551][root][INFO] - [17/150] train 84.481%/0.8963 | val 50.000%/22.5807
[2025-09-28 02:06:51,551][root][INFO] - Start epoch 18
[2025-09-28 02:09:01,000][root][INFO] - [18/150] train 84.705%/0.8855 | val 50.000%/10.4609
[2025-09-28 02:09:01,000][root][INFO] - Start epoch 19
[2025-09-28 02:11:10,361][root][INFO] - [19/150] train 85.045%/0.8678 | val 50.000%/24.9552
[2025-09-28 02:11:10,361][root][INFO] - Start epoch 20
[2025-09-28 02:13:19,754][root][INFO] - [20/150] train 85.444%/0.8575 | val 53.708%/4.5477
[2025-09-28 02:13:19,755][root][INFO] - Start epoch 21
[2025-09-28 02:15:29,278][root][INFO] - [21/150] train 85.599%/0.8402 | val 50.514%/7.2067
[2025-09-28 02:15:29,278][root][INFO] - Start epoch 22
[2025-09-28 02:17:38,837][root][INFO] - [22/150] train 86.146%/0.8268 | val 50.361%/7.5753
[2025-09-28 02:17:38,837][root][INFO] - Start epoch 23
[2025-09-28 02:19:48,383][root][INFO] - [23/150] train 86.248%/0.8149 | val 76.722%/1.1035
[2025-09-28 02:19:48,383][root][INFO] - Start epoch 24
[2025-09-28 02:21:58,038][root][INFO] - [24/150] train 85.970%/0.8262 | val 55.750%/3.7460
[2025-09-28 02:21:58,038][root][INFO] - Start epoch 25
[2025-09-28 02:24:07,772][root][INFO] - [25/150] train 86.137%/0.8187 | val 50.250%/7.2380
[2025-09-28 02:24:07,773][root][INFO] - Start epoch 26
[2025-09-28 02:26:17,388][root][INFO] - [26/150] train 86.493%/0.7980 | val 50.000%/45.1291
[2025-09-28 02:26:17,388][root][INFO] - Start epoch 27
[2025-09-28 02:28:27,100][root][INFO] - [27/150] train 86.389%/0.8033 | val 50.000%/23.2917
[2025-09-28 02:28:27,100][root][INFO] - Start epoch 28
[2025-09-28 02:30:36,891][root][INFO] - [28/150] train 87.019%/0.7761 | val 50.000%/66.2849
[2025-09-28 02:30:36,891][root][INFO] - Start epoch 29
[2025-09-28 02:32:46,766][root][INFO] - [29/150] train 86.781%/0.7794 | val 50.000%/12.5059
[2025-09-28 02:32:46,766][root][INFO] - Start epoch 30
[2025-09-28 02:34:56,613][root][INFO] - [30/150] train 86.878%/0.7830 | val 52.083%/5.2262
[2025-09-28 02:34:56,613][root][INFO] - Start epoch 31
[2025-09-28 02:37:06,140][root][INFO] - [31/150] train 87.149%/0.7698 | val 50.000%/113.4722
[2025-09-28 02:37:06,140][root][INFO] - Start epoch 32
[2025-09-28 02:39:15,577][root][INFO] - [32/150] train 87.488%/0.7465 | val 61.014%/2.9780
[2025-09-28 02:39:15,578][root][INFO] - Start epoch 33
[2025-09-28 02:41:25,107][root][INFO] - [33/150] train 87.441%/0.7527 | val 50.014%/11.3289
[2025-09-28 02:41:25,107][root][INFO] - Start epoch 34
[2025-09-28 02:43:34,710][root][INFO] - [34/150] train 87.759%/0.7429 | val 50.000%/189.8876
[2025-09-28 02:43:34,710][root][INFO] - Start epoch 35
[2025-09-28 02:45:44,316][root][INFO] - [35/150] train 87.429%/0.7506 | val 54.833%/4.6498
[2025-09-28 02:45:44,316][root][INFO] - Start epoch 36
[2025-09-28 02:47:53,870][root][INFO] - [36/150] train 87.958%/0.7235 | val 50.000%/242.0555
[2025-09-28 02:47:53,870][root][INFO] - Start epoch 37
[2025-09-28 02:50:03,509][root][INFO] - [37/150] train 87.523%/0.7464 | val 50.000%/87.4207
[2025-09-28 02:50:03,509][root][INFO] - Start epoch 38
[2025-09-28 02:52:13,086][root][INFO] - [38/150] train 88.050%/0.7304 | val 50.000%/59.8344
[2025-09-28 02:52:13,086][root][INFO] - Start epoch 39
[2025-09-28 02:54:23,227][root][INFO] - [39/150] train 88.115%/0.7171 | val 50.000%/16.7442
[2025-09-28 02:54:23,228][root][INFO] - Start epoch 40
[2025-09-28 02:56:33,331][root][INFO] - [40/150] train 87.967%/0.7308 | val 50.000%/142.5163
[2025-09-28 02:56:33,331][root][INFO] - Start epoch 41
[2025-09-28 02:58:43,242][root][INFO] - [41/150] train 88.056%/0.7244 | val 50.000%/91.2587
[2025-09-28 02:58:43,242][root][INFO] - Start epoch 42
[2025-09-28 03:00:52,992][root][INFO] - [42/150] train 88.340%/0.7052 | val 50.000%/18.2319
[2025-09-28 03:00:52,992][root][INFO] - Start epoch 43
[2025-09-28 03:03:02,526][root][INFO] - [43/150] train 88.403%/0.7001 | val 50.000%/37.1956
[2025-09-28 03:03:02,526][root][INFO] - Start epoch 44
[2025-09-28 03:05:12,068][root][INFO] - [44/150] train 88.182%/0.7108 | val 50.000%/161.4592
[2025-09-28 03:05:12,068][root][INFO] - Start epoch 45
[2025-09-28 03:07:21,667][root][INFO] - [45/150] train 88.406%/0.7028 | val 50.000%/20.6038
[2025-09-28 03:07:21,667][root][INFO] - Start epoch 46
[2025-09-28 03:09:31,338][root][INFO] - [46/150] train 88.290%/0.7053 | val 52.514%/6.0746
[2025-09-28 03:09:31,338][root][INFO] - Start epoch 47
[2025-09-28 03:11:40,923][root][INFO] - [47/150] train 88.545%/0.6956 | val 50.000%/168.2098
[2025-09-28 03:11:40,924][root][INFO] - Start epoch 48
[2025-09-28 03:13:50,569][root][INFO] - [48/150] train 88.885%/0.6850 | val 50.000%/279.2546
[2025-09-28 03:13:50,570][root][INFO] - Start epoch 49
[2025-09-28 03:16:00,363][root][INFO] - [49/150] train 88.719%/0.6867 | val 50.000%/203.6724
[2025-09-28 03:16:00,363][root][INFO] - Start epoch 50
[2025-09-28 03:18:09,985][root][INFO] - [50/150] train 88.547%/0.6916 | val 50.000%/72.4589
[2025-09-28 03:18:09,986][root][INFO] - Start epoch 51
[2025-09-28 03:20:19,674][root][INFO] - [51/150] train 88.743%/0.6886 | val 50.000%/17.2532
[2025-09-28 03:20:19,674][root][INFO] - Start epoch 52
[2025-09-28 03:22:29,362][root][INFO] - [52/150] train 88.953%/0.6776 | val 50.847%/8.0136
[2025-09-28 03:22:29,362][root][INFO] - Start epoch 53
[2025-09-28 03:24:38,911][root][INFO] - [53/150] train 88.753%/0.6844 | val 50.000%/88.4876
[2025-09-28 03:24:38,911][root][INFO] - Start epoch 54
[2025-09-28 03:26:48,628][root][INFO] - [54/150] train 88.977%/0.6712 | val 50.000%/146.8643
[2025-09-28 03:26:48,628][root][INFO] - Start epoch 55
[2025-09-28 03:28:58,541][root][INFO] - [55/150] train 88.755%/0.6824 | val 50.000%/44.3101
[2025-09-28 03:28:58,542][root][INFO] - Start epoch 56
[2025-09-28 03:31:08,145][root][INFO] - [56/150] train 88.965%/0.6755 | val 50.000%/180.5561
[2025-09-28 03:31:08,145][root][INFO] - Start epoch 57
[2025-09-28 03:33:17,721][root][INFO] - [57/150] train 88.618%/0.6869 | val 50.000%/110.2754
[2025-09-28 03:33:17,721][root][INFO] - Start epoch 58
[2025-09-28 03:35:27,397][root][INFO] - [58/150] train 88.884%/0.6723 | val 50.000%/19.7494
[2025-09-28 03:35:27,397][root][INFO] - Start epoch 59
[2025-09-28 03:37:37,088][root][INFO] - [59/150] train 89.587%/0.6503 | val 50.000%/193.6560
[2025-09-28 03:37:37,088][root][INFO] - Start epoch 60
[2025-09-28 03:39:46,687][root][INFO] - [60/150] train 89.168%/0.6624 | val 50.000%/91.5365
[2025-09-28 03:39:46,687][root][INFO] - Start epoch 61
[2025-09-28 03:41:56,320][root][INFO] - [61/150] train 88.941%/0.6687 | val 50.000%/19.6173
[2025-09-28 03:41:56,320][root][INFO] - Start epoch 62
[2025-09-28 03:44:05,902][root][INFO] - [62/150] train 88.682%/0.6840 | val 50.000%/234.2161
[2025-09-28 03:44:05,902][root][INFO] - Start epoch 63
[2025-09-28 03:46:15,586][root][INFO] - [63/150] train 88.967%/0.6728 | val 65.764%/2.2396
[2025-09-28 03:46:15,586][root][INFO] - Start epoch 64
[2025-09-28 03:48:25,297][root][INFO] - [64/150] train 89.413%/0.6459 | val 50.000%/28.6466
[2025-09-28 03:48:25,298][root][INFO] - Start epoch 65
[2025-09-28 03:50:34,926][root][INFO] - [65/150] train 89.351%/0.6493 | val 51.917%/6.7738
[2025-09-28 03:50:34,926][root][INFO] - Start epoch 66
[2025-09-28 03:52:44,423][root][INFO] - [66/150] train 89.203%/0.6572 | val 50.000%/36.3573
[2025-09-28 03:52:44,424][root][INFO] - Start epoch 67
[2025-09-28 03:54:54,102][root][INFO] - [67/150] train 89.248%/0.6530 | val 50.000%/185.9771
[2025-09-28 03:54:54,103][root][INFO] - Start epoch 68
[2025-09-28 03:57:04,019][root][INFO] - [68/150] train 89.247%/0.6529 | val 50.000%/43.7952
[2025-09-28 03:57:04,019][root][INFO] - Start epoch 69
[2025-09-28 03:59:14,018][root][INFO] - [69/150] train 89.429%/0.6489 | val 50.000%/45.6405
[2025-09-28 03:59:14,019][root][INFO] - Start epoch 70
[2025-09-28 04:01:23,752][root][INFO] - [70/150] train 89.601%/0.6350 | val 50.000%/350.2056
[2025-09-28 04:01:23,752][root][INFO] - Start epoch 71
[2025-09-28 04:03:33,817][root][INFO] - [71/150] train 89.420%/0.6462 | val 50.000%/1674.5344
[2025-09-28 04:03:33,817][root][INFO] - Start epoch 72
[2025-09-28 04:05:43,672][root][INFO] - [72/150] train 89.266%/0.6583 | val 50.000%/61.8873
[2025-09-28 04:05:43,673][root][INFO] - Start epoch 73
[2025-09-28 04:07:53,566][root][INFO] - [73/150] train 89.795%/0.6283 | val 50.000%/46.9360
[2025-09-28 04:07:53,566][root][INFO] - Start epoch 74
[2025-09-28 04:10:03,591][root][INFO] - [74/150] train 89.392%/0.6434 | val 50.000%/173.2578
[2025-09-28 04:10:03,592][root][INFO] - Start epoch 75
[2025-09-28 04:12:13,462][root][INFO] - [75/150] train 89.500%/0.6460 | val 89.778%/0.5670
[2025-09-28 04:12:13,465][root][INFO] - Start epoch 76
[2025-09-28 04:14:23,261][root][INFO] - [76/150] train 89.526%/0.6340 | val 68.750%/1.8931
[2025-09-28 04:14:23,261][root][INFO] - Start epoch 77
[2025-09-28 04:16:32,937][root][INFO] - [77/150] train 89.814%/0.6283 | val 50.000%/269.4136
[2025-09-28 04:16:32,938][root][INFO] - Start epoch 78
[2025-09-28 04:18:42,939][root][INFO] - [78/150] train 89.818%/0.6231 | val 50.014%/17.2166
[2025-09-28 04:18:42,939][root][INFO] - Start epoch 79
[2025-09-28 04:20:52,911][root][INFO] - [79/150] train 89.616%/0.6303 | val 50.000%/208.2616
[2025-09-28 04:20:52,911][root][INFO] - Start epoch 80
[2025-09-28 04:23:02,723][root][INFO] - [80/150] train 89.108%/0.6566 | val 80.208%/1.0401
[2025-09-28 04:23:02,724][root][INFO] - Start epoch 81
[2025-09-28 04:25:12,444][root][INFO] - [81/150] train 89.689%/0.6313 | val 50.000%/34.6410
[2025-09-28 04:25:12,445][root][INFO] - Start epoch 82
[2025-09-28 04:27:22,330][root][INFO] - [82/150] train 89.901%/0.6246 | val 50.000%/20.7994
[2025-09-28 04:27:22,330][root][INFO] - Start epoch 83
[2025-09-28 04:29:32,054][root][INFO] - [83/150] train 89.705%/0.6239 | val 50.000%/86.8178
[2025-09-28 04:29:32,054][root][INFO] - Start epoch 84
[2025-09-28 04:31:41,657][root][INFO] - [84/150] train 89.602%/0.6380 | val 50.000%/33.6394
[2025-09-28 04:31:41,657][root][INFO] - Start epoch 85
[2025-09-28 04:33:51,520][root][INFO] - [85/150] train 89.932%/0.6168 | val 52.653%/6.6627
[2025-09-28 04:33:51,520][root][INFO] - Start epoch 86
[2025-09-28 04:36:01,627][root][INFO] - [86/150] train 89.858%/0.6216 | val 50.000%/78.8343
[2025-09-28 04:36:01,627][root][INFO] - Start epoch 87
[2025-09-28 04:38:11,507][root][INFO] - [87/150] train 89.977%/0.6148 | val 50.000%/40.2872
[2025-09-28 04:38:11,507][root][INFO] - Start epoch 88
[2025-09-28 04:40:21,238][root][INFO] - [88/150] train 90.014%/0.6158 | val 50.000%/45.6042
[2025-09-28 04:40:21,238][root][INFO] - Start epoch 89
[2025-09-28 04:42:31,026][root][INFO] - [89/150] train 90.069%/0.6112 | val 50.069%/17.6637
[2025-09-28 04:42:31,026][root][INFO] - Start epoch 90
[2025-09-28 04:44:40,754][root][INFO] - [90/150] train 89.977%/0.6185 | val 62.875%/2.9772
[2025-09-28 04:44:40,755][root][INFO] - Start epoch 91
[2025-09-28 04:46:50,725][root][INFO] - [91/150] train 89.918%/0.6143 | val 50.000%/71.7624
[2025-09-28 04:46:50,726][root][INFO] - Start epoch 92
[2025-09-28 04:49:00,594][root][INFO] - [92/150] train 90.050%/0.6110 | val 50.000%/61.8659
[2025-09-28 04:49:00,594][root][INFO] - Start epoch 93
[2025-09-28 04:51:10,422][root][INFO] - [93/150] train 89.859%/0.6196 | val 50.000%/133.1292
[2025-09-28 04:51:10,422][root][INFO] - Start epoch 94
[2025-09-28 04:53:20,319][root][INFO] - [94/150] train 90.391%/0.5989 | val 63.056%/2.7158
[2025-09-28 04:53:20,319][root][INFO] - Start epoch 95
[2025-09-28 04:55:30,098][root][INFO] - [95/150] train 90.243%/0.6013 | val 50.000%/123.7751
[2025-09-28 04:55:30,098][root][INFO] - Start epoch 96
[2025-09-28 04:57:40,001][root][INFO] - [96/150] train 90.139%/0.6056 | val 50.000%/64.4888
[2025-09-28 04:57:40,001][root][INFO] - Start epoch 97
[2025-09-28 04:59:50,000][root][INFO] - [97/150] train 90.194%/0.6062 | val 50.000%/66.7554
[2025-09-28 04:59:50,000][root][INFO] - Start epoch 98
[2025-09-28 05:02:00,008][root][INFO] - [98/150] train 89.790%/0.6212 | val 50.000%/186.1613
[2025-09-28 05:02:00,008][root][INFO] - Start epoch 99
[2025-09-28 05:04:09,876][root][INFO] - [99/150] train 90.304%/0.5995 | val 50.000%/21.4218
[2025-09-28 05:04:09,876][root][INFO] - Start epoch 100
[2025-09-28 05:06:19,798][root][INFO] - [100/150] train 90.323%/0.5951 | val 50.000%/109.8181
[2025-09-28 05:06:19,798][root][INFO] - Start epoch 101
[2025-09-28 05:08:29,710][root][INFO] - [101/150] train 90.410%/0.5932 | val 50.000%/35.1390
[2025-09-28 05:08:29,710][root][INFO] - Start epoch 102
[2025-09-28 05:10:39,551][root][INFO] - [102/150] train 90.358%/0.5906 | val 50.000%/158.4109
[2025-09-28 05:10:39,551][root][INFO] - Start epoch 103
[2025-09-28 05:12:49,586][root][INFO] - [103/150] train 90.516%/0.5881 | val 50.000%/145.1266
[2025-09-28 05:12:49,587][root][INFO] - Start epoch 104
[2025-09-28 05:14:59,405][root][INFO] - [104/150] train 90.434%/0.5908 | val 50.000%/34.9485
[2025-09-28 05:14:59,405][root][INFO] - Start epoch 105
[2025-09-28 05:17:09,570][root][INFO] - [105/150] train 90.444%/0.5845 | val 50.000%/135.3995
[2025-09-28 05:17:09,570][root][INFO] - Start epoch 106
[2025-09-28 05:19:19,691][root][INFO] - [106/150] train 89.885%/0.6174 | val 50.000%/22.8265
[2025-09-28 05:19:19,691][root][INFO] - Start epoch 107
[2025-09-28 05:21:29,333][root][INFO] - [107/150] train 90.488%/0.5889 | val 50.000%/19.1721
[2025-09-28 05:21:29,334][root][INFO] - Start epoch 108
[2025-09-28 05:23:39,062][root][INFO] - [108/150] train 90.417%/0.5906 | val 50.000%/119.1599
[2025-09-28 05:23:39,063][root][INFO] - Start epoch 109
[2025-09-28 05:25:48,755][root][INFO] - [109/150] train 90.618%/0.5807 | val 50.000%/53.1381
[2025-09-28 05:25:48,755][root][INFO] - Start epoch 110
[2025-09-28 05:27:58,348][root][INFO] - [110/150] train 90.441%/0.5849 | val 50.000%/158.9373
[2025-09-28 05:27:58,348][root][INFO] - Start epoch 111
[2025-09-28 05:30:07,928][root][INFO] - [111/150] train 90.545%/0.5832 | val 50.000%/257.8560
[2025-09-28 05:30:07,928][root][INFO] - Start epoch 112
[2025-09-28 05:32:17,924][root][INFO] - [112/150] train 90.479%/0.5795 | val 50.000%/75.1449
[2025-09-28 05:32:17,924][root][INFO] - Start epoch 113
[2025-09-28 05:34:27,477][root][INFO] - [113/150] train 90.495%/0.5831 | val 50.000%/186.5908
[2025-09-28 05:34:27,477][root][INFO] - Start epoch 114
[2025-09-28 05:36:37,210][root][INFO] - [114/150] train 90.764%/0.5689 | val 50.000%/118.2877
[2025-09-28 05:36:37,210][root][INFO] - Start epoch 115
[2025-09-28 05:38:47,007][root][INFO] - [115/150] train 90.785%/0.5724 | val 50.000%/288.1543
[2025-09-28 05:38:47,008][root][INFO] - Start epoch 116
[2025-09-28 05:40:56,596][root][INFO] - [116/150] train 90.510%/0.5766 | val 50.000%/313.1600
[2025-09-28 05:40:56,596][root][INFO] - Start epoch 117
[2025-09-28 05:43:06,261][root][INFO] - [117/150] train 90.595%/0.5806 | val 50.056%/17.2828
[2025-09-28 05:43:06,261][root][INFO] - Start epoch 118
[2025-09-28 05:45:16,071][root][INFO] - [118/150] train 90.651%/0.5743 | val 50.000%/86.6619
[2025-09-28 05:45:16,071][root][INFO] - Start epoch 119
[2025-09-28 05:47:26,165][root][INFO] - [119/150] train 90.658%/0.5793 | val 76.083%/1.3890
[2025-09-28 05:47:26,165][root][INFO] - Start epoch 120
[2025-09-28 05:49:36,121][root][INFO] - [120/150] train 90.573%/0.5768 | val 50.000%/116.5776
[2025-09-28 05:49:36,121][root][INFO] - Start epoch 121
[2025-09-28 05:51:46,064][root][INFO] - [121/150] train 90.639%/0.5762 | val 51.014%/9.9740
[2025-09-28 05:51:46,065][root][INFO] - Start epoch 122
[2025-09-28 05:53:56,087][root][INFO] - [122/150] train 90.976%/0.5633 | val 50.000%/195.9490
[2025-09-28 05:53:56,087][root][INFO] - Start epoch 123
[2025-09-28 05:56:05,981][root][INFO] - [123/150] train 90.983%/0.5605 | val 50.000%/92.0361
[2025-09-28 05:56:05,982][root][INFO] - Start epoch 124
[2025-09-28 05:58:15,790][root][INFO] - [124/150] train 90.932%/0.5629 | val 50.000%/63.9360
[2025-09-28 05:58:15,790][root][INFO] - Start epoch 125
[2025-09-28 06:00:25,621][root][INFO] - [125/150] train 90.929%/0.5639 | val 50.000%/31.8976
[2025-09-28 06:00:25,621][root][INFO] - Start epoch 126
[2025-09-28 06:02:35,508][root][INFO] - [126/150] train 90.778%/0.5674 | val 50.000%/18.3691
[2025-09-28 06:02:35,509][root][INFO] - Start epoch 127
[2025-09-28 06:04:45,209][root][INFO] - [127/150] train 90.908%/0.5659 | val 64.736%/2.7119
[2025-09-28 06:04:45,209][root][INFO] - Start epoch 128
[2025-09-28 06:06:54,926][root][INFO] - [128/150] train 90.825%/0.5634 | val 50.000%/34.1444
[2025-09-28 06:06:54,927][root][INFO] - Start epoch 129
[2025-09-28 06:09:04,738][root][INFO] - [129/150] train 90.615%/0.5736 | val 50.042%/19.9385
[2025-09-28 06:09:04,738][root][INFO] - Start epoch 130
[2025-09-28 06:11:14,505][root][INFO] - [130/150] train 90.826%/0.5648 | val 51.014%/9.4281
[2025-09-28 06:11:14,505][root][INFO] - Start epoch 131
[2025-09-28 06:13:24,835][root][INFO] - [131/150] train 90.521%/0.5795 | val 50.000%/28.4269
[2025-09-28 06:13:24,835][root][INFO] - Start epoch 132
[2025-09-28 06:15:35,206][root][INFO] - [132/150] train 90.934%/0.5593 | val 50.000%/87.4470
[2025-09-28 06:15:35,206][root][INFO] - Start epoch 133
[2025-09-28 06:17:45,245][root][INFO] - [133/150] train 90.960%/0.5625 | val 50.000%/21.7543
[2025-09-28 06:17:45,245][root][INFO] - Start epoch 134
[2025-09-28 06:19:55,129][root][INFO] - [134/150] train 91.078%/0.5497 | val 50.111%/19.4036
[2025-09-28 06:19:55,130][root][INFO] - Start epoch 135
[2025-09-28 06:22:04,909][root][INFO] - [135/150] train 90.967%/0.5567 | val 50.000%/266.6731
[2025-09-28 06:22:04,910][root][INFO] - Start epoch 136
[2025-09-28 06:24:14,680][root][INFO] - [136/150] train 91.330%/0.5450 | val 50.000%/70.0520
[2025-09-28 06:24:14,680][root][INFO] - Start epoch 137
[2025-09-28 06:26:24,408][root][INFO] - [137/150] train 91.031%/0.5522 | val 50.000%/100.5591
[2025-09-28 06:26:24,408][root][INFO] - Start epoch 138
[2025-09-28 06:28:34,130][root][INFO] - [138/150] train 91.135%/0.5453 | val 50.000%/18.9214
[2025-09-28 06:28:34,131][root][INFO] - Start epoch 139
[2025-09-28 06:30:44,514][root][INFO] - [139/150] train 90.932%/0.5619 | val 50.000%/48.3339
[2025-09-28 06:30:44,515][root][INFO] - Start epoch 140
[2025-09-28 06:32:54,626][root][INFO] - [140/150] train 91.069%/0.5494 | val 50.528%/12.2050
[2025-09-28 06:32:54,626][root][INFO] - Start epoch 141
[2025-09-28 06:35:04,478][root][INFO] - [141/150] train 91.231%/0.5446 | val 50.000%/41.5100
[2025-09-28 06:35:04,478][root][INFO] - Start epoch 142
[2025-09-28 06:37:14,088][root][INFO] - [142/150] train 90.608%/0.5758 | val 50.000%/26.8922
[2025-09-28 06:37:14,088][root][INFO] - Start epoch 143
[2025-09-28 06:39:23,709][root][INFO] - [143/150] train 90.983%/0.5566 | val 50.000%/154.5526
[2025-09-28 06:39:23,709][root][INFO] - Start epoch 144
[2025-09-28 06:41:33,198][root][INFO] - [144/150] train 91.174%/0.5496 | val 50.000%/245.6383
[2025-09-28 06:41:33,198][root][INFO] - Start epoch 145
[2025-09-28 06:43:42,993][root][INFO] - [145/150] train 91.417%/0.5310 | val 50.000%/153.8104
[2025-09-28 06:43:42,993][root][INFO] - Start epoch 146
[2025-09-28 06:45:53,299][root][INFO] - [146/150] train 91.316%/0.5344 | val 50.000%/80.4744
[2025-09-28 06:45:53,299][root][INFO] - Start epoch 147
[2025-09-28 06:48:03,600][root][INFO] - [147/150] train 91.047%/0.5503 | val 69.556%/2.1366
[2025-09-28 06:48:03,601][root][INFO] - Start epoch 148
[2025-09-28 06:50:13,708][root][INFO] - [148/150] train 91.151%/0.5450 | val 50.000%/14.4842
[2025-09-28 06:50:13,708][root][INFO] - Start epoch 149
[2025-09-28 06:52:23,605][root][INFO] - [149/150] train 91.297%/0.5383 | val 50.000%/49.7845
[2025-09-28 06:52:23,606][root][INFO] - Start epoch 150
[2025-09-28 06:54:33,399][root][INFO] - [150/150] train 91.455%/0.5390 | val 50.000%/141.7930
[2025-09-28 06:54:39,471][root][INFO] - 
[Test Evaluation]
[2025-09-28 06:54:39,471][root][INFO] -  Accuracy : 0.907
[2025-09-28 06:54:39,471][root][INFO] -  Precision: 0.926
[2025-09-28 06:54:39,471][root][INFO] -  Recall   : 0.885
[2025-09-28 06:54:39,471][root][INFO] -  F1       : 0.905
[2025-09-28 06:54:39,471][root][INFO] -  Auc      : 0.963
