[2025-09-22 04:36:12,905][root][INFO] - ORIGINAL CWD : /home/sota/research/sotaohnuma/coffee
[2025-09-22 04:36:12,906][root][INFO] - RUN CWD      : /home/sota/research/sotaohnuma/coffee/outputs/bean_224/mobilenetv2_050_np/base/2025-09-22_04-36-12
[2025-09-22 04:36:12,906][root][INFO] - batch: 256, 
 {'batch_size': 256, '_target_': 'models.mobilenetv2_050_np.mobilenetv2_050_np', 'lr': 0.0097, 'weight_decay': 0.00012}
[2025-09-22 04:36:12,906][root][INFO] - lr: 0.0097, 
 {'_target_': 'models.mobilenetv2_050_np.mobilenetv2_050_np', 'lr': 0.0097, 'weight_decay': 0.00012}
[2025-09-22 04:36:12,906][root][INFO] - weight_decay: 0.00012, 
 {'_target_': 'models.mobilenetv2_050_np.mobilenetv2_050_np', 'weight_decay': 0.00012}
[2025-09-22 04:36:13,473][root][INFO] - Start loading train data
[2025-09-22 04:36:13,581][root][INFO] - Start loading val data
[2025-09-22 04:36:13,594][root][INFO] - Start loading test data
[2025-09-22 04:36:13,768][root][INFO] - Finished DataLoader setup
[2025-09-22 04:36:13,770][root][INFO] - Start: 0
[2025-09-22 04:37:51,875][root][INFO] - [01/100] train 55.707%/1.0976 | val 50.014%/1.0020
[2025-09-22 04:37:51,917][root][INFO] - Start: 1
[2025-09-22 04:39:30,502][root][INFO] - [02/100] train 60.111%/0.7177 | val 59.278%/0.6863
[2025-09-22 04:39:30,539][root][INFO] - Start: 2
[2025-09-22 04:41:08,729][root][INFO] - [03/100] train 66.444%/0.6243 | val 70.694%/0.5646
[2025-09-22 04:41:08,763][root][INFO] - Start: 3
[2025-09-22 04:42:47,384][root][INFO] - [04/100] train 79.655%/0.4418 | val 84.708%/0.3592
[2025-09-22 04:42:47,429][root][INFO] - Start: 4
[2025-09-22 04:44:25,801][root][INFO] - [05/100] train 86.418%/0.3220 | val 62.361%/1.3968
[2025-09-22 04:44:25,801][root][INFO] - Start: 5
[2025-09-22 04:46:04,288][root][INFO] - [06/100] train 89.474%/0.2636 | val 51.069%/3.0903
[2025-09-22 04:46:04,288][root][INFO] - Start: 6
[2025-09-22 04:47:42,612][root][INFO] - [07/100] train 91.644%/0.2127 | val 51.236%/2.4133
[2025-09-22 04:47:42,612][root][INFO] - Start: 7
[2025-09-22 04:49:21,209][root][INFO] - [08/100] train 92.877%/0.1853 | val 50.000%/10.1729
[2025-09-22 04:49:21,209][root][INFO] - Start: 8
[2025-09-22 04:50:59,678][root][INFO] - [09/100] train 93.290%/0.1733 | val 50.000%/11.8529
[2025-09-22 04:50:59,679][root][INFO] - Start: 9
[2025-09-22 04:52:38,377][root][INFO] - [10/100] train 94.139%/0.1546 | val 50.000%/13.1274
[2025-09-22 04:52:38,377][root][INFO] - Start: 10
[2025-09-22 04:54:17,742][root][INFO] - [11/100] train 94.731%/0.1352 | val 50.000%/10.9952
[2025-09-22 04:54:17,742][root][INFO] - Start: 11
[2025-09-22 04:55:56,888][root][INFO] - [12/100] train 95.505%/0.1184 | val 55.986%/1.8021
[2025-09-22 04:55:56,888][root][INFO] - Start: 12
[2025-09-22 04:57:36,399][root][INFO] - [13/100] train 95.969%/0.1068 | val 71.139%/1.0993
[2025-09-22 04:57:36,399][root][INFO] - Start: 13
[2025-09-22 04:59:15,470][root][INFO] - [14/100] train 96.123%/0.1008 | val 50.000%/10.3418
[2025-09-22 04:59:15,470][root][INFO] - Start: 14
[2025-09-22 05:00:54,871][root][INFO] - [15/100] train 96.540%/0.0896 | val 74.333%/1.0215
[2025-09-22 05:00:54,871][root][INFO] - Start: 15
[2025-09-22 05:02:34,096][root][INFO] - [16/100] train 97.075%/0.0784 | val 52.264%/5.8870
[2025-09-22 05:02:34,096][root][INFO] - Start: 16
[2025-09-22 05:04:13,348][root][INFO] - [17/100] train 96.885%/0.0810 | val 58.264%/3.9245
[2025-09-22 05:04:13,348][root][INFO] - Start: 17
[2025-09-22 05:05:52,522][root][INFO] - [18/100] train 97.335%/0.0715 | val 91.722%/0.2633
[2025-09-22 05:05:52,559][root][INFO] - Start: 18
[2025-09-22 05:07:31,064][root][INFO] - [19/100] train 97.243%/0.0713 | val 88.611%/0.3048
[2025-09-22 05:07:31,064][root][INFO] - Start: 19
[2025-09-22 05:09:09,974][root][INFO] - [20/100] train 97.536%/0.0658 | val 50.000%/13.0166
[2025-09-22 05:09:09,974][root][INFO] - Start: 20
[2025-09-22 05:10:49,176][root][INFO] - [21/100] train 97.712%/0.0614 | val 94.986%/0.1732
[2025-09-22 05:10:49,210][root][INFO] - Start: 21
[2025-09-22 05:12:28,225][root][INFO] - [22/100] train 97.731%/0.0601 | val 95.056%/0.1571
[2025-09-22 05:12:28,260][root][INFO] - Start: 22
[2025-09-22 05:14:07,149][root][INFO] - [23/100] train 97.840%/0.0572 | val 85.819%/0.6113
[2025-09-22 05:14:07,149][root][INFO] - Start: 23
[2025-09-22 05:15:46,647][root][INFO] - [24/100] train 98.057%/0.0531 | val 52.306%/3.6356
[2025-09-22 05:15:46,647][root][INFO] - Start: 24
[2025-09-22 05:17:27,035][root][INFO] - [25/100] train 98.087%/0.0499 | val 50.000%/24.0734
[2025-09-22 05:17:27,035][root][INFO] - Start: 25
[2025-09-22 05:19:07,105][root][INFO] - [26/100] train 98.014%/0.0539 | val 91.375%/0.3473
[2025-09-22 05:19:07,105][root][INFO] - Start: 26
[2025-09-22 05:20:46,609][root][INFO] - [27/100] train 98.186%/0.0482 | val 92.472%/0.2805
[2025-09-22 05:20:46,610][root][INFO] - Start: 27
[2025-09-22 05:22:26,864][root][INFO] - [28/100] train 98.181%/0.0483 | val 93.889%/0.1944
[2025-09-22 05:22:26,864][root][INFO] - Start: 28
[2025-09-22 05:24:06,962][root][INFO] - [29/100] train 98.094%/0.0511 | val 82.181%/0.8344
[2025-09-22 05:24:06,962][root][INFO] - Start: 29
[2025-09-22 05:25:46,775][root][INFO] - [30/100] train 98.347%/0.0440 | val 91.375%/0.3271
[2025-09-22 05:25:46,775][root][INFO] - Start: 30
[2025-09-22 05:27:26,728][root][INFO] - [31/100] train 98.507%/0.0400 | val 93.542%/0.2603
[2025-09-22 05:27:26,728][root][INFO] - Start: 31
[2025-09-22 05:29:07,626][root][INFO] - [32/100] train 98.451%/0.0408 | val 94.972%/0.1460
[2025-09-22 05:29:07,626][root][INFO] - Start: 32
[2025-09-22 05:30:47,684][root][INFO] - [33/100] train 98.512%/0.0393 | val 65.403%/1.7861
[2025-09-22 05:30:47,685][root][INFO] - Start: 33
[2025-09-22 05:32:27,746][root][INFO] - [34/100] train 98.632%/0.0370 | val 94.472%/0.2135
[2025-09-22 05:32:27,746][root][INFO] - Start: 34
[2025-09-22 05:34:07,418][root][INFO] - [35/100] train 98.769%/0.0328 | val 94.708%/0.1634
[2025-09-22 05:34:07,419][root][INFO] - Start: 35
[2025-09-22 05:35:47,227][root][INFO] - [36/100] train 98.823%/0.0331 | val 53.444%/4.0286
[2025-09-22 05:35:47,228][root][INFO] - Start: 36
[2025-09-22 05:37:27,586][root][INFO] - [37/100] train 98.905%/0.0296 | val 72.736%/1.6607
[2025-09-22 05:37:27,587][root][INFO] - Start: 37
[2025-09-22 05:39:07,568][root][INFO] - [38/100] train 98.891%/0.0321 | val 92.792%/0.3104
[2025-09-22 05:39:07,568][root][INFO] - Start: 38
[2025-09-22 05:40:47,435][root][INFO] - [39/100] train 98.840%/0.0307 | val 93.194%/0.2390
[2025-09-22 05:40:47,435][root][INFO] - Start: 39
[2025-09-22 05:42:27,247][root][INFO] - [40/100] train 98.946%/0.0280 | val 94.458%/0.1843
[2025-09-22 05:42:27,247][root][INFO] - Start: 40
[2025-09-22 05:44:07,365][root][INFO] - [41/100] train 98.870%/0.0310 | val 90.708%/0.4254
[2025-09-22 05:44:07,365][root][INFO] - Start: 41
[2025-09-22 05:45:47,136][root][INFO] - [42/100] train 99.177%/0.0226 | val 63.486%/4.3278
[2025-09-22 05:45:47,137][root][INFO] - Start: 42
[2025-09-22 05:47:27,294][root][INFO] - [43/100] train 99.219%/0.0221 | val 95.639%/0.1677
[2025-09-22 05:47:27,329][root][INFO] - Start: 43
[2025-09-22 05:49:06,593][root][INFO] - [44/100] train 99.170%/0.0227 | val 90.083%/0.4720
[2025-09-22 05:49:06,594][root][INFO] - Start: 44
[2025-09-22 05:50:46,712][root][INFO] - [45/100] train 99.167%/0.0225 | val 92.000%/0.3364
[2025-09-22 05:50:46,712][root][INFO] - Start: 45
[2025-09-22 05:52:26,419][root][INFO] - [46/100] train 99.396%/0.0167 | val 92.333%/0.3468
[2025-09-22 05:52:26,419][root][INFO] - Start: 46
[2025-09-22 05:54:06,085][root][INFO] - [47/100] train 99.160%/0.0238 | val 91.000%/0.4611
[2025-09-22 05:54:06,085][root][INFO] - Start: 47
[2025-09-22 05:55:45,763][root][INFO] - [48/100] train 99.339%/0.0170 | val 92.236%/0.4145
[2025-09-22 05:55:45,763][root][INFO] - Start: 48
[2025-09-22 05:57:25,633][root][INFO] - [49/100] train 99.493%/0.0146 | val 95.056%/0.1860
[2025-09-22 05:57:25,633][root][INFO] - Start: 49
[2025-09-22 05:59:05,636][root][INFO] - [50/100] train 99.559%/0.0124 | val 88.792%/0.7383
[2025-09-22 05:59:05,636][root][INFO] - Start: 50
[2025-09-22 06:00:45,830][root][INFO] - [51/100] train 99.516%/0.0139 | val 94.972%/0.1942
[2025-09-22 06:00:45,830][root][INFO] - Start: 51
[2025-09-22 06:02:26,004][root][INFO] - [52/100] train 99.523%/0.0126 | val 82.903%/0.7933
[2025-09-22 06:02:26,004][root][INFO] - Start: 52
[2025-09-22 06:04:06,121][root][INFO] - [53/100] train 99.526%/0.0133 | val 90.417%/0.4278
[2025-09-22 06:04:06,121][root][INFO] - Start: 53
[2025-09-22 06:05:46,211][root][INFO] - [54/100] train 99.686%/0.0091 | val 94.639%/0.2669
[2025-09-22 06:05:46,211][root][INFO] - Start: 54
[2025-09-22 06:07:25,866][root][INFO] - [55/100] train 99.625%/0.0104 | val 94.542%/0.2486
[2025-09-22 06:07:25,866][root][INFO] - Start: 55
[2025-09-22 06:09:05,178][root][INFO] - [56/100] train 99.701%/0.0093 | val 95.306%/0.1745
[2025-09-22 06:09:05,179][root][INFO] - Start: 56
[2025-09-22 06:10:44,787][root][INFO] - [57/100] train 99.674%/0.0096 | val 95.819%/0.1963
[2025-09-22 06:10:44,838][root][INFO] - Start: 57
[2025-09-22 06:12:24,845][root][INFO] - [58/100] train 99.731%/0.0082 | val 94.917%/0.2413
[2025-09-22 06:12:24,845][root][INFO] - Start: 58
[2025-09-22 06:14:04,418][root][INFO] - [59/100] train 99.727%/0.0076 | val 95.778%/0.2102
[2025-09-22 06:14:04,418][root][INFO] - Start: 59
[2025-09-22 06:15:44,364][root][INFO] - [60/100] train 99.752%/0.0069 | val 92.167%/0.4061
[2025-09-22 06:15:44,364][root][INFO] - Start: 60
[2025-09-22 06:17:24,334][root][INFO] - [61/100] train 99.783%/0.0064 | val 94.681%/0.2308
[2025-09-22 06:17:24,335][root][INFO] - Start: 61
[2025-09-22 06:19:04,831][root][INFO] - [62/100] train 99.837%/0.0047 | val 95.611%/0.2141
[2025-09-22 06:19:04,831][root][INFO] - Start: 62
[2025-09-22 06:20:45,219][root][INFO] - [63/100] train 99.786%/0.0062 | val 93.069%/0.5241
[2025-09-22 06:20:45,219][root][INFO] - Start: 63
[2025-09-22 06:22:25,416][root][INFO] - [64/100] train 99.762%/0.0066 | val 94.250%/0.2398
[2025-09-22 06:22:25,417][root][INFO] - Start: 64
[2025-09-22 06:24:05,827][root][INFO] - [65/100] train 99.856%/0.0046 | val 94.639%/0.3099
[2025-09-22 06:24:05,828][root][INFO] - Start: 65
[2025-09-22 06:25:45,571][root][INFO] - [66/100] train 99.872%/0.0038 | val 93.819%/0.3578
[2025-09-22 06:25:45,572][root][INFO] - Start: 66
[2025-09-22 06:27:25,507][root][INFO] - [67/100] train 99.889%/0.0034 | val 95.236%/0.2531
[2025-09-22 06:27:25,508][root][INFO] - Start: 67
[2025-09-22 06:29:05,665][root][INFO] - [68/100] train 99.830%/0.0045 | val 95.028%/0.3320
[2025-09-22 06:29:05,665][root][INFO] - Start: 68
[2025-09-22 06:30:45,829][root][INFO] - [69/100] train 99.899%/0.0030 | val 94.667%/0.3189
[2025-09-22 06:30:45,829][root][INFO] - Start: 69
[2025-09-22 06:32:26,965][root][INFO] - [70/100] train 99.944%/0.0018 | val 95.611%/0.2793
[2025-09-22 06:32:26,965][root][INFO] - Start: 70
[2025-09-22 06:34:07,034][root][INFO] - [71/100] train 99.911%/0.0025 | val 95.583%/0.2805
[2025-09-22 06:34:07,035][root][INFO] - Start: 71
[2025-09-22 06:35:47,139][root][INFO] - [72/100] train 99.950%/0.0017 | val 95.319%/0.3368
[2025-09-22 06:35:47,139][root][INFO] - Start: 72
[2025-09-22 06:37:27,421][root][INFO] - [73/100] train 99.911%/0.0026 | val 96.278%/0.2135
[2025-09-22 06:37:27,456][root][INFO] - Start: 73
[2025-09-22 06:39:08,365][root][INFO] - [74/100] train 99.941%/0.0015 | val 95.556%/0.3056
[2025-09-22 06:39:08,366][root][INFO] - Start: 74
[2025-09-22 06:40:49,230][root][INFO] - [75/100] train 99.986%/0.0006 | val 95.889%/0.2843
[2025-09-22 06:40:49,230][root][INFO] - Start: 75
[2025-09-22 06:42:29,341][root][INFO] - [76/100] train 99.950%/0.0014 | val 95.625%/0.2917
[2025-09-22 06:42:29,341][root][INFO] - Start: 76
[2025-09-22 06:44:09,783][root][INFO] - [77/100] train 99.981%/0.0007 | val 96.194%/0.2673
[2025-09-22 06:44:09,783][root][INFO] - Start: 77
[2025-09-22 06:45:49,997][root][INFO] - [78/100] train 99.977%/0.0007 | val 95.569%/0.3439
[2025-09-22 06:45:49,997][root][INFO] - Start: 78
[2025-09-22 06:47:31,363][root][INFO] - [79/100] train 99.983%/0.0005 | val 95.528%/0.3573
[2025-09-22 06:47:31,363][root][INFO] - Start: 79
[2025-09-22 06:49:11,947][root][INFO] - [80/100] train 99.964%/0.0011 | val 95.958%/0.2910
[2025-09-22 06:49:11,948][root][INFO] - Start: 80
[2025-09-22 06:50:52,872][root][INFO] - [81/100] train 99.988%/0.0004 | val 95.056%/0.3722
[2025-09-22 06:50:52,873][root][INFO] - Start: 81
[2025-09-22 06:52:33,330][root][INFO] - [82/100] train 99.998%/0.0001 | val 95.514%/0.3680
[2025-09-22 06:52:33,330][root][INFO] - Start: 82
[2025-09-22 06:54:13,384][root][INFO] - [83/100] train 100.000%/0.0000 | val 95.556%/0.3560
[2025-09-22 06:54:13,384][root][INFO] - Start: 83
[2025-09-22 06:55:53,791][root][INFO] - [84/100] train 99.988%/0.0003 | val 95.042%/0.4253
[2025-09-22 06:55:53,791][root][INFO] - Start: 84
[2025-09-22 06:57:33,755][root][INFO] - [85/100] train 99.983%/0.0004 | val 95.597%/0.3570
[2025-09-22 06:57:33,755][root][INFO] - Start: 85
[2025-09-22 06:59:14,374][root][INFO] - [86/100] train 99.997%/0.0001 | val 95.514%/0.3955
[2025-09-22 06:59:14,374][root][INFO] - Start: 86
[2025-09-22 07:00:54,688][root][INFO] - [87/100] train 99.998%/0.0001 | val 95.639%/0.3744
[2025-09-22 07:00:54,689][root][INFO] - Start: 87
[2025-09-22 07:02:35,626][root][INFO] - [88/100] train 100.000%/0.0000 | val 95.792%/0.3748
[2025-09-22 07:02:35,626][root][INFO] - Start: 88
[2025-09-22 07:04:16,051][root][INFO] - [89/100] train 100.000%/0.0000 | val 95.778%/0.3777
[2025-09-22 07:04:16,051][root][INFO] - Start: 89
[2025-09-22 07:05:56,308][root][INFO] - [90/100] train 99.998%/0.0001 | val 95.819%/0.3834
[2025-09-22 07:05:56,308][root][INFO] - Start: 90
[2025-09-22 07:07:36,358][root][INFO] - [91/100] train 99.998%/0.0000 | val 95.903%/0.3836
[2025-09-22 07:07:36,358][root][INFO] - Start: 91
[2025-09-22 07:09:17,365][root][INFO] - [92/100] train 100.000%/0.0000 | val 96.028%/0.3721
[2025-09-22 07:09:17,365][root][INFO] - Start: 92
[2025-09-22 07:10:58,725][root][INFO] - [93/100] train 100.000%/0.0000 | val 96.042%/0.3686
[2025-09-22 07:10:58,725][root][INFO] - Start: 93
[2025-09-22 07:12:38,857][root][INFO] - [94/100] train 100.000%/0.0000 | val 96.042%/0.3853
[2025-09-22 07:12:38,857][root][INFO] - Start: 94
[2025-09-22 07:14:19,168][root][INFO] - [95/100] train 100.000%/0.0000 | val 96.069%/0.3755
[2025-09-22 07:14:19,169][root][INFO] - Start: 95
[2025-09-22 07:16:00,136][root][INFO] - [96/100] train 100.000%/0.0000 | val 96.000%/0.3867
[2025-09-22 07:16:00,136][root][INFO] - Start: 96
[2025-09-22 07:17:40,763][root][INFO] - [97/100] train 99.998%/0.0000 | val 95.944%/0.3899
[2025-09-22 07:17:40,763][root][INFO] - Start: 97
[2025-09-22 07:19:21,300][root][INFO] - [98/100] train 100.000%/0.0000 | val 96.000%/0.3920
[2025-09-22 07:19:21,300][root][INFO] - Start: 98
[2025-09-22 07:21:01,727][root][INFO] - [99/100] train 100.000%/0.0000 | val 96.056%/0.3833
[2025-09-22 07:21:01,727][root][INFO] - Start: 99
[2025-09-22 07:22:41,950][root][INFO] - [100/100] train 100.000%/0.0000 | val 95.986%/0.3818
[2025-09-22 07:22:48,988][root][INFO] - 
[Test Evaluation]
[2025-09-22 07:22:48,988][root][INFO] -  Accuracy : 0.963
[2025-09-22 07:22:48,988][root][INFO] -  Precision: 0.948
[2025-09-22 07:22:48,988][root][INFO] -  Recall   : 0.981
[2025-09-22 07:22:48,989][root][INFO] -  F1       : 0.964
[2025-09-22 07:22:48,989][root][INFO] -  Auc      : 0.995
