[2025-08-25 12:19:38,264][root][INFO] - ORIGINAL CWD : /home/sota/research/sotaohnuma/coffee
[2025-08-25 12:19:38,265][root][INFO] - RUN CWD      : /home/sota/research/sotaohnuma/coffee/outputs/bean_224/efficientnet_b0/base/2025-08-25_12-19-38
[2025-08-25 12:19:38,265][root][INFO] - batch: 136, 
 {'batch_size': 136, '_target_': 'models.efficientnet_b0.efficientnet_b0', 'lr': 0.0016, 'weight_decay': 0.0003}
[2025-08-25 12:19:38,265][root][INFO] - lr: 0.0016, 
 {'_target_': 'models.efficientnet_b0.efficientnet_b0', 'lr': 0.0016, 'weight_decay': 0.0003}
[2025-08-25 12:19:38,265][root][INFO] - weight_decay: 0.0003, 
 {'_target_': 'models.efficientnet_b0.efficientnet_b0', 'weight_decay': 0.0003}
[2025-08-25 12:19:39,070][root][INFO] - Start loading train data
[2025-08-25 12:19:39,180][root][INFO] - Start loading val data
[2025-08-25 12:19:39,193][root][INFO] - Start loading test data
[2025-08-25 12:19:39,206][root][INFO] - Finished DataLoader setup
[2025-08-25 12:19:39,208][root][INFO] - Start: 0
[2025-08-25 12:23:20,296][root][INFO] - [01/100] train 66.267%/0.5848 | val 78.764%/0.4475
[2025-08-25 12:23:20,351][root][INFO] - Start: 1
[2025-08-25 12:27:01,565][root][INFO] - [02/100] train 88.179%/0.2802 | val 90.931%/0.2378
[2025-08-25 12:27:01,727][root][INFO] - Start: 2
[2025-08-25 12:30:43,945][root][INFO] - [03/100] train 92.858%/0.1793 | val 92.722%/0.1861
[2025-08-25 12:30:44,123][root][INFO] - Start: 3
[2025-08-25 12:34:26,552][root][INFO] - [04/100] train 94.523%/0.1402 | val 92.486%/0.1862
[2025-08-25 12:34:26,552][root][INFO] - Start: 4
[2025-08-25 12:38:08,294][root][INFO] - [05/100] train 95.583%/0.1148 | val 93.000%/0.1750
[2025-08-25 12:38:08,452][root][INFO] - Start: 5
[2025-08-25 12:41:50,957][root][INFO] - [06/100] train 96.356%/0.0970 | val 91.667%/0.2057
[2025-08-25 12:41:50,957][root][INFO] - Start: 6
[2025-08-25 12:45:33,623][root][INFO] - [07/100] train 96.878%/0.0827 | val 91.667%/0.2717
[2025-08-25 12:45:33,623][root][INFO] - Start: 7
[2025-08-25 12:49:16,574][root][INFO] - [08/100] train 97.361%/0.0701 | val 94.069%/0.1853
[2025-08-25 12:49:16,797][root][INFO] - Start: 8
[2025-08-25 12:52:59,048][root][INFO] - [09/100] train 97.557%/0.0641 | val 90.417%/0.2751
[2025-08-25 12:52:59,048][root][INFO] - Start: 9
[2025-08-25 12:56:40,897][root][INFO] - [10/100] train 98.019%/0.0536 | val 87.167%/0.6174
[2025-08-25 12:56:40,897][root][INFO] - Start: 10
[2025-08-25 13:00:22,091][root][INFO] - [11/100] train 98.073%/0.0513 | val 92.681%/0.2973
[2025-08-25 13:00:22,091][root][INFO] - Start: 11
[2025-08-25 13:04:03,594][root][INFO] - [12/100] train 98.519%/0.0392 | val 92.472%/0.3029
[2025-08-25 13:04:03,595][root][INFO] - Start: 12
[2025-08-25 13:07:45,749][root][INFO] - [13/100] train 98.786%/0.0344 | val 78.528%/1.3804
[2025-08-25 13:07:45,750][root][INFO] - Start: 13
[2025-08-25 13:11:28,163][root][INFO] - [14/100] train 98.943%/0.0283 | val 91.667%/0.4373
[2025-08-25 13:11:28,163][root][INFO] - Start: 14
[2025-08-25 13:15:10,138][root][INFO] - [15/100] train 99.023%/0.0267 | val 90.403%/0.4583
[2025-08-25 13:15:10,139][root][INFO] - Start: 15
[2025-08-25 13:18:52,816][root][INFO] - [16/100] train 99.108%/0.0240 | val 94.389%/0.2253
[2025-08-25 13:18:52,970][root][INFO] - Start: 16
[2025-08-25 13:22:35,325][root][INFO] - [17/100] train 99.095%/0.0243 | val 94.042%/0.2766
[2025-08-25 13:22:35,325][root][INFO] - Start: 17
[2025-08-25 13:26:17,402][root][INFO] - [18/100] train 99.243%/0.0212 | val 95.278%/0.1890
[2025-08-25 13:26:17,677][root][INFO] - Start: 18
[2025-08-25 13:29:59,385][root][INFO] - [19/100] train 99.349%/0.0175 | val 90.639%/0.5435
[2025-08-25 13:29:59,385][root][INFO] - Start: 19
[2025-08-25 13:33:41,464][root][INFO] - [20/100] train 99.465%/0.0165 | val 86.097%/0.6413
[2025-08-25 13:33:41,465][root][INFO] - Start: 20
[2025-08-25 13:37:23,429][root][INFO] - [21/100] train 99.434%/0.0157 | val 93.903%/0.2523
[2025-08-25 13:37:23,430][root][INFO] - Start: 21
[2025-08-25 13:41:05,854][root][INFO] - [22/100] train 99.533%/0.0133 | val 92.042%/0.3700
[2025-08-25 13:41:05,854][root][INFO] - Start: 22
[2025-08-25 13:44:48,985][root][INFO] - [23/100] train 99.483%/0.0149 | val 93.944%/0.2620
[2025-08-25 13:44:48,985][root][INFO] - Start: 23
[2025-08-25 13:48:32,529][root][INFO] - [24/100] train 99.590%/0.0119 | val 92.278%/0.4839
[2025-08-25 13:48:32,529][root][INFO] - Start: 24
[2025-08-25 13:52:15,933][root][INFO] - [25/100] train 99.628%/0.0111 | val 60.722%/12.1092
[2025-08-25 13:52:15,933][root][INFO] - Start: 25
[2025-08-25 13:56:00,805][root][INFO] - [26/100] train 99.557%/0.0130 | val 90.181%/0.5416
[2025-08-25 13:56:00,805][root][INFO] - Start: 26
[2025-08-25 13:59:46,439][root][INFO] - [27/100] train 99.722%/0.0083 | val 93.458%/0.4170
[2025-08-25 13:59:46,439][root][INFO] - Start: 27
[2025-08-25 14:03:29,710][root][INFO] - [28/100] train 99.625%/0.0103 | val 92.028%/0.3553
[2025-08-25 14:03:29,710][root][INFO] - Start: 28
[2025-08-25 14:07:11,978][root][INFO] - [29/100] train 99.677%/0.0086 | val 93.389%/0.3663
[2025-08-25 14:07:11,978][root][INFO] - Start: 29
[2025-08-25 14:10:54,535][root][INFO] - [30/100] train 99.700%/0.0094 | val 93.764%/0.3975
[2025-08-25 14:10:54,535][root][INFO] - Start: 30
[2025-08-25 14:14:37,102][root][INFO] - [31/100] train 99.729%/0.0081 | val 93.944%/0.3193
[2025-08-25 14:14:37,102][root][INFO] - Start: 31
[2025-08-25 14:18:21,071][root][INFO] - [32/100] train 99.736%/0.0075 | val 92.931%/0.4440
[2025-08-25 14:18:21,071][root][INFO] - Start: 32
[2025-08-25 14:22:03,508][root][INFO] - [33/100] train 99.752%/0.0069 | val 93.236%/0.3762
[2025-08-25 14:22:03,509][root][INFO] - Start: 33
[2025-08-25 14:25:47,901][root][INFO] - [34/100] train 99.769%/0.0069 | val 94.972%/0.2635
[2025-08-25 14:25:47,901][root][INFO] - Start: 34
[2025-08-25 14:29:30,803][root][INFO] - [35/100] train 99.832%/0.0060 | val 94.569%/0.2875
[2025-08-25 14:29:30,803][root][INFO] - Start: 35
[2025-08-25 14:33:13,814][root][INFO] - [36/100] train 99.830%/0.0051 | val 94.681%/0.3908
[2025-08-25 14:33:13,814][root][INFO] - Start: 36
[2025-08-25 14:36:56,171][root][INFO] - [37/100] train 99.833%/0.0054 | val 94.583%/0.4553
[2025-08-25 14:36:56,171][root][INFO] - Start: 37
[2025-08-25 14:40:37,730][root][INFO] - [38/100] train 99.828%/0.0057 | val 94.222%/0.4526
[2025-08-25 14:40:37,730][root][INFO] - Start: 38
[2025-08-25 14:44:20,595][root][INFO] - [39/100] train 99.842%/0.0045 | val 93.597%/0.5109
[2025-08-25 14:44:20,595][root][INFO] - Start: 39
[2025-08-25 14:48:04,273][root][INFO] - [40/100] train 99.872%/0.0038 | val 94.444%/0.3533
[2025-08-25 14:48:04,273][root][INFO] - Start: 40
[2025-08-25 14:51:47,506][root][INFO] - [41/100] train 99.816%/0.0055 | val 92.056%/0.4138
[2025-08-25 14:51:47,506][root][INFO] - Start: 41
[2025-08-25 14:55:31,373][root][INFO] - [42/100] train 99.819%/0.0048 | val 94.597%/0.3541
[2025-08-25 14:55:31,373][root][INFO] - Start: 42
[2025-08-25 14:59:13,384][root][INFO] - [43/100] train 99.882%/0.0038 | val 94.556%/0.4234
[2025-08-25 14:59:13,384][root][INFO] - Start: 43
[2025-08-25 15:02:55,212][root][INFO] - [44/100] train 99.856%/0.0042 | val 95.208%/0.3425
[2025-08-25 15:02:55,212][root][INFO] - Start: 44
[2025-08-25 15:06:38,103][root][INFO] - [45/100] train 99.915%/0.0025 | val 93.389%/0.4919
[2025-08-25 15:06:38,103][root][INFO] - Start: 45
[2025-08-25 15:10:20,639][root][INFO] - [46/100] train 99.903%/0.0028 | val 94.306%/0.4059
[2025-08-25 15:10:20,639][root][INFO] - Start: 46
[2025-08-25 15:14:03,212][root][INFO] - [47/100] train 99.913%/0.0027 | val 94.875%/0.3929
[2025-08-25 15:14:03,212][root][INFO] - Start: 47
[2025-08-25 15:17:46,877][root][INFO] - [48/100] train 99.911%/0.0024 | val 94.931%/0.3885
[2025-08-25 15:17:46,878][root][INFO] - Start: 48
[2025-08-25 15:21:29,987][root][INFO] - [49/100] train 99.910%/0.0023 | val 94.375%/0.5236
[2025-08-25 15:21:29,987][root][INFO] - Start: 49
[2025-08-25 15:25:12,819][root][INFO] - [50/100] train 99.884%/0.0031 | val 95.028%/0.3910
[2025-08-25 15:25:12,819][root][INFO] - Start: 50
[2025-08-25 15:28:56,702][root][INFO] - [51/100] train 99.922%/0.0022 | val 95.403%/0.3117
[2025-08-25 15:28:56,854][root][INFO] - Start: 51
[2025-08-25 15:32:41,184][root][INFO] - [52/100] train 99.946%/0.0016 | val 95.611%/0.4187
[2025-08-25 15:32:41,343][root][INFO] - Start: 52
[2025-08-25 15:36:25,042][root][INFO] - [53/100] train 99.929%/0.0019 | val 94.431%/0.3913
[2025-08-25 15:36:25,042][root][INFO] - Start: 53
[2025-08-25 15:40:08,571][root][INFO] - [54/100] train 99.934%/0.0021 | val 93.194%/0.3716
[2025-08-25 15:40:08,571][root][INFO] - Start: 54
[2025-08-25 15:43:51,088][root][INFO] - [55/100] train 99.967%/0.0012 | val 86.792%/1.4629
[2025-08-25 15:43:51,089][root][INFO] - Start: 55
[2025-08-25 15:47:35,511][root][INFO] - [56/100] train 99.957%/0.0016 | val 93.694%/0.5422
[2025-08-25 15:47:35,512][root][INFO] - Start: 56
[2025-08-25 15:51:19,378][root][INFO] - [57/100] train 99.957%/0.0011 | val 93.097%/0.6830
[2025-08-25 15:51:19,378][root][INFO] - Start: 57
[2025-08-25 15:55:03,474][root][INFO] - [58/100] train 99.946%/0.0015 | val 95.056%/0.4520
[2025-08-25 15:55:03,474][root][INFO] - Start: 58
[2025-08-25 15:58:47,601][root][INFO] - [59/100] train 99.950%/0.0014 | val 95.306%/0.4747
[2025-08-25 15:58:47,602][root][INFO] - Start: 59
[2025-08-25 16:02:29,616][root][INFO] - [60/100] train 99.990%/0.0004 | val 94.167%/0.5134
[2025-08-25 16:02:29,616][root][INFO] - Start: 60
[2025-08-25 16:06:11,841][root][INFO] - [61/100] train 99.932%/0.0021 | val 95.500%/0.3624
[2025-08-25 16:06:11,841][root][INFO] - Start: 61
[2025-08-25 16:09:55,718][root][INFO] - [62/100] train 99.960%/0.0011 | val 95.097%/0.4153
[2025-08-25 16:09:55,719][root][INFO] - Start: 62
[2025-08-25 16:13:39,494][root][INFO] - [63/100] train 99.997%/0.0002 | val 95.361%/0.5017
[2025-08-25 16:13:39,494][root][INFO] - Start: 63
[2025-08-25 16:17:22,576][root][INFO] - [64/100] train 99.972%/0.0008 | val 95.028%/0.4412
[2025-08-25 16:17:22,576][root][INFO] - Start: 64
[2025-08-25 16:21:05,576][root][INFO] - [65/100] train 99.948%/0.0020 | val 93.667%/0.4264
[2025-08-25 16:21:05,577][root][INFO] - Start: 65
[2025-08-25 16:24:48,461][root][INFO] - [66/100] train 99.974%/0.0008 | val 94.806%/0.3850
[2025-08-25 16:24:48,461][root][INFO] - Start: 66
[2025-08-25 16:28:32,303][root][INFO] - [67/100] train 99.988%/0.0005 | val 94.931%/0.3680
[2025-08-25 16:28:32,303][root][INFO] - Start: 67
[2025-08-25 16:32:15,985][root][INFO] - [68/100] train 99.983%/0.0005 | val 94.625%/0.4475
[2025-08-25 16:32:15,985][root][INFO] - Start: 68
[2025-08-25 16:35:58,970][root][INFO] - [69/100] train 99.977%/0.0005 | val 94.153%/0.5871
[2025-08-25 16:35:58,971][root][INFO] - Start: 69
[2025-08-25 16:39:42,225][root][INFO] - [70/100] train 99.988%/0.0005 | val 94.472%/0.5064
[2025-08-25 16:39:42,225][root][INFO] - Start: 70
[2025-08-25 16:43:24,611][root][INFO] - [71/100] train 99.972%/0.0008 | val 95.042%/0.4220
[2025-08-25 16:43:24,611][root][INFO] - Start: 71
[2025-08-25 16:47:06,849][root][INFO] - [72/100] train 99.991%/0.0003 | val 95.361%/0.4627
[2025-08-25 16:47:06,849][root][INFO] - Start: 72
[2025-08-25 16:50:50,843][root][INFO] - [73/100] train 99.997%/0.0001 | val 95.569%/0.5187
[2025-08-25 16:50:50,843][root][INFO] - Start: 73
[2025-08-25 16:54:34,236][root][INFO] - [74/100] train 99.993%/0.0003 | val 95.208%/0.4700
[2025-08-25 16:54:34,236][root][INFO] - Start: 74
[2025-08-25 16:58:17,564][root][INFO] - [75/100] train 100.000%/0.0000 | val 95.111%/0.5320
[2025-08-25 16:58:17,565][root][INFO] - Start: 75
[2025-08-25 17:02:00,237][root][INFO] - [76/100] train 99.995%/0.0002 | val 94.292%/0.5956
[2025-08-25 17:02:00,237][root][INFO] - Start: 76
[2025-08-25 17:05:42,887][root][INFO] - [77/100] train 99.995%/0.0003 | val 95.375%/0.5061
[2025-08-25 17:05:42,888][root][INFO] - Start: 77
[2025-08-25 17:09:25,196][root][INFO] - [78/100] train 99.997%/0.0003 | val 94.625%/0.5015
[2025-08-25 17:09:25,196][root][INFO] - Start: 78
[2025-08-25 17:13:07,341][root][INFO] - [79/100] train 99.986%/0.0003 | val 94.514%/0.5324
[2025-08-25 17:13:07,341][root][INFO] - Start: 79
[2025-08-25 17:16:52,035][root][INFO] - [80/100] train 99.997%/0.0001 | val 94.625%/0.5205
[2025-08-25 17:16:52,035][root][INFO] - Start: 80
[2025-08-25 17:20:36,727][root][INFO] - [81/100] train 99.993%/0.0002 | val 94.542%/0.5277
[2025-08-25 17:20:36,728][root][INFO] - Start: 81
[2025-08-25 17:24:19,677][root][INFO] - [82/100] train 99.998%/0.0001 | val 94.597%/0.4990
[2025-08-25 17:24:19,677][root][INFO] - Start: 82
[2025-08-25 17:28:02,354][root][INFO] - [83/100] train 100.000%/0.0000 | val 94.792%/0.5113
[2025-08-25 17:28:02,355][root][INFO] - Start: 83
[2025-08-25 17:31:44,828][root][INFO] - [84/100] train 99.997%/0.0001 | val 94.708%/0.5231
[2025-08-25 17:31:44,828][root][INFO] - Start: 84
[2025-08-25 17:35:29,146][root][INFO] - [85/100] train 100.000%/0.0000 | val 95.042%/0.5250
[2025-08-25 17:35:29,147][root][INFO] - Start: 85
[2025-08-25 17:39:11,567][root][INFO] - [86/100] train 100.000%/0.0000 | val 95.042%/0.5249
[2025-08-25 17:39:11,567][root][INFO] - Start: 86
[2025-08-25 17:42:54,203][root][INFO] - [87/100] train 100.000%/0.0000 | val 95.042%/0.5283
[2025-08-25 17:42:54,204][root][INFO] - Start: 87
[2025-08-25 17:46:36,689][root][INFO] - [88/100] train 100.000%/0.0000 | val 95.125%/0.5597
[2025-08-25 17:46:36,690][root][INFO] - Start: 88
[2025-08-25 17:50:19,185][root][INFO] - [89/100] train 100.000%/0.0000 | val 95.069%/0.5453
[2025-08-25 17:50:19,186][root][INFO] - Start: 89
[2025-08-25 17:54:02,596][root][INFO] - [90/100] train 99.998%/0.0000 | val 94.708%/0.5912
[2025-08-25 17:54:02,596][root][INFO] - Start: 90
[2025-08-25 17:57:47,069][root][INFO] - [91/100] train 99.998%/0.0000 | val 94.792%/0.6027
[2025-08-25 17:57:47,070][root][INFO] - Start: 91
[2025-08-25 18:01:30,015][root][INFO] - [92/100] train 100.000%/0.0000 | val 94.694%/0.6102
[2025-08-25 18:01:30,015][root][INFO] - Start: 92
[2025-08-25 18:05:13,550][root][INFO] - [93/100] train 100.000%/0.0000 | val 94.764%/0.5870
[2025-08-25 18:05:13,550][root][INFO] - Start: 93
[2025-08-25 18:08:55,988][root][INFO] - [94/100] train 100.000%/0.0000 | val 94.736%/0.6034
[2025-08-25 18:08:55,988][root][INFO] - Start: 94
[2025-08-25 18:12:38,394][root][INFO] - [95/100] train 100.000%/0.0000 | val 94.722%/0.6179
[2025-08-25 18:12:38,394][root][INFO] - Start: 95
[2025-08-25 18:16:20,594][root][INFO] - [96/100] train 100.000%/0.0000 | val 94.750%/0.5955
[2025-08-25 18:16:20,594][root][INFO] - Start: 96
[2025-08-25 18:20:02,033][root][INFO] - [97/100] train 100.000%/0.0000 | val 94.653%/0.6055
[2025-08-25 18:20:02,033][root][INFO] - Start: 97
[2025-08-25 18:23:43,291][root][INFO] - [98/100] train 100.000%/0.0000 | val 94.736%/0.6016
[2025-08-25 18:23:43,291][root][INFO] - Start: 98
[2025-08-25 18:27:25,991][root][INFO] - [99/100] train 100.000%/0.0000 | val 94.486%/0.6152
[2025-08-25 18:27:25,991][root][INFO] - Start: 99
[2025-08-25 18:31:08,531][root][INFO] - [100/100] train 100.000%/0.0000 | val 94.722%/0.5743
[2025-08-25 18:31:16,138][root][INFO] - 
[Test Evaluation]
[2025-08-25 18:31:16,138][root][INFO] -  Accuracy : 0.956
[2025-08-25 18:31:16,138][root][INFO] -  Precision: 0.925
[2025-08-25 18:31:16,138][root][INFO] -  Recall   : 0.992
[2025-08-25 18:31:16,139][root][INFO] -  F1       : 0.958
[2025-08-25 18:31:16,139][root][INFO] -  Auc      : 0.997
