[2025-08-25 04:12:57,841][root][INFO] - ORIGINAL CWD : /home/sota/research/sotaohnuma/coffee
[2025-08-25 04:12:57,841][root][INFO] - RUN CWD      : /home/sota/research/sotaohnuma/coffee/outputs/bean_224/resnet18/base/2025-08-25_04-12-57
[2025-08-25 04:12:57,841][root][INFO] - batch: 539, 
 {'batch_size': 539, '_target_': 'models.resnet18.resnet18', 'lr': 0.002, 'weight_decay': 1e-05}
[2025-08-25 04:12:57,841][root][INFO] - lr: 0.002, 
 {'_target_': 'models.resnet18.resnet18', 'lr': 0.002, 'weight_decay': 1e-05}
[2025-08-25 04:12:57,841][root][INFO] - weight_decay: 1e-05, 
 {'_target_': 'models.resnet18.resnet18', 'weight_decay': 1e-05}
[2025-08-25 04:13:01,738][root][INFO] - Start loading train data
[2025-08-25 04:13:01,851][root][INFO] - Start loading val data
[2025-08-25 04:13:01,864][root][INFO] - Start loading test data
[2025-08-25 04:13:01,877][root][INFO] - Finished DataLoader setup
[2025-08-25 04:13:01,878][root][INFO] - Start: 0
[2025-08-25 04:16:15,648][root][INFO] - [01/100] train 76.531%/0.4896 | val 89.083%/0.2733
[2025-08-25 04:16:15,751][root][INFO] - Start: 1
[2025-08-25 04:18:20,886][root][INFO] - [02/100] train 95.719%/0.1091 | val 91.347%/0.2109
[2025-08-25 04:18:21,366][root][INFO] - Start: 2
[2025-08-25 04:20:28,086][root][INFO] - [03/100] train 97.938%/0.0544 | val 95.917%/0.1211
[2025-08-25 04:20:28,650][root][INFO] - Start: 3
[2025-08-25 04:22:36,427][root][INFO] - [04/100] train 98.856%/0.0304 | val 93.486%/0.1972
[2025-08-25 04:22:36,428][root][INFO] - Start: 4
[2025-08-25 04:24:43,809][root][INFO] - [05/100] train 99.200%/0.0217 | val 96.833%/0.1107
[2025-08-25 04:24:44,311][root][INFO] - Start: 5
[2025-08-25 04:26:51,062][root][INFO] - [06/100] train 99.302%/0.0180 | val 89.944%/0.3576
[2025-08-25 04:26:51,062][root][INFO] - Start: 6
[2025-08-25 04:28:56,213][root][INFO] - [07/100] train 99.361%/0.0174 | val 94.111%/0.2603
[2025-08-25 04:28:56,213][root][INFO] - Start: 7
[2025-08-25 04:31:03,137][root][INFO] - [08/100] train 99.283%/0.0187 | val 88.333%/0.4763
[2025-08-25 04:31:03,137][root][INFO] - Start: 8
[2025-08-25 04:33:11,264][root][INFO] - [09/100] train 99.497%/0.0136 | val 81.347%/0.8989
[2025-08-25 04:33:11,265][root][INFO] - Start: 9
[2025-08-25 04:35:19,359][root][INFO] - [10/100] train 99.290%/0.0191 | val 96.236%/0.1588
[2025-08-25 04:35:19,360][root][INFO] - Start: 10
[2025-08-25 04:37:25,707][root][INFO] - [11/100] train 99.757%/0.0067 | val 83.833%/0.9623
[2025-08-25 04:37:25,708][root][INFO] - Start: 11
[2025-08-25 04:39:32,813][root][INFO] - [12/100] train 99.601%/0.0115 | val 95.250%/0.2821
[2025-08-25 04:39:32,813][root][INFO] - Start: 12
[2025-08-25 04:41:39,684][root][INFO] - [13/100] train 99.766%/0.0072 | val 94.028%/0.3205
[2025-08-25 04:41:39,685][root][INFO] - Start: 13
[2025-08-25 04:43:48,194][root][INFO] - [14/100] train 99.734%/0.0073 | val 91.986%/0.3762
[2025-08-25 04:43:48,194][root][INFO] - Start: 14
[2025-08-25 04:45:56,433][root][INFO] - [15/100] train 99.780%/0.0060 | val 96.028%/0.2272
[2025-08-25 04:45:56,434][root][INFO] - Start: 15
[2025-08-25 04:48:03,413][root][INFO] - [16/100] train 99.872%/0.0038 | val 96.125%/0.2200
[2025-08-25 04:48:03,413][root][INFO] - Start: 16
[2025-08-25 04:50:12,284][root][INFO] - [17/100] train 99.773%/0.0068 | val 94.431%/0.2684
[2025-08-25 04:50:12,284][root][INFO] - Start: 17
[2025-08-25 04:52:21,427][root][INFO] - [18/100] train 99.844%/0.0049 | val 94.708%/0.3121
[2025-08-25 04:52:21,427][root][INFO] - Start: 18
[2025-08-25 04:54:29,489][root][INFO] - [19/100] train 99.851%/0.0042 | val 93.931%/0.2904
[2025-08-25 04:54:29,489][root][INFO] - Start: 19
[2025-08-25 04:56:37,132][root][INFO] - [20/100] train 99.811%/0.0053 | val 96.042%/0.2465
[2025-08-25 04:56:37,132][root][INFO] - Start: 20
[2025-08-25 04:58:44,054][root][INFO] - [21/100] train 99.899%/0.0030 | val 95.861%/0.2033
[2025-08-25 04:58:44,054][root][INFO] - Start: 21
[2025-08-25 05:00:51,272][root][INFO] - [22/100] train 99.854%/0.0039 | val 92.542%/0.4446
[2025-08-25 05:00:51,273][root][INFO] - Start: 22
[2025-08-25 05:02:59,842][root][INFO] - [23/100] train 99.844%/0.0045 | val 94.806%/0.3644
[2025-08-25 05:02:59,843][root][INFO] - Start: 23
[2025-08-25 05:05:06,938][root][INFO] - [24/100] train 99.905%/0.0027 | val 96.847%/0.2153
[2025-08-25 05:05:07,438][root][INFO] - Start: 24
[2025-08-25 05:07:15,031][root][INFO] - [25/100] train 99.741%/0.0077 | val 96.694%/0.1763
[2025-08-25 05:07:15,031][root][INFO] - Start: 25
[2025-08-25 05:09:21,903][root][INFO] - [26/100] train 99.943%/0.0016 | val 95.708%/0.2201
[2025-08-25 05:09:21,903][root][INFO] - Start: 26
[2025-08-25 05:11:30,683][root][INFO] - [27/100] train 99.847%/0.0041 | val 97.042%/0.1800
[2025-08-25 05:11:31,218][root][INFO] - Start: 27
[2025-08-25 05:13:40,302][root][INFO] - [28/100] train 99.889%/0.0035 | val 97.083%/0.1828
[2025-08-25 05:13:40,834][root][INFO] - Start: 28
[2025-08-25 05:15:49,057][root][INFO] - [29/100] train 99.891%/0.0031 | val 96.542%/0.2199
[2025-08-25 05:15:49,058][root][INFO] - Start: 29
[2025-08-25 05:17:57,561][root][INFO] - [30/100] train 99.901%/0.0027 | val 96.861%/0.2229
[2025-08-25 05:17:57,562][root][INFO] - Start: 30
[2025-08-25 05:20:02,967][root][INFO] - [31/100] train 99.957%/0.0018 | val 96.750%/0.2056
[2025-08-25 05:20:02,968][root][INFO] - Start: 31
[2025-08-25 05:22:11,334][root][INFO] - [32/100] train 99.976%/0.0009 | val 96.500%/0.2490
[2025-08-25 05:22:11,335][root][INFO] - Start: 32
[2025-08-25 05:24:18,899][root][INFO] - [33/100] train 99.913%/0.0022 | val 96.014%/0.2626
[2025-08-25 05:24:18,900][root][INFO] - Start: 33
[2025-08-25 05:26:27,170][root][INFO] - [34/100] train 99.894%/0.0028 | val 95.083%/0.3579
[2025-08-25 05:26:27,171][root][INFO] - Start: 34
[2025-08-25 05:28:34,305][root][INFO] - [35/100] train 99.901%/0.0030 | val 97.375%/0.1951
[2025-08-25 05:28:34,845][root][INFO] - Start: 35
[2025-08-25 05:30:44,097][root][INFO] - [36/100] train 99.938%/0.0021 | val 94.750%/0.3824
[2025-08-25 05:30:44,097][root][INFO] - Start: 36
[2025-08-25 05:32:50,869][root][INFO] - [37/100] train 99.943%/0.0015 | val 96.528%/0.2527
[2025-08-25 05:32:50,869][root][INFO] - Start: 37
[2025-08-25 05:34:56,719][root][INFO] - [38/100] train 99.885%/0.0034 | val 94.958%/0.2617
[2025-08-25 05:34:56,719][root][INFO] - Start: 38
[2025-08-25 05:37:03,900][root][INFO] - [39/100] train 99.877%/0.0041 | val 96.569%/0.2185
[2025-08-25 05:37:03,900][root][INFO] - Start: 39
[2025-08-25 05:39:11,073][root][INFO] - [40/100] train 99.986%/0.0005 | val 95.750%/0.2619
[2025-08-25 05:39:11,073][root][INFO] - Start: 40
[2025-08-25 05:41:20,240][root][INFO] - [41/100] train 99.887%/0.0036 | val 96.778%/0.2316
[2025-08-25 05:41:20,240][root][INFO] - Start: 41
[2025-08-25 05:43:27,733][root][INFO] - [42/100] train 99.944%/0.0021 | val 96.653%/0.2039
[2025-08-25 05:43:27,733][root][INFO] - Start: 42
[2025-08-25 05:45:33,401][root][INFO] - [43/100] train 99.981%/0.0005 | val 97.083%/0.1853
[2025-08-25 05:45:33,402][root][INFO] - Start: 43
[2025-08-25 05:47:39,543][root][INFO] - [44/100] train 99.974%/0.0008 | val 96.917%/0.2316
[2025-08-25 05:47:39,543][root][INFO] - Start: 44
[2025-08-25 05:49:47,906][root][INFO] - [45/100] train 99.995%/0.0001 | val 97.028%/0.2396
[2025-08-25 05:49:47,907][root][INFO] - Start: 45
[2025-08-25 05:51:54,720][root][INFO] - [46/100] train 99.997%/0.0001 | val 97.125%/0.2367
[2025-08-25 05:51:54,720][root][INFO] - Start: 46
[2025-08-25 05:54:03,158][root][INFO] - [47/100] train 100.000%/0.0000 | val 97.111%/0.2295
[2025-08-25 05:54:03,158][root][INFO] - Start: 47
[2025-08-25 05:56:09,380][root][INFO] - [48/100] train 100.000%/0.0000 | val 97.139%/0.2298
[2025-08-25 05:56:09,381][root][INFO] - Start: 48
[2025-08-25 05:58:16,243][root][INFO] - [49/100] train 100.000%/0.0000 | val 97.236%/0.2277
[2025-08-25 05:58:16,244][root][INFO] - Start: 49
[2025-08-25 06:00:24,286][root][INFO] - [50/100] train 100.000%/0.0000 | val 97.139%/0.2318
[2025-08-25 06:00:24,286][root][INFO] - Start: 50
[2025-08-25 06:02:33,814][root][INFO] - [51/100] train 100.000%/0.0000 | val 97.083%/0.2326
[2025-08-25 06:02:33,814][root][INFO] - Start: 51
[2025-08-25 06:04:41,854][root][INFO] - [52/100] train 100.000%/0.0000 | val 97.181%/0.2317
[2025-08-25 06:04:41,854][root][INFO] - Start: 52
[2025-08-25 06:06:50,579][root][INFO] - [53/100] train 100.000%/0.0000 | val 97.153%/0.2322
[2025-08-25 06:06:50,579][root][INFO] - Start: 53
[2025-08-25 06:08:57,236][root][INFO] - [54/100] train 100.000%/0.0000 | val 97.083%/0.2357
[2025-08-25 06:08:57,236][root][INFO] - Start: 54
[2025-08-25 06:11:03,105][root][INFO] - [55/100] train 100.000%/0.0000 | val 97.167%/0.2336
[2025-08-25 06:11:03,105][root][INFO] - Start: 55
[2025-08-25 06:13:07,203][root][INFO] - [56/100] train 100.000%/0.0000 | val 97.194%/0.2325
[2025-08-25 06:13:07,204][root][INFO] - Start: 56
[2025-08-25 06:15:10,680][root][INFO] - [57/100] train 100.000%/0.0000 | val 97.250%/0.2310
[2025-08-25 06:15:10,680][root][INFO] - Start: 57
[2025-08-25 06:17:13,955][root][INFO] - [58/100] train 100.000%/0.0000 | val 97.181%/0.2333
[2025-08-25 06:17:13,955][root][INFO] - Start: 58
[2025-08-25 06:19:17,730][root][INFO] - [59/100] train 100.000%/0.0000 | val 97.153%/0.2348
[2025-08-25 06:19:17,731][root][INFO] - Start: 59
[2025-08-25 06:21:21,683][root][INFO] - [60/100] train 100.000%/0.0000 | val 97.167%/0.2346
[2025-08-25 06:21:21,684][root][INFO] - Start: 60
[2025-08-25 06:23:25,390][root][INFO] - [61/100] train 100.000%/0.0000 | val 97.181%/0.2379
[2025-08-25 06:23:25,390][root][INFO] - Start: 61
[2025-08-25 06:25:28,586][root][INFO] - [62/100] train 100.000%/0.0000 | val 97.139%/0.2370
[2025-08-25 06:25:28,586][root][INFO] - Start: 62
[2025-08-25 06:27:31,949][root][INFO] - [63/100] train 100.000%/0.0000 | val 97.181%/0.2360
[2025-08-25 06:27:31,949][root][INFO] - Start: 63
[2025-08-25 06:29:36,067][root][INFO] - [64/100] train 100.000%/0.0000 | val 97.194%/0.2377
[2025-08-25 06:29:36,067][root][INFO] - Start: 64
[2025-08-25 06:31:39,748][root][INFO] - [65/100] train 100.000%/0.0000 | val 97.194%/0.2386
[2025-08-25 06:31:39,748][root][INFO] - Start: 65
[2025-08-25 06:33:43,130][root][INFO] - [66/100] train 100.000%/0.0000 | val 97.194%/0.2379
[2025-08-25 06:33:43,131][root][INFO] - Start: 66
[2025-08-25 06:35:46,645][root][INFO] - [67/100] train 100.000%/0.0000 | val 97.111%/0.2387
[2025-08-25 06:35:46,645][root][INFO] - Start: 67
[2025-08-25 06:37:50,046][root][INFO] - [68/100] train 100.000%/0.0000 | val 97.194%/0.2394
[2025-08-25 06:37:50,046][root][INFO] - Start: 68
[2025-08-25 06:39:53,572][root][INFO] - [69/100] train 100.000%/0.0000 | val 97.236%/0.2365
[2025-08-25 06:39:53,572][root][INFO] - Start: 69
[2025-08-25 06:41:57,343][root][INFO] - [70/100] train 100.000%/0.0000 | val 97.153%/0.2402
[2025-08-25 06:41:57,343][root][INFO] - Start: 70
[2025-08-25 06:44:01,032][root][INFO] - [71/100] train 100.000%/0.0000 | val 97.139%/0.2404
[2025-08-25 06:44:01,032][root][INFO] - Start: 71
[2025-08-25 06:46:04,155][root][INFO] - [72/100] train 100.000%/0.0000 | val 97.153%/0.2409
[2025-08-25 06:46:04,156][root][INFO] - Start: 72
[2025-08-25 06:48:07,687][root][INFO] - [73/100] train 100.000%/0.0000 | val 97.139%/0.2415
[2025-08-25 06:48:07,687][root][INFO] - Start: 73
[2025-08-25 06:50:11,621][root][INFO] - [74/100] train 100.000%/0.0000 | val 97.111%/0.2413
[2025-08-25 06:50:11,621][root][INFO] - Start: 74
[2025-08-25 06:52:15,560][root][INFO] - [75/100] train 100.000%/0.0000 | val 97.167%/0.2409
[2025-08-25 06:52:15,560][root][INFO] - Start: 75
[2025-08-25 06:54:19,348][root][INFO] - [76/100] train 100.000%/0.0000 | val 97.139%/0.2414
[2025-08-25 06:54:19,348][root][INFO] - Start: 76
[2025-08-25 06:56:23,482][root][INFO] - [77/100] train 100.000%/0.0000 | val 97.194%/0.2409
[2025-08-25 06:56:23,483][root][INFO] - Start: 77
[2025-08-25 06:58:27,224][root][INFO] - [78/100] train 100.000%/0.0000 | val 97.194%/0.2434
[2025-08-25 06:58:27,224][root][INFO] - Start: 78
[2025-08-25 07:00:31,079][root][INFO] - [79/100] train 100.000%/0.0000 | val 97.236%/0.2438
[2025-08-25 07:00:31,079][root][INFO] - Start: 79
[2025-08-25 07:02:35,071][root][INFO] - [80/100] train 100.000%/0.0000 | val 97.139%/0.2432
[2025-08-25 07:02:35,072][root][INFO] - Start: 80
[2025-08-25 07:04:38,560][root][INFO] - [81/100] train 100.000%/0.0000 | val 97.125%/0.2408
[2025-08-25 07:04:38,560][root][INFO] - Start: 81
[2025-08-25 07:06:42,990][root][INFO] - [82/100] train 100.000%/0.0000 | val 97.181%/0.2419
[2025-08-25 07:06:42,990][root][INFO] - Start: 82
[2025-08-25 07:08:47,193][root][INFO] - [83/100] train 100.000%/0.0000 | val 97.194%/0.2425
[2025-08-25 07:08:47,193][root][INFO] - Start: 83
[2025-08-25 07:10:50,673][root][INFO] - [84/100] train 100.000%/0.0000 | val 97.208%/0.2396
[2025-08-25 07:10:50,674][root][INFO] - Start: 84
[2025-08-25 07:12:54,525][root][INFO] - [85/100] train 100.000%/0.0000 | val 97.125%/0.2426
[2025-08-25 07:12:54,525][root][INFO] - Start: 85
[2025-08-25 07:14:58,244][root][INFO] - [86/100] train 100.000%/0.0000 | val 97.167%/0.2435
[2025-08-25 07:14:58,244][root][INFO] - Start: 86
[2025-08-25 07:17:02,093][root][INFO] - [87/100] train 100.000%/0.0000 | val 97.111%/0.2439
[2025-08-25 07:17:02,093][root][INFO] - Start: 87
[2025-08-25 07:19:05,828][root][INFO] - [88/100] train 100.000%/0.0000 | val 97.181%/0.2420
[2025-08-25 07:19:05,829][root][INFO] - Start: 88
[2025-08-25 07:21:09,485][root][INFO] - [89/100] train 100.000%/0.0000 | val 97.153%/0.2451
[2025-08-25 07:21:09,486][root][INFO] - Start: 89
[2025-08-25 07:23:13,529][root][INFO] - [90/100] train 100.000%/0.0000 | val 97.208%/0.2432
[2025-08-25 07:23:13,529][root][INFO] - Start: 90
[2025-08-25 07:25:17,737][root][INFO] - [91/100] train 100.000%/0.0000 | val 97.139%/0.2411
[2025-08-25 07:25:17,737][root][INFO] - Start: 91
[2025-08-25 07:27:21,097][root][INFO] - [92/100] train 100.000%/0.0000 | val 97.222%/0.2435
[2025-08-25 07:27:21,097][root][INFO] - Start: 92
[2025-08-25 07:29:24,931][root][INFO] - [93/100] train 100.000%/0.0000 | val 97.139%/0.2434
[2025-08-25 07:29:24,932][root][INFO] - Start: 93
[2025-08-25 07:31:28,730][root][INFO] - [94/100] train 100.000%/0.0000 | val 97.125%/0.2432
[2025-08-25 07:31:28,730][root][INFO] - Start: 94
[2025-08-25 07:33:33,090][root][INFO] - [95/100] train 100.000%/0.0000 | val 97.194%/0.2439
[2025-08-25 07:33:33,090][root][INFO] - Start: 95
[2025-08-25 07:35:36,537][root][INFO] - [96/100] train 100.000%/0.0000 | val 97.194%/0.2456
[2025-08-25 07:35:36,537][root][INFO] - Start: 96
[2025-08-25 07:37:39,441][root][INFO] - [97/100] train 100.000%/0.0000 | val 97.111%/0.2478
[2025-08-25 07:37:39,441][root][INFO] - Start: 97
[2025-08-25 07:39:43,690][root][INFO] - [98/100] train 100.000%/0.0000 | val 97.208%/0.2430
[2025-08-25 07:39:43,690][root][INFO] - Start: 98
[2025-08-25 07:41:47,739][root][INFO] - [99/100] train 100.000%/0.0000 | val 97.181%/0.2450
[2025-08-25 07:41:47,740][root][INFO] - Start: 99
[2025-08-25 07:43:51,769][root][INFO] - [100/100] train 100.000%/0.0000 | val 97.181%/0.2435
[2025-08-25 07:43:58,673][root][INFO] - 
[Test Evaluation]
[2025-08-25 07:43:58,673][root][INFO] -  Accuracy : 0.975
[2025-08-25 07:43:58,673][root][INFO] -  Precision: 0.981
[2025-08-25 07:43:58,673][root][INFO] -  Recall   : 0.968
[2025-08-25 07:43:58,674][root][INFO] -  F1       : 0.975
[2025-08-25 07:43:58,674][root][INFO] -  Auc      : 0.997
