[2025-09-12 02:18:35,484][root][INFO] - ORIGINAL CWD : /home/sota/research/sotaohnuma/coffee
[2025-09-12 02:18:35,485][root][INFO] - RUN CWD      : /home/sota/research/sotaohnuma/coffee/outputs/bean_224/mobilenetv2/base/2025-09-12_02-18-35
[2025-09-12 02:18:35,485][root][INFO] - batch: 86, 
 {'batch_size': 86, '_target_': 'models.mobilenetv2.mobilenetv2'}
[2025-09-12 02:18:35,485][root][INFO] - Start loading train data
[2025-09-12 02:18:35,611][root][INFO] - Start loading val data
[2025-09-12 02:18:35,625][root][INFO] - Start loading test data
[2025-09-12 02:18:35,639][root][INFO] - Finished DataLoader setup
[2025-09-12 02:18:35,639][root][INFO] - Starting Optimize
[2025-09-12 02:18:36,708][root][INFO] - starting train
[2025-09-12 02:18:36,708][root][INFO] - epoch: 0
[2025-09-12 02:23:45,006][root][INFO] - epoch: 1
[2025-09-12 02:28:45,003][root][INFO] - epoch: 2
[2025-09-12 02:33:39,963][root][INFO] - epoch: 3
[2025-09-12 02:38:34,427][root][INFO] - epoch: 4
[2025-09-12 02:43:29,204][root][INFO] - epoch: 5
[2025-09-12 02:48:24,928][root][INFO] - epoch: 6
[2025-09-12 02:53:19,976][root][INFO] - epoch: 7
[2025-09-12 02:58:14,330][root][INFO] - epoch: 8
[2025-09-12 03:03:08,515][root][INFO] - epoch: 9
[2025-09-12 03:08:03,503][root][INFO] - epoch: 10
[2025-09-12 03:12:58,716][root][INFO] - epoch: 11
[2025-09-12 03:17:52,529][root][INFO] - epoch: 12
[2025-09-12 03:22:46,875][root][INFO] - epoch: 13
[2025-09-12 03:27:41,009][root][INFO] - epoch: 14
[2025-09-12 03:32:35,392][root][INFO] - epoch: 15
[2025-09-12 03:37:30,466][root][INFO] - epoch: 16
[2025-09-12 03:42:24,423][root][INFO] - epoch: 17
[2025-09-12 03:47:18,928][root][INFO] - epoch: 18
[2025-09-12 03:52:13,575][root][INFO] - epoch: 19
[2025-09-12 03:57:07,985][root][INFO] - finished train
[2025-09-12 03:57:07,985][root][INFO] - starting eval
[2025-09-12 03:57:17,826][root][INFO] - finished eval
[2025-09-12 03:57:18,341][root][INFO] - starting train
[2025-09-12 03:57:18,342][root][INFO] - epoch: 0
[2025-09-12 04:02:12,334][root][INFO] - epoch: 1
[2025-09-12 04:07:06,317][root][INFO] - epoch: 2
[2025-09-12 04:12:00,196][root][INFO] - epoch: 3
[2025-09-12 04:16:54,486][root][INFO] - epoch: 4
[2025-09-12 04:21:48,437][root][INFO] - epoch: 5
[2025-09-12 04:26:43,283][root][INFO] - epoch: 6
[2025-09-12 04:31:37,646][root][INFO] - epoch: 7
[2025-09-12 04:36:31,395][root][INFO] - epoch: 8
[2025-09-12 04:41:25,044][root][INFO] - epoch: 9
[2025-09-12 04:46:18,714][root][INFO] - epoch: 10
[2025-09-12 04:51:13,357][root][INFO] - epoch: 11
[2025-09-12 04:56:07,473][root][INFO] - epoch: 12
[2025-09-12 05:01:01,999][root][INFO] - epoch: 13
[2025-09-12 05:05:56,093][root][INFO] - epoch: 14
[2025-09-12 05:10:50,620][root][INFO] - epoch: 15
[2025-09-12 05:15:45,715][root][INFO] - epoch: 16
[2025-09-12 05:20:40,243][root][INFO] - epoch: 17
[2025-09-12 05:25:34,420][root][INFO] - epoch: 18
[2025-09-12 05:30:28,107][root][INFO] - epoch: 19
[2025-09-12 05:35:21,891][root][INFO] - finished train
[2025-09-12 05:35:21,892][root][INFO] - starting eval
[2025-09-12 05:35:31,758][root][INFO] - finished eval
[2025-09-12 05:35:31,958][root][INFO] - starting train
[2025-09-12 05:35:31,958][root][INFO] - epoch: 0
[2025-09-12 05:40:25,941][root][INFO] - epoch: 1
[2025-09-12 05:45:20,983][root][INFO] - epoch: 2
[2025-09-12 05:50:14,865][root][INFO] - epoch: 3
[2025-09-12 05:55:09,502][root][INFO] - epoch: 4
[2025-09-12 06:00:04,685][root][INFO] - epoch: 5
[2025-09-12 06:04:59,752][root][INFO] - epoch: 6
[2025-09-12 06:09:53,620][root][INFO] - epoch: 7
[2025-09-12 06:14:47,140][root][INFO] - epoch: 8
[2025-09-12 06:19:41,154][root][INFO] - epoch: 9
[2025-09-12 06:24:35,694][root][INFO] - epoch: 10
[2025-09-12 06:29:30,418][root][INFO] - epoch: 11
[2025-09-12 06:34:24,264][root][INFO] - epoch: 12
[2025-09-12 06:39:18,280][root][INFO] - epoch: 13
[2025-09-12 06:44:12,481][root][INFO] - epoch: 14
[2025-09-12 06:49:06,403][root][INFO] - epoch: 15
[2025-09-12 06:54:00,481][root][INFO] - epoch: 16
[2025-09-12 06:58:55,058][root][INFO] - epoch: 17
[2025-09-12 07:03:49,565][root][INFO] - epoch: 18
[2025-09-12 07:08:43,544][root][INFO] - epoch: 19
[2025-09-12 07:13:38,529][root][INFO] - finished train
[2025-09-12 07:13:38,530][root][INFO] - starting eval
[2025-09-12 07:13:48,718][root][INFO] - finished eval
[2025-09-12 07:13:48,915][root][INFO] - starting train
[2025-09-12 07:13:48,915][root][INFO] - epoch: 0
[2025-09-12 07:18:43,417][root][INFO] - epoch: 1
[2025-09-12 07:23:38,500][root][INFO] - epoch: 2
[2025-09-12 07:28:32,577][root][INFO] - epoch: 3
[2025-09-12 07:33:26,750][root][INFO] - epoch: 4
[2025-09-12 07:38:20,175][root][INFO] - epoch: 5
[2025-09-12 07:43:14,573][root][INFO] - epoch: 6
[2025-09-12 07:48:08,458][root][INFO] - epoch: 7
[2025-09-12 07:53:02,694][root][INFO] - epoch: 8
[2025-09-12 07:57:56,572][root][INFO] - epoch: 9
[2025-09-12 08:02:50,786][root][INFO] - epoch: 10
[2025-09-12 08:07:44,690][root][INFO] - epoch: 11
[2025-09-12 08:12:39,336][root][INFO] - epoch: 12
[2025-09-12 08:17:33,980][root][INFO] - epoch: 13
[2025-09-12 08:22:28,176][root][INFO] - epoch: 14
[2025-09-12 08:27:22,997][root][INFO] - epoch: 15
[2025-09-12 08:32:17,368][root][INFO] - epoch: 16
[2025-09-12 08:37:11,534][root][INFO] - epoch: 17
[2025-09-12 08:42:05,289][root][INFO] - epoch: 18
[2025-09-12 08:46:59,733][root][INFO] - epoch: 19
[2025-09-12 08:51:54,081][root][INFO] - finished train
[2025-09-12 08:51:54,081][root][INFO] - starting eval
[2025-09-12 08:52:03,856][root][INFO] - finished eval
[2025-09-12 08:52:04,051][root][INFO] - starting train
[2025-09-12 08:52:04,051][root][INFO] - epoch: 0
[2025-09-12 08:56:59,043][root][INFO] - epoch: 1
[2025-09-12 09:01:53,029][root][INFO] - epoch: 2
[2025-09-12 09:06:48,499][root][INFO] - epoch: 3
[2025-09-12 09:11:42,498][root][INFO] - epoch: 4
[2025-09-12 09:16:36,599][root][INFO] - epoch: 5
[2025-09-12 09:21:31,489][root][INFO] - epoch: 6
[2025-09-12 09:26:25,969][root][INFO] - epoch: 7
[2025-09-12 09:31:19,621][root][INFO] - epoch: 8
[2025-09-12 09:36:14,443][root][INFO] - epoch: 9
[2025-09-12 09:41:09,350][root][INFO] - epoch: 10
[2025-09-12 09:46:04,358][root][INFO] - epoch: 11
[2025-09-12 09:50:59,338][root][INFO] - epoch: 12
[2025-09-12 09:55:53,818][root][INFO] - epoch: 13
[2025-09-12 10:00:47,961][root][INFO] - epoch: 14
[2025-09-12 10:05:42,935][root][INFO] - epoch: 15
[2025-09-12 10:10:36,798][root][INFO] - epoch: 16
[2025-09-12 10:15:30,246][root][INFO] - epoch: 17
[2025-09-12 10:20:24,916][root][INFO] - epoch: 18
[2025-09-12 10:25:19,737][root][INFO] - epoch: 19
[2025-09-12 10:30:13,582][root][INFO] - finished train
[2025-09-12 10:30:13,582][root][INFO] - starting eval
[2025-09-12 10:30:23,669][root][INFO] - finished eval
[2025-09-12 10:30:23,865][root][INFO] - starting train
[2025-09-12 10:30:23,865][root][INFO] - epoch: 0
[2025-09-12 10:35:18,814][root][INFO] - epoch: 1
[2025-09-12 10:40:13,305][root][INFO] - epoch: 2
[2025-09-12 10:45:07,596][root][INFO] - epoch: 3
[2025-09-12 10:50:03,186][root][INFO] - epoch: 4
[2025-09-12 10:54:57,404][root][INFO] - epoch: 5
[2025-09-12 10:59:51,751][root][INFO] - epoch: 6
[2025-09-12 11:04:46,074][root][INFO] - epoch: 7
[2025-09-12 11:09:39,852][root][INFO] - epoch: 8
[2025-09-12 11:14:33,732][root][INFO] - epoch: 9
[2025-09-12 11:19:28,510][root][INFO] - epoch: 10
[2025-09-12 11:24:23,961][root][INFO] - epoch: 11
[2025-09-12 11:29:17,897][root][INFO] - epoch: 12
[2025-09-12 11:34:12,758][root][INFO] - epoch: 13
[2025-09-12 11:39:07,276][root][INFO] - epoch: 14
[2025-09-12 11:44:01,404][root][INFO] - epoch: 15
[2025-09-12 11:48:56,015][root][INFO] - epoch: 16
[2025-09-12 11:53:49,899][root][INFO] - epoch: 17
[2025-09-12 11:58:43,632][root][INFO] - epoch: 18
[2025-09-12 12:03:38,971][root][INFO] - epoch: 19
[2025-09-12 12:08:33,087][root][INFO] - finished train
[2025-09-12 12:08:33,087][root][INFO] - starting eval
[2025-09-12 12:08:43,161][root][INFO] - finished eval
[2025-09-12 12:08:43,373][root][INFO] - starting train
[2025-09-12 12:08:43,373][root][INFO] - epoch: 0
[2025-09-12 12:13:37,638][root][INFO] - epoch: 1
[2025-09-12 12:18:33,033][root][INFO] - epoch: 2
[2025-09-12 12:23:27,209][root][INFO] - epoch: 3
[2025-09-12 12:28:20,684][root][INFO] - epoch: 4
[2025-09-12 12:33:14,591][root][INFO] - epoch: 5
[2025-09-12 12:38:09,248][root][INFO] - epoch: 6
[2025-09-12 12:43:03,572][root][INFO] - epoch: 7
[2025-09-12 12:47:58,022][root][INFO] - epoch: 8
[2025-09-12 12:52:52,220][root][INFO] - epoch: 9
[2025-09-12 12:57:46,933][root][INFO] - epoch: 10
[2025-09-12 13:02:41,721][root][INFO] - epoch: 11
[2025-09-12 13:07:36,117][root][INFO] - epoch: 12
[2025-09-12 13:12:32,392][root][INFO] - epoch: 13
[2025-09-12 13:17:27,036][root][INFO] - epoch: 14
[2025-09-12 13:22:21,353][root][INFO] - epoch: 15
[2025-09-12 13:27:15,688][root][INFO] - epoch: 16
[2025-09-12 13:32:09,464][root][INFO] - epoch: 17
[2025-09-12 13:37:03,941][root][INFO] - epoch: 18
[2025-09-12 13:41:57,934][root][INFO] - epoch: 19
[2025-09-12 13:46:52,467][root][INFO] - finished train
[2025-09-12 13:46:52,467][root][INFO] - starting eval
[2025-09-12 13:47:02,651][root][INFO] - finished eval
[2025-09-12 13:47:02,848][root][INFO] - starting train
[2025-09-12 13:47:02,849][root][INFO] - epoch: 0
[2025-09-12 13:51:57,354][root][INFO] - epoch: 1
[2025-09-12 13:56:51,031][root][INFO] - epoch: 2
[2025-09-12 14:01:46,057][root][INFO] - epoch: 3
[2025-09-12 14:06:40,799][root][INFO] - epoch: 4
[2025-09-12 14:11:36,070][root][INFO] - epoch: 5
[2025-09-12 14:16:30,734][root][INFO] - epoch: 6
[2025-09-12 14:21:24,766][root][INFO] - epoch: 7
[2025-09-12 14:26:20,588][root][INFO] - epoch: 8
[2025-09-12 14:31:14,702][root][INFO] - epoch: 9
[2025-09-12 14:36:09,284][root][INFO] - epoch: 10
[2025-09-12 14:41:04,094][root][INFO] - epoch: 11
[2025-09-12 14:45:57,885][root][INFO] - epoch: 12
[2025-09-12 14:50:51,562][root][INFO] - epoch: 13
[2025-09-12 14:55:46,581][root][INFO] - epoch: 14
[2025-09-12 15:00:40,850][root][INFO] - epoch: 15
[2025-09-12 15:05:34,894][root][INFO] - epoch: 16
[2025-09-12 15:10:29,541][root][INFO] - epoch: 17
[2025-09-12 15:15:23,826][root][INFO] - epoch: 18
[2025-09-12 15:20:18,637][root][INFO] - epoch: 19
[2025-09-12 15:25:13,163][root][INFO] - finished train
[2025-09-12 15:25:13,164][root][INFO] - starting eval
[2025-09-12 15:25:23,022][root][INFO] - finished eval
[2025-09-12 15:25:23,220][root][INFO] - starting train
[2025-09-12 15:25:23,220][root][INFO] - epoch: 0
[2025-09-12 15:30:18,371][root][INFO] - epoch: 1
[2025-09-12 15:35:13,860][root][INFO] - epoch: 2
[2025-09-12 15:40:08,092][root][INFO] - epoch: 3
[2025-09-12 15:45:02,120][root][INFO] - epoch: 4
[2025-09-12 15:49:57,244][root][INFO] - epoch: 5
[2025-09-12 15:54:52,084][root][INFO] - epoch: 6
[2025-09-12 15:59:47,754][root][INFO] - epoch: 7
[2025-09-12 16:04:41,478][root][INFO] - epoch: 8
[2025-09-12 16:09:35,776][root][INFO] - epoch: 9
[2025-09-12 16:14:30,893][root][INFO] - epoch: 10
[2025-09-12 16:19:24,975][root][INFO] - epoch: 11
[2025-09-12 16:24:18,602][root][INFO] - epoch: 12
[2025-09-12 16:29:12,854][root][INFO] - epoch: 13
[2025-09-12 16:34:07,267][root][INFO] - epoch: 14
[2025-09-12 16:39:02,364][root][INFO] - epoch: 15
[2025-09-12 16:43:56,910][root][INFO] - epoch: 16
[2025-09-12 16:48:51,631][root][INFO] - epoch: 17
[2025-09-12 16:53:45,720][root][INFO] - epoch: 18
[2025-09-12 16:58:39,294][root][INFO] - epoch: 19
[2025-09-12 17:03:33,270][root][INFO] - finished train
[2025-09-12 17:03:33,270][root][INFO] - starting eval
[2025-09-12 17:03:43,437][root][INFO] - finished eval
[2025-09-12 17:03:43,636][root][INFO] - starting train
[2025-09-12 17:03:43,636][root][INFO] - epoch: 0
[2025-09-12 17:08:37,902][root][INFO] - epoch: 1
[2025-09-12 17:13:31,580][root][INFO] - epoch: 2
[2025-09-12 17:18:25,670][root][INFO] - epoch: 3
[2025-09-12 17:23:20,001][root][INFO] - epoch: 4
[2025-09-12 17:28:14,855][root][INFO] - epoch: 5
[2025-09-12 17:33:09,506][root][INFO] - epoch: 6
[2025-09-12 17:38:03,283][root][INFO] - epoch: 7
[2025-09-12 17:42:58,527][root][INFO] - epoch: 8
[2025-09-12 17:47:52,561][root][INFO] - epoch: 9
[2025-09-12 17:52:46,723][root][INFO] - epoch: 10
[2025-09-12 17:57:41,003][root][INFO] - epoch: 11
[2025-09-12 18:02:35,317][root][INFO] - epoch: 12
[2025-09-12 18:07:30,156][root][INFO] - epoch: 13
[2025-09-12 18:12:25,560][root][INFO] - epoch: 14
[2025-09-12 18:17:20,399][root][INFO] - epoch: 15
[2025-09-12 18:22:15,395][root][INFO] - epoch: 16
[2025-09-12 18:27:09,584][root][INFO] - epoch: 17
[2025-09-12 18:32:04,470][root][INFO] - epoch: 18
[2025-09-12 18:36:58,900][root][INFO] - epoch: 19
[2025-09-12 18:41:54,315][root][INFO] - finished train
[2025-09-12 18:41:54,316][root][INFO] - starting eval
[2025-09-12 18:42:04,262][root][INFO] - finished eval
[2025-09-12 18:42:04,490][root][INFO] - starting train
[2025-09-12 18:42:04,491][root][INFO] - epoch: 0
[2025-09-12 18:46:58,872][root][INFO] - epoch: 1
[2025-09-12 18:51:52,732][root][INFO] - epoch: 2
[2025-09-12 18:56:46,935][root][INFO] - epoch: 3
[2025-09-12 19:01:40,466][root][INFO] - epoch: 4
[2025-09-12 19:06:34,463][root][INFO] - epoch: 5
[2025-09-12 19:11:28,611][root][INFO] - epoch: 6
[2025-09-12 19:16:21,663][root][INFO] - epoch: 7
[2025-09-12 19:21:15,335][root][INFO] - epoch: 8
[2025-09-12 19:26:09,561][root][INFO] - epoch: 9
[2025-09-12 19:31:03,268][root][INFO] - epoch: 10
[2025-09-12 19:35:57,612][root][INFO] - epoch: 11
[2025-09-12 19:40:51,320][root][INFO] - epoch: 12
[2025-09-12 19:45:45,546][root][INFO] - epoch: 13
[2025-09-12 19:50:39,602][root][INFO] - epoch: 14
[2025-09-12 19:55:33,121][root][INFO] - epoch: 15
[2025-09-12 20:00:27,565][root][INFO] - epoch: 16
[2025-09-12 20:05:21,713][root][INFO] - epoch: 17
[2025-09-12 20:10:15,055][root][INFO] - epoch: 18
[2025-09-12 20:15:08,187][root][INFO] - epoch: 19
[2025-09-12 20:20:02,031][root][INFO] - finished train
[2025-09-12 20:20:02,032][root][INFO] - starting eval
[2025-09-12 20:20:11,891][root][INFO] - finished eval
[2025-09-12 20:20:12,112][root][INFO] - starting train
[2025-09-12 20:20:12,113][root][INFO] - epoch: 0
[2025-09-12 20:25:06,011][root][INFO] - epoch: 1
[2025-09-12 20:30:00,906][root][INFO] - epoch: 2
[2025-09-12 20:34:55,589][root][INFO] - epoch: 3
[2025-09-12 20:39:49,165][root][INFO] - epoch: 4
[2025-09-12 20:44:43,457][root][INFO] - epoch: 5
[2025-09-12 20:49:37,583][root][INFO] - epoch: 6
[2025-09-12 20:54:31,830][root][INFO] - epoch: 7
[2025-09-12 20:59:26,509][root][INFO] - epoch: 8
[2025-09-12 21:04:20,759][root][INFO] - epoch: 9
[2025-09-12 21:09:14,748][root][INFO] - epoch: 10
[2025-09-12 21:14:08,424][root][INFO] - epoch: 11
[2025-09-12 21:19:01,614][root][INFO] - epoch: 12
[2025-09-12 21:23:55,627][root][INFO] - epoch: 13
[2025-09-12 21:28:49,144][root][INFO] - epoch: 14
[2025-09-12 21:33:43,248][root][INFO] - epoch: 15
[2025-09-12 21:38:38,611][root][INFO] - epoch: 16
[2025-09-12 21:43:33,049][root][INFO] - epoch: 17
[2025-09-12 21:48:27,557][root][INFO] - epoch: 18
[2025-09-12 21:53:22,227][root][INFO] - epoch: 19
[2025-09-12 21:58:16,438][root][INFO] - finished train
[2025-09-12 21:58:16,438][root][INFO] - starting eval
[2025-09-12 21:58:26,314][root][INFO] - finished eval
[2025-09-12 21:58:26,518][root][INFO] - starting train
[2025-09-12 21:58:26,518][root][INFO] - epoch: 0
[2025-09-12 22:03:21,226][root][INFO] - epoch: 1
[2025-09-12 22:08:15,806][root][INFO] - epoch: 2
[2025-09-12 22:13:09,809][root][INFO] - epoch: 3
[2025-09-12 22:18:04,147][root][INFO] - epoch: 4
[2025-09-12 22:22:58,565][root][INFO] - epoch: 5
[2025-09-12 22:27:52,504][root][INFO] - epoch: 6
[2025-09-12 22:32:47,298][root][INFO] - epoch: 7
[2025-09-12 22:37:41,449][root][INFO] - epoch: 8
[2025-09-12 22:42:36,060][root][INFO] - epoch: 9
[2025-09-12 22:47:30,516][root][INFO] - epoch: 10
[2025-09-12 22:52:25,290][root][INFO] - epoch: 11
[2025-09-12 22:57:20,347][root][INFO] - epoch: 12
[2025-09-12 23:02:14,718][root][INFO] - epoch: 13
[2025-09-12 23:07:09,219][root][INFO] - epoch: 14
[2025-09-12 23:12:05,505][root][INFO] - epoch: 15
[2025-09-12 23:17:00,398][root][INFO] - epoch: 16
[2025-09-12 23:21:54,574][root][INFO] - epoch: 17
[2025-09-12 23:26:49,719][root][INFO] - epoch: 18
[2025-09-12 23:31:43,400][root][INFO] - epoch: 19
[2025-09-12 23:36:37,514][root][INFO] - finished train
[2025-09-12 23:36:37,515][root][INFO] - starting eval
[2025-09-12 23:36:47,671][root][INFO] - finished eval
[2025-09-12 23:36:47,906][root][INFO] - starting train
[2025-09-12 23:36:47,906][root][INFO] - epoch: 0
[2025-09-12 23:41:42,705][root][INFO] - epoch: 1
[2025-09-12 23:46:37,114][root][INFO] - epoch: 2
[2025-09-12 23:51:31,033][root][INFO] - epoch: 3
[2025-09-12 23:56:26,406][root][INFO] - epoch: 4
[2025-09-13 00:01:21,385][root][INFO] - epoch: 5
[2025-09-13 00:06:15,624][root][INFO] - epoch: 6
[2025-09-13 00:11:09,846][root][INFO] - epoch: 7
[2025-09-13 00:16:04,394][root][INFO] - epoch: 8
[2025-09-13 00:20:58,589][root][INFO] - epoch: 9
[2025-09-13 00:25:52,491][root][INFO] - epoch: 10
[2025-09-13 00:30:46,455][root][INFO] - epoch: 11
[2025-09-13 00:35:41,212][root][INFO] - epoch: 12
[2025-09-13 00:40:35,674][root][INFO] - epoch: 13
[2025-09-13 00:45:30,094][root][INFO] - epoch: 14
[2025-09-13 00:50:24,524][root][INFO] - epoch: 15
[2025-09-13 00:55:18,391][root][INFO] - epoch: 16
[2025-09-13 01:00:13,096][root][INFO] - epoch: 17
[2025-09-13 01:05:06,893][root][INFO] - epoch: 18
[2025-09-13 01:10:00,576][root][INFO] - epoch: 19
[2025-09-13 01:14:54,582][root][INFO] - finished train
[2025-09-13 01:14:54,583][root][INFO] - starting eval
[2025-09-13 01:15:04,376][root][INFO] - finished eval
[2025-09-13 01:15:04,577][root][INFO] - starting train
[2025-09-13 01:15:04,577][root][INFO] - epoch: 0
[2025-09-13 01:19:58,331][root][INFO] - epoch: 1
[2025-09-13 01:24:52,389][root][INFO] - epoch: 2
[2025-09-13 01:29:45,844][root][INFO] - epoch: 3
[2025-09-13 01:34:40,021][root][INFO] - epoch: 4
[2025-09-13 01:39:33,809][root][INFO] - epoch: 5
[2025-09-13 01:44:28,148][root][INFO] - epoch: 6
[2025-09-13 01:49:22,335][root][INFO] - epoch: 7
[2025-09-13 01:54:15,772][root][INFO] - epoch: 8
[2025-09-13 01:59:09,932][root][INFO] - epoch: 9
[2025-09-13 02:04:04,486][root][INFO] - epoch: 10
[2025-09-13 02:08:59,636][root][INFO] - epoch: 11
[2025-09-13 02:13:53,531][root][INFO] - epoch: 12
[2025-09-13 02:18:47,874][root][INFO] - epoch: 13
[2025-09-13 02:23:42,176][root][INFO] - epoch: 14
[2025-09-13 02:28:36,267][root][INFO] - epoch: 15
[2025-09-13 02:33:30,417][root][INFO] - epoch: 16
[2025-09-13 02:38:24,365][root][INFO] - epoch: 17
[2025-09-13 02:43:18,559][root][INFO] - epoch: 18
[2025-09-13 02:48:12,231][root][INFO] - epoch: 19
[2025-09-13 02:53:06,095][root][INFO] - finished train
[2025-09-13 02:53:06,095][root][INFO] - starting eval
[2025-09-13 02:53:15,964][root][INFO] - finished eval
[2025-09-13 02:53:16,174][root][INFO] - starting train
[2025-09-13 02:53:16,174][root][INFO] - epoch: 0
[2025-09-13 02:58:11,857][root][INFO] - epoch: 1
[2025-09-13 03:03:06,594][root][INFO] - epoch: 2
[2025-09-13 03:08:00,750][root][INFO] - epoch: 3
[2025-09-13 03:12:54,496][root][INFO] - epoch: 4
[2025-09-13 03:17:49,106][root][INFO] - epoch: 5
[2025-09-13 03:22:44,190][root][INFO] - epoch: 6
[2025-09-13 03:27:39,088][root][INFO] - epoch: 7
[2025-09-13 03:32:33,563][root][INFO] - epoch: 8
[2025-09-13 03:37:27,401][root][INFO] - epoch: 9
[2025-09-13 03:42:21,677][root][INFO] - epoch: 10
[2025-09-13 03:47:16,824][root][INFO] - epoch: 11
[2025-09-13 03:52:11,079][root][INFO] - epoch: 12
[2025-09-13 03:57:04,893][root][INFO] - epoch: 13
[2025-09-13 04:01:58,757][root][INFO] - epoch: 14
[2025-09-13 04:06:53,228][root][INFO] - epoch: 15
[2025-09-13 04:11:47,539][root][INFO] - epoch: 16
[2025-09-13 04:16:42,323][root][INFO] - epoch: 17
[2025-09-13 04:21:36,279][root][INFO] - epoch: 18
[2025-09-13 04:26:30,497][root][INFO] - epoch: 19
[2025-09-13 04:31:24,101][root][INFO] - finished train
[2025-09-13 04:31:24,101][root][INFO] - starting eval
[2025-09-13 04:31:34,362][root][INFO] - finished eval
[2025-09-13 04:31:34,572][root][INFO] - starting train
[2025-09-13 04:31:34,572][root][INFO] - epoch: 0
[2025-09-13 04:36:29,567][root][INFO] - epoch: 1
[2025-09-13 04:41:23,842][root][INFO] - epoch: 2
[2025-09-13 04:46:18,042][root][INFO] - epoch: 3
[2025-09-13 04:51:12,111][root][INFO] - epoch: 4
[2025-09-13 04:56:06,492][root][INFO] - epoch: 5
[2025-09-13 05:00:59,854][root][INFO] - epoch: 6
[2025-09-13 05:05:53,776][root][INFO] - epoch: 7
[2025-09-13 05:10:48,434][root][INFO] - epoch: 8
[2025-09-13 05:15:42,894][root][INFO] - epoch: 9
[2025-09-13 05:20:36,954][root][INFO] - epoch: 10
[2025-09-13 05:25:31,574][root][INFO] - epoch: 11
[2025-09-13 05:30:25,651][root][INFO] - epoch: 12
[2025-09-13 05:35:20,067][root][INFO] - epoch: 13
[2025-09-13 05:40:14,790][root][INFO] - epoch: 14
[2025-09-13 05:45:09,967][root][INFO] - epoch: 15
[2025-09-13 05:50:04,318][root][INFO] - epoch: 16
[2025-09-13 05:54:58,209][root][INFO] - epoch: 17
[2025-09-13 05:59:52,443][root][INFO] - epoch: 18
[2025-09-13 06:04:46,594][root][INFO] - epoch: 19
[2025-09-13 06:09:40,741][root][INFO] - finished train
[2025-09-13 06:09:40,742][root][INFO] - starting eval
[2025-09-13 06:09:50,498][root][INFO] - finished eval
[2025-09-13 06:09:50,745][root][INFO] - starting train
[2025-09-13 06:09:50,745][root][INFO] - epoch: 0
[2025-09-13 06:14:45,941][root][INFO] - epoch: 1
[2025-09-13 06:19:40,480][root][INFO] - epoch: 2
[2025-09-13 06:24:34,273][root][INFO] - epoch: 3
[2025-09-13 06:29:29,596][root][INFO] - epoch: 4
[2025-09-13 06:34:23,808][root][INFO] - epoch: 5
[2025-09-13 06:39:17,096][root][INFO] - epoch: 6
[2025-09-13 06:44:10,790][root][INFO] - epoch: 7
[2025-09-13 06:49:04,376][root][INFO] - epoch: 8
[2025-09-13 06:53:58,438][root][INFO] - epoch: 9
[2025-09-13 06:58:53,504][root][INFO] - epoch: 10
[2025-09-13 07:03:47,025][root][INFO] - epoch: 11
[2025-09-13 07:08:40,894][root][INFO] - epoch: 12
[2025-09-13 07:13:36,240][root][INFO] - epoch: 13
[2025-09-13 07:18:30,467][root][INFO] - epoch: 14
[2025-09-13 07:23:25,375][root][INFO] - epoch: 15
[2025-09-13 07:28:20,227][root][INFO] - epoch: 16
[2025-09-13 07:33:14,394][root][INFO] - epoch: 17
[2025-09-13 07:38:08,450][root][INFO] - epoch: 18
[2025-09-13 07:43:01,755][root][INFO] - epoch: 19
[2025-09-13 07:47:55,477][root][INFO] - finished train
[2025-09-13 07:47:55,477][root][INFO] - starting eval
[2025-09-13 07:48:05,372][root][INFO] - finished eval
[2025-09-13 07:48:05,582][root][INFO] - starting train
[2025-09-13 07:48:05,582][root][INFO] - epoch: 0
[2025-09-13 07:52:59,702][root][INFO] - epoch: 1
[2025-09-13 07:57:54,587][root][INFO] - epoch: 2
[2025-09-13 08:02:49,177][root][INFO] - epoch: 3
[2025-09-13 08:07:43,718][root][INFO] - epoch: 4
[2025-09-13 08:12:38,322][root][INFO] - epoch: 5
[2025-09-13 08:17:32,571][root][INFO] - epoch: 6
[2025-09-13 08:22:27,272][root][INFO] - epoch: 7
[2025-09-13 08:27:21,177][root][INFO] - epoch: 8
[2025-09-13 08:32:15,064][root][INFO] - epoch: 9
[2025-09-13 08:37:08,954][root][INFO] - epoch: 10
[2025-09-13 08:42:02,598][root][INFO] - epoch: 11
[2025-09-13 08:46:56,851][root][INFO] - epoch: 12
[2025-09-13 08:51:51,372][root][INFO] - epoch: 13
[2025-09-13 08:56:46,102][root][INFO] - epoch: 14
[2025-09-13 09:01:40,724][root][INFO] - epoch: 15
[2025-09-13 09:06:35,156][root][INFO] - epoch: 16
[2025-09-13 09:11:29,466][root][INFO] - epoch: 17
[2025-09-13 09:16:23,377][root][INFO] - epoch: 18
[2025-09-13 09:21:17,636][root][INFO] - epoch: 19
[2025-09-13 09:26:11,800][root][INFO] - finished train
[2025-09-13 09:26:11,800][root][INFO] - starting eval
[2025-09-13 09:26:21,954][root][INFO] - finished eval
[2025-09-13 09:26:22,156][root][INFO] - starting train
[2025-09-13 09:26:22,156][root][INFO] - epoch: 0
[2025-09-13 09:31:16,219][root][INFO] - epoch: 1
[2025-09-13 09:36:10,740][root][INFO] - epoch: 2
[2025-09-13 09:41:05,215][root][INFO] - epoch: 3
[2025-09-13 09:45:59,558][root][INFO] - epoch: 4
[2025-09-13 09:50:53,359][root][INFO] - epoch: 5
[2025-09-13 09:55:48,146][root][INFO] - epoch: 6
[2025-09-13 10:00:43,086][root][INFO] - epoch: 7
[2025-09-13 10:05:37,114][root][INFO] - epoch: 8
[2025-09-13 10:10:31,699][root][INFO] - epoch: 9
[2025-09-13 10:15:25,912][root][INFO] - epoch: 10
[2025-09-13 10:20:20,012][root][INFO] - epoch: 11
[2025-09-13 10:25:13,918][root][INFO] - epoch: 12
[2025-09-13 10:30:07,646][root][INFO] - epoch: 13
[2025-09-13 10:35:02,142][root][INFO] - epoch: 14
[2025-09-13 10:39:56,773][root][INFO] - epoch: 15
[2025-09-13 10:44:50,255][root][INFO] - epoch: 16
[2025-09-13 10:49:44,486][root][INFO] - epoch: 17
[2025-09-13 10:54:39,810][root][INFO] - epoch: 18
[2025-09-13 10:59:34,173][root][INFO] - epoch: 19
[2025-09-13 11:04:28,497][root][INFO] - finished train
[2025-09-13 11:04:28,497][root][INFO] - starting eval
[2025-09-13 11:04:38,281][root][INFO] - finished eval
[2025-09-13 11:04:38,508][root][INFO] - starting train
[2025-09-13 11:04:38,508][root][INFO] - epoch: 0
[2025-09-13 11:09:33,489][root][INFO] - epoch: 1
[2025-09-13 11:14:28,249][root][INFO] - epoch: 2
[2025-09-13 11:19:23,463][root][INFO] - epoch: 3
[2025-09-13 11:24:18,595][root][INFO] - epoch: 4
[2025-09-13 11:29:12,649][root][INFO] - epoch: 5
[2025-09-13 11:34:06,188][root][INFO] - epoch: 6
[2025-09-13 11:39:01,990][root][INFO] - epoch: 7
[2025-09-13 11:43:56,558][root][INFO] - epoch: 8
[2025-09-13 11:48:50,432][root][INFO] - epoch: 9
[2025-09-13 11:53:45,442][root][INFO] - epoch: 10
[2025-09-13 11:58:39,161][root][INFO] - epoch: 11
[2025-09-13 12:03:33,230][root][INFO] - epoch: 12
[2025-09-13 12:08:27,262][root][INFO] - epoch: 13
[2025-09-13 12:13:20,628][root][INFO] - epoch: 14
[2025-09-13 12:18:13,996][root][INFO] - epoch: 15
[2025-09-13 12:23:07,706][root][INFO] - epoch: 16
[2025-09-13 12:28:01,326][root][INFO] - epoch: 17
[2025-09-13 12:32:54,662][root][INFO] - epoch: 18
[2025-09-13 12:37:47,828][root][INFO] - epoch: 19
[2025-09-13 12:42:41,087][root][INFO] - finished train
[2025-09-13 12:42:41,088][root][INFO] - starting eval
[2025-09-13 12:42:51,124][root][INFO] - finished eval
[2025-09-13 12:42:51,325][root][INFO] - starting train
[2025-09-13 12:42:51,326][root][INFO] - epoch: 0
[2025-09-13 12:47:44,909][root][INFO] - epoch: 1
[2025-09-13 12:52:38,557][root][INFO] - epoch: 2
[2025-09-13 12:57:32,314][root][INFO] - epoch: 3
[2025-09-13 13:02:25,780][root][INFO] - epoch: 4
[2025-09-13 13:07:19,455][root][INFO] - epoch: 5
[2025-09-13 13:12:13,136][root][INFO] - epoch: 6
[2025-09-13 13:17:06,949][root][INFO] - epoch: 7
[2025-09-13 13:22:00,777][root][INFO] - epoch: 8
[2025-09-13 13:26:54,764][root][INFO] - epoch: 9
[2025-09-13 13:31:48,448][root][INFO] - epoch: 10
[2025-09-13 13:36:42,705][root][INFO] - epoch: 11
[2025-09-13 13:41:36,413][root][INFO] - epoch: 12
[2025-09-13 13:46:29,757][root][INFO] - epoch: 13
[2025-09-13 13:51:24,067][root][INFO] - epoch: 14
[2025-09-13 13:56:17,569][root][INFO] - epoch: 15
[2025-09-13 14:01:10,988][root][INFO] - epoch: 16
[2025-09-13 14:06:04,634][root][INFO] - epoch: 17
[2025-09-13 14:10:58,293][root][INFO] - epoch: 18
[2025-09-13 14:15:52,211][root][INFO] - epoch: 19
[2025-09-13 14:20:45,775][root][INFO] - finished train
[2025-09-13 14:20:45,775][root][INFO] - starting eval
[2025-09-13 14:20:55,792][root][INFO] - finished eval
[2025-09-13 14:20:55,998][root][INFO] - starting train
[2025-09-13 14:20:55,999][root][INFO] - epoch: 0
[2025-09-13 14:25:50,379][root][INFO] - epoch: 1
[2025-09-13 14:30:43,700][root][INFO] - epoch: 2
[2025-09-13 14:35:37,097][root][INFO] - epoch: 3
[2025-09-13 14:40:30,496][root][INFO] - epoch: 4
[2025-09-13 14:45:23,680][root][INFO] - epoch: 5
[2025-09-13 14:50:17,492][root][INFO] - epoch: 6
[2025-09-13 14:55:11,637][root][INFO] - epoch: 7
[2025-09-13 15:00:05,282][root][INFO] - epoch: 8
[2025-09-13 15:04:58,925][root][INFO] - epoch: 9
[2025-09-13 15:09:52,456][root][INFO] - epoch: 10
[2025-09-13 15:14:45,588][root][INFO] - epoch: 11
[2025-09-13 15:19:39,205][root][INFO] - epoch: 12
[2025-09-13 15:24:32,764][root][INFO] - epoch: 13
[2025-09-13 15:29:26,259][root][INFO] - epoch: 14
[2025-09-13 15:34:19,323][root][INFO] - epoch: 15
[2025-09-13 15:39:13,389][root][INFO] - epoch: 16
[2025-09-13 15:44:06,415][root][INFO] - epoch: 17
[2025-09-13 15:48:59,988][root][INFO] - epoch: 18
[2025-09-13 15:53:53,415][root][INFO] - epoch: 19
[2025-09-13 15:58:47,234][root][INFO] - finished train
[2025-09-13 15:58:47,235][root][INFO] - starting eval
[2025-09-13 15:58:57,157][root][INFO] - finished eval
[2025-09-13 15:58:57,363][root][INFO] - starting train
[2025-09-13 15:58:57,363][root][INFO] - epoch: 0
[2025-09-13 16:03:51,060][root][INFO] - epoch: 1
[2025-09-13 16:08:44,311][root][INFO] - epoch: 2
[2025-09-13 16:13:37,972][root][INFO] - epoch: 3
[2025-09-13 16:18:31,554][root][INFO] - epoch: 4
[2025-09-13 16:23:25,068][root][INFO] - epoch: 5
[2025-09-13 16:28:18,506][root][INFO] - epoch: 6
[2025-09-13 16:33:12,497][root][INFO] - epoch: 7
[2025-09-13 16:38:05,993][root][INFO] - epoch: 8
[2025-09-13 16:42:59,302][root][INFO] - epoch: 9
[2025-09-13 16:47:52,751][root][INFO] - epoch: 10
[2025-09-13 16:52:45,877][root][INFO] - epoch: 11
[2025-09-13 16:57:38,999][root][INFO] - epoch: 12
[2025-09-13 17:02:32,975][root][INFO] - epoch: 13
[2025-09-13 17:07:26,499][root][INFO] - epoch: 14
[2025-09-13 17:12:19,614][root][INFO] - epoch: 15
[2025-09-13 17:17:12,970][root][INFO] - epoch: 16
[2025-09-13 17:22:06,687][root][INFO] - epoch: 17
[2025-09-13 17:27:00,010][root][INFO] - epoch: 18
[2025-09-13 17:31:53,791][root][INFO] - epoch: 19
[2025-09-13 17:36:47,201][root][INFO] - finished train
[2025-09-13 17:36:47,201][root][INFO] - starting eval
[2025-09-13 17:36:57,203][root][INFO] - finished eval
[2025-09-13 17:36:57,408][root][INFO] - starting train
[2025-09-13 17:36:57,408][root][INFO] - epoch: 0
[2025-09-13 17:41:51,017][root][INFO] - epoch: 1
[2025-09-13 17:46:44,657][root][INFO] - epoch: 2
[2025-09-13 17:51:38,167][root][INFO] - epoch: 3
[2025-09-13 17:56:31,737][root][INFO] - epoch: 4
[2025-09-13 18:01:25,054][root][INFO] - epoch: 5
[2025-09-13 18:06:18,632][root][INFO] - epoch: 6
[2025-09-13 18:11:12,411][root][INFO] - epoch: 7
[2025-09-13 18:16:05,984][root][INFO] - epoch: 8
[2025-09-13 18:20:59,583][root][INFO] - epoch: 9
[2025-09-13 18:25:52,958][root][INFO] - epoch: 10
[2025-09-13 18:30:46,492][root][INFO] - epoch: 11
[2025-09-13 18:35:40,247][root][INFO] - epoch: 12
[2025-09-13 18:40:33,907][root][INFO] - epoch: 13
[2025-09-13 18:45:27,669][root][INFO] - epoch: 14
[2025-09-13 18:50:21,694][root][INFO] - epoch: 15
[2025-09-13 18:55:14,921][root][INFO] - epoch: 16
[2025-09-13 19:00:08,329][root][INFO] - epoch: 17
[2025-09-13 19:05:02,005][root][INFO] - epoch: 18
[2025-09-13 19:09:56,086][root][INFO] - epoch: 19
[2025-09-13 19:14:49,981][root][INFO] - finished train
[2025-09-13 19:14:49,981][root][INFO] - starting eval
[2025-09-13 19:14:59,870][root][INFO] - finished eval
[2025-09-13 19:15:00,074][root][INFO] - starting train
[2025-09-13 19:15:00,074][root][INFO] - epoch: 0
[2025-09-13 19:19:53,608][root][INFO] - epoch: 1
[2025-09-13 19:24:47,451][root][INFO] - epoch: 2
[2025-09-13 19:29:41,349][root][INFO] - epoch: 3
[2025-09-13 19:34:35,256][root][INFO] - epoch: 4
[2025-09-13 19:39:29,263][root][INFO] - epoch: 5
[2025-09-13 19:44:23,279][root][INFO] - epoch: 6
[2025-09-13 19:49:17,012][root][INFO] - epoch: 7
[2025-09-13 19:54:10,766][root][INFO] - epoch: 8
[2025-09-13 19:59:04,693][root][INFO] - epoch: 9
[2025-09-13 20:03:57,848][root][INFO] - epoch: 10
[2025-09-13 20:08:51,256][root][INFO] - epoch: 11
[2025-09-13 20:13:45,382][root][INFO] - epoch: 12
[2025-09-13 20:18:39,493][root][INFO] - epoch: 13
[2025-09-13 20:23:33,055][root][INFO] - epoch: 14
[2025-09-13 20:28:26,743][root][INFO] - epoch: 15
[2025-09-13 20:33:20,209][root][INFO] - epoch: 16
[2025-09-13 20:38:13,790][root][INFO] - epoch: 17
[2025-09-13 20:43:07,489][root][INFO] - epoch: 18
[2025-09-13 20:48:01,024][root][INFO] - epoch: 19
[2025-09-13 20:52:54,428][root][INFO] - finished train
[2025-09-13 20:52:54,429][root][INFO] - starting eval
[2025-09-13 20:53:04,196][root][INFO] - finished eval
[2025-09-13 20:53:04,405][root][INFO] - starting train
[2025-09-13 20:53:04,405][root][INFO] - epoch: 0
[2025-09-13 20:57:57,973][root][INFO] - epoch: 1
[2025-09-13 21:02:51,556][root][INFO] - epoch: 2
[2025-09-13 21:07:45,223][root][INFO] - epoch: 3
[2025-09-13 21:12:38,720][root][INFO] - epoch: 4
[2025-09-13 21:17:32,559][root][INFO] - epoch: 5
[2025-09-13 21:22:26,363][root][INFO] - epoch: 6
[2025-09-13 21:27:20,009][root][INFO] - epoch: 7
[2025-09-13 21:32:13,429][root][INFO] - epoch: 8
[2025-09-13 21:37:06,808][root][INFO] - epoch: 9
[2025-09-13 21:42:00,281][root][INFO] - epoch: 10
[2025-09-13 21:46:54,013][root][INFO] - epoch: 11
[2025-09-13 21:51:47,850][root][INFO] - epoch: 12
[2025-09-13 21:56:40,966][root][INFO] - epoch: 13
[2025-09-13 22:01:34,590][root][INFO] - epoch: 14
[2025-09-13 22:06:27,977][root][INFO] - epoch: 15
[2025-09-13 22:11:20,998][root][INFO] - epoch: 16
[2025-09-13 22:16:14,557][root][INFO] - epoch: 17
[2025-09-13 22:21:08,447][root][INFO] - epoch: 18
[2025-09-13 22:26:01,789][root][INFO] - epoch: 19
[2025-09-13 22:30:55,682][root][INFO] - finished train
[2025-09-13 22:30:55,682][root][INFO] - starting eval
[2025-09-13 22:31:05,525][root][INFO] - finished eval
[2025-09-13 22:31:05,737][root][INFO] - starting train
[2025-09-13 22:31:05,738][root][INFO] - epoch: 0
[2025-09-13 22:35:59,156][root][INFO] - epoch: 1
[2025-09-13 22:40:52,588][root][INFO] - epoch: 2
[2025-09-13 22:45:45,739][root][INFO] - epoch: 3
[2025-09-13 22:50:39,377][root][INFO] - epoch: 4
[2025-09-13 22:55:33,103][root][INFO] - epoch: 5
[2025-09-13 23:00:27,417][root][INFO] - epoch: 6
[2025-09-13 23:05:21,108][root][INFO] - epoch: 7
[2025-09-13 23:10:14,715][root][INFO] - epoch: 8
[2025-09-13 23:15:08,514][root][INFO] - epoch: 9
[2025-09-13 23:20:01,948][root][INFO] - epoch: 10
[2025-09-13 23:24:55,684][root][INFO] - epoch: 11
[2025-09-13 23:29:49,162][root][INFO] - epoch: 12
[2025-09-13 23:34:42,851][root][INFO] - epoch: 13
[2025-09-13 23:39:36,586][root][INFO] - epoch: 14
[2025-09-13 23:44:29,894][root][INFO] - epoch: 15
[2025-09-13 23:49:23,267][root][INFO] - epoch: 16
[2025-09-13 23:54:17,352][root][INFO] - epoch: 17
[2025-09-13 23:59:11,173][root][INFO] - epoch: 18
[2025-09-14 00:04:04,507][root][INFO] - epoch: 19
[2025-09-14 00:08:58,062][root][INFO] - finished train
[2025-09-14 00:08:58,062][root][INFO] - starting eval
[2025-09-14 00:09:08,030][root][INFO] - finished eval
[2025-09-14 00:09:08,235][root][INFO] - starting train
[2025-09-14 00:09:08,235][root][INFO] - epoch: 0
[2025-09-14 00:14:01,697][root][INFO] - epoch: 1
[2025-09-14 00:18:55,229][root][INFO] - epoch: 2
[2025-09-14 00:23:48,705][root][INFO] - epoch: 3
[2025-09-14 00:28:41,814][root][INFO] - epoch: 4
[2025-09-14 00:33:35,126][root][INFO] - epoch: 5
[2025-09-14 00:38:28,797][root][INFO] - epoch: 6
[2025-09-14 00:43:21,855][root][INFO] - epoch: 7
[2025-09-14 00:48:15,546][root][INFO] - epoch: 8
[2025-09-14 00:53:08,713][root][INFO] - epoch: 9
[2025-09-14 00:58:02,240][root][INFO] - epoch: 10
[2025-09-14 01:02:55,541][root][INFO] - epoch: 11
[2025-09-14 01:07:48,309][root][INFO] - epoch: 12
[2025-09-14 01:12:41,399][root][INFO] - epoch: 13
[2025-09-14 01:17:34,836][root][INFO] - epoch: 14
[2025-09-14 01:22:28,095][root][INFO] - epoch: 15
[2025-09-14 01:27:21,457][root][INFO] - epoch: 16
[2025-09-14 01:32:15,087][root][INFO] - epoch: 17
[2025-09-14 01:37:08,648][root][INFO] - epoch: 18
[2025-09-14 01:42:02,185][root][INFO] - epoch: 19
[2025-09-14 01:46:55,507][root][INFO] - finished train
[2025-09-14 01:46:55,507][root][INFO] - starting eval
[2025-09-14 01:47:05,532][root][INFO] - finished eval
[2025-09-14 01:47:05,736][root][INFO] - starting train
[2025-09-14 01:47:05,737][root][INFO] - epoch: 0
[2025-09-14 01:51:59,478][root][INFO] - epoch: 1
[2025-09-14 01:56:53,019][root][INFO] - epoch: 2
[2025-09-14 02:01:46,131][root][INFO] - epoch: 3
[2025-09-14 02:06:39,211][root][INFO] - epoch: 4
[2025-09-14 02:11:32,433][root][INFO] - epoch: 5
[2025-09-14 02:16:25,638][root][INFO] - epoch: 6
[2025-09-14 02:21:18,791][root][INFO] - epoch: 7
[2025-09-14 02:26:12,119][root][INFO] - epoch: 8
[2025-09-14 02:31:05,235][root][INFO] - epoch: 9
[2025-09-14 02:35:58,933][root][INFO] - epoch: 10
[2025-09-14 02:40:52,337][root][INFO] - epoch: 11
[2025-09-14 02:45:45,550][root][INFO] - epoch: 12
[2025-09-14 02:50:38,957][root][INFO] - epoch: 13
[2025-09-14 02:55:31,828][root][INFO] - epoch: 14
[2025-09-14 03:00:24,790][root][INFO] - epoch: 15
[2025-09-14 03:05:17,927][root][INFO] - epoch: 16
[2025-09-14 03:10:10,767][root][INFO] - epoch: 17
[2025-09-14 03:15:03,853][root][INFO] - epoch: 18
[2025-09-14 03:19:57,406][root][INFO] - epoch: 19
[2025-09-14 03:24:51,060][root][INFO] - finished train
[2025-09-14 03:24:51,060][root][INFO] - starting eval
[2025-09-14 03:25:00,961][root][INFO] - finished eval
[2025-09-14 03:25:00,966][root][INFO] - Finished
[2025-09-14 03:25:00,967][root][INFO] -  lr: 0.007963275938027451
[2025-09-14 03:25:00,967][root][INFO] -  weight_decay: 0.007938690953570558
