[2025-09-28 01:29:36,437][root][INFO] - ORIGINAL CWD : /home/sota/research/sotaohnuma/coffee
[2025-09-28 01:29:36,438][root][INFO] - RUN CWD      : /home/sota/research/sotaohnuma/coffee/outputs/kd/swin/middle/2025-09-28_01-29-36
[2025-09-28 01:29:38,174][root][INFO] - Start epoch 1
[2025-09-28 01:36:08,115][root][INFO] - [01/150] train 63.979%/2.7495 | val 50.000%/9.1089
[2025-09-28 01:36:08,118][root][INFO] - Start epoch 2
[2025-09-28 01:42:45,250][root][INFO] - [02/150] train 65.991%/2.6821 | val 50.000%/15.1172
[2025-09-28 01:42:45,250][root][INFO] - Start epoch 3
[2025-09-28 01:49:21,480][root][INFO] - [03/150] train 70.050%/2.5230 | val 51.319%/10.1145
[2025-09-28 01:49:21,484][root][INFO] - Start epoch 4
[2025-09-28 01:55:57,604][root][INFO] - [04/150] train 73.748%/2.3885 | val 51.472%/5.7513
[2025-09-28 01:55:57,608][root][INFO] - Start epoch 5
[2025-09-28 02:02:33,315][root][INFO] - [05/150] train 76.139%/2.2798 | val 57.958%/4.7235
[2025-09-28 02:02:33,319][root][INFO] - Start epoch 6
[2025-09-28 02:09:08,853][root][INFO] - [06/150] train 78.198%/2.1626 | val 50.000%/38.2977
[2025-09-28 02:09:08,853][root][INFO] - Start epoch 7
[2025-09-28 02:15:43,963][root][INFO] - [07/150] train 79.646%/2.0648 | val 50.000%/26.5226
[2025-09-28 02:15:43,963][root][INFO] - Start epoch 8
[2025-09-28 02:22:21,198][root][INFO] - [08/150] train 80.264%/2.0152 | val 50.000%/50.3314
[2025-09-28 02:22:21,198][root][INFO] - Start epoch 9
[2025-09-28 02:28:56,944][root][INFO] - [09/150] train 80.903%/1.9888 | val 50.000%/79.5273
[2025-09-28 02:28:56,944][root][INFO] - Start epoch 10
[2025-09-28 02:35:32,432][root][INFO] - [10/150] train 81.424%/1.9611 | val 50.000%/74.0337
[2025-09-28 02:35:32,432][root][INFO] - Start epoch 11
[2025-09-28 02:42:07,417][root][INFO] - [11/150] train 81.806%/1.9301 | val 50.000%/29.7799
[2025-09-28 02:42:07,418][root][INFO] - Start epoch 12
[2025-09-28 02:48:42,506][root][INFO] - [12/150] train 81.967%/1.9293 | val 50.000%/50.2715
[2025-09-28 02:48:42,506][root][INFO] - Start epoch 13
[2025-09-28 02:55:18,825][root][INFO] - [13/150] train 82.434%/1.8950 | val 50.000%/41.1129
[2025-09-28 02:55:18,825][root][INFO] - Start epoch 14
[2025-09-28 03:01:54,231][root][INFO] - [14/150] train 82.660%/1.8780 | val 53.278%/6.8792
[2025-09-28 03:01:54,232][root][INFO] - Start epoch 15
[2025-09-28 03:08:29,653][root][INFO] - [15/150] train 82.908%/1.8711 | val 50.000%/38.6907
[2025-09-28 03:08:29,654][root][INFO] - Start epoch 16
[2025-09-28 03:15:05,164][root][INFO] - [16/150] train 83.316%/1.8500 | val 50.000%/112.0903
[2025-09-28 03:15:05,164][root][INFO] - Start epoch 17
[2025-09-28 03:21:41,144][root][INFO] - [17/150] train 83.382%/1.8345 | val 55.958%/6.5329
[2025-09-28 03:21:41,144][root][INFO] - Start epoch 18
[2025-09-28 03:28:16,950][root][INFO] - [18/150] train 83.422%/1.8414 | val 50.000%/138.6613
[2025-09-28 03:28:16,950][root][INFO] - Start epoch 19
[2025-09-28 03:34:52,448][root][INFO] - [19/150] train 83.259%/1.8359 | val 64.500%/3.6234
[2025-09-28 03:34:52,451][root][INFO] - Start epoch 20
[2025-09-28 03:41:28,251][root][INFO] - [20/150] train 83.727%/1.8082 | val 50.000%/70.4908
[2025-09-28 03:41:28,251][root][INFO] - Start epoch 21
[2025-09-28 03:48:03,325][root][INFO] - [21/150] train 83.983%/1.7986 | val 50.000%/126.8828
[2025-09-28 03:48:03,325][root][INFO] - Start epoch 22
[2025-09-28 03:54:39,427][root][INFO] - [22/150] train 84.177%/1.7816 | val 50.000%/150.8826
[2025-09-28 03:54:39,427][root][INFO] - Start epoch 23
[2025-09-28 04:01:15,175][root][INFO] - [23/150] train 83.773%/1.8184 | val 50.000%/24.0312
[2025-09-28 04:01:15,175][root][INFO] - Start epoch 24
[2025-09-28 04:07:51,286][root][INFO] - [24/150] train 84.335%/1.7676 | val 51.139%/10.7694
[2025-09-28 04:07:51,286][root][INFO] - Start epoch 25
[2025-09-28 04:14:27,522][root][INFO] - [25/150] train 84.436%/1.7681 | val 50.000%/25.0003
[2025-09-28 04:14:27,522][root][INFO] - Start epoch 26
[2025-09-28 04:21:03,542][root][INFO] - [26/150] train 84.545%/1.7536 | val 50.000%/95.0022
[2025-09-28 04:21:03,542][root][INFO] - Start epoch 27
[2025-09-28 04:27:39,416][root][INFO] - [27/150] train 84.443%/1.7562 | val 50.000%/22.3691
[2025-09-28 04:27:39,416][root][INFO] - Start epoch 28
[2025-09-28 04:34:15,507][root][INFO] - [28/150] train 84.420%/1.7554 | val 51.431%/8.5219
[2025-09-28 04:34:15,507][root][INFO] - Start epoch 29
[2025-09-28 04:40:51,292][root][INFO] - [29/150] train 84.873%/1.7292 | val 50.000%/43.2899
[2025-09-28 04:40:51,292][root][INFO] - Start epoch 30
[2025-09-28 04:47:28,233][root][INFO] - [30/150] train 84.806%/1.7262 | val 50.000%/208.8609
[2025-09-28 04:47:28,233][root][INFO] - Start epoch 31
[2025-09-28 04:54:04,979][root][INFO] - [31/150] train 85.182%/1.7140 | val 50.000%/19.7240
[2025-09-28 04:54:04,979][root][INFO] - Start epoch 32
[2025-09-28 05:00:41,371][root][INFO] - [32/150] train 85.122%/1.7076 | val 52.389%/7.3986
[2025-09-28 05:00:41,371][root][INFO] - Start epoch 33
[2025-09-28 05:07:17,958][root][INFO] - [33/150] train 85.233%/1.6978 | val 50.000%/102.2335
[2025-09-28 05:07:17,958][root][INFO] - Start epoch 34
[2025-09-28 05:13:54,744][root][INFO] - [34/150] train 85.243%/1.6872 | val 50.000%/37.5643
[2025-09-28 05:13:54,744][root][INFO] - Start epoch 35
[2025-09-28 05:20:31,219][root][INFO] - [35/150] train 85.438%/1.6901 | val 50.000%/193.9143
[2025-09-28 05:20:31,219][root][INFO] - Start epoch 36
[2025-09-28 05:27:07,088][root][INFO] - [36/150] train 85.470%/1.6751 | val 50.000%/30.7287
[2025-09-28 05:27:07,088][root][INFO] - Start epoch 37
[2025-09-28 05:33:41,998][root][INFO] - [37/150] train 85.780%/1.6576 | val 59.014%/5.6081
[2025-09-28 05:33:41,998][root][INFO] - Start epoch 38
[2025-09-28 05:40:17,574][root][INFO] - [38/150] train 85.786%/1.6531 | val 50.000%/54.2718
[2025-09-28 05:40:17,574][root][INFO] - Start epoch 39
[2025-09-28 05:46:53,262][root][INFO] - [39/150] train 85.958%/1.6436 | val 50.000%/214.3670
[2025-09-28 05:46:53,262][root][INFO] - Start epoch 40
[2025-09-28 05:53:29,702][root][INFO] - [40/150] train 86.002%/1.6505 | val 50.028%/18.5111
[2025-09-28 05:53:29,702][root][INFO] - Start epoch 41
[2025-09-28 06:00:04,832][root][INFO] - [41/150] train 86.292%/1.6260 | val 50.000%/65.0464
[2025-09-28 06:00:04,832][root][INFO] - Start epoch 42
[2025-09-28 06:06:40,114][root][INFO] - [42/150] train 86.179%/1.6246 | val 52.042%/13.3464
[2025-09-28 06:06:40,114][root][INFO] - Start epoch 43
[2025-09-28 06:13:16,636][root][INFO] - [43/150] train 86.370%/1.6231 | val 50.583%/13.0611
[2025-09-28 06:13:16,637][root][INFO] - Start epoch 44
[2025-09-28 06:19:52,648][root][INFO] - [44/150] train 86.281%/1.6138 | val 50.000%/98.7247
[2025-09-28 06:19:52,648][root][INFO] - Start epoch 45
[2025-09-28 06:26:28,531][root][INFO] - [45/150] train 86.233%/1.6196 | val 50.000%/49.0679
[2025-09-28 06:26:28,531][root][INFO] - Start epoch 46
[2025-09-28 06:33:05,630][root][INFO] - [46/150] train 86.554%/1.5986 | val 50.042%/29.5473
[2025-09-28 06:33:05,630][root][INFO] - Start epoch 47
[2025-09-28 06:39:40,836][root][INFO] - [47/150] train 86.622%/1.5941 | val 50.000%/112.5461
[2025-09-28 06:39:40,836][root][INFO] - Start epoch 48
[2025-09-28 06:46:16,583][root][INFO] - [48/150] train 86.547%/1.5897 | val 50.000%/114.6698
[2025-09-28 06:46:16,583][root][INFO] - Start epoch 49
[2025-09-28 06:52:52,644][root][INFO] - [49/150] train 86.708%/1.5834 | val 75.250%/2.7806
[2025-09-28 06:52:52,647][root][INFO] - Start epoch 50
[2025-09-28 06:59:29,261][root][INFO] - [50/150] train 86.681%/1.5834 | val 50.000%/50.8038
[2025-09-28 06:59:29,261][root][INFO] - Start epoch 51
[2025-09-28 07:06:08,629][root][INFO] - [51/150] train 86.700%/1.5993 | val 50.000%/123.0730
[2025-09-28 07:06:08,629][root][INFO] - Start epoch 52
[2025-09-28 07:12:47,196][root][INFO] - [52/150] train 87.031%/1.5733 | val 50.000%/41.3936
[2025-09-28 07:12:47,197][root][INFO] - Start epoch 53
[2025-09-28 07:19:24,145][root][INFO] - [53/150] train 86.872%/1.5758 | val 57.181%/6.4187
[2025-09-28 07:19:24,146][root][INFO] - Start epoch 54
[2025-09-28 07:26:02,426][root][INFO] - [54/150] train 86.964%/1.5664 | val 50.000%/42.0870
[2025-09-28 07:26:02,426][root][INFO] - Start epoch 55
[2025-09-28 07:32:39,268][root][INFO] - [55/150] train 86.946%/1.5643 | val 50.000%/65.3757
[2025-09-28 07:32:39,268][root][INFO] - Start epoch 56
[2025-09-28 07:39:17,724][root][INFO] - [56/150] train 87.062%/1.5604 | val 50.000%/63.5990
[2025-09-28 07:39:17,724][root][INFO] - Start epoch 57
[2025-09-28 07:45:54,537][root][INFO] - [57/150] train 86.800%/1.5753 | val 50.000%/47.8001
[2025-09-28 07:45:54,537][root][INFO] - Start epoch 58
[2025-09-28 07:52:32,484][root][INFO] - [58/150] train 87.370%/1.5441 | val 50.000%/110.5504
[2025-09-28 07:52:32,484][root][INFO] - Start epoch 59
[2025-09-28 07:59:10,015][root][INFO] - [59/150] train 87.175%/1.5519 | val 50.000%/143.3517
[2025-09-28 07:59:10,016][root][INFO] - Start epoch 60
[2025-09-28 08:05:48,434][root][INFO] - [60/150] train 87.297%/1.5417 | val 50.000%/47.3671
[2025-09-28 08:05:48,434][root][INFO] - Start epoch 61
[2025-09-28 08:12:27,141][root][INFO] - [61/150] train 87.410%/1.5405 | val 50.000%/42.3716
[2025-09-28 08:12:27,141][root][INFO] - Start epoch 62
[2025-09-28 08:19:04,109][root][INFO] - [62/150] train 87.543%/1.5275 | val 50.000%/47.1727
[2025-09-28 08:19:04,109][root][INFO] - Start epoch 63
[2025-09-28 08:25:42,018][root][INFO] - [63/150] train 87.861%/1.5115 | val 50.125%/25.5118
[2025-09-28 08:25:42,018][root][INFO] - Start epoch 64
[2025-09-28 08:32:19,629][root][INFO] - [64/150] train 87.675%/1.5215 | val 50.292%/11.5426
[2025-09-28 08:32:19,629][root][INFO] - Start epoch 65
[2025-09-28 08:38:57,111][root][INFO] - [65/150] train 87.764%/1.5029 | val 50.000%/25.7469
[2025-09-28 08:38:57,111][root][INFO] - Start epoch 66
[2025-09-28 08:45:33,706][root][INFO] - [66/150] train 87.521%/1.5198 | val 50.000%/119.6279
[2025-09-28 08:45:33,706][root][INFO] - Start epoch 67
[2025-09-28 08:52:11,261][root][INFO] - [67/150] train 87.809%/1.5038 | val 76.167%/2.4608
[2025-09-28 08:52:11,264][root][INFO] - Start epoch 68
[2025-09-28 08:58:49,219][root][INFO] - [68/150] train 87.635%/1.5094 | val 50.000%/99.0495
[2025-09-28 08:58:49,219][root][INFO] - Start epoch 69
[2025-09-28 09:05:26,200][root][INFO] - [69/150] train 87.717%/1.5089 | val 50.000%/41.8157
[2025-09-28 09:05:26,201][root][INFO] - Start epoch 70
[2025-09-28 09:12:03,707][root][INFO] - [70/150] train 87.734%/1.5042 | val 50.000%/50.8382
[2025-09-28 09:12:03,707][root][INFO] - Start epoch 71
[2025-09-28 09:18:41,068][root][INFO] - [71/150] train 87.648%/1.5010 | val 50.056%/18.1346
[2025-09-28 09:18:41,068][root][INFO] - Start epoch 72
[2025-09-28 09:25:19,424][root][INFO] - [72/150] train 88.144%/1.4773 | val 52.833%/9.4772
[2025-09-28 09:25:19,425][root][INFO] - Start epoch 73
[2025-09-28 09:31:55,465][root][INFO] - [73/150] train 88.370%/1.4696 | val 50.153%/19.1154
[2025-09-28 09:31:55,466][root][INFO] - Start epoch 74
[2025-09-28 09:38:32,988][root][INFO] - [74/150] train 88.007%/1.4738 | val 72.167%/2.9664
[2025-09-28 09:38:32,988][root][INFO] - Start epoch 75
[2025-09-28 09:45:09,855][root][INFO] - [75/150] train 88.210%/1.4691 | val 50.000%/48.6200
[2025-09-28 09:45:09,855][root][INFO] - Start epoch 76
[2025-09-28 09:51:47,899][root][INFO] - [76/150] train 87.958%/1.4879 | val 50.417%/15.6092
[2025-09-28 09:51:47,899][root][INFO] - Start epoch 77
[2025-09-28 09:58:24,676][root][INFO] - [77/150] train 88.269%/1.4671 | val 50.014%/25.3646
[2025-09-28 09:58:24,676][root][INFO] - Start epoch 78
[2025-09-28 10:05:01,179][root][INFO] - [78/150] train 88.507%/1.4509 | val 84.125%/1.8359
[2025-09-28 10:05:01,183][root][INFO] - Start epoch 79
[2025-09-28 10:11:39,128][root][INFO] - [79/150] train 88.601%/1.4391 | val 50.028%/25.0146
[2025-09-28 10:11:39,129][root][INFO] - Start epoch 80
[2025-09-28 10:18:15,158][root][INFO] - [80/150] train 88.443%/1.4454 | val 52.597%/7.6419
[2025-09-28 10:18:15,158][root][INFO] - Start epoch 81
[2025-09-28 10:24:53,112][root][INFO] - [81/150] train 88.635%/1.4353 | val 50.042%/18.3079
[2025-09-28 10:24:53,112][root][INFO] - Start epoch 82
[2025-09-28 10:31:30,483][root][INFO] - [82/150] train 88.948%/1.4164 | val 50.083%/18.0131
[2025-09-28 10:31:30,483][root][INFO] - Start epoch 83
[2025-09-28 10:38:07,564][root][INFO] - [83/150] train 89.068%/1.4096 | val 50.000%/53.5629
[2025-09-28 10:38:07,564][root][INFO] - Start epoch 84
[2025-09-28 10:44:45,736][root][INFO] - [84/150] train 89.120%/1.4030 | val 50.000%/30.6632
[2025-09-28 10:44:45,736][root][INFO] - Start epoch 85
[2025-09-28 10:51:22,063][root][INFO] - [85/150] train 89.229%/1.3860 | val 50.000%/99.3227
[2025-09-28 10:51:22,063][root][INFO] - Start epoch 86
[2025-09-28 10:58:00,140][root][INFO] - [86/150] train 89.160%/1.3955 | val 50.111%/23.3525
[2025-09-28 10:58:00,140][root][INFO] - Start epoch 87
[2025-09-28 11:04:36,654][root][INFO] - [87/150] train 89.368%/1.3852 | val 50.000%/94.8565
[2025-09-28 11:04:36,654][root][INFO] - Start epoch 88
[2025-09-28 11:11:14,317][root][INFO] - [88/150] train 89.394%/1.3831 | val 50.000%/60.0338
[2025-09-28 11:11:14,317][root][INFO] - Start epoch 89
[2025-09-28 11:17:51,317][root][INFO] - [89/150] train 89.384%/1.3732 | val 83.167%/1.8306
[2025-09-28 11:17:51,317][root][INFO] - Start epoch 90
[2025-09-28 11:24:28,721][root][INFO] - [90/150] train 89.613%/1.3618 | val 50.000%/125.0378
[2025-09-28 11:24:28,721][root][INFO] - Start epoch 91
[2025-09-28 11:31:07,261][root][INFO] - [91/150] train 89.472%/1.3732 | val 55.333%/8.5288
[2025-09-28 11:31:07,261][root][INFO] - Start epoch 92
[2025-09-28 11:37:43,889][root][INFO] - [92/150] train 89.753%/1.3517 | val 87.903%/1.3947
[2025-09-28 11:37:43,892][root][INFO] - Start epoch 93
[2025-09-28 11:44:22,178][root][INFO] - [93/150] train 89.460%/1.3676 | val 50.000%/46.6709
[2025-09-28 11:44:22,178][root][INFO] - Start epoch 94
[2025-09-28 11:50:58,614][root][INFO] - [94/150] train 89.571%/1.3563 | val 53.319%/11.1734
[2025-09-28 11:50:58,614][root][INFO] - Start epoch 95
[2025-09-28 11:57:36,923][root][INFO] - [95/150] train 89.648%/1.3597 | val 50.000%/89.3036
[2025-09-28 11:57:36,923][root][INFO] - Start epoch 96
[2025-09-28 12:04:14,797][root][INFO] - [96/150] train 89.491%/1.3655 | val 72.819%/2.9917
[2025-09-28 12:04:14,797][root][INFO] - Start epoch 97
[2025-09-28 12:10:52,359][root][INFO] - [97/150] train 89.932%/1.3345 | val 50.000%/149.0021
[2025-09-28 12:10:52,359][root][INFO] - Start epoch 98
[2025-09-28 12:17:30,060][root][INFO] - [98/150] train 89.599%/1.3505 | val 55.528%/8.1844
[2025-09-28 12:17:30,061][root][INFO] - Start epoch 99
[2025-09-28 12:24:07,481][root][INFO] - [99/150] train 89.889%/1.3358 | val 50.000%/55.6772
[2025-09-28 12:24:07,481][root][INFO] - Start epoch 100
[2025-09-28 12:30:44,957][root][INFO] - [100/150] train 90.095%/1.3215 | val 83.361%/1.8029
[2025-09-28 12:30:44,957][root][INFO] - Start epoch 101
[2025-09-28 12:37:22,842][root][INFO] - [101/150] train 89.983%/1.3283 | val 50.000%/26.0832
[2025-09-28 12:37:22,842][root][INFO] - Start epoch 102
[2025-09-28 12:44:00,193][root][INFO] - [102/150] train 89.658%/1.3500 | val 50.000%/71.3224
[2025-09-28 12:44:00,193][root][INFO] - Start epoch 103
[2025-09-28 12:50:37,426][root][INFO] - [103/150] train 90.017%/1.3185 | val 54.903%/8.8526
[2025-09-28 12:50:37,426][root][INFO] - Start epoch 104
[2025-09-28 12:57:14,643][root][INFO] - [104/150] train 90.299%/1.3017 | val 75.736%/2.8586
[2025-09-28 12:57:14,643][root][INFO] - Start epoch 105
[2025-09-28 13:03:51,540][root][INFO] - [105/150] train 90.373%/1.2833 | val 50.000%/32.1000
[2025-09-28 13:03:51,541][root][INFO] - Start epoch 106
[2025-09-28 13:10:29,104][root][INFO] - [106/150] train 89.925%/1.3203 | val 50.000%/118.6352
[2025-09-28 13:10:29,104][root][INFO] - Start epoch 107
[2025-09-28 13:17:05,321][root][INFO] - [107/150] train 90.335%/1.2955 | val 50.000%/129.2863
[2025-09-28 13:17:05,322][root][INFO] - Start epoch 108
[2025-09-28 13:23:42,808][root][INFO] - [108/150] train 90.045%/1.3096 | val 69.083%/4.9409
[2025-09-28 13:23:42,809][root][INFO] - Start epoch 109
[2025-09-28 13:30:21,341][root][INFO] - [109/150] train 90.411%/1.2924 | val 50.083%/23.0688
[2025-09-28 13:30:21,342][root][INFO] - Start epoch 110
[2025-09-28 13:36:58,135][root][INFO] - [110/150] train 90.597%/1.2812 | val 55.111%/9.4393
[2025-09-28 13:36:58,135][root][INFO] - Start epoch 111
[2025-09-28 13:43:35,770][root][INFO] - [111/150] train 90.378%/1.2874 | val 58.389%/8.2870
[2025-09-28 13:43:35,770][root][INFO] - Start epoch 112
[2025-09-28 13:50:12,219][root][INFO] - [112/150] train 90.597%/1.2725 | val 61.264%/5.8468
[2025-09-28 13:50:12,219][root][INFO] - Start epoch 113
[2025-09-28 13:56:50,208][root][INFO] - [113/150] train 90.592%/1.2691 | val 72.847%/2.9615
[2025-09-28 13:56:50,208][root][INFO] - Start epoch 114
[2025-09-28 14:03:26,850][root][INFO] - [114/150] train 90.747%/1.2661 | val 50.000%/145.0729
[2025-09-28 14:03:26,850][root][INFO] - Start epoch 115
[2025-09-28 14:10:03,210][root][INFO] - [115/150] train 90.321%/1.2785 | val 50.028%/42.6603
[2025-09-28 14:10:03,210][root][INFO] - Start epoch 116
[2025-09-28 14:16:40,286][root][INFO] - [116/150] train 90.483%/1.2757 | val 50.000%/82.4792
[2025-09-28 14:16:40,287][root][INFO] - Start epoch 117
[2025-09-28 14:23:18,186][root][INFO] - [117/150] train 90.675%/1.2607 | val 50.000%/48.3285
[2025-09-28 14:23:18,187][root][INFO] - Start epoch 118
[2025-09-28 14:29:56,088][root][INFO] - [118/150] train 90.979%/1.2515 | val 54.083%/8.2695
[2025-09-28 14:29:56,088][root][INFO] - Start epoch 119
[2025-09-28 14:36:32,774][root][INFO] - [119/150] train 90.493%/1.2727 | val 50.000%/83.9233
[2025-09-28 14:36:32,774][root][INFO] - Start epoch 120
[2025-09-28 14:43:09,951][root][INFO] - [120/150] train 90.342%/1.2854 | val 50.000%/60.0701
[2025-09-28 14:43:09,951][root][INFO] - Start epoch 121
[2025-09-28 14:49:46,694][root][INFO] - [121/150] train 90.675%/1.2750 | val 50.000%/131.2781
[2025-09-28 14:49:46,695][root][INFO] - Start epoch 122
[2025-09-28 14:56:24,943][root][INFO] - [122/150] train 90.780%/1.2491 | val 50.000%/50.1141
[2025-09-28 14:56:24,943][root][INFO] - Start epoch 123
[2025-09-28 15:03:01,946][root][INFO] - [123/150] train 90.729%/1.2592 | val 50.264%/27.0010
[2025-09-28 15:03:01,946][root][INFO] - Start epoch 124
[2025-09-28 15:09:40,929][root][INFO] - [124/150] train 90.738%/1.2483 | val 85.347%/1.6499
[2025-09-28 15:09:40,929][root][INFO] - Start epoch 125
[2025-09-28 15:16:18,469][root][INFO] - [125/150] train 91.038%/1.2356 | val 55.306%/8.4628
[2025-09-28 15:16:18,469][root][INFO] - Start epoch 126
[2025-09-28 15:22:56,323][root][INFO] - [126/150] train 90.873%/1.2526 | val 56.903%/9.5135
[2025-09-28 15:22:56,324][root][INFO] - Start epoch 127
[2025-09-28 15:29:34,157][root][INFO] - [127/150] train 90.679%/1.2555 | val 52.306%/14.0730
[2025-09-28 15:29:34,157][root][INFO] - Start epoch 128
[2025-09-28 15:36:10,362][root][INFO] - [128/150] train 90.998%/1.2380 | val 50.000%/120.9190
[2025-09-28 15:36:10,362][root][INFO] - Start epoch 129
[2025-09-28 15:42:48,255][root][INFO] - [129/150] train 90.972%/1.2400 | val 68.833%/4.1478
[2025-09-28 15:42:48,255][root][INFO] - Start epoch 130
[2025-09-28 15:49:25,752][root][INFO] - [130/150] train 91.146%/1.2265 | val 50.528%/19.5333
[2025-09-28 15:49:25,753][root][INFO] - Start epoch 131
[2025-09-28 15:56:02,728][root][INFO] - [131/150] train 91.085%/1.2320 | val 66.292%/5.1022
[2025-09-28 15:56:02,728][root][INFO] - Start epoch 132
[2025-09-28 16:02:40,218][root][INFO] - [132/150] train 91.163%/1.2264 | val 50.181%/28.0784
[2025-09-28 16:02:40,218][root][INFO] - Start epoch 133
[2025-09-28 16:09:18,220][root][INFO] - [133/150] train 90.766%/1.2412 | val 50.000%/126.4978
[2025-09-28 16:09:18,220][root][INFO] - Start epoch 134
[2025-09-28 16:15:56,008][root][INFO] - [134/150] train 91.009%/1.2231 | val 50.111%/23.4574
[2025-09-28 16:15:56,008][root][INFO] - Start epoch 135
[2025-09-28 16:22:33,914][root][INFO] - [135/150] train 91.078%/1.2394 | val 51.542%/16.1627
[2025-09-28 16:22:33,914][root][INFO] - Start epoch 136
[2025-09-28 16:29:10,238][root][INFO] - [136/150] train 91.434%/1.2027 | val 83.875%/1.7988
[2025-09-28 16:29:10,238][root][INFO] - Start epoch 137
[2025-09-28 16:35:47,693][root][INFO] - [137/150] train 90.908%/1.2256 | val 51.319%/10.6021
[2025-09-28 16:35:47,693][root][INFO] - Start epoch 138
[2025-09-28 16:42:24,684][root][INFO] - [138/150] train 91.125%/1.2248 | val 50.000%/401.9331
[2025-09-28 16:42:24,684][root][INFO] - Start epoch 139
[2025-09-28 16:49:02,026][root][INFO] - [139/150] train 91.276%/1.2122 | val 50.000%/77.7050
[2025-09-28 16:49:02,026][root][INFO] - Start epoch 140
[2025-09-28 16:55:39,664][root][INFO] - [140/150] train 91.356%/1.2071 | val 57.917%/8.2340
[2025-09-28 16:55:39,665][root][INFO] - Start epoch 141
[2025-09-28 17:02:16,318][root][INFO] - [141/150] train 91.253%/1.2017 | val 50.000%/30.7559
[2025-09-28 17:02:16,318][root][INFO] - Start epoch 142
[2025-09-28 17:08:54,306][root][INFO] - [142/150] train 91.196%/1.2113 | val 54.708%/11.8416
[2025-09-28 17:08:54,307][root][INFO] - Start epoch 143
[2025-09-28 17:15:31,787][root][INFO] - [143/150] train 91.160%/1.2255 | val 61.208%/6.6343
[2025-09-28 17:15:31,787][root][INFO] - Start epoch 144
[2025-09-28 17:22:09,086][root][INFO] - [144/150] train 91.384%/1.1974 | val 53.069%/15.7340
[2025-09-28 17:22:09,086][root][INFO] - Start epoch 145
[2025-09-28 17:28:46,659][root][INFO] - [145/150] train 91.405%/1.1996 | val 58.583%/8.2146
[2025-09-28 17:28:46,659][root][INFO] - Start epoch 146
[2025-09-28 17:35:23,556][root][INFO] - [146/150] train 91.064%/1.2191 | val 53.514%/10.7563
[2025-09-28 17:35:23,556][root][INFO] - Start epoch 147
[2025-09-28 17:42:00,362][root][INFO] - [147/150] train 91.250%/1.2180 | val 52.514%/15.0583
[2025-09-28 17:42:00,363][root][INFO] - Start epoch 148
[2025-09-28 17:48:36,924][root][INFO] - [148/150] train 91.516%/1.1830 | val 50.000%/128.9780
[2025-09-28 17:48:36,924][root][INFO] - Start epoch 149
[2025-09-28 17:55:13,542][root][INFO] - [149/150] train 91.375%/1.2035 | val 54.847%/9.7130
[2025-09-28 17:55:13,542][root][INFO] - Start epoch 150
[2025-09-28 18:01:50,053][root][INFO] - [150/150] train 91.578%/1.1844 | val 80.056%/2.2677
[2025-09-28 18:01:56,089][root][INFO] - 
[Test Evaluation]
[2025-09-28 18:01:56,089][root][INFO] -  Accuracy : 0.896
[2025-09-28 18:01:56,089][root][INFO] -  Precision: 0.938
[2025-09-28 18:01:56,089][root][INFO] -  Recall   : 0.847
[2025-09-28 18:01:56,089][root][INFO] -  F1       : 0.890
[2025-09-28 18:01:56,090][root][INFO] -  Auc      : 0.968
