[2025-08-17 08:35:55,211][root][INFO] - ORIGINAL CWD : /home/sota/research/sotaohnuma/coffee
[2025-08-17 08:35:55,211][root][INFO] - RUN CWD      : /home/sota/research/sotaohnuma/coffee/outputs/bean_224/resnet50/base/2025-08-17_08-35-55
[2025-08-17 08:35:55,211][root][INFO] - batch: 137, 
 {'batch_size': 137, '_target_': 'models.resnet50.resnet50', 'lr': 0.0007, 'weight_decay': 5.3e-05}
[2025-08-17 08:35:55,212][root][INFO] - lr: 0.0007, 
 {'_target_': 'models.resnet50.resnet50', 'lr': 0.0007, 'weight_decay': 5.3e-05}
[2025-08-17 08:35:55,212][root][INFO] - weight_decay: 5.3e-05, 
 {'_target_': 'models.resnet50.resnet50', 'weight_decay': 5.3e-05}
[2025-08-17 08:36:19,138][root][INFO] - Start loading train data
[2025-08-17 08:36:19,285][root][INFO] - Start loading val data
[2025-08-17 08:36:19,299][root][INFO] - Start loading test data
[2025-08-17 08:36:19,313][root][INFO] - Finished DataLoader setup
[2025-08-17 08:36:19,314][root][INFO] - Start: 0
[2025-08-17 08:42:01,957][root][INFO] - [01/100] train 95.415%/0.1094 | val 95.125%/0.1483
[2025-08-17 08:42:02,348][root][INFO] - Start: 1
[2025-08-17 08:47:48,811][root][INFO] - [02/100] train 99.188%/0.0221 | val 95.903%/0.1189
[2025-08-17 08:47:49,889][root][INFO] - Start: 2
[2025-08-17 08:53:35,069][root][INFO] - [03/100] train 99.510%/0.0129 | val 94.736%/0.1772
[2025-08-17 08:53:35,070][root][INFO] - Start: 3
[2025-08-17 08:59:19,028][root][INFO] - [04/100] train 99.667%/0.0093 | val 96.444%/0.1188
[2025-08-17 08:59:20,147][root][INFO] - Start: 4
[2025-08-17 09:05:06,123][root][INFO] - [05/100] train 99.705%/0.0090 | val 96.472%/0.1564
[2025-08-17 09:05:07,254][root][INFO] - Start: 5
[2025-08-17 09:10:52,730][root][INFO] - [06/100] train 99.771%/0.0073 | val 96.667%/0.1134
[2025-08-17 09:10:53,872][root][INFO] - Start: 6
[2025-08-17 09:16:37,439][root][INFO] - [07/100] train 99.767%/0.0068 | val 97.319%/0.1524
[2025-08-17 09:16:38,562][root][INFO] - Start: 7
[2025-08-17 09:22:21,862][root][INFO] - [08/100] train 99.752%/0.0070 | val 97.069%/0.1550
[2025-08-17 09:22:21,862][root][INFO] - Start: 8
[2025-08-17 09:28:05,652][root][INFO] - [09/100] train 99.823%/0.0051 | val 96.847%/0.1402
[2025-08-17 09:28:05,653][root][INFO] - Start: 9
[2025-08-17 09:33:48,768][root][INFO] - [10/100] train 99.858%/0.0044 | val 96.333%/0.1908
[2025-08-17 09:33:48,768][root][INFO] - Start: 10
[2025-08-17 09:39:33,115][root][INFO] - [11/100] train 99.767%/0.0067 | val 96.556%/0.1874
[2025-08-17 09:39:33,115][root][INFO] - Start: 11
[2025-08-17 09:45:16,812][root][INFO] - [12/100] train 99.825%/0.0052 | val 96.250%/0.2009
[2025-08-17 09:45:16,812][root][INFO] - Start: 12
[2025-08-17 09:51:03,022][root][INFO] - [13/100] train 99.856%/0.0041 | val 96.819%/0.1447
[2025-08-17 09:51:03,023][root][INFO] - Start: 13
[2025-08-17 09:56:48,962][root][INFO] - [14/100] train 99.891%/0.0037 | val 96.778%/0.1989
[2025-08-17 09:56:48,963][root][INFO] - Start: 14
[2025-08-17 10:02:32,216][root][INFO] - [15/100] train 99.852%/0.0042 | val 97.681%/0.1457
[2025-08-17 10:02:33,425][root][INFO] - Start: 15
[2025-08-17 10:08:17,618][root][INFO] - [16/100] train 99.863%/0.0041 | val 96.778%/0.1803
[2025-08-17 10:08:17,618][root][INFO] - Start: 16
[2025-08-17 10:14:02,209][root][INFO] - [17/100] train 99.856%/0.0041 | val 97.750%/0.1784
[2025-08-17 10:14:03,309][root][INFO] - Start: 17
[2025-08-17 10:19:47,773][root][INFO] - [18/100] train 99.927%/0.0025 | val 95.819%/0.1830
[2025-08-17 10:19:47,774][root][INFO] - Start: 18
[2025-08-17 10:25:32,310][root][INFO] - [19/100] train 99.910%/0.0028 | val 96.889%/0.1712
[2025-08-17 10:25:32,310][root][INFO] - Start: 19
[2025-08-17 10:31:15,317][root][INFO] - [20/100] train 99.958%/0.0019 | val 97.125%/0.1894
[2025-08-17 10:31:15,318][root][INFO] - Start: 20
[2025-08-17 10:36:58,997][root][INFO] - [21/100] train 99.884%/0.0037 | val 96.500%/0.1906
[2025-08-17 10:36:58,998][root][INFO] - Start: 21
[2025-08-17 10:42:41,027][root][INFO] - [22/100] train 99.851%/0.0048 | val 96.972%/0.1669
[2025-08-17 10:42:41,028][root][INFO] - Start: 22
[2025-08-17 10:48:25,801][root][INFO] - [23/100] train 99.901%/0.0033 | val 95.000%/0.2143
[2025-08-17 10:48:25,801][root][INFO] - Start: 23
[2025-08-17 10:54:08,994][root][INFO] - [24/100] train 99.958%/0.0013 | val 96.278%/0.1834
[2025-08-17 10:54:08,995][root][INFO] - Start: 24
[2025-08-17 10:59:53,051][root][INFO] - [25/100] train 99.863%/0.0045 | val 96.972%/0.1805
[2025-08-17 10:59:53,052][root][INFO] - Start: 25
[2025-08-17 11:05:39,791][root][INFO] - [26/100] train 99.950%/0.0018 | val 95.750%/0.2353
[2025-08-17 11:05:39,791][root][INFO] - Start: 26
[2025-08-17 11:11:21,872][root][INFO] - [27/100] train 99.856%/0.0050 | val 96.972%/0.1539
[2025-08-17 11:11:21,873][root][INFO] - Start: 27
[2025-08-17 11:17:01,157][root][INFO] - [28/100] train 99.884%/0.0035 | val 96.653%/0.1361
[2025-08-17 11:17:01,158][root][INFO] - Start: 28
[2025-08-17 11:22:40,197][root][INFO] - [29/100] train 99.946%/0.0015 | val 97.125%/0.1741
[2025-08-17 11:22:40,197][root][INFO] - Start: 29
[2025-08-17 11:28:19,363][root][INFO] - [30/100] train 100.000%/0.0001 | val 96.847%/0.2098
[2025-08-17 11:28:19,363][root][INFO] - Start: 30
[2025-08-17 11:33:58,493][root][INFO] - [31/100] train 99.962%/0.0013 | val 94.403%/0.3301
[2025-08-17 11:33:58,493][root][INFO] - Start: 31
[2025-08-17 11:39:37,258][root][INFO] - [32/100] train 99.819%/0.0058 | val 96.847%/0.1880
[2025-08-17 11:39:37,258][root][INFO] - Start: 32
[2025-08-17 11:45:16,229][root][INFO] - [33/100] train 99.884%/0.0040 | val 96.722%/0.1705
[2025-08-17 11:45:16,230][root][INFO] - Start: 33
[2025-08-17 11:50:55,045][root][INFO] - [34/100] train 99.950%/0.0014 | val 97.181%/0.1797
[2025-08-17 11:50:55,046][root][INFO] - Start: 34
[2025-08-17 11:56:34,110][root][INFO] - [35/100] train 99.925%/0.0024 | val 96.278%/0.1992
[2025-08-17 11:56:34,110][root][INFO] - Start: 35
[2025-08-17 12:02:13,127][root][INFO] - [36/100] train 99.984%/0.0004 | val 96.778%/0.2352
[2025-08-17 12:02:13,127][root][INFO] - Start: 36
[2025-08-17 12:07:52,316][root][INFO] - [37/100] train 99.891%/0.0037 | val 96.542%/0.1701
[2025-08-17 12:07:52,317][root][INFO] - Start: 37
[2025-08-17 12:13:31,581][root][INFO] - [38/100] train 99.950%/0.0016 | val 96.611%/0.1909
[2025-08-17 12:13:31,581][root][INFO] - Start: 38
[2025-08-17 12:19:10,499][root][INFO] - [39/100] train 99.910%/0.0036 | val 97.417%/0.1400
[2025-08-17 12:19:10,499][root][INFO] - Start: 39
[2025-08-17 12:24:49,566][root][INFO] - [40/100] train 100.000%/0.0001 | val 96.778%/0.1776
[2025-08-17 12:24:49,566][root][INFO] - Start: 40
[2025-08-17 12:30:28,835][root][INFO] - [41/100] train 99.998%/0.0000 | val 96.472%/0.2530
[2025-08-17 12:30:28,836][root][INFO] - Start: 41
[2025-08-17 12:36:08,139][root][INFO] - [42/100] train 99.861%/0.0044 | val 97.014%/0.2005
[2025-08-17 12:36:08,139][root][INFO] - Start: 42
[2025-08-17 12:41:47,357][root][INFO] - [43/100] train 99.939%/0.0017 | val 95.847%/0.2603
[2025-08-17 12:41:47,357][root][INFO] - Start: 43
[2025-08-17 12:47:26,755][root][INFO] - [44/100] train 99.905%/0.0030 | val 95.750%/0.2572
[2025-08-17 12:47:26,755][root][INFO] - Start: 44
[2025-08-17 12:53:06,227][root][INFO] - [45/100] train 99.899%/0.0033 | val 96.417%/0.2208
[2025-08-17 12:53:06,227][root][INFO] - Start: 45
[2025-08-17 12:58:45,643][root][INFO] - [46/100] train 100.000%/0.0001 | val 96.833%/0.2524
[2025-08-17 12:58:45,643][root][INFO] - Start: 46
[2025-08-17 13:04:24,698][root][INFO] - [47/100] train 100.000%/0.0000 | val 96.833%/0.2619
[2025-08-17 13:04:24,698][root][INFO] - Start: 47
[2025-08-17 13:10:03,952][root][INFO] - [48/100] train 100.000%/0.0000 | val 96.583%/0.2818
[2025-08-17 13:10:03,952][root][INFO] - Start: 48
[2025-08-17 13:15:43,070][root][INFO] - [49/100] train 100.000%/0.0000 | val 96.528%/0.2884
[2025-08-17 13:15:43,070][root][INFO] - Start: 49
[2025-08-17 13:21:21,921][root][INFO] - [50/100] train 100.000%/0.0000 | val 96.708%/0.2755
[2025-08-17 13:21:21,921][root][INFO] - Start: 50
[2025-08-17 13:27:01,031][root][INFO] - [51/100] train 100.000%/0.0000 | val 96.514%/0.2980
[2025-08-17 13:27:01,031][root][INFO] - Start: 51
[2025-08-17 13:32:39,970][root][INFO] - [52/100] train 100.000%/0.0000 | val 96.597%/0.3003
[2025-08-17 13:32:39,970][root][INFO] - Start: 52
[2025-08-17 13:38:18,924][root][INFO] - [53/100] train 100.000%/0.0000 | val 96.583%/0.3146
[2025-08-17 13:38:18,924][root][INFO] - Start: 53
[2025-08-17 13:43:57,953][root][INFO] - [54/100] train 100.000%/0.0000 | val 96.639%/0.3143
[2025-08-17 13:43:57,953][root][INFO] - Start: 54
[2025-08-17 13:49:36,962][root][INFO] - [55/100] train 100.000%/0.0000 | val 96.653%/0.3197
[2025-08-17 13:49:36,963][root][INFO] - Start: 55
[2025-08-17 13:55:15,953][root][INFO] - [56/100] train 100.000%/0.0000 | val 96.444%/0.3381
[2025-08-17 13:55:15,954][root][INFO] - Start: 56
[2025-08-17 14:00:54,530][root][INFO] - [57/100] train 100.000%/0.0000 | val 96.611%/0.3366
[2025-08-17 14:00:54,530][root][INFO] - Start: 57
[2025-08-17 14:06:33,309][root][INFO] - [58/100] train 99.733%/0.0085 | val 95.819%/0.1762
[2025-08-17 14:06:33,309][root][INFO] - Start: 58
[2025-08-17 14:12:12,763][root][INFO] - [59/100] train 99.885%/0.0039 | val 96.389%/0.2117
[2025-08-17 14:12:12,763][root][INFO] - Start: 59
[2025-08-17 14:17:52,064][root][INFO] - [60/100] train 99.957%/0.0015 | val 96.708%/0.1839
[2025-08-17 14:17:52,065][root][INFO] - Start: 60
[2025-08-17 14:23:31,300][root][INFO] - [61/100] train 99.938%/0.0017 | val 96.542%/0.2488
[2025-08-17 14:23:31,301][root][INFO] - Start: 61
[2025-08-17 14:29:10,452][root][INFO] - [62/100] train 99.977%/0.0007 | val 96.792%/0.2305
[2025-08-17 14:29:10,452][root][INFO] - Start: 62
[2025-08-17 14:34:49,392][root][INFO] - [63/100] train 99.936%/0.0023 | val 96.500%/0.2716
[2025-08-17 14:34:49,393][root][INFO] - Start: 63
[2025-08-17 14:40:28,427][root][INFO] - [64/100] train 99.990%/0.0004 | val 96.806%/0.2197
[2025-08-17 14:40:28,428][root][INFO] - Start: 64
[2025-08-17 14:46:07,351][root][INFO] - [65/100] train 99.901%/0.0032 | val 97.111%/0.1838
[2025-08-17 14:46:07,351][root][INFO] - Start: 65
[2025-08-17 14:51:46,409][root][INFO] - [66/100] train 100.000%/0.0001 | val 97.278%/0.1931
[2025-08-17 14:51:46,410][root][INFO] - Start: 66
[2025-08-17 14:57:25,647][root][INFO] - [67/100] train 99.944%/0.0018 | val 95.819%/0.1808
[2025-08-17 14:57:25,647][root][INFO] - Start: 67
[2025-08-17 15:03:05,124][root][INFO] - [68/100] train 99.922%/0.0026 | val 96.764%/0.1462
[2025-08-17 15:03:05,124][root][INFO] - Start: 68
[2025-08-17 15:08:44,464][root][INFO] - [69/100] train 99.925%/0.0023 | val 96.667%/0.1609
[2025-08-17 15:08:44,464][root][INFO] - Start: 69
[2025-08-17 15:14:23,912][root][INFO] - [70/100] train 99.948%/0.0017 | val 97.139%/0.1982
[2025-08-17 15:14:23,912][root][INFO] - Start: 70
[2025-08-17 15:20:03,684][root][INFO] - [71/100] train 100.000%/0.0000 | val 97.278%/0.2192
[2025-08-17 15:20:03,684][root][INFO] - Start: 71
[2025-08-17 15:25:43,096][root][INFO] - [72/100] train 100.000%/0.0000 | val 97.250%/0.2269
[2025-08-17 15:25:43,096][root][INFO] - Start: 72
[2025-08-17 15:31:22,294][root][INFO] - [73/100] train 100.000%/0.0000 | val 97.278%/0.2356
[2025-08-17 15:31:22,294][root][INFO] - Start: 73
[2025-08-17 15:37:01,900][root][INFO] - [74/100] train 100.000%/0.0000 | val 97.236%/0.2422
[2025-08-17 15:37:01,901][root][INFO] - Start: 74
[2025-08-17 15:42:41,261][root][INFO] - [75/100] train 99.842%/0.0044 | val 96.708%/0.2052
[2025-08-17 15:42:41,262][root][INFO] - Start: 75
[2025-08-17 15:48:20,631][root][INFO] - [76/100] train 99.941%/0.0019 | val 96.583%/0.2254
[2025-08-17 15:48:20,632][root][INFO] - Start: 76
[2025-08-17 15:54:00,200][root][INFO] - [77/100] train 99.991%/0.0002 | val 96.569%/0.3063
[2025-08-17 15:54:00,200][root][INFO] - Start: 77
[2025-08-17 15:59:39,614][root][INFO] - [78/100] train 99.939%/0.0021 | val 96.458%/0.3153
[2025-08-17 15:59:39,615][root][INFO] - Start: 78
[2025-08-17 16:05:18,986][root][INFO] - [79/100] train 99.997%/0.0001 | val 96.875%/0.2847
[2025-08-17 16:05:18,986][root][INFO] - Start: 79
[2025-08-17 16:10:58,294][root][INFO] - [80/100] train 99.938%/0.0022 | val 95.306%/0.3672
[2025-08-17 16:10:58,294][root][INFO] - Start: 80
[2025-08-17 16:16:37,693][root][INFO] - [81/100] train 99.918%/0.0025 | val 97.292%/0.2200
[2025-08-17 16:16:37,693][root][INFO] - Start: 81
[2025-08-17 16:22:17,286][root][INFO] - [82/100] train 99.997%/0.0002 | val 97.167%/0.2269
[2025-08-17 16:22:17,286][root][INFO] - Start: 82
[2025-08-17 16:27:57,070][root][INFO] - [83/100] train 99.998%/0.0000 | val 96.958%/0.2261
[2025-08-17 16:27:57,070][root][INFO] - Start: 83
[2025-08-17 16:33:36,565][root][INFO] - [84/100] train 100.000%/0.0000 | val 97.250%/0.2470
[2025-08-17 16:33:36,565][root][INFO] - Start: 84
[2025-08-17 16:39:15,944][root][INFO] - [85/100] train 100.000%/0.0000 | val 97.097%/0.2760
[2025-08-17 16:39:15,945][root][INFO] - Start: 85
[2025-08-17 16:44:55,339][root][INFO] - [86/100] train 100.000%/0.0000 | val 97.111%/0.2753
[2025-08-17 16:44:55,340][root][INFO] - Start: 86
[2025-08-17 16:50:34,732][root][INFO] - [87/100] train 100.000%/0.0000 | val 97.069%/0.2904
[2025-08-17 16:50:34,732][root][INFO] - Start: 87
[2025-08-17 16:56:14,075][root][INFO] - [88/100] train 100.000%/0.0000 | val 97.042%/0.2893
[2025-08-17 16:56:14,075][root][INFO] - Start: 88
[2025-08-17 17:01:53,817][root][INFO] - [89/100] train 100.000%/0.0000 | val 97.000%/0.2901
[2025-08-17 17:01:53,817][root][INFO] - Start: 89
[2025-08-17 17:07:33,328][root][INFO] - [90/100] train 100.000%/0.0000 | val 97.042%/0.2963
[2025-08-17 17:07:33,328][root][INFO] - Start: 90
[2025-08-17 17:13:12,875][root][INFO] - [91/100] train 100.000%/0.0000 | val 97.000%/0.3078
[2025-08-17 17:13:12,876][root][INFO] - Start: 91
[2025-08-17 17:18:52,234][root][INFO] - [92/100] train 100.000%/0.0000 | val 97.056%/0.3021
[2025-08-17 17:18:52,234][root][INFO] - Start: 92
[2025-08-17 17:24:31,785][root][INFO] - [93/100] train 100.000%/0.0000 | val 97.042%/0.3243
[2025-08-17 17:24:31,785][root][INFO] - Start: 93
[2025-08-17 17:30:11,207][root][INFO] - [94/100] train 100.000%/0.0000 | val 97.056%/0.3309
[2025-08-17 17:30:11,207][root][INFO] - Start: 94
[2025-08-17 17:35:50,587][root][INFO] - [95/100] train 100.000%/0.0000 | val 97.111%/0.3317
[2025-08-17 17:35:50,587][root][INFO] - Start: 95
[2025-08-17 17:41:29,881][root][INFO] - [96/100] train 99.806%/0.0065 | val 96.417%/0.2194
[2025-08-17 17:41:29,882][root][INFO] - Start: 96
[2025-08-17 17:47:09,293][root][INFO] - [97/100] train 99.991%/0.0003 | val 96.861%/0.2201
[2025-08-17 17:47:09,293][root][INFO] - Start: 97
[2025-08-17 17:52:48,581][root][INFO] - [98/100] train 100.000%/0.0000 | val 97.014%/0.2169
[2025-08-17 17:52:48,581][root][INFO] - Start: 98
[2025-08-17 17:58:28,334][root][INFO] - [99/100] train 100.000%/0.0000 | val 97.000%/0.2290
[2025-08-17 17:58:28,334][root][INFO] - Start: 99
[2025-08-17 18:04:07,963][root][INFO] - [100/100] train 100.000%/0.0000 | val 96.972%/0.2482
[2025-08-17 18:04:20,578][root][INFO] - 
[Test Evaluation]
[2025-08-17 18:04:20,578][root][INFO] -  Accuracy : 0.975
[2025-08-17 18:04:20,579][root][INFO] -  Precision: 0.978
[2025-08-17 18:04:20,579][root][INFO] -  Recall   : 0.973
[2025-08-17 18:04:20,579][root][INFO] -  F1       : 0.975
[2025-08-17 18:04:20,579][root][INFO] -  Auc      : 0.997
