[2025-09-22 04:52:11,083][root][INFO] - ORIGINAL CWD : /home/sota/research/sotaohnuma/coffee
[2025-09-22 04:52:11,084][root][INFO] - RUN CWD      : /home/sota/research/sotaohnuma/coffee/outputs/bean_224/mobilenetv2_050_np/base/2025-09-22_04-52-10
[2025-09-22 04:52:11,084][root][INFO] - batch: 256, 
 {'batch_size': 256, '_target_': 'models.mobilenetv2_050_np.mobilenetv2_050_np', 'lr': 0.001, 'weight_decay': 0.00012}
[2025-09-22 04:52:11,084][root][INFO] - lr: 0.001, 
 {'_target_': 'models.mobilenetv2_050_np.mobilenetv2_050_np', 'lr': 0.001, 'weight_decay': 0.00012}
[2025-09-22 04:52:11,084][root][INFO] - weight_decay: 0.00012, 
 {'_target_': 'models.mobilenetv2_050_np.mobilenetv2_050_np', 'weight_decay': 0.00012}
[2025-09-22 04:52:11,738][root][INFO] - Start loading train data
[2025-09-22 04:52:11,847][root][INFO] - Start loading val data
[2025-09-22 04:52:11,860][root][INFO] - Start loading test data
[2025-09-22 04:52:12,051][root][INFO] - Finished DataLoader setup
[2025-09-22 04:52:12,052][root][INFO] - Start: 0
[2025-09-22 04:53:51,080][root][INFO] - [01/100] train 54.134%/0.8297 | val 54.431%/0.7886
[2025-09-22 04:53:51,114][root][INFO] - Start: 1
[2025-09-22 04:55:29,837][root][INFO] - [02/100] train 58.128%/0.7168 | val 51.111%/0.9585
[2025-09-22 04:55:29,837][root][INFO] - Start: 2
[2025-09-22 04:57:09,101][root][INFO] - [03/100] train 59.227%/0.7074 | val 51.750%/0.9830
[2025-09-22 04:57:09,101][root][INFO] - Start: 3
[2025-09-22 04:58:48,302][root][INFO] - [04/100] train 61.102%/0.6859 | val 50.389%/1.2029
[2025-09-22 04:58:48,302][root][INFO] - Start: 4
[2025-09-22 05:00:27,614][root][INFO] - [05/100] train 64.464%/0.6393 | val 62.792%/0.6403
[2025-09-22 05:00:27,650][root][INFO] - Start: 5
[2025-09-22 05:02:06,481][root][INFO] - [06/100] train 66.306%/0.6159 | val 57.069%/0.7101
[2025-09-22 05:02:06,481][root][INFO] - Start: 6
[2025-09-22 05:03:45,611][root][INFO] - [07/100] train 70.066%/0.5700 | val 64.875%/0.6559
[2025-09-22 05:03:45,654][root][INFO] - Start: 7
[2025-09-22 05:05:24,802][root][INFO] - [08/100] train 75.665%/0.5030 | val 76.333%/0.5274
[2025-09-22 05:05:24,839][root][INFO] - Start: 8
[2025-09-22 05:07:04,119][root][INFO] - [09/100] train 80.073%/0.4341 | val 76.278%/0.5752
[2025-09-22 05:07:04,119][root][INFO] - Start: 9
[2025-09-22 05:08:43,210][root][INFO] - [10/100] train 83.311%/0.3776 | val 83.375%/0.3742
[2025-09-22 05:08:43,249][root][INFO] - Start: 10
[2025-09-22 05:10:22,239][root][INFO] - [11/100] train 86.212%/0.3193 | val 72.458%/0.7455
[2025-09-22 05:10:22,239][root][INFO] - Start: 11
[2025-09-22 05:12:01,318][root][INFO] - [12/100] train 88.189%/0.2799 | val 70.903%/1.0789
[2025-09-22 05:12:01,318][root][INFO] - Start: 12
[2025-09-22 05:13:40,539][root][INFO] - [13/100] train 90.019%/0.2403 | val 80.722%/0.5362
[2025-09-22 05:13:40,539][root][INFO] - Start: 13
[2025-09-22 05:15:20,161][root][INFO] - [14/100] train 91.250%/0.2125 | val 85.889%/0.3449
[2025-09-22 05:15:20,196][root][INFO] - Start: 14
[2025-09-22 05:17:00,041][root][INFO] - [15/100] train 92.497%/0.1865 | val 76.264%/0.8193
[2025-09-22 05:17:00,041][root][INFO] - Start: 15
[2025-09-22 05:18:40,062][root][INFO] - [16/100] train 93.332%/0.1676 | val 63.958%/1.9644
[2025-09-22 05:18:40,062][root][INFO] - Start: 16
[2025-09-22 05:20:20,039][root][INFO] - [17/100] train 94.175%/0.1477 | val 55.792%/2.6952
[2025-09-22 05:20:20,039][root][INFO] - Start: 17
[2025-09-22 05:21:59,800][root][INFO] - [18/100] train 94.568%/0.1378 | val 85.750%/0.3314
[2025-09-22 05:21:59,800][root][INFO] - Start: 18
[2025-09-22 05:23:39,803][root][INFO] - [19/100] train 94.938%/0.1286 | val 69.069%/1.3060
[2025-09-22 05:23:39,803][root][INFO] - Start: 19
[2025-09-22 05:25:19,701][root][INFO] - [20/100] train 95.887%/0.1051 | val 73.903%/1.2468
[2025-09-22 05:25:19,701][root][INFO] - Start: 20
[2025-09-22 05:26:59,451][root][INFO] - [21/100] train 95.925%/0.1054 | val 82.625%/0.6237
[2025-09-22 05:26:59,451][root][INFO] - Start: 21
[2025-09-22 05:28:39,611][root][INFO] - [22/100] train 96.280%/0.0962 | val 89.736%/0.2898
[2025-09-22 05:28:39,648][root][INFO] - Start: 22
[2025-09-22 05:30:19,076][root][INFO] - [23/100] train 96.533%/0.0899 | val 81.083%/0.6066
[2025-09-22 05:30:19,076][root][INFO] - Start: 23
[2025-09-22 05:31:59,755][root][INFO] - [24/100] train 96.960%/0.0796 | val 82.806%/0.6929
[2025-09-22 05:31:59,756][root][INFO] - Start: 24
[2025-09-22 05:33:39,991][root][INFO] - [25/100] train 96.922%/0.0782 | val 55.514%/3.9163
[2025-09-22 05:33:39,992][root][INFO] - Start: 25
[2025-09-22 05:35:20,061][root][INFO] - [26/100] train 97.380%/0.0701 | val 81.847%/0.6881
[2025-09-22 05:35:20,061][root][INFO] - Start: 26
[2025-09-22 05:36:59,877][root][INFO] - [27/100] train 97.398%/0.0667 | val 90.194%/0.3281
[2025-09-22 05:36:59,932][root][INFO] - Start: 27
[2025-09-22 05:38:40,362][root][INFO] - [28/100] train 97.637%/0.0610 | val 89.333%/0.3752
[2025-09-22 05:38:40,362][root][INFO] - Start: 28
[2025-09-22 05:40:20,620][root][INFO] - [29/100] train 97.878%/0.0556 | val 86.750%/0.4542
[2025-09-22 05:40:20,620][root][INFO] - Start: 29
[2025-09-22 05:42:00,093][root][INFO] - [30/100] train 97.979%/0.0544 | val 73.181%/0.9732
[2025-09-22 05:42:00,093][root][INFO] - Start: 30
[2025-09-22 05:43:40,273][root][INFO] - [31/100] train 98.068%/0.0503 | val 76.333%/1.3308
[2025-09-22 05:43:40,273][root][INFO] - Start: 31
[2025-09-22 05:45:20,895][root][INFO] - [32/100] train 98.200%/0.0477 | val 70.389%/2.3838
[2025-09-22 05:45:20,896][root][INFO] - Start: 32
[2025-09-22 05:47:00,754][root][INFO] - [33/100] train 98.335%/0.0439 | val 90.139%/0.4091
[2025-09-22 05:47:00,755][root][INFO] - Start: 33
[2025-09-22 05:48:41,157][root][INFO] - [34/100] train 98.556%/0.0377 | val 87.847%/0.4284
[2025-09-22 05:48:41,157][root][INFO] - Start: 34
[2025-09-22 05:50:21,340][root][INFO] - [35/100] train 98.675%/0.0362 | val 66.931%/2.5569
[2025-09-22 05:50:21,340][root][INFO] - Start: 35
[2025-09-22 05:52:01,573][root][INFO] - [36/100] train 98.668%/0.0352 | val 84.514%/0.7181
[2025-09-22 05:52:01,573][root][INFO] - Start: 36
[2025-09-22 05:53:42,044][root][INFO] - [37/100] train 98.608%/0.0363 | val 71.014%/2.0940
[2025-09-22 05:53:42,044][root][INFO] - Start: 37
[2025-09-22 05:55:22,649][root][INFO] - [38/100] train 98.630%/0.0370 | val 68.417%/2.6799
[2025-09-22 05:55:22,650][root][INFO] - Start: 38
[2025-09-22 05:57:02,626][root][INFO] - [39/100] train 98.724%/0.0338 | val 74.236%/1.7674
[2025-09-22 05:57:02,626][root][INFO] - Start: 39
[2025-09-22 05:58:42,388][root][INFO] - [40/100] train 98.745%/0.0348 | val 76.792%/1.4326
[2025-09-22 05:58:42,388][root][INFO] - Start: 40
[2025-09-22 06:00:22,000][root][INFO] - [41/100] train 98.962%/0.0284 | val 88.208%/0.4537
[2025-09-22 06:00:22,000][root][INFO] - Start: 41
[2025-09-22 06:02:01,811][root][INFO] - [42/100] train 99.106%/0.0235 | val 70.847%/2.3337
[2025-09-22 06:02:01,811][root][INFO] - Start: 42
[2025-09-22 06:03:41,594][root][INFO] - [43/100] train 99.009%/0.0265 | val 75.389%/1.6653
[2025-09-22 06:03:41,595][root][INFO] - Start: 43
[2025-09-22 06:05:21,695][root][INFO] - [44/100] train 99.010%/0.0268 | val 50.000%/20.8125
[2025-09-22 06:05:21,696][root][INFO] - Start: 44
[2025-09-22 06:07:01,593][root][INFO] - [45/100] train 99.276%/0.0195 | val 90.486%/0.4666
[2025-09-22 06:07:01,633][root][INFO] - Start: 45
[2025-09-22 06:08:41,601][root][INFO] - [46/100] train 99.377%/0.0180 | val 55.806%/5.3257
[2025-09-22 06:08:41,602][root][INFO] - Start: 46
[2025-09-22 06:10:23,238][root][INFO] - [47/100] train 99.290%/0.0201 | val 63.306%/3.5767
[2025-09-22 06:10:23,238][root][INFO] - Start: 47
[2025-09-22 06:12:03,658][root][INFO] - [48/100] train 99.349%/0.0177 | val 91.278%/0.4187
[2025-09-22 06:12:03,693][root][INFO] - Start: 48
[2025-09-22 06:13:43,026][root][INFO] - [49/100] train 99.212%/0.0225 | val 86.306%/0.6286
[2025-09-22 06:13:43,026][root][INFO] - Start: 49
[2025-09-22 06:15:23,147][root][INFO] - [50/100] train 99.285%/0.0196 | val 90.250%/0.4475
[2025-09-22 06:15:23,147][root][INFO] - Start: 50
[2025-09-22 06:17:03,268][root][INFO] - [51/100] train 99.502%/0.0144 | val 61.667%/3.9924
[2025-09-22 06:17:03,269][root][INFO] - Start: 51
[2025-09-22 06:18:43,271][root][INFO] - [52/100] train 99.580%/0.0111 | val 67.083%/3.4828
[2025-09-22 06:18:43,271][root][INFO] - Start: 52
[2025-09-22 06:20:22,955][root][INFO] - [53/100] train 99.595%/0.0115 | val 85.528%/0.8638
[2025-09-22 06:20:22,955][root][INFO] - Start: 53
[2025-09-22 06:22:02,354][root][INFO] - [54/100] train 99.510%/0.0127 | val 65.472%/4.0427
[2025-09-22 06:22:02,354][root][INFO] - Start: 54
[2025-09-22 06:23:42,785][root][INFO] - [55/100] train 99.651%/0.0093 | val 92.444%/0.5005
[2025-09-22 06:23:42,837][root][INFO] - Start: 55
[2025-09-22 06:25:22,089][root][INFO] - [56/100] train 99.648%/0.0097 | val 58.569%/6.1715
[2025-09-22 06:25:22,089][root][INFO] - Start: 56
[2025-09-22 06:27:02,836][root][INFO] - [57/100] train 99.670%/0.0092 | val 65.625%/4.2262
[2025-09-22 06:27:02,836][root][INFO] - Start: 57
[2025-09-22 06:28:42,679][root][INFO] - [58/100] train 99.708%/0.0085 | val 68.236%/3.7046
[2025-09-22 06:28:42,680][root][INFO] - Start: 58
[2025-09-22 06:30:22,657][root][INFO] - [59/100] train 99.807%/0.0056 | val 91.431%/0.4862
[2025-09-22 06:30:22,657][root][INFO] - Start: 59
[2025-09-22 06:32:03,692][root][INFO] - [60/100] train 99.750%/0.0075 | val 81.708%/1.6641
[2025-09-22 06:32:03,693][root][INFO] - Start: 60
[2025-09-22 06:33:43,450][root][INFO] - [61/100] train 99.681%/0.0091 | val 91.389%/0.4848
[2025-09-22 06:33:43,450][root][INFO] - Start: 61
[2025-09-22 06:35:25,178][root][INFO] - [62/100] train 99.875%/0.0041 | val 73.347%/2.9361
[2025-09-22 06:35:25,178][root][INFO] - Start: 62
[2025-09-22 06:37:05,988][root][INFO] - [63/100] train 99.818%/0.0058 | val 73.319%/2.8355
[2025-09-22 06:37:05,989][root][INFO] - Start: 63
[2025-09-22 06:38:46,161][root][INFO] - [64/100] train 99.821%/0.0048 | val 80.556%/1.9269
[2025-09-22 06:38:46,161][root][INFO] - Start: 64
[2025-09-22 06:40:26,531][root][INFO] - [65/100] train 99.918%/0.0023 | val 92.944%/0.4932
[2025-09-22 06:40:26,580][root][INFO] - Start: 65
[2025-09-22 06:42:06,999][root][INFO] - [66/100] train 99.898%/0.0034 | val 92.792%/0.5126
[2025-09-22 06:42:06,999][root][INFO] - Start: 66
[2025-09-22 06:43:47,215][root][INFO] - [67/100] train 99.889%/0.0033 | val 78.625%/2.2368
[2025-09-22 06:43:47,215][root][INFO] - Start: 67
[2025-09-22 06:45:27,448][root][INFO] - [68/100] train 99.936%/0.0019 | val 92.653%/0.4845
[2025-09-22 06:45:27,448][root][INFO] - Start: 68
[2025-09-22 06:47:07,738][root][INFO] - [69/100] train 99.910%/0.0024 | val 91.861%/0.6151
[2025-09-22 06:47:07,739][root][INFO] - Start: 69
[2025-09-22 06:48:47,880][root][INFO] - [70/100] train 99.934%/0.0020 | val 91.667%/0.7134
[2025-09-22 06:48:47,880][root][INFO] - Start: 70
[2025-09-22 06:50:28,749][root][INFO] - [71/100] train 99.927%/0.0019 | val 90.944%/0.7759
[2025-09-22 06:50:28,749][root][INFO] - Start: 71
[2025-09-22 06:52:09,645][root][INFO] - [72/100] train 99.925%/0.0017 | val 73.792%/3.3338
[2025-09-22 06:52:09,645][root][INFO] - Start: 72
[2025-09-22 06:53:50,197][root][INFO] - [73/100] train 99.932%/0.0020 | val 92.472%/0.5792
[2025-09-22 06:53:50,198][root][INFO] - Start: 73
[2025-09-22 06:55:30,450][root][INFO] - [74/100] train 99.943%/0.0020 | val 71.792%/3.8043
[2025-09-22 06:55:30,450][root][INFO] - Start: 74
[2025-09-22 06:57:11,305][root][INFO] - [75/100] train 99.995%/0.0003 | val 92.875%/0.6043
[2025-09-22 06:57:11,305][root][INFO] - Start: 75
[2025-09-22 06:58:51,473][root][INFO] - [76/100] train 99.983%/0.0007 | val 89.667%/0.9426
[2025-09-22 06:58:51,473][root][INFO] - Start: 76
[2025-09-22 07:00:32,121][root][INFO] - [77/100] train 99.967%/0.0008 | val 92.903%/0.5985
[2025-09-22 07:00:32,121][root][INFO] - Start: 77
[2025-09-22 07:02:12,320][root][INFO] - [78/100] train 99.969%/0.0008 | val 93.014%/0.5804
[2025-09-22 07:02:12,360][root][INFO] - Start: 78
[2025-09-22 07:03:52,571][root][INFO] - [79/100] train 99.988%/0.0005 | val 93.250%/0.5985
[2025-09-22 07:03:52,609][root][INFO] - Start: 79
[2025-09-22 07:05:32,786][root][INFO] - [80/100] train 99.993%/0.0003 | val 93.111%/0.6280
[2025-09-22 07:05:32,786][root][INFO] - Start: 80
[2025-09-22 07:07:13,534][root][INFO] - [81/100] train 99.997%/0.0001 | val 93.069%/0.6173
[2025-09-22 07:07:13,535][root][INFO] - Start: 81
[2025-09-22 07:08:53,900][root][INFO] - [82/100] train 99.997%/0.0002 | val 92.847%/0.6401
[2025-09-22 07:08:53,900][root][INFO] - Start: 82
[2025-09-22 07:10:34,747][root][INFO] - [83/100] train 99.995%/0.0002 | val 86.875%/1.5700
[2025-09-22 07:10:34,748][root][INFO] - Start: 83
[2025-09-22 07:12:14,701][root][INFO] - [84/100] train 99.997%/0.0001 | val 92.875%/0.6187
[2025-09-22 07:12:14,702][root][INFO] - Start: 84
[2025-09-22 07:13:55,016][root][INFO] - [85/100] train 100.000%/0.0000 | val 93.139%/0.5953
[2025-09-22 07:13:55,016][root][INFO] - Start: 85
[2025-09-22 07:15:34,597][root][INFO] - [86/100] train 100.000%/0.0000 | val 93.014%/0.6059
[2025-09-22 07:15:34,597][root][INFO] - Start: 86
[2025-09-22 07:17:14,850][root][INFO] - [87/100] train 100.000%/0.0000 | val 93.028%/0.6181
[2025-09-22 07:17:14,850][root][INFO] - Start: 87
[2025-09-22 07:18:55,097][root][INFO] - [88/100] train 100.000%/0.0000 | val 93.000%/0.6231
[2025-09-22 07:18:55,097][root][INFO] - Start: 88
[2025-09-22 07:20:35,731][root][INFO] - [89/100] train 100.000%/0.0000 | val 92.958%/0.6204
[2025-09-22 07:20:35,731][root][INFO] - Start: 89
[2025-09-22 07:22:16,575][root][INFO] - [90/100] train 100.000%/0.0000 | val 93.028%/0.6233
[2025-09-22 07:22:16,575][root][INFO] - Start: 90
[2025-09-22 07:23:55,897][root][INFO] - [91/100] train 100.000%/0.0000 | val 92.861%/0.6406
[2025-09-22 07:23:55,898][root][INFO] - Start: 91
[2025-09-22 07:25:35,525][root][INFO] - [92/100] train 100.000%/0.0000 | val 93.097%/0.6170
[2025-09-22 07:25:35,526][root][INFO] - Start: 92
[2025-09-22 07:27:15,172][root][INFO] - [93/100] train 99.998%/0.0000 | val 93.208%/0.6273
[2025-09-22 07:27:15,172][root][INFO] - Start: 93
[2025-09-22 07:28:54,369][root][INFO] - [94/100] train 99.998%/0.0001 | val 92.958%/0.6355
[2025-09-22 07:28:54,369][root][INFO] - Start: 94
[2025-09-22 07:30:34,214][root][INFO] - [95/100] train 100.000%/0.0000 | val 92.903%/0.6303
[2025-09-22 07:30:34,215][root][INFO] - Start: 95
[2025-09-22 07:32:13,933][root][INFO] - [96/100] train 100.000%/0.0000 | val 92.889%/0.6321
[2025-09-22 07:32:13,933][root][INFO] - Start: 96
[2025-09-22 07:33:53,816][root][INFO] - [97/100] train 100.000%/0.0000 | val 93.056%/0.6289
[2025-09-22 07:33:53,816][root][INFO] - Start: 97
[2025-09-22 07:35:33,419][root][INFO] - [98/100] train 100.000%/0.0000 | val 92.847%/0.6359
[2025-09-22 07:35:33,419][root][INFO] - Start: 98
[2025-09-22 07:37:12,883][root][INFO] - [99/100] train 100.000%/0.0000 | val 92.875%/0.6345
[2025-09-22 07:37:12,883][root][INFO] - Start: 99
[2025-09-22 07:38:52,178][root][INFO] - [100/100] train 100.000%/0.0000 | val 92.903%/0.6329
[2025-09-22 07:38:58,550][root][INFO] - 
[Test Evaluation]
[2025-09-22 07:38:58,550][root][INFO] -  Accuracy : 0.920
[2025-09-22 07:38:58,550][root][INFO] -  Precision: 0.913
[2025-09-22 07:38:58,551][root][INFO] -  Recall   : 0.927
[2025-09-22 07:38:58,551][root][INFO] -  F1       : 0.920
[2025-09-22 07:38:58,551][root][INFO] -  Auc      : 0.974
