[2025-08-17 08:33:45,070][root][INFO] - ORIGINAL CWD : /home/sota/research/sotaohnuma/coffee
[2025-08-17 08:33:45,070][root][INFO] - RUN CWD      : /home/sota/research/sotaohnuma/coffee/outputs/bean_224/cnn224/base/2025-08-17_08-33-44
[2025-08-17 08:33:45,070][root][INFO] - batch: 800, 
 {'_target_': 'models.cnn_224.CNN224', 'batch_size': 800, 'lr': 0.00066, 'weight_decay': 0.00093}
[2025-08-17 08:33:45,070][root][INFO] - lr: 0.00066, 
 {'_target_': 'models.cnn_224.CNN224', 'lr': 0.00066, 'weight_decay': 0.00093}
[2025-08-17 08:33:45,070][root][INFO] - weight_decay: 0.00093, 
 {'_target_': 'models.cnn_224.CNN224', 'weight_decay': 0.00093}
[2025-08-17 08:33:45,689][root][INFO] - Start loading train data
[2025-08-17 08:33:45,829][root][INFO] - Start loading val data
[2025-08-17 08:33:45,842][root][INFO] - Start loading test data
[2025-08-17 08:33:45,855][root][INFO] - Finished DataLoader setup
[2025-08-17 08:33:45,855][root][INFO] - Start: 0
[2025-08-17 08:37:19,919][root][INFO] - [01/100] train 61.613%/0.6715 | val 72.194%/0.5478
[2025-08-17 08:37:20,038][root][INFO] - Start: 1
[2025-08-17 08:38:49,705][root][INFO] - [02/100] train 71.925%/0.5434 | val 75.556%/0.4969
[2025-08-17 08:38:50,343][root][INFO] - Start: 2
[2025-08-17 08:40:20,305][root][INFO] - [03/100] train 76.934%/0.4717 | val 83.431%/0.3825
[2025-08-17 08:40:20,867][root][INFO] - Start: 3
[2025-08-17 08:41:58,524][root][INFO] - [04/100] train 81.743%/0.3935 | val 79.153%/0.4280
[2025-08-17 08:41:58,524][root][INFO] - Start: 4
[2025-08-17 08:43:37,425][root][INFO] - [05/100] train 85.290%/0.3286 | val 88.458%/0.3025
[2025-08-17 08:43:37,951][root][INFO] - Start: 5
[2025-08-17 08:45:07,742][root][INFO] - [06/100] train 87.852%/0.2788 | val 88.819%/0.2889
[2025-08-17 08:45:08,352][root][INFO] - Start: 6
[2025-08-17 08:46:41,412][root][INFO] - [07/100] train 90.014%/0.2359 | val 89.472%/0.2789
[2025-08-17 08:46:41,966][root][INFO] - Start: 7
[2025-08-17 08:48:16,061][root][INFO] - [08/100] train 90.766%/0.2230 | val 91.403%/0.2389
[2025-08-17 08:48:16,600][root][INFO] - Start: 8
[2025-08-17 08:49:49,003][root][INFO] - [09/100] train 92.589%/0.1835 | val 91.806%/0.2331
[2025-08-17 08:49:49,604][root][INFO] - Start: 9
[2025-08-17 08:51:20,781][root][INFO] - [10/100] train 94.012%/0.1550 | val 91.972%/0.2309
[2025-08-17 08:51:21,362][root][INFO] - Start: 10
[2025-08-17 08:52:54,602][root][INFO] - [11/100] train 94.493%/0.1415 | val 91.528%/0.2407
[2025-08-17 08:52:54,602][root][INFO] - Start: 11
[2025-08-17 08:54:32,695][root][INFO] - [12/100] train 94.552%/0.1391 | val 91.681%/0.2355
[2025-08-17 08:54:32,695][root][INFO] - Start: 12
[2025-08-17 08:56:05,492][root][INFO] - [13/100] train 95.842%/0.1106 | val 91.833%/0.2574
[2025-08-17 08:56:05,492][root][INFO] - Start: 13
[2025-08-17 08:57:44,706][root][INFO] - [14/100] train 96.618%/0.0943 | val 92.694%/0.2370
[2025-08-17 08:57:45,297][root][INFO] - Start: 14
[2025-08-17 08:59:19,169][root][INFO] - [15/100] train 96.724%/0.0894 | val 92.167%/0.2673
[2025-08-17 08:59:19,170][root][INFO] - Start: 15
[2025-08-17 09:00:50,342][root][INFO] - [16/100] train 97.366%/0.0744 | val 91.569%/0.2834
[2025-08-17 09:00:50,343][root][INFO] - Start: 16
[2025-08-17 09:02:23,241][root][INFO] - [17/100] train 96.651%/0.0888 | val 92.736%/0.2656
[2025-08-17 09:02:23,832][root][INFO] - Start: 17
[2025-08-17 09:03:58,708][root][INFO] - [18/100] train 98.148%/0.0545 | val 92.639%/0.2814
[2025-08-17 09:03:58,708][root][INFO] - Start: 18
[2025-08-17 09:05:30,031][root][INFO] - [19/100] train 98.722%/0.0420 | val 92.861%/0.2917
[2025-08-17 09:05:30,632][root][INFO] - Start: 19
[2025-08-17 09:07:09,500][root][INFO] - [20/100] train 98.918%/0.0367 | val 92.458%/0.3321
[2025-08-17 09:07:09,500][root][INFO] - Start: 20
[2025-08-17 09:08:45,164][root][INFO] - [21/100] train 98.903%/0.0345 | val 92.278%/0.3133
[2025-08-17 09:08:45,165][root][INFO] - Start: 21
[2025-08-17 09:10:19,120][root][INFO] - [22/100] train 99.165%/0.0292 | val 92.569%/0.3383
[2025-08-17 09:10:19,120][root][INFO] - Start: 22
[2025-08-17 09:12:03,769][root][INFO] - [23/100] train 99.403%/0.0231 | val 92.653%/0.3504
[2025-08-17 09:12:03,769][root][INFO] - Start: 23
[2025-08-17 09:13:35,529][root][INFO] - [24/100] train 98.970%/0.0309 | val 92.278%/0.3897
[2025-08-17 09:13:35,529][root][INFO] - Start: 24
[2025-08-17 09:15:08,033][root][INFO] - [25/100] train 99.536%/0.0194 | val 92.833%/0.3734
[2025-08-17 09:15:08,033][root][INFO] - Start: 25
[2025-08-17 09:16:43,318][root][INFO] - [26/100] train 99.835%/0.0112 | val 92.667%/0.4016
[2025-08-17 09:16:43,318][root][INFO] - Start: 26
[2025-08-17 09:18:15,201][root][INFO] - [27/100] train 99.932%/0.0079 | val 92.639%/0.4063
[2025-08-17 09:18:15,201][root][INFO] - Start: 27
[2025-08-17 09:19:51,353][root][INFO] - [28/100] train 99.964%/0.0062 | val 92.833%/0.4191
[2025-08-17 09:19:51,353][root][INFO] - Start: 28
[2025-08-17 09:21:22,761][root][INFO] - [29/100] train 99.984%/0.0051 | val 92.639%/0.4321
[2025-08-17 09:21:22,762][root][INFO] - Start: 29
[2025-08-17 09:23:02,920][root][INFO] - [30/100] train 99.998%/0.0038 | val 92.806%/0.4443
[2025-08-17 09:23:02,921][root][INFO] - Start: 30
[2025-08-17 09:24:38,326][root][INFO] - [31/100] train 99.998%/0.0031 | val 92.764%/0.4619
[2025-08-17 09:24:38,326][root][INFO] - Start: 31
[2025-08-17 09:26:09,169][root][INFO] - [32/100] train 100.000%/0.0024 | val 92.875%/0.4830
[2025-08-17 09:26:09,758][root][INFO] - Start: 32
[2025-08-17 09:27:46,627][root][INFO] - [33/100] train 100.000%/0.0019 | val 92.833%/0.4807
[2025-08-17 09:27:46,627][root][INFO] - Start: 33
[2025-08-17 09:29:20,799][root][INFO] - [34/100] train 100.000%/0.0018 | val 92.944%/0.4875
[2025-08-17 09:29:21,393][root][INFO] - Start: 34
[2025-08-17 09:30:49,444][root][INFO] - [35/100] train 100.000%/0.0014 | val 92.806%/0.5008
[2025-08-17 09:30:49,444][root][INFO] - Start: 35
[2025-08-17 09:32:31,306][root][INFO] - [36/100] train 100.000%/0.0012 | val 92.847%/0.5108
[2025-08-17 09:32:31,307][root][INFO] - Start: 36
[2025-08-17 09:34:06,322][root][INFO] - [37/100] train 100.000%/0.0011 | val 92.806%/0.5276
[2025-08-17 09:34:06,323][root][INFO] - Start: 37
[2025-08-17 09:35:36,232][root][INFO] - [38/100] train 100.000%/0.0010 | val 92.875%/0.5211
[2025-08-17 09:35:36,232][root][INFO] - Start: 38
[2025-08-17 09:37:13,235][root][INFO] - [39/100] train 100.000%/0.0009 | val 92.722%/0.5452
[2025-08-17 09:37:13,235][root][INFO] - Start: 39
[2025-08-17 09:38:48,427][root][INFO] - [40/100] train 100.000%/0.0008 | val 92.986%/0.5386
[2025-08-17 09:38:49,019][root][INFO] - Start: 40
[2025-08-17 09:40:25,624][root][INFO] - [41/100] train 100.000%/0.0007 | val 92.736%/0.5546
[2025-08-17 09:40:25,624][root][INFO] - Start: 41
[2025-08-17 09:42:07,924][root][INFO] - [42/100] train 100.000%/0.0006 | val 92.889%/0.5649
[2025-08-17 09:42:07,925][root][INFO] - Start: 42
[2025-08-17 09:43:34,520][root][INFO] - [43/100] train 100.000%/0.0006 | val 92.972%/0.5665
[2025-08-17 09:43:34,521][root][INFO] - Start: 43
[2025-08-17 09:45:12,407][root][INFO] - [44/100] train 100.000%/0.0005 | val 92.847%/0.5749
[2025-08-17 09:45:12,407][root][INFO] - Start: 44
[2025-08-17 09:46:46,603][root][INFO] - [45/100] train 100.000%/0.0005 | val 92.792%/0.5818
[2025-08-17 09:46:46,604][root][INFO] - Start: 45
[2025-08-17 09:48:21,359][root][INFO] - [46/100] train 100.000%/0.0004 | val 92.903%/0.5887
[2025-08-17 09:48:21,359][root][INFO] - Start: 46
[2025-08-17 09:49:55,278][root][INFO] - [47/100] train 100.000%/0.0004 | val 92.972%/0.5931
[2025-08-17 09:49:55,279][root][INFO] - Start: 47
[2025-08-17 09:51:34,312][root][INFO] - [48/100] train 100.000%/0.0004 | val 92.764%/0.5992
[2025-08-17 09:51:34,312][root][INFO] - Start: 48
[2025-08-17 09:53:08,422][root][INFO] - [49/100] train 100.000%/0.0003 | val 92.861%/0.6017
[2025-08-17 09:53:08,423][root][INFO] - Start: 49
[2025-08-17 09:54:45,366][root][INFO] - [50/100] train 100.000%/0.0003 | val 92.917%/0.6062
[2025-08-17 09:54:45,366][root][INFO] - Start: 50
[2025-08-17 09:56:15,689][root][INFO] - [51/100] train 100.000%/0.0003 | val 92.806%/0.6165
[2025-08-17 09:56:15,689][root][INFO] - Start: 51
[2025-08-17 09:57:44,601][root][INFO] - [52/100] train 100.000%/0.0003 | val 92.889%/0.6143
[2025-08-17 09:57:44,602][root][INFO] - Start: 52
[2025-08-17 09:59:12,392][root][INFO] - [53/100] train 100.000%/0.0002 | val 92.875%/0.6276
[2025-08-17 09:59:12,392][root][INFO] - Start: 53
[2025-08-17 10:00:48,499][root][INFO] - [54/100] train 100.000%/0.0002 | val 92.903%/0.6279
[2025-08-17 10:00:48,499][root][INFO] - Start: 54
[2025-08-17 10:02:22,691][root][INFO] - [55/100] train 100.000%/0.0002 | val 92.903%/0.6360
[2025-08-17 10:02:22,691][root][INFO] - Start: 55
[2025-08-17 10:03:57,632][root][INFO] - [56/100] train 100.000%/0.0002 | val 92.958%/0.6393
[2025-08-17 10:03:57,632][root][INFO] - Start: 56
[2025-08-17 10:05:30,924][root][INFO] - [57/100] train 100.000%/0.0002 | val 92.903%/0.6452
[2025-08-17 10:05:30,924][root][INFO] - Start: 57
[2025-08-17 10:07:05,606][root][INFO] - [58/100] train 100.000%/0.0002 | val 92.958%/0.6500
[2025-08-17 10:07:05,607][root][INFO] - Start: 58
[2025-08-17 10:08:41,729][root][INFO] - [59/100] train 100.000%/0.0002 | val 92.847%/0.6549
[2025-08-17 10:08:41,729][root][INFO] - Start: 59
[2025-08-17 10:10:17,775][root][INFO] - [60/100] train 100.000%/0.0001 | val 92.917%/0.6630
[2025-08-17 10:10:17,776][root][INFO] - Start: 60
[2025-08-17 10:11:54,764][root][INFO] - [61/100] train 100.000%/0.0001 | val 92.889%/0.6669
[2025-08-17 10:11:54,764][root][INFO] - Start: 61
[2025-08-17 10:13:30,261][root][INFO] - [62/100] train 100.000%/0.0001 | val 92.889%/0.6677
[2025-08-17 10:13:30,261][root][INFO] - Start: 62
[2025-08-17 10:15:05,186][root][INFO] - [63/100] train 100.000%/0.0001 | val 92.875%/0.6727
[2025-08-17 10:15:05,187][root][INFO] - Start: 63
[2025-08-17 10:16:48,898][root][INFO] - [64/100] train 100.000%/0.0001 | val 92.889%/0.6771
[2025-08-17 10:16:48,898][root][INFO] - Start: 64
[2025-08-17 10:18:24,448][root][INFO] - [65/100] train 100.000%/0.0001 | val 92.875%/0.6818
[2025-08-17 10:18:24,449][root][INFO] - Start: 65
[2025-08-17 10:19:58,635][root][INFO] - [66/100] train 100.000%/0.0001 | val 92.889%/0.6854
[2025-08-17 10:19:58,635][root][INFO] - Start: 66
[2025-08-17 10:21:27,909][root][INFO] - [67/100] train 100.000%/0.0001 | val 92.972%/0.6906
[2025-08-17 10:21:27,909][root][INFO] - Start: 67
[2025-08-17 10:23:06,552][root][INFO] - [68/100] train 100.000%/0.0001 | val 92.917%/0.6911
[2025-08-17 10:23:06,552][root][INFO] - Start: 68
[2025-08-17 10:24:40,604][root][INFO] - [69/100] train 100.000%/0.0001 | val 92.903%/0.6964
[2025-08-17 10:24:40,605][root][INFO] - Start: 69
[2025-08-17 10:26:16,613][root][INFO] - [70/100] train 100.000%/0.0001 | val 92.931%/0.7025
[2025-08-17 10:26:16,613][root][INFO] - Start: 70
[2025-08-17 10:27:50,554][root][INFO] - [71/100] train 100.000%/0.0001 | val 92.889%/0.7081
[2025-08-17 10:27:50,555][root][INFO] - Start: 71
[2025-08-17 10:29:29,297][root][INFO] - [72/100] train 100.000%/0.0001 | val 92.903%/0.7099
[2025-08-17 10:29:29,298][root][INFO] - Start: 72
[2025-08-17 10:31:05,405][root][INFO] - [73/100] train 100.000%/0.0001 | val 92.972%/0.7145
[2025-08-17 10:31:05,405][root][INFO] - Start: 73
[2025-08-17 10:32:38,504][root][INFO] - [74/100] train 100.000%/0.0001 | val 92.972%/0.7151
[2025-08-17 10:32:38,505][root][INFO] - Start: 74
[2025-08-17 10:34:11,388][root][INFO] - [75/100] train 100.000%/0.0001 | val 92.903%/0.7206
[2025-08-17 10:34:11,388][root][INFO] - Start: 75
[2025-08-17 10:35:50,756][root][INFO] - [76/100] train 100.000%/0.0001 | val 92.889%/0.7252
[2025-08-17 10:35:50,757][root][INFO] - Start: 76
[2025-08-17 10:37:24,448][root][INFO] - [77/100] train 100.000%/0.0000 | val 92.903%/0.7311
[2025-08-17 10:37:24,448][root][INFO] - Start: 77
[2025-08-17 10:38:54,358][root][INFO] - [78/100] train 100.000%/0.0000 | val 93.028%/0.7288
[2025-08-17 10:38:54,950][root][INFO] - Start: 78
[2025-08-17 10:40:25,360][root][INFO] - [79/100] train 100.000%/0.0000 | val 93.000%/0.7346
[2025-08-17 10:40:25,360][root][INFO] - Start: 79
[2025-08-17 10:41:52,639][root][INFO] - [80/100] train 100.000%/0.0000 | val 92.931%/0.7370
[2025-08-17 10:41:52,639][root][INFO] - Start: 80
[2025-08-17 10:43:24,024][root][INFO] - [81/100] train 100.000%/0.0000 | val 93.028%/0.7425
[2025-08-17 10:43:24,024][root][INFO] - Start: 81
[2025-08-17 10:44:53,857][root][INFO] - [82/100] train 100.000%/0.0000 | val 93.069%/0.7438
[2025-08-17 10:44:54,456][root][INFO] - Start: 82
[2025-08-17 10:46:28,686][root][INFO] - [83/100] train 100.000%/0.0000 | val 93.111%/0.7451
[2025-08-17 10:46:29,306][root][INFO] - Start: 83
[2025-08-17 10:48:06,735][root][INFO] - [84/100] train 100.000%/0.0000 | val 92.944%/0.7576
[2025-08-17 10:48:06,736][root][INFO] - Start: 84
[2025-08-17 10:49:37,667][root][INFO] - [85/100] train 100.000%/0.0000 | val 93.042%/0.7583
[2025-08-17 10:49:37,667][root][INFO] - Start: 85
[2025-08-17 10:51:03,132][root][INFO] - [86/100] train 100.000%/0.0000 | val 92.931%/0.7624
[2025-08-17 10:51:03,133][root][INFO] - Start: 86
[2025-08-17 10:52:40,007][root][INFO] - [87/100] train 100.000%/0.0000 | val 93.139%/0.7626
[2025-08-17 10:52:40,741][root][INFO] - Start: 87
[2025-08-17 10:54:13,303][root][INFO] - [88/100] train 100.000%/0.0000 | val 93.125%/0.7661
[2025-08-17 10:54:13,303][root][INFO] - Start: 88
[2025-08-17 10:55:50,814][root][INFO] - [89/100] train 100.000%/0.0000 | val 93.028%/0.7738
[2025-08-17 10:55:50,814][root][INFO] - Start: 89
[2025-08-17 10:57:21,861][root][INFO] - [90/100] train 100.000%/0.0000 | val 93.042%/0.7709
[2025-08-17 10:57:21,861][root][INFO] - Start: 90
[2025-08-17 10:58:55,522][root][INFO] - [91/100] train 100.000%/0.0000 | val 93.153%/0.7765
[2025-08-17 10:58:56,177][root][INFO] - Start: 91
[2025-08-17 11:00:29,999][root][INFO] - [92/100] train 100.000%/0.0000 | val 93.125%/0.7768
[2025-08-17 11:00:29,999][root][INFO] - Start: 92
[2025-08-17 11:02:02,283][root][INFO] - [93/100] train 100.000%/0.0000 | val 93.083%/0.7806
[2025-08-17 11:02:02,284][root][INFO] - Start: 93
[2025-08-17 11:03:40,809][root][INFO] - [94/100] train 100.000%/0.0000 | val 93.097%/0.7852
[2025-08-17 11:03:40,809][root][INFO] - Start: 94
[2025-08-17 11:05:16,389][root][INFO] - [95/100] train 100.000%/0.0000 | val 93.028%/0.7893
[2025-08-17 11:05:16,389][root][INFO] - Start: 95
[2025-08-17 11:06:51,360][root][INFO] - [96/100] train 100.000%/0.0000 | val 93.083%/0.7939
[2025-08-17 11:06:51,361][root][INFO] - Start: 96
[2025-08-17 11:08:19,858][root][INFO] - [97/100] train 100.000%/0.0000 | val 93.125%/0.7970
[2025-08-17 11:08:19,858][root][INFO] - Start: 97
[2025-08-17 11:09:49,536][root][INFO] - [98/100] train 100.000%/0.0000 | val 93.097%/0.8009
[2025-08-17 11:09:49,536][root][INFO] - Start: 98
[2025-08-17 11:11:12,800][root][INFO] - [99/100] train 100.000%/0.0000 | val 93.028%/0.8037
[2025-08-17 11:11:12,800][root][INFO] - Start: 99
[2025-08-17 11:12:21,410][root][INFO] - [100/100] train 100.000%/0.0000 | val 93.000%/0.8059
[2025-08-17 11:12:29,615][root][INFO] - 
[Test Evaluation]
[2025-08-17 11:12:29,615][root][INFO] -  Accuracy : 0.911
[2025-08-17 11:12:29,615][root][INFO] -  Precision: 0.899
[2025-08-17 11:12:29,616][root][INFO] -  Recall   : 0.926
[2025-08-17 11:12:29,616][root][INFO] -  F1       : 0.912
[2025-08-17 11:12:29,616][root][INFO] -  Auc      : 0.972
