[2025-07-25 08:44:16,867][root][INFO] - ORIGINAL CWD : /home/sota/research/sotaohnuma/coffee
[2025-07-25 08:44:16,868][root][INFO] - RUN CWD      : /home/sota/research/sotaohnuma/coffee/outputs/bean_224/deit_bd/base/2025-07-25_08-44-16
[2025-07-25 08:44:16,868][root][INFO] - batch: 90, 
 {'batch_size': 90, '_target_': 'models.deit_bd.deit_bd'}
[2025-07-25 08:44:16,869][root][INFO] - Start loading train data
[2025-07-25 08:44:17,044][root][INFO] - Start loading val data
[2025-07-25 08:44:17,067][root][INFO] - Start loading test data
[2025-07-25 08:44:17,084][root][INFO] - Finished DataLoader setup
[2025-07-25 08:44:17,085][root][INFO] - Starting Optimize
[2025-07-25 08:44:21,333][root][INFO] - starting train
[2025-07-25 08:44:21,334][root][INFO] - epoch: 0
[2025-07-25 09:07:35,375][root][INFO] - epoch: 1
[2025-07-25 09:30:52,646][root][INFO] - epoch: 2
[2025-07-25 09:54:07,640][root][INFO] - epoch: 3
[2025-07-25 10:17:22,871][root][INFO] - epoch: 4
[2025-07-25 10:40:41,548][root][INFO] - epoch: 5
[2025-07-25 11:04:00,736][root][INFO] - epoch: 6
[2025-07-25 11:27:18,863][root][INFO] - epoch: 7
[2025-07-25 11:50:38,284][root][INFO] - epoch: 8
[2025-07-25 12:13:56,711][root][INFO] - epoch: 9
[2025-07-25 12:37:13,079][root][INFO] - epoch: 10
[2025-07-25 13:00:29,293][root][INFO] - epoch: 11
[2025-07-25 13:23:47,033][root][INFO] - epoch: 12
[2025-07-25 13:47:02,556][root][INFO] - epoch: 13
[2025-07-25 14:10:18,195][root][INFO] - epoch: 14
[2025-07-25 14:33:36,208][root][INFO] - epoch: 15
[2025-07-25 14:56:56,904][root][INFO] - epoch: 16
[2025-07-25 15:20:15,636][root][INFO] - epoch: 17
[2025-07-25 15:43:36,170][root][INFO] - epoch: 18
[2025-07-25 16:06:53,393][root][INFO] - epoch: 19
[2025-07-25 16:30:13,153][root][INFO] - finished train
[2025-07-25 16:30:13,153][root][INFO] - starting eval
[2025-07-25 16:31:42,667][root][INFO] - finished eval
[2025-07-25 16:31:51,157][root][INFO] - starting train
[2025-07-25 16:31:51,158][root][INFO] - epoch: 0
[2025-07-25 16:55:12,087][root][INFO] - epoch: 1
[2025-07-25 17:18:33,385][root][INFO] - epoch: 2
[2025-07-25 17:41:51,131][root][INFO] - epoch: 3
[2025-07-25 18:05:09,587][root][INFO] - epoch: 4
[2025-07-25 18:28:28,510][root][INFO] - epoch: 5
[2025-07-25 18:51:45,896][root][INFO] - epoch: 6
[2025-07-25 19:15:04,689][root][INFO] - epoch: 7
[2025-07-25 19:38:24,198][root][INFO] - epoch: 8
[2025-07-25 20:01:44,475][root][INFO] - epoch: 9
[2025-07-25 20:25:00,518][root][INFO] - epoch: 10
[2025-07-25 20:48:17,960][root][INFO] - epoch: 11
[2025-07-25 21:11:35,949][root][INFO] - epoch: 12
[2025-07-25 21:34:53,082][root][INFO] - epoch: 13
[2025-07-25 21:58:10,486][root][INFO] - epoch: 14
[2025-07-25 22:21:25,167][root][INFO] - epoch: 15
[2025-07-25 22:44:41,825][root][INFO] - epoch: 16
[2025-07-25 23:07:57,173][root][INFO] - epoch: 17
[2025-07-25 23:31:15,881][root][INFO] - epoch: 18
[2025-07-25 23:54:32,795][root][INFO] - epoch: 19
[2025-07-26 00:17:51,023][root][INFO] - finished train
[2025-07-26 00:17:51,024][root][INFO] - starting eval
[2025-07-26 00:19:20,858][root][INFO] - finished eval
[2025-07-26 00:19:28,070][root][INFO] - starting train
[2025-07-26 00:19:28,070][root][INFO] - epoch: 0
[2025-07-26 00:42:46,428][root][INFO] - epoch: 1
[2025-07-26 01:06:05,478][root][INFO] - epoch: 2
[2025-07-26 01:29:22,210][root][INFO] - epoch: 3
[2025-07-26 01:52:37,645][root][INFO] - epoch: 4
[2025-07-26 02:15:51,349][root][INFO] - epoch: 5
[2025-07-26 02:39:03,705][root][INFO] - epoch: 6
[2025-07-26 03:02:16,159][root][INFO] - epoch: 7
[2025-07-26 03:25:29,782][root][INFO] - epoch: 8
[2025-07-26 03:48:42,638][root][INFO] - epoch: 9
[2025-07-26 04:11:57,835][root][INFO] - epoch: 10
[2025-07-26 04:35:10,912][root][INFO] - epoch: 11
[2025-07-26 04:58:25,506][root][INFO] - epoch: 12
[2025-07-26 05:21:37,951][root][INFO] - epoch: 13
[2025-07-26 05:44:51,774][root][INFO] - epoch: 14
[2025-07-26 06:08:05,036][root][INFO] - epoch: 15
[2025-07-26 06:31:18,239][root][INFO] - epoch: 16
[2025-07-26 06:54:32,001][root][INFO] - epoch: 17
[2025-07-26 07:17:44,818][root][INFO] - epoch: 18
[2025-07-26 07:40:58,183][root][INFO] - epoch: 19
[2025-07-26 08:04:11,236][root][INFO] - finished train
[2025-07-26 08:04:11,237][root][INFO] - starting eval
