[2025-09-14 04:17:15,225][root][INFO] - ORIGINAL CWD : /home/sota/research/sotaohnuma/coffee
[2025-09-14 04:17:15,225][root][INFO] - RUN CWD      : /home/sota/research/sotaohnuma/coffee/outputs/bean_224/tiny_vit/base/2025-09-14_04-17-15
[2025-09-14 04:17:15,226][root][INFO] - batch: 134, 
 {'batch_size': 134, '_target_': 'models.tiny_vit.tiny_vit', 'lr': 0.0011, 'weight_decay': 0.0016}
[2025-09-14 04:17:15,226][root][INFO] - lr: 0.0011, 
 {'_target_': 'models.tiny_vit.tiny_vit', 'lr': 0.0011, 'weight_decay': 0.0016}
[2025-09-14 04:17:15,226][root][INFO] - weight_decay: 0.0016, 
 {'_target_': 'models.tiny_vit.tiny_vit', 'weight_decay': 0.0016}
[2025-09-14 04:17:16,047][root][INFO] - Start loading train data
[2025-09-14 04:17:16,161][root][INFO] - Start loading val data
[2025-09-14 04:17:16,174][root][INFO] - Start loading test data
[2025-09-14 04:17:16,188][root][INFO] - Finished DataLoader setup
[2025-09-14 04:17:16,189][root][INFO] - Start: 0
[2025-09-14 04:21:57,835][root][INFO] - [01/100] train 88.028%/0.2593 | val 93.347%/0.1675
[2025-09-14 04:21:57,897][root][INFO] - Start: 1
[2025-09-14 04:26:42,828][root][INFO] - [02/100] train 98.358%/0.0447 | val 95.972%/0.1303
[2025-09-14 04:26:43,053][root][INFO] - Start: 2
[2025-09-14 04:31:27,395][root][INFO] - [03/100] train 99.233%/0.0210 | val 95.333%/0.1651
[2025-09-14 04:31:27,395][root][INFO] - Start: 3
[2025-09-14 04:36:11,856][root][INFO] - [04/100] train 99.377%/0.0172 | val 93.389%/0.2472
[2025-09-14 04:36:11,856][root][INFO] - Start: 4
[2025-09-14 04:40:56,278][root][INFO] - [05/100] train 99.411%/0.0166 | val 94.722%/0.1805
[2025-09-14 04:40:56,279][root][INFO] - Start: 5
[2025-09-14 04:45:41,217][root][INFO] - [06/100] train 99.415%/0.0160 | val 96.222%/0.1340
[2025-09-14 04:45:41,435][root][INFO] - Start: 6
[2025-09-14 04:50:26,542][root][INFO] - [07/100] train 99.418%/0.0164 | val 95.389%/0.2127
[2025-09-14 04:50:26,542][root][INFO] - Start: 7
[2025-09-14 04:55:10,747][root][INFO] - [08/100] train 99.469%/0.0157 | val 95.792%/0.1291
[2025-09-14 04:55:10,747][root][INFO] - Start: 8
[2025-09-14 04:59:55,417][root][INFO] - [09/100] train 99.481%/0.0149 | val 95.444%/0.1749
[2025-09-14 04:59:55,418][root][INFO] - Start: 9
[2025-09-14 05:04:39,616][root][INFO] - [10/100] train 99.432%/0.0176 | val 93.958%/0.2510
[2025-09-14 05:04:39,616][root][INFO] - Start: 10
[2025-09-14 05:09:24,826][root][INFO] - [11/100] train 99.436%/0.0172 | val 96.833%/0.1395
[2025-09-14 05:09:24,987][root][INFO] - Start: 11
[2025-09-14 05:14:10,184][root][INFO] - [12/100] train 99.587%/0.0122 | val 90.486%/0.4524
[2025-09-14 05:14:10,184][root][INFO] - Start: 12
[2025-09-14 05:18:55,128][root][INFO] - [13/100] train 99.656%/0.0106 | val 95.931%/0.1488
[2025-09-14 05:18:55,128][root][INFO] - Start: 13
[2025-09-14 05:23:40,059][root][INFO] - [14/100] train 99.719%/0.0086 | val 96.958%/0.0934
[2025-09-14 05:23:40,277][root][INFO] - Start: 14
[2025-09-14 05:28:24,929][root][INFO] - [15/100] train 99.599%/0.0119 | val 96.347%/0.1399
[2025-09-14 05:28:24,929][root][INFO] - Start: 15
[2025-09-14 05:33:10,046][root][INFO] - [16/100] train 99.701%/0.0092 | val 95.958%/0.1638
[2025-09-14 05:33:10,046][root][INFO] - Start: 16
[2025-09-14 05:37:55,063][root][INFO] - [17/100] train 99.745%/0.0080 | val 96.264%/0.2037
[2025-09-14 05:37:55,063][root][INFO] - Start: 17
[2025-09-14 05:42:40,330][root][INFO] - [18/100] train 99.701%/0.0090 | val 93.806%/0.2639
[2025-09-14 05:42:40,330][root][INFO] - Start: 18
[2025-09-14 05:47:24,981][root][INFO] - [19/100] train 99.625%/0.0112 | val 95.681%/0.1664
[2025-09-14 05:47:24,981][root][INFO] - Start: 19
[2025-09-14 05:52:09,536][root][INFO] - [20/100] train 99.797%/0.0062 | val 95.736%/0.2230
[2025-09-14 05:52:09,536][root][INFO] - Start: 20
[2025-09-14 05:56:55,246][root][INFO] - [21/100] train 99.747%/0.0074 | val 95.972%/0.1734
[2025-09-14 05:56:55,247][root][INFO] - Start: 21
[2025-09-14 06:01:39,491][root][INFO] - [22/100] train 99.771%/0.0069 | val 95.500%/0.2168
[2025-09-14 06:01:39,492][root][INFO] - Start: 22
[2025-09-14 06:06:23,359][root][INFO] - [23/100] train 99.844%/0.0053 | val 97.139%/0.1117
[2025-09-14 06:06:23,592][root][INFO] - Start: 23
[2025-09-14 06:11:08,786][root][INFO] - [24/100] train 99.792%/0.0062 | val 95.000%/0.2174
[2025-09-14 06:11:08,786][root][INFO] - Start: 24
[2025-09-14 06:15:54,245][root][INFO] - [25/100] train 99.792%/0.0068 | val 95.778%/0.1385
[2025-09-14 06:15:54,245][root][INFO] - Start: 25
[2025-09-14 06:20:40,359][root][INFO] - [26/100] train 99.925%/0.0028 | val 96.167%/0.2289
[2025-09-14 06:20:40,360][root][INFO] - Start: 26
[2025-09-14 06:25:25,303][root][INFO] - [27/100] train 99.788%/0.0070 | val 95.569%/0.1997
[2025-09-14 06:25:25,303][root][INFO] - Start: 27
[2025-09-14 06:30:09,786][root][INFO] - [28/100] train 99.849%/0.0045 | val 95.625%/0.1714
[2025-09-14 06:30:09,786][root][INFO] - Start: 28
[2025-09-14 06:34:53,168][root][INFO] - [29/100] train 99.870%/0.0041 | val 96.319%/0.2160
[2025-09-14 06:34:53,169][root][INFO] - Start: 29
[2025-09-14 06:39:37,869][root][INFO] - [30/100] train 99.830%/0.0051 | val 95.958%/0.1539
[2025-09-14 06:39:37,870][root][INFO] - Start: 30
[2025-09-14 06:44:22,250][root][INFO] - [31/100] train 99.920%/0.0031 | val 95.694%/0.2095
[2025-09-14 06:44:22,250][root][INFO] - Start: 31
[2025-09-14 06:49:06,232][root][INFO] - [32/100] train 99.837%/0.0046 | val 96.792%/0.1929
[2025-09-14 06:49:06,232][root][INFO] - Start: 32
[2025-09-14 06:53:50,800][root][INFO] - [33/100] train 99.872%/0.0043 | val 94.250%/0.2695
[2025-09-14 06:53:50,800][root][INFO] - Start: 33
[2025-09-14 06:58:34,851][root][INFO] - [34/100] train 99.675%/0.0101 | val 96.514%/0.1663
[2025-09-14 06:58:34,851][root][INFO] - Start: 34
[2025-09-14 07:03:19,559][root][INFO] - [35/100] train 99.924%/0.0021 | val 95.028%/0.2371
[2025-09-14 07:03:19,560][root][INFO] - Start: 35
[2025-09-14 07:08:04,702][root][INFO] - [36/100] train 99.880%/0.0036 | val 94.986%/0.2410
[2025-09-14 07:08:04,703][root][INFO] - Start: 36
[2025-09-14 07:12:48,731][root][INFO] - [37/100] train 99.931%/0.0023 | val 96.819%/0.1472
[2025-09-14 07:12:48,732][root][INFO] - Start: 37
[2025-09-14 07:17:33,190][root][INFO] - [38/100] train 99.866%/0.0037 | val 94.611%/0.3664
[2025-09-14 07:17:33,190][root][INFO] - Start: 38
[2025-09-14 07:22:18,721][root][INFO] - [39/100] train 99.925%/0.0029 | val 97.056%/0.1357
[2025-09-14 07:22:18,721][root][INFO] - Start: 39
[2025-09-14 07:27:02,883][root][INFO] - [40/100] train 99.941%/0.0018 | val 96.819%/0.1635
[2025-09-14 07:27:02,883][root][INFO] - Start: 40
[2025-09-14 07:31:46,785][root][INFO] - [41/100] train 99.918%/0.0027 | val 95.847%/0.2206
[2025-09-14 07:31:46,786][root][INFO] - Start: 41
[2025-09-14 07:36:31,744][root][INFO] - [42/100] train 99.924%/0.0022 | val 96.097%/0.2013
[2025-09-14 07:36:31,745][root][INFO] - Start: 42
[2025-09-14 07:41:17,295][root][INFO] - [43/100] train 99.899%/0.0027 | val 96.181%/0.2530
[2025-09-14 07:41:17,295][root][INFO] - Start: 43
[2025-09-14 07:46:02,777][root][INFO] - [44/100] train 99.901%/0.0027 | val 95.097%/0.3283
[2025-09-14 07:46:02,777][root][INFO] - Start: 44
[2025-09-14 07:50:47,180][root][INFO] - [45/100] train 99.920%/0.0028 | val 96.250%/0.2062
[2025-09-14 07:50:47,180][root][INFO] - Start: 45
[2025-09-14 07:55:32,905][root][INFO] - [46/100] train 99.951%/0.0014 | val 95.958%/0.2037
[2025-09-14 07:55:32,905][root][INFO] - Start: 46
[2025-09-14 08:00:19,195][root][INFO] - [47/100] train 99.953%/0.0018 | val 95.139%/0.2213
[2025-09-14 08:00:19,196][root][INFO] - Start: 47
[2025-09-14 08:05:03,513][root][INFO] - [48/100] train 99.960%/0.0011 | val 95.917%/0.2367
[2025-09-14 08:05:03,513][root][INFO] - Start: 48
[2025-09-14 08:09:47,648][root][INFO] - [49/100] train 99.967%/0.0012 | val 96.903%/0.2186
[2025-09-14 08:09:47,649][root][INFO] - Start: 49
[2025-09-14 08:14:32,602][root][INFO] - [50/100] train 99.995%/0.0001 | val 96.472%/0.2439
[2025-09-14 08:14:32,602][root][INFO] - Start: 50
[2025-09-14 08:19:17,785][root][INFO] - [51/100] train 99.892%/0.0035 | val 96.514%/0.2228
[2025-09-14 08:19:17,785][root][INFO] - Start: 51
[2025-09-14 08:24:03,417][root][INFO] - [52/100] train 99.958%/0.0018 | val 96.056%/0.2284
[2025-09-14 08:24:03,418][root][INFO] - Start: 52
[2025-09-14 08:28:49,054][root][INFO] - [53/100] train 99.988%/0.0002 | val 95.986%/0.2742
[2025-09-14 08:28:49,054][root][INFO] - Start: 53
[2025-09-14 08:33:33,900][root][INFO] - [54/100] train 100.000%/0.0000 | val 96.042%/0.2979
[2025-09-14 08:33:33,900][root][INFO] - Start: 54
[2025-09-14 08:38:20,466][root][INFO] - [55/100] train 99.924%/0.0024 | val 95.625%/0.2269
[2025-09-14 08:38:20,467][root][INFO] - Start: 55
[2025-09-14 08:43:05,102][root][INFO] - [56/100] train 99.962%/0.0013 | val 96.014%/0.1969
[2025-09-14 08:43:05,102][root][INFO] - Start: 56
[2025-09-14 08:47:49,719][root][INFO] - [57/100] train 99.974%/0.0011 | val 95.583%/0.2230
[2025-09-14 08:47:49,719][root][INFO] - Start: 57
[2025-09-14 08:52:34,167][root][INFO] - [58/100] train 99.988%/0.0003 | val 96.306%/0.2256
[2025-09-14 08:52:34,167][root][INFO] - Start: 58
[2025-09-14 08:57:19,385][root][INFO] - [59/100] train 99.988%/0.0005 | val 95.569%/0.2215
[2025-09-14 08:57:19,386][root][INFO] - Start: 59
[2025-09-14 09:02:03,230][root][INFO] - [60/100] train 99.967%/0.0010 | val 96.083%/0.2164
[2025-09-14 09:02:03,230][root][INFO] - Start: 60
[2025-09-14 09:06:49,117][root][INFO] - [61/100] train 99.997%/0.0002 | val 95.931%/0.2810
[2025-09-14 09:06:49,117][root][INFO] - Start: 61
[2025-09-14 09:11:33,382][root][INFO] - [62/100] train 100.000%/0.0000 | val 96.375%/0.2927
[2025-09-14 09:11:33,383][root][INFO] - Start: 62
[2025-09-14 09:16:17,295][root][INFO] - [63/100] train 100.000%/0.0000 | val 96.194%/0.3116
[2025-09-14 09:16:17,295][root][INFO] - Start: 63
[2025-09-14 09:21:02,877][root][INFO] - [64/100] train 100.000%/0.0000 | val 96.306%/0.3010
[2025-09-14 09:21:02,878][root][INFO] - Start: 64
[2025-09-14 09:25:47,699][root][INFO] - [65/100] train 100.000%/0.0000 | val 96.181%/0.3139
[2025-09-14 09:25:47,700][root][INFO] - Start: 65
[2025-09-14 09:30:31,881][root][INFO] - [66/100] train 100.000%/0.0000 | val 96.278%/0.3140
[2025-09-14 09:30:31,881][root][INFO] - Start: 66
[2025-09-14 09:35:16,666][root][INFO] - [67/100] train 100.000%/0.0000 | val 96.389%/0.3191
[2025-09-14 09:35:16,666][root][INFO] - Start: 67
[2025-09-14 09:40:01,592][root][INFO] - [68/100] train 100.000%/0.0000 | val 96.153%/0.3310
[2025-09-14 09:40:01,593][root][INFO] - Start: 68
[2025-09-14 09:44:45,493][root][INFO] - [69/100] train 100.000%/0.0000 | val 96.194%/0.3315
[2025-09-14 09:44:45,493][root][INFO] - Start: 69
[2025-09-14 09:49:29,778][root][INFO] - [70/100] train 100.000%/0.0000 | val 96.333%/0.3292
[2025-09-14 09:49:29,779][root][INFO] - Start: 70
[2025-09-14 09:54:14,519][root][INFO] - [71/100] train 100.000%/0.0000 | val 96.444%/0.3293
[2025-09-14 09:54:14,519][root][INFO] - Start: 71
[2025-09-14 09:59:00,364][root][INFO] - [72/100] train 100.000%/0.0000 | val 96.361%/0.3359
[2025-09-14 09:59:00,364][root][INFO] - Start: 72
[2025-09-14 10:03:46,214][root][INFO] - [73/100] train 100.000%/0.0000 | val 96.431%/0.3341
[2025-09-14 10:03:46,214][root][INFO] - Start: 73
[2025-09-14 10:08:31,389][root][INFO] - [74/100] train 100.000%/0.0000 | val 96.250%/0.3533
[2025-09-14 10:08:31,390][root][INFO] - Start: 74
[2025-09-14 10:13:17,116][root][INFO] - [75/100] train 100.000%/0.0000 | val 96.222%/0.3565
[2025-09-14 10:13:17,116][root][INFO] - Start: 75
[2025-09-14 10:18:01,759][root][INFO] - [76/100] train 100.000%/0.0000 | val 96.403%/0.3552
[2025-09-14 10:18:01,759][root][INFO] - Start: 76
[2025-09-14 10:22:46,216][root][INFO] - [77/100] train 100.000%/0.0000 | val 96.028%/0.3789
[2025-09-14 10:22:46,217][root][INFO] - Start: 77
[2025-09-14 10:27:30,892][root][INFO] - [78/100] train 100.000%/0.0000 | val 96.194%/0.3800
[2025-09-14 10:27:30,893][root][INFO] - Start: 78
[2025-09-14 10:32:15,143][root][INFO] - [79/100] train 100.000%/0.0000 | val 96.167%/0.3778
[2025-09-14 10:32:15,143][root][INFO] - Start: 79
[2025-09-14 10:37:00,277][root][INFO] - [80/100] train 100.000%/0.0000 | val 96.194%/0.3866
[2025-09-14 10:37:00,277][root][INFO] - Start: 80
[2025-09-14 10:41:44,478][root][INFO] - [81/100] train 100.000%/0.0000 | val 96.153%/0.3910
[2025-09-14 10:41:44,478][root][INFO] - Start: 81
[2025-09-14 10:46:29,794][root][INFO] - [82/100] train 100.000%/0.0000 | val 96.014%/0.4166
[2025-09-14 10:46:29,794][root][INFO] - Start: 82
[2025-09-14 10:51:14,109][root][INFO] - [83/100] train 99.988%/0.0007 | val 95.903%/0.3883
[2025-09-14 10:51:14,109][root][INFO] - Start: 83
[2025-09-14 10:55:58,192][root][INFO] - [84/100] train 100.000%/0.0000 | val 95.861%/0.3932
[2025-09-14 10:55:58,192][root][INFO] - Start: 84
[2025-09-14 11:00:42,888][root][INFO] - [85/100] train 99.998%/0.0000 | val 96.319%/0.3637
[2025-09-14 11:00:42,888][root][INFO] - Start: 85
[2025-09-14 11:05:27,459][root][INFO] - [86/100] train 100.000%/0.0000 | val 96.319%/0.3634
[2025-09-14 11:05:27,459][root][INFO] - Start: 86
[2025-09-14 11:10:12,218][root][INFO] - [87/100] train 100.000%/0.0000 | val 96.444%/0.3511
[2025-09-14 11:10:12,218][root][INFO] - Start: 87
[2025-09-14 11:14:56,395][root][INFO] - [88/100] train 99.998%/0.0000 | val 96.764%/0.3154
[2025-09-14 11:14:56,395][root][INFO] - Start: 88
[2025-09-14 11:19:41,839][root][INFO] - [89/100] train 99.998%/0.0000 | val 96.625%/0.3176
[2025-09-14 11:19:41,840][root][INFO] - Start: 89
[2025-09-14 11:24:28,009][root][INFO] - [90/100] train 100.000%/0.0000 | val 96.556%/0.3189
[2025-09-14 11:24:28,009][root][INFO] - Start: 90
[2025-09-14 11:29:12,992][root][INFO] - [91/100] train 100.000%/0.0000 | val 96.625%/0.3151
[2025-09-14 11:29:12,992][root][INFO] - Start: 91
[2025-09-14 11:33:58,736][root][INFO] - [92/100] train 100.000%/0.0000 | val 96.625%/0.3185
[2025-09-14 11:33:58,737][root][INFO] - Start: 92
[2025-09-14 11:38:44,571][root][INFO] - [93/100] train 100.000%/0.0000 | val 96.736%/0.3112
[2025-09-14 11:38:44,572][root][INFO] - Start: 93
[2025-09-14 11:43:29,630][root][INFO] - [94/100] train 100.000%/0.0000 | val 96.722%/0.3092
[2025-09-14 11:43:29,630][root][INFO] - Start: 94
[2025-09-14 11:48:15,343][root][INFO] - [95/100] train 100.000%/0.0000 | val 96.653%/0.3197
[2025-09-14 11:48:15,343][root][INFO] - Start: 95
[2025-09-14 11:53:00,122][root][INFO] - [96/100] train 100.000%/0.0000 | val 96.736%/0.3149
[2025-09-14 11:53:00,122][root][INFO] - Start: 96
[2025-09-14 11:57:44,538][root][INFO] - [97/100] train 100.000%/0.0000 | val 96.708%/0.3091
[2025-09-14 11:57:44,539][root][INFO] - Start: 97
[2025-09-14 12:02:30,690][root][INFO] - [98/100] train 100.000%/0.0000 | val 96.750%/0.3125
[2025-09-14 12:02:30,690][root][INFO] - Start: 98
[2025-09-14 12:07:16,762][root][INFO] - [99/100] train 100.000%/0.0000 | val 96.722%/0.3081
[2025-09-14 12:07:16,762][root][INFO] - Start: 99
[2025-09-14 12:12:01,590][root][INFO] - [100/100] train 100.000%/0.0000 | val 96.750%/0.3147
[2025-09-14 12:12:12,481][root][INFO] - 
[Test Evaluation]
[2025-09-14 12:12:12,481][root][INFO] -  Accuracy : 0.979
[2025-09-14 12:12:12,482][root][INFO] -  Precision: 0.967
[2025-09-14 12:12:12,482][root][INFO] -  Recall   : 0.992
[2025-09-14 12:12:12,482][root][INFO] -  F1       : 0.979
[2025-09-14 12:12:12,482][root][INFO] -  Auc      : 0.999
