[2025-06-24 07:06:21,110][root][INFO] - ORIGINAL CWD : /home/sota/research/sotaohnuma/coffee
[2025-06-24 07:06:21,110][root][INFO] - RUN CWD      : /home/sota/research/sotaohnuma/coffee/outputs/bean_224/efficientnetb0/base/2025-06-24_07-06-20
[2025-06-24 07:06:21,110][root][INFO] - Start loading train data
[2025-06-24 07:06:21,225][root][INFO] - Start loading val data
[2025-06-24 07:06:21,239][root][INFO] - Start loading test data
[2025-06-24 07:06:21,252][root][INFO] - Finished DataLoader setup
[2025-06-24 07:06:22,198][timm.models._builder][INFO] - Loading pretrained weights from Hugging Face hub (timm/efficientnet_b0.ra_in1k)
[2025-06-24 07:06:24,214][timm.models._hub][INFO] - [timm/efficientnet_b0.ra_in1k] Safe alternative available for 'pytorch_model.bin' (as 'model.safetensors'). Loading weights using safetensors.
[2025-06-24 07:06:24,321][timm.models._builder][INFO] - Missing keys (classifier.weight, classifier.bias) discovered while loading pretrained weights. This is expected if model is being adapted.
[2025-06-24 07:06:25,440][root][INFO] - Start: 0
[2025-06-24 07:12:40,782][root][INFO] - [01/100] train 94.891%/0.1659 | val 95.903%/0.1493
[2025-06-24 07:12:40,872][root][INFO] - Start: 1
[2025-06-24 07:16:27,315][root][INFO] - [02/100] train 97.986%/0.0564 | val 96.000%/0.1805
[2025-06-24 07:16:27,429][root][INFO] - Start: 2
[2025-06-24 07:20:13,319][root][INFO] - [03/100] train 98.783%/0.0343 | val 96.194%/0.1558
[2025-06-24 07:20:13,433][root][INFO] - Start: 3
[2025-06-24 07:23:58,916][root][INFO] - [04/100] train 98.885%/0.0313 | val 96.528%/0.1219
[2025-06-24 07:23:59,018][root][INFO] - Start: 4
[2025-06-24 07:27:45,048][root][INFO] - [05/100] train 99.188%/0.0230 | val 94.597%/0.2026
[2025-06-24 07:27:45,048][root][INFO] - Start: 5
[2025-06-24 07:31:30,903][root][INFO] - [06/100] train 99.309%/0.0202 | val 96.167%/0.1277
[2025-06-24 07:31:30,904][root][INFO] - Start: 6
[2025-06-24 07:35:16,325][root][INFO] - [07/100] train 99.366%/0.0189 | val 95.125%/0.1982
[2025-06-24 07:35:16,326][root][INFO] - Start: 7
[2025-06-24 07:39:02,013][root][INFO] - [08/100] train 99.498%/0.0151 | val 95.542%/0.1488
[2025-06-24 07:39:02,014][root][INFO] - Start: 8
[2025-06-24 07:42:47,955][root][INFO] - [09/100] train 99.403%/0.0170 | val 96.431%/0.1937
[2025-06-24 07:42:47,956][root][INFO] - Start: 9
[2025-06-24 07:46:33,881][root][INFO] - [10/100] train 99.609%/0.0113 | val 97.264%/0.1375
[2025-06-24 07:46:34,039][root][INFO] - Start: 10
[2025-06-24 07:50:19,991][root][INFO] - [11/100] train 99.655%/0.0105 | val 96.806%/0.1203
[2025-06-24 07:50:19,991][root][INFO] - Start: 11
[2025-06-24 07:54:05,225][root][INFO] - [12/100] train 99.559%/0.0124 | val 96.958%/0.1053
[2025-06-24 07:54:05,226][root][INFO] - Start: 12
[2025-06-24 07:57:50,894][root][INFO] - [13/100] train 99.714%/0.0083 | val 96.569%/0.1665
[2025-06-24 07:57:50,894][root][INFO] - Start: 13
[2025-06-24 08:01:36,266][root][INFO] - [14/100] train 99.707%/0.0092 | val 96.556%/0.2006
[2025-06-24 08:01:36,266][root][INFO] - Start: 14
[2025-06-24 08:05:21,939][root][INFO] - [15/100] train 99.656%/0.0107 | val 96.472%/0.1911
[2025-06-24 08:05:21,939][root][INFO] - Start: 15
[2025-06-24 08:09:07,852][root][INFO] - [16/100] train 99.793%/0.0062 | val 96.903%/0.1711
[2025-06-24 08:09:07,852][root][INFO] - Start: 16
[2025-06-24 08:12:53,748][root][INFO] - [17/100] train 99.656%/0.0108 | val 96.292%/0.1237
[2025-06-24 08:12:53,748][root][INFO] - Start: 17
[2025-06-24 08:16:39,962][root][INFO] - [18/100] train 99.814%/0.0058 | val 96.194%/0.2042
[2025-06-24 08:16:39,963][root][INFO] - Start: 18
[2025-06-24 08:20:25,799][root][INFO] - [19/100] train 99.788%/0.0070 | val 95.861%/0.2232
[2025-06-24 08:20:25,800][root][INFO] - Start: 19
[2025-06-24 08:24:10,946][root][INFO] - [20/100] train 99.785%/0.0064 | val 96.042%/0.2522
[2025-06-24 08:24:10,946][root][INFO] - Start: 20
[2025-06-24 08:27:56,925][root][INFO] - [21/100] train 99.814%/0.0064 | val 94.958%/0.2755
[2025-06-24 08:27:56,925][root][INFO] - Start: 21
[2025-06-24 08:31:42,601][root][INFO] - [22/100] train 99.795%/0.0064 | val 96.556%/0.2737
[2025-06-24 08:31:42,601][root][INFO] - Start: 22
[2025-06-24 08:35:28,389][root][INFO] - [23/100] train 99.783%/0.0072 | val 95.472%/0.1960
[2025-06-24 08:35:28,389][root][INFO] - Start: 23
[2025-06-24 08:39:13,991][root][INFO] - [24/100] train 99.823%/0.0056 | val 96.583%/0.2253
[2025-06-24 08:39:13,991][root][INFO] - Start: 24
[2025-06-24 08:42:59,848][root][INFO] - [25/100] train 99.797%/0.0063 | val 95.806%/0.1992
[2025-06-24 08:42:59,848][root][INFO] - Start: 25
[2025-06-24 08:46:45,715][root][INFO] - [26/100] train 99.788%/0.0071 | val 95.889%/0.2020
[2025-06-24 08:46:45,715][root][INFO] - Start: 26
[2025-06-24 08:50:31,463][root][INFO] - [27/100] train 99.875%/0.0040 | val 93.375%/0.5568
[2025-06-24 08:50:31,463][root][INFO] - Start: 27
[2025-06-24 08:54:17,369][root][INFO] - [28/100] train 99.823%/0.0057 | val 95.972%/0.2425
[2025-06-24 08:54:17,370][root][INFO] - Start: 28
[2025-06-24 08:58:03,329][root][INFO] - [29/100] train 99.892%/0.0036 | val 96.431%/0.2406
[2025-06-24 08:58:03,330][root][INFO] - Start: 29
[2025-06-24 09:01:48,602][root][INFO] - [30/100] train 99.821%/0.0057 | val 94.972%/0.2153
[2025-06-24 09:01:48,603][root][INFO] - Start: 30
[2025-06-24 09:05:34,420][root][INFO] - [31/100] train 99.845%/0.0046 | val 96.486%/0.2338
[2025-06-24 09:05:34,420][root][INFO] - Start: 31
[2025-06-24 09:09:20,315][root][INFO] - [32/100] train 99.872%/0.0041 | val 96.306%/0.1906
[2025-06-24 09:09:20,315][root][INFO] - Start: 32
[2025-06-24 09:13:06,086][root][INFO] - [33/100] train 99.832%/0.0048 | val 96.306%/0.2109
[2025-06-24 09:13:06,086][root][INFO] - Start: 33
[2025-06-24 09:16:51,761][root][INFO] - [34/100] train 99.908%/0.0034 | val 96.569%/0.2108
[2025-06-24 09:16:51,761][root][INFO] - Start: 34
[2025-06-24 09:20:37,134][root][INFO] - [35/100] train 99.870%/0.0043 | val 96.681%/0.2178
[2025-06-24 09:20:37,135][root][INFO] - Start: 35
[2025-06-24 09:24:22,848][root][INFO] - [36/100] train 99.915%/0.0032 | val 95.958%/0.2708
[2025-06-24 09:24:22,848][root][INFO] - Start: 36
[2025-06-24 09:28:08,580][root][INFO] - [37/100] train 99.856%/0.0049 | val 95.528%/0.2815
[2025-06-24 09:28:08,581][root][INFO] - Start: 37
[2025-06-24 09:31:54,043][root][INFO] - [38/100] train 99.868%/0.0046 | val 96.153%/0.3226
[2025-06-24 09:31:54,043][root][INFO] - Start: 38
[2025-06-24 09:35:40,043][root][INFO] - [39/100] train 99.877%/0.0039 | val 96.361%/0.2651
[2025-06-24 09:35:40,043][root][INFO] - Start: 39
[2025-06-24 09:39:25,832][root][INFO] - [40/100] train 99.917%/0.0031 | val 96.292%/0.3011
[2025-06-24 09:39:25,832][root][INFO] - Start: 40
[2025-06-24 09:43:11,486][root][INFO] - [41/100] train 99.872%/0.0039 | val 95.097%/0.2931
[2025-06-24 09:43:11,487][root][INFO] - Start: 41
[2025-06-24 09:46:56,857][root][INFO] - [42/100] train 99.870%/0.0038 | val 96.125%/0.2468
[2025-06-24 09:46:56,857][root][INFO] - Start: 42
[2025-06-24 09:50:42,480][root][INFO] - [43/100] train 99.929%/0.0021 | val 95.958%/0.2394
[2025-06-24 09:50:42,480][root][INFO] - Start: 43
[2025-06-24 09:54:28,313][root][INFO] - [44/100] train 99.837%/0.0046 | val 95.417%/0.3671
[2025-06-24 09:54:28,314][root][INFO] - Start: 44
[2025-06-24 09:58:14,090][root][INFO] - [45/100] train 99.939%/0.0025 | val 95.750%/0.2230
[2025-06-24 09:58:14,090][root][INFO] - Start: 45
[2025-06-24 10:01:59,802][root][INFO] - [46/100] train 99.894%/0.0030 | val 95.986%/0.2433
[2025-06-24 10:01:59,802][root][INFO] - Start: 46
[2025-06-24 10:05:45,839][root][INFO] - [47/100] train 99.872%/0.0040 | val 96.167%/0.2112
[2025-06-24 10:05:45,839][root][INFO] - Start: 47
[2025-06-24 10:09:32,204][root][INFO] - [48/100] train 99.951%/0.0017 | val 96.222%/0.2938
[2025-06-24 10:09:32,204][root][INFO] - Start: 48
[2025-06-24 10:13:17,832][root][INFO] - [49/100] train 99.913%/0.0028 | val 96.194%/0.2246
[2025-06-24 10:13:17,832][root][INFO] - Start: 49
[2025-06-24 10:17:03,576][root][INFO] - [50/100] train 99.865%/0.0040 | val 96.792%/0.1849
[2025-06-24 10:17:03,576][root][INFO] - Start: 50
[2025-06-24 10:20:49,097][root][INFO] - [51/100] train 99.913%/0.0028 | val 95.889%/0.2252
[2025-06-24 10:20:49,097][root][INFO] - Start: 51
[2025-06-24 10:24:34,407][root][INFO] - [52/100] train 99.882%/0.0032 | val 95.764%/0.2236
[2025-06-24 10:24:34,408][root][INFO] - Start: 52
[2025-06-24 10:28:20,395][root][INFO] - [53/100] train 99.950%/0.0015 | val 95.222%/0.3701
[2025-06-24 10:28:20,396][root][INFO] - Start: 53
[2025-06-24 10:32:06,207][root][INFO] - [54/100] train 99.903%/0.0037 | val 96.361%/0.2228
[2025-06-24 10:32:06,208][root][INFO] - Start: 54
[2025-06-24 10:35:52,278][root][INFO] - [55/100] train 99.932%/0.0022 | val 96.167%/0.2713
[2025-06-24 10:35:52,278][root][INFO] - Start: 55
[2025-06-24 10:39:37,941][root][INFO] - [56/100] train 99.941%/0.0024 | val 96.653%/0.2219
[2025-06-24 10:39:37,941][root][INFO] - Start: 56
[2025-06-24 10:43:24,282][root][INFO] - [57/100] train 99.882%/0.0035 | val 95.861%/0.2714
[2025-06-24 10:43:24,282][root][INFO] - Start: 57
[2025-06-24 10:47:10,230][root][INFO] - [58/100] train 99.936%/0.0021 | val 95.556%/0.2573
[2025-06-24 10:47:10,230][root][INFO] - Start: 58
[2025-06-24 10:50:56,365][root][INFO] - [59/100] train 99.936%/0.0019 | val 95.569%/0.3432
[2025-06-24 10:50:56,365][root][INFO] - Start: 59
[2025-06-24 10:54:42,370][root][INFO] - [60/100] train 99.882%/0.0041 | val 95.528%/0.2595
[2025-06-24 10:54:42,371][root][INFO] - Start: 60
[2025-06-24 10:58:28,183][root][INFO] - [61/100] train 99.944%/0.0017 | val 96.306%/0.2699
[2025-06-24 10:58:28,183][root][INFO] - Start: 61
[2025-06-24 11:02:14,195][root][INFO] - [62/100] train 99.925%/0.0023 | val 96.208%/0.3373
[2025-06-24 11:02:14,196][root][INFO] - Start: 62
[2025-06-24 11:05:59,937][root][INFO] - [63/100] train 99.917%/0.0029 | val 95.708%/0.3109
[2025-06-24 11:05:59,937][root][INFO] - Start: 63
[2025-06-24 11:09:45,661][root][INFO] - [64/100] train 99.924%/0.0026 | val 96.278%/0.2777
[2025-06-24 11:09:45,661][root][INFO] - Start: 64
[2025-06-24 11:13:31,324][root][INFO] - [65/100] train 99.906%/0.0031 | val 95.667%/0.2580
[2025-06-24 11:13:31,325][root][INFO] - Start: 65
[2025-06-24 11:17:17,248][root][INFO] - [66/100] train 99.918%/0.0034 | val 95.681%/0.2483
[2025-06-24 11:17:17,249][root][INFO] - Start: 66
[2025-06-24 11:21:02,981][root][INFO] - [67/100] train 99.934%/0.0022 | val 96.417%/0.2764
[2025-06-24 11:21:02,981][root][INFO] - Start: 67
[2025-06-24 11:24:48,663][root][INFO] - [68/100] train 99.981%/0.0005 | val 96.375%/0.2636
[2025-06-24 11:24:48,663][root][INFO] - Start: 68
[2025-06-24 11:28:34,536][root][INFO] - [69/100] train 99.901%/0.0038 | val 95.917%/0.2281
[2025-06-24 11:28:34,536][root][INFO] - Start: 69
[2025-06-24 11:32:20,652][root][INFO] - [70/100] train 99.960%/0.0011 | val 96.958%/0.2609
[2025-06-24 11:32:20,652][root][INFO] - Start: 70
[2025-06-24 11:36:06,469][root][INFO] - [71/100] train 99.929%/0.0025 | val 95.958%/0.2758
[2025-06-24 11:36:06,470][root][INFO] - Start: 71
[2025-06-24 11:39:52,337][root][INFO] - [72/100] train 99.929%/0.0024 | val 95.597%/0.2678
[2025-06-24 11:39:52,338][root][INFO] - Start: 72
[2025-06-24 11:43:38,228][root][INFO] - [73/100] train 99.908%/0.0028 | val 96.264%/0.2772
[2025-06-24 11:43:38,228][root][INFO] - Start: 73
[2025-06-24 11:47:23,791][root][INFO] - [74/100] train 99.957%/0.0013 | val 95.514%/0.3435
[2025-06-24 11:47:23,791][root][INFO] - Start: 74
[2025-06-24 11:51:09,680][root][INFO] - [75/100] train 99.922%/0.0027 | val 96.153%/0.2422
[2025-06-24 11:51:09,680][root][INFO] - Start: 75
[2025-06-24 11:54:55,450][root][INFO] - [76/100] train 99.941%/0.0017 | val 92.833%/0.5863
[2025-06-24 11:54:55,451][root][INFO] - Start: 76
[2025-06-24 11:58:40,958][root][INFO] - [77/100] train 99.951%/0.0020 | val 95.806%/0.3743
[2025-06-24 11:58:40,958][root][INFO] - Start: 77
[2025-06-24 12:02:26,526][root][INFO] - [78/100] train 99.797%/0.0078 | val 96.222%/0.2045
[2025-06-24 12:02:26,527][root][INFO] - Start: 78
[2025-06-24 12:06:12,319][root][INFO] - [79/100] train 99.941%/0.0023 | val 97.028%/0.2245
[2025-06-24 12:06:12,320][root][INFO] - Start: 79
[2025-06-24 12:09:57,801][root][INFO] - [80/100] train 99.991%/0.0003 | val 97.097%/0.2669
[2025-06-24 12:09:57,801][root][INFO] - Start: 80
[2025-06-24 12:13:43,883][root][INFO] - [81/100] train 99.887%/0.0036 | val 96.306%/0.2155
[2025-06-24 12:13:43,884][root][INFO] - Start: 81
[2025-06-24 12:17:29,974][root][INFO] - [82/100] train 99.924%/0.0024 | val 94.806%/0.3390
[2025-06-24 12:17:29,974][root][INFO] - Start: 82
[2025-06-24 12:21:16,225][root][INFO] - [83/100] train 99.931%/0.0021 | val 96.194%/0.2786
[2025-06-24 12:21:16,225][root][INFO] - Start: 83
[2025-06-24 12:25:02,118][root][INFO] - [84/100] train 99.948%/0.0018 | val 95.819%/0.2923
[2025-06-24 12:25:02,118][root][INFO] - Start: 84
[2025-06-24 12:28:48,108][root][INFO] - [85/100] train 99.929%/0.0021 | val 96.264%/0.2597
[2025-06-24 12:28:48,109][root][INFO] - Start: 85
[2025-06-24 12:32:34,282][root][INFO] - [86/100] train 99.950%/0.0021 | val 96.042%/0.3112
[2025-06-24 12:32:34,282][root][INFO] - Start: 86
[2025-06-24 12:36:20,213][root][INFO] - [87/100] train 99.962%/0.0011 | val 95.917%/0.3299
[2025-06-24 12:36:20,213][root][INFO] - Start: 87
[2025-06-24 12:40:06,213][root][INFO] - [88/100] train 99.955%/0.0016 | val 95.847%/0.2729
[2025-06-24 12:40:06,213][root][INFO] - Start: 88
[2025-06-24 12:43:52,258][root][INFO] - [89/100] train 99.946%/0.0018 | val 96.111%/0.3328
[2025-06-24 12:43:52,258][root][INFO] - Start: 89
[2025-06-24 12:47:38,305][root][INFO] - [90/100] train 99.955%/0.0017 | val 96.208%/0.2357
[2025-06-24 12:47:38,305][root][INFO] - Start: 90
[2025-06-24 12:51:23,770][root][INFO] - [91/100] train 99.955%/0.0016 | val 96.139%/0.2616
[2025-06-24 12:51:23,771][root][INFO] - Start: 91
[2025-06-24 12:55:09,643][root][INFO] - [92/100] train 99.922%/0.0025 | val 94.028%/0.4173
[2025-06-24 12:55:09,643][root][INFO] - Start: 92
[2025-06-24 12:58:55,456][root][INFO] - [93/100] train 99.988%/0.0004 | val 96.556%/0.3120
[2025-06-24 12:58:55,456][root][INFO] - Start: 93
[2025-06-24 13:02:41,469][root][INFO] - [94/100] train 99.936%/0.0020 | val 95.819%/0.3226
[2025-06-24 13:02:41,469][root][INFO] - Start: 94
[2025-06-24 13:06:27,677][root][INFO] - [95/100] train 99.943%/0.0022 | val 96.167%/0.3101
[2025-06-24 13:06:27,678][root][INFO] - Start: 95
[2025-06-24 13:10:13,725][root][INFO] - [96/100] train 99.958%/0.0015 | val 95.319%/0.3524
[2025-06-24 13:10:13,725][root][INFO] - Start: 96
[2025-06-24 13:13:59,315][root][INFO] - [97/100] train 99.924%/0.0024 | val 96.236%/0.2506
[2025-06-24 13:13:59,315][root][INFO] - Start: 97
[2025-06-24 13:17:45,319][root][INFO] - [98/100] train 99.983%/0.0009 | val 93.639%/0.4661
[2025-06-24 13:17:45,320][root][INFO] - Start: 98
[2025-06-24 13:21:31,224][root][INFO] - [99/100] train 99.936%/0.0018 | val 96.236%/0.3019
[2025-06-24 13:21:31,224][root][INFO] - Start: 99
[2025-06-24 13:25:17,174][root][INFO] - [100/100] train 99.962%/0.0013 | val 95.875%/0.3195
[2025-06-24 13:25:25,264][root][INFO] - 
[Test Evaluation]
[2025-06-24 13:25:25,264][root][INFO] -  Accuracy : 0.973
[2025-06-24 13:25:25,264][root][INFO] -  Precision: 0.964
[2025-06-24 13:25:25,264][root][INFO] -  Recall   : 0.981
[2025-06-24 13:25:25,264][root][INFO] -  F1       : 0.973
[2025-06-24 13:25:25,264][root][INFO] -  Auc      : 0.998
