[2025-09-26 06:05:20,276][root][INFO] - ORIGINAL CWD : /home/sota/research/sotaohnuma/coffee
[2025-09-26 06:05:20,276][root][INFO] - RUN CWD      : /home/sota/research/sotaohnuma/coffee/outputs/kd/cnn_student100/2025-09-26_06-05-20
[2025-09-26 06:05:21,282][root][INFO] - Start epoch 1
[2025-09-26 06:07:32,360][root][INFO] - [01/50] train 64.297%/1.8518 | val 68.806%/1.7205
[2025-09-26 06:07:32,363][root][INFO] - Start epoch 2
[2025-09-26 06:09:44,546][root][INFO] - [02/50] train 69.562%/1.7078 | val 50.000%/17.0839
[2025-09-26 06:09:44,546][root][INFO] - Start epoch 3
[2025-09-26 06:11:56,683][root][INFO] - [03/50] train 72.995%/1.5936 | val 50.000%/22.9182
[2025-09-26 06:11:56,683][root][INFO] - Start epoch 4
[2025-09-26 06:14:09,709][root][INFO] - [04/50] train 75.540%/1.5123 | val 50.000%/48.3165
[2025-09-26 06:14:09,709][root][INFO] - Start epoch 5
[2025-09-26 06:16:23,659][root][INFO] - [05/50] train 77.576%/1.4337 | val 50.000%/80.6581
[2025-09-26 06:16:23,660][root][INFO] - Start epoch 6
[2025-09-26 06:18:37,346][root][INFO] - [06/50] train 79.859%/1.3307 | val 65.347%/2.0358
[2025-09-26 06:18:37,347][root][INFO] - Start epoch 7
[2025-09-26 06:20:50,526][root][INFO] - [07/50] train 81.661%/1.2382 | val 50.000%/59.1318
[2025-09-26 06:20:50,526][root][INFO] - Start epoch 8
[2025-09-26 06:23:03,785][root][INFO] - [08/50] train 82.396%/1.1886 | val 50.000%/26.7151
[2025-09-26 06:23:03,785][root][INFO] - Start epoch 9
[2025-09-26 06:25:17,729][root][INFO] - [09/50] train 83.253%/1.1416 | val 50.000%/47.0675
[2025-09-26 06:25:17,729][root][INFO] - Start epoch 10
[2025-09-26 06:27:31,525][root][INFO] - [10/50] train 83.849%/1.1120 | val 50.000%/121.0613
[2025-09-26 06:27:31,525][root][INFO] - Start epoch 11
[2025-09-26 06:29:44,829][root][INFO] - [11/50] train 84.155%/1.0901 | val 50.000%/83.3156
[2025-09-26 06:29:44,829][root][INFO] - Start epoch 12
[2025-09-26 06:31:57,561][root][INFO] - [12/50] train 84.634%/1.0621 | val 50.000%/62.1601
[2025-09-26 06:31:57,561][root][INFO] - Start epoch 13
[2025-09-26 06:34:10,876][root][INFO] - [13/50] train 85.288%/1.0389 | val 50.000%/15.3587
[2025-09-26 06:34:10,876][root][INFO] - Start epoch 14
[2025-09-26 06:36:24,091][root][INFO] - [14/50] train 85.283%/1.0291 | val 50.000%/81.0147
[2025-09-26 06:36:24,091][root][INFO] - Start epoch 15
[2025-09-26 06:38:37,331][root][INFO] - [15/50] train 85.743%/1.0081 | val 50.333%/14.0737
[2025-09-26 06:38:37,331][root][INFO] - Start epoch 16
[2025-09-26 06:40:50,662][root][INFO] - [16/50] train 85.983%/0.9883 | val 50.000%/16.8420
[2025-09-26 06:40:50,662][root][INFO] - Start epoch 17
[2025-09-26 06:43:03,803][root][INFO] - [17/50] train 86.318%/0.9746 | val 50.000%/200.4482
[2025-09-26 06:43:03,804][root][INFO] - Start epoch 18
[2025-09-26 06:45:16,729][root][INFO] - [18/50] train 86.561%/0.9642 | val 50.000%/31.7565
[2025-09-26 06:45:16,729][root][INFO] - Start epoch 19
[2025-09-26 06:47:29,898][root][INFO] - [19/50] train 86.793%/0.9471 | val 50.000%/53.4342
[2025-09-26 06:47:29,898][root][INFO] - Start epoch 20
[2025-09-26 06:49:43,161][root][INFO] - [20/50] train 87.019%/0.9286 | val 50.000%/42.1976
[2025-09-26 06:49:43,161][root][INFO] - Start epoch 21
[2025-09-26 06:51:56,929][root][INFO] - [21/50] train 87.134%/0.9244 | val 50.000%/58.7679
[2025-09-26 06:51:56,929][root][INFO] - Start epoch 22
[2025-09-26 06:54:10,218][root][INFO] - [22/50] train 87.306%/0.9143 | val 50.958%/10.2669
[2025-09-26 06:54:10,218][root][INFO] - Start epoch 23
[2025-09-26 06:56:23,356][root][INFO] - [23/50] train 87.425%/0.9095 | val 53.403%/6.6344
[2025-09-26 06:56:23,356][root][INFO] - Start epoch 24
[2025-09-26 06:58:36,607][root][INFO] - [24/50] train 87.724%/0.8890 | val 50.000%/41.5756
[2025-09-26 06:58:36,607][root][INFO] - Start epoch 25
[2025-09-26 07:00:49,779][root][INFO] - [25/50] train 87.757%/0.8868 | val 65.403%/2.7330
[2025-09-26 07:00:49,779][root][INFO] - Start epoch 26
[2025-09-26 07:03:03,179][root][INFO] - [26/50] train 87.877%/0.8829 | val 52.208%/8.6930
[2025-09-26 07:03:03,179][root][INFO] - Start epoch 27
[2025-09-26 07:05:16,503][root][INFO] - [27/50] train 88.038%/0.8715 | val 50.764%/13.5663
[2025-09-26 07:05:16,504][root][INFO] - Start epoch 28
[2025-09-26 07:07:30,101][root][INFO] - [28/50] train 88.168%/0.8643 | val 50.000%/56.5005
[2025-09-26 07:07:30,101][root][INFO] - Start epoch 29
[2025-09-26 07:09:43,839][root][INFO] - [29/50] train 88.370%/0.8610 | val 50.000%/35.9625
[2025-09-26 07:09:43,839][root][INFO] - Start epoch 30
[2025-09-26 07:11:56,949][root][INFO] - [30/50] train 88.214%/0.8552 | val 50.000%/139.7081
[2025-09-26 07:11:56,949][root][INFO] - Start epoch 31
[2025-09-26 07:14:09,837][root][INFO] - [31/50] train 88.457%/0.8458 | val 60.167%/3.5876
[2025-09-26 07:14:09,837][root][INFO] - Start epoch 32
[2025-09-26 07:16:22,917][root][INFO] - [32/50] train 88.557%/0.8391 | val 57.069%/5.3811
[2025-09-26 07:16:22,918][root][INFO] - Start epoch 33
[2025-09-26 07:18:35,894][root][INFO] - [33/50] train 88.590%/0.8355 | val 59.958%/4.2926
[2025-09-26 07:18:35,894][root][INFO] - Start epoch 34
[2025-09-26 07:20:49,314][root][INFO] - [34/50] train 88.847%/0.8255 | val 50.000%/201.6797
[2025-09-26 07:20:49,314][root][INFO] - Start epoch 35
[2025-09-26 07:23:02,564][root][INFO] - [35/50] train 88.764%/0.8216 | val 54.222%/6.8613
[2025-09-26 07:23:02,564][root][INFO] - Start epoch 36
[2025-09-26 07:25:15,471][root][INFO] - [36/50] train 89.064%/0.8121 | val 88.500%/0.7833
[2025-09-26 07:25:15,474][root][INFO] - Start epoch 37
[2025-09-26 07:27:28,901][root][INFO] - [37/50] train 88.781%/0.8237 | val 50.000%/18.3968
[2025-09-26 07:27:28,901][root][INFO] - Start epoch 38
[2025-09-26 07:29:42,152][root][INFO] - [38/50] train 88.918%/0.8157 | val 50.000%/30.1653
[2025-09-26 07:29:42,153][root][INFO] - Start epoch 39
[2025-09-26 07:31:55,136][root][INFO] - [39/50] train 89.007%/0.8082 | val 50.000%/23.2061
[2025-09-26 07:31:55,136][root][INFO] - Start epoch 40
[2025-09-26 07:34:08,516][root][INFO] - [40/50] train 89.309%/0.8028 | val 50.000%/16.0974
[2025-09-26 07:34:08,517][root][INFO] - Start epoch 41
[2025-09-26 07:36:21,765][root][INFO] - [41/50] train 89.377%/0.7944 | val 50.000%/124.3990
[2025-09-26 07:36:21,765][root][INFO] - Start epoch 42
[2025-09-26 07:38:35,009][root][INFO] - [42/50] train 89.510%/0.7909 | val 50.000%/130.1536
[2025-09-26 07:38:35,009][root][INFO] - Start epoch 43
[2025-09-26 07:40:48,318][root][INFO] - [43/50] train 89.434%/0.7955 | val 50.000%/67.2371
[2025-09-26 07:40:48,318][root][INFO] - Start epoch 44
[2025-09-26 07:43:01,678][root][INFO] - [44/50] train 89.642%/0.7768 | val 50.403%/21.6316
[2025-09-26 07:43:01,678][root][INFO] - Start epoch 45
[2025-09-26 07:45:15,144][root][INFO] - [45/50] train 89.450%/0.7855 | val 50.000%/136.0541
[2025-09-26 07:45:15,144][root][INFO] - Start epoch 46
[2025-09-26 07:47:28,935][root][INFO] - [46/50] train 89.752%/0.7793 | val 50.000%/45.8427
[2025-09-26 07:47:28,935][root][INFO] - Start epoch 47
[2025-09-26 07:49:42,997][root][INFO] - [47/50] train 89.766%/0.7676 | val 50.000%/96.1647
[2025-09-26 07:49:42,998][root][INFO] - Start epoch 48
[2025-09-26 07:51:56,094][root][INFO] - [48/50] train 89.868%/0.7623 | val 50.000%/126.7480
[2025-09-26 07:51:56,094][root][INFO] - Start epoch 49
[2025-09-26 07:54:09,398][root][INFO] - [49/50] train 89.977%/0.7555 | val 50.014%/25.9326
[2025-09-26 07:54:09,399][root][INFO] - Start epoch 50
[2025-09-26 07:56:22,702][root][INFO] - [50/50] train 90.038%/0.7539 | val 50.000%/34.5697
[2025-09-26 07:56:28,968][root][INFO] - 
[Test Evaluation]
[2025-09-26 07:56:28,969][root][INFO] -  Accuracy : 0.884
[2025-09-26 07:56:28,969][root][INFO] -  Precision: 0.937
[2025-09-26 07:56:28,969][root][INFO] -  Recall   : 0.824
[2025-09-26 07:56:28,969][root][INFO] -  F1       : 0.877
[2025-09-26 07:56:28,969][root][INFO] -  Auc      : 0.959
