[2025-09-26 23:26:23,643][root][INFO] - ORIGINAL CWD : /home/sota/research/sotaohnuma/coffee
[2025-09-26 23:26:23,643][root][INFO] - RUN CWD      : /home/sota/research/sotaohnuma/coffee/outputs/kd/resnet/middle/2025-09-26_23-26-23
[2025-09-26 23:26:24,582][root][INFO] - Start epoch 1
[2025-09-26 23:28:35,890][root][INFO] - [01/150] train 65.207%/1.8377 | val 50.028%/2.2317
[2025-09-26 23:28:35,894][root][INFO] - Start epoch 2
[2025-09-26 23:30:49,381][root][INFO] - [02/150] train 72.819%/1.6219 | val 73.097%/1.5296
[2025-09-26 23:30:49,385][root][INFO] - Start epoch 3
[2025-09-26 23:33:02,337][root][INFO] - [03/150] train 77.644%/1.4411 | val 51.194%/4.0449
[2025-09-26 23:33:02,338][root][INFO] - Start epoch 4
[2025-09-26 23:35:15,349][root][INFO] - [04/150] train 79.799%/1.3479 | val 83.111%/1.1386
[2025-09-26 23:35:15,352][root][INFO] - Start epoch 5
[2025-09-26 23:37:28,154][root][INFO] - [05/150] train 81.196%/1.2724 | val 50.000%/10.7993
[2025-09-26 23:37:28,154][root][INFO] - Start epoch 6
[2025-09-26 23:39:41,864][root][INFO] - [06/150] train 82.292%/1.2189 | val 50.000%/74.1840
[2025-09-26 23:39:41,865][root][INFO] - Start epoch 7
[2025-09-26 23:41:54,633][root][INFO] - [07/150] train 83.405%/1.1574 | val 66.167%/2.1379
[2025-09-26 23:41:54,633][root][INFO] - Start epoch 8
[2025-09-26 23:44:07,862][root][INFO] - [08/150] train 84.214%/1.1181 | val 50.083%/10.8435
[2025-09-26 23:44:07,862][root][INFO] - Start epoch 9
[2025-09-26 23:46:20,870][root][INFO] - [09/150] train 85.064%/1.0738 | val 50.903%/7.0495
[2025-09-26 23:46:20,870][root][INFO] - Start epoch 10
[2025-09-26 23:48:33,675][root][INFO] - [10/150] train 85.453%/1.0477 | val 54.347%/4.8483
[2025-09-26 23:48:33,675][root][INFO] - Start epoch 11
[2025-09-26 23:50:46,577][root][INFO] - [11/150] train 85.875%/1.0207 | val 50.556%/8.3446
[2025-09-26 23:50:46,577][root][INFO] - Start epoch 12
[2025-09-26 23:52:59,422][root][INFO] - [12/150] train 85.958%/1.0102 | val 50.000%/15.7816
[2025-09-26 23:52:59,422][root][INFO] - Start epoch 13
[2025-09-26 23:55:12,606][root][INFO] - [13/150] train 86.420%/0.9910 | val 50.000%/31.0398
[2025-09-26 23:55:12,606][root][INFO] - Start epoch 14
[2025-09-26 23:57:25,892][root][INFO] - [14/150] train 86.872%/0.9674 | val 65.083%/2.1948
[2025-09-26 23:57:25,892][root][INFO] - Start epoch 15
[2025-09-26 23:59:38,665][root][INFO] - [15/150] train 86.977%/0.9560 | val 50.000%/137.1945
[2025-09-26 23:59:38,666][root][INFO] - Start epoch 16
[2025-09-27 00:01:51,685][root][INFO] - [16/150] train 87.111%/0.9540 | val 55.958%/5.2468
[2025-09-27 00:01:51,686][root][INFO] - Start epoch 17
[2025-09-27 00:04:04,532][root][INFO] - [17/150] train 87.439%/0.9225 | val 50.000%/21.8100
[2025-09-27 00:04:04,532][root][INFO] - Start epoch 18
[2025-09-27 00:06:18,035][root][INFO] - [18/150] train 87.691%/0.9116 | val 50.000%/25.7427
[2025-09-27 00:06:18,036][root][INFO] - Start epoch 19
[2025-09-27 00:08:31,131][root][INFO] - [19/150] train 87.576%/0.9212 | val 50.000%/62.7452
[2025-09-27 00:08:31,131][root][INFO] - Start epoch 20
[2025-09-27 00:10:44,235][root][INFO] - [20/150] train 87.990%/0.8912 | val 50.111%/16.3611
[2025-09-27 00:10:44,235][root][INFO] - Start epoch 21
[2025-09-27 00:12:57,166][root][INFO] - [21/150] train 87.998%/0.8934 | val 50.403%/10.8412
[2025-09-27 00:12:57,166][root][INFO] - Start epoch 22
[2025-09-27 00:15:10,337][root][INFO] - [22/150] train 88.307%/0.8742 | val 55.556%/5.5510
[2025-09-27 00:15:10,337][root][INFO] - Start epoch 23
[2025-09-27 00:17:23,478][root][INFO] - [23/150] train 88.392%/0.8685 | val 50.000%/64.9986
[2025-09-27 00:17:23,478][root][INFO] - Start epoch 24
[2025-09-27 00:19:36,824][root][INFO] - [24/150] train 88.453%/0.8679 | val 50.000%/50.6948
[2025-09-27 00:19:36,824][root][INFO] - Start epoch 25
[2025-09-27 00:21:49,715][root][INFO] - [25/150] train 88.450%/0.8576 | val 50.208%/12.3517
[2025-09-27 00:21:49,715][root][INFO] - Start epoch 26
[2025-09-27 00:24:02,763][root][INFO] - [26/150] train 88.858%/0.8434 | val 50.000%/42.9100
[2025-09-27 00:24:02,763][root][INFO] - Start epoch 27
[2025-09-27 00:26:15,751][root][INFO] - [27/150] train 88.863%/0.8392 | val 50.000%/16.1496
[2025-09-27 00:26:15,751][root][INFO] - Start epoch 28
[2025-09-27 00:28:28,925][root][INFO] - [28/150] train 89.049%/0.8250 | val 57.181%/4.5370
[2025-09-27 00:28:28,925][root][INFO] - Start epoch 29
[2025-09-27 00:30:41,810][root][INFO] - [29/150] train 88.967%/0.8321 | val 79.569%/1.2248
[2025-09-27 00:30:41,810][root][INFO] - Start epoch 30
[2025-09-27 00:32:54,887][root][INFO] - [30/150] train 89.134%/0.8163 | val 50.014%/20.5319
[2025-09-27 00:32:54,888][root][INFO] - Start epoch 31
[2025-09-27 00:35:08,299][root][INFO] - [31/150] train 89.174%/0.8107 | val 50.000%/22.6258
[2025-09-27 00:35:08,299][root][INFO] - Start epoch 32
[2025-09-27 00:37:21,368][root][INFO] - [32/150] train 89.073%/0.8182 | val 82.028%/1.0577
[2025-09-27 00:37:21,368][root][INFO] - Start epoch 33
[2025-09-27 00:39:34,813][root][INFO] - [33/150] train 89.285%/0.8032 | val 52.611%/7.2823
[2025-09-27 00:39:34,813][root][INFO] - Start epoch 34
[2025-09-27 00:41:48,041][root][INFO] - [34/150] train 89.488%/0.7976 | val 50.000%/21.6351
[2025-09-27 00:41:48,041][root][INFO] - Start epoch 35
[2025-09-27 00:44:00,888][root][INFO] - [35/150] train 89.491%/0.7922 | val 52.472%/7.3008
[2025-09-27 00:44:00,888][root][INFO] - Start epoch 36
[2025-09-27 00:46:14,071][root][INFO] - [36/150] train 89.667%/0.7847 | val 50.000%/35.5322
[2025-09-27 00:46:14,071][root][INFO] - Start epoch 37
[2025-09-27 00:48:27,438][root][INFO] - [37/150] train 89.450%/0.7864 | val 50.069%/16.5057
[2025-09-27 00:48:27,438][root][INFO] - Start epoch 38
[2025-09-27 00:50:40,638][root][INFO] - [38/150] train 89.620%/0.7787 | val 67.889%/2.1863
[2025-09-27 00:50:40,638][root][INFO] - Start epoch 39
[2025-09-27 00:52:53,591][root][INFO] - [39/150] train 89.849%/0.7674 | val 66.236%/2.4931
[2025-09-27 00:52:53,591][root][INFO] - Start epoch 40
[2025-09-27 00:55:06,671][root][INFO] - [40/150] train 89.847%/0.7701 | val 74.097%/1.6965
[2025-09-27 00:55:06,672][root][INFO] - Start epoch 41
[2025-09-27 00:57:19,604][root][INFO] - [41/150] train 89.866%/0.7615 | val 50.069%/14.8060
[2025-09-27 00:57:19,604][root][INFO] - Start epoch 42
[2025-09-27 00:59:32,527][root][INFO] - [42/150] train 90.042%/0.7517 | val 50.000%/48.0330
[2025-09-27 00:59:32,527][root][INFO] - Start epoch 43
[2025-09-27 01:01:45,609][root][INFO] - [43/150] train 89.990%/0.7577 | val 82.472%/1.0298
[2025-09-27 01:01:45,609][root][INFO] - Start epoch 44
[2025-09-27 01:03:58,518][root][INFO] - [44/150] train 90.170%/0.7491 | val 50.000%/22.7016
[2025-09-27 01:03:58,518][root][INFO] - Start epoch 45
[2025-09-27 01:06:11,432][root][INFO] - [45/150] train 90.135%/0.7441 | val 89.167%/0.7539
[2025-09-27 01:06:11,435][root][INFO] - Start epoch 46
[2025-09-27 01:08:24,579][root][INFO] - [46/150] train 90.380%/0.7331 | val 50.917%/10.7775
[2025-09-27 01:08:24,580][root][INFO] - Start epoch 47
[2025-09-27 01:10:37,888][root][INFO] - [47/150] train 90.271%/0.7378 | val 50.000%/18.2611
[2025-09-27 01:10:37,888][root][INFO] - Start epoch 48
[2025-09-27 01:12:50,839][root][INFO] - [48/150] train 90.373%/0.7342 | val 50.000%/21.4151
[2025-09-27 01:12:50,839][root][INFO] - Start epoch 49
[2025-09-27 01:15:03,728][root][INFO] - [49/150] train 90.406%/0.7261 | val 50.000%/35.8211
[2025-09-27 01:15:03,728][root][INFO] - Start epoch 50
[2025-09-27 01:17:16,674][root][INFO] - [50/150] train 90.509%/0.7194 | val 84.931%/0.9523
[2025-09-27 01:17:16,674][root][INFO] - Start epoch 51
[2025-09-27 01:19:29,558][root][INFO] - [51/150] train 90.502%/0.7209 | val 50.292%/13.7462
[2025-09-27 01:19:29,558][root][INFO] - Start epoch 52
[2025-09-27 01:21:42,377][root][INFO] - [52/150] train 90.750%/0.7126 | val 51.194%/9.5741
[2025-09-27 01:21:42,377][root][INFO] - Start epoch 53
[2025-09-27 01:23:55,656][root][INFO] - [53/150] train 90.811%/0.7060 | val 65.500%/2.8250
[2025-09-27 01:23:55,656][root][INFO] - Start epoch 54
[2025-09-27 01:26:08,704][root][INFO] - [54/150] train 90.797%/0.7078 | val 50.000%/25.2299
[2025-09-27 01:26:08,704][root][INFO] - Start epoch 55
[2025-09-27 01:28:21,811][root][INFO] - [55/150] train 90.726%/0.7063 | val 50.000%/24.4772
[2025-09-27 01:28:21,811][root][INFO] - Start epoch 56
[2025-09-27 01:30:34,751][root][INFO] - [56/150] train 91.059%/0.6871 | val 50.000%/28.7647
[2025-09-27 01:30:34,751][root][INFO] - Start epoch 57
[2025-09-27 01:32:47,725][root][INFO] - [57/150] train 90.977%/0.6911 | val 50.028%/28.1791
[2025-09-27 01:32:47,725][root][INFO] - Start epoch 58
[2025-09-27 01:35:00,730][root][INFO] - [58/150] train 90.863%/0.7018 | val 50.000%/24.0600
[2025-09-27 01:35:00,730][root][INFO] - Start epoch 59
[2025-09-27 01:37:13,669][root][INFO] - [59/150] train 91.019%/0.6870 | val 50.000%/95.2952
[2025-09-27 01:37:13,669][root][INFO] - Start epoch 60
[2025-09-27 01:39:26,781][root][INFO] - [60/150] train 90.984%/0.6891 | val 86.417%/0.9123
[2025-09-27 01:39:26,781][root][INFO] - Start epoch 61
[2025-09-27 01:41:39,724][root][INFO] - [61/150] train 91.149%/0.6804 | val 50.014%/25.0624
[2025-09-27 01:41:39,724][root][INFO] - Start epoch 62
[2025-09-27 01:43:52,734][root][INFO] - [62/150] train 91.069%/0.6813 | val 81.139%/1.1809
[2025-09-27 01:43:52,734][root][INFO] - Start epoch 63
[2025-09-27 01:46:06,472][root][INFO] - [63/150] train 91.257%/0.6694 | val 50.000%/39.7353
[2025-09-27 01:46:06,473][root][INFO] - Start epoch 64
[2025-09-27 01:48:19,650][root][INFO] - [64/150] train 91.215%/0.6697 | val 52.333%/9.9352
[2025-09-27 01:48:19,650][root][INFO] - Start epoch 65
[2025-09-27 01:50:32,880][root][INFO] - [65/150] train 91.377%/0.6667 | val 50.153%/17.0574
[2025-09-27 01:50:32,880][root][INFO] - Start epoch 66
[2025-09-27 01:52:46,438][root][INFO] - [66/150] train 91.415%/0.6677 | val 50.000%/81.4955
[2025-09-27 01:52:46,438][root][INFO] - Start epoch 67
[2025-09-27 01:54:59,820][root][INFO] - [67/150] train 91.384%/0.6659 | val 50.000%/24.0603
[2025-09-27 01:54:59,821][root][INFO] - Start epoch 68
[2025-09-27 01:57:13,260][root][INFO] - [68/150] train 91.443%/0.6544 | val 50.264%/16.1429
[2025-09-27 01:57:13,261][root][INFO] - Start epoch 69
[2025-09-27 01:59:26,224][root][INFO] - [69/150] train 91.575%/0.6520 | val 50.000%/26.1186
[2025-09-27 01:59:26,224][root][INFO] - Start epoch 70
[2025-09-27 02:01:39,547][root][INFO] - [70/150] train 91.668%/0.6441 | val 80.542%/1.3198
[2025-09-27 02:01:39,547][root][INFO] - Start epoch 71
[2025-09-27 02:03:52,970][root][INFO] - [71/150] train 91.800%/0.6397 | val 52.792%/8.3820
[2025-09-27 02:03:52,970][root][INFO] - Start epoch 72
[2025-09-27 02:06:05,877][root][INFO] - [72/150] train 91.646%/0.6485 | val 52.708%/9.4091
[2025-09-27 02:06:05,877][root][INFO] - Start epoch 73
[2025-09-27 02:08:18,758][root][INFO] - [73/150] train 91.762%/0.6431 | val 50.000%/25.2688
[2025-09-27 02:08:18,759][root][INFO] - Start epoch 74
[2025-09-27 02:10:31,924][root][INFO] - [74/150] train 91.856%/0.6326 | val 60.514%/4.4631
[2025-09-27 02:10:31,924][root][INFO] - Start epoch 75
[2025-09-27 02:12:44,842][root][INFO] - [75/150] train 91.611%/0.6471 | val 53.417%/8.2647
[2025-09-27 02:12:44,843][root][INFO] - Start epoch 76
[2025-09-27 02:14:58,347][root][INFO] - [76/150] train 91.960%/0.6319 | val 50.028%/25.5290
[2025-09-27 02:14:58,347][root][INFO] - Start epoch 77
[2025-09-27 02:17:11,403][root][INFO] - [77/150] train 91.852%/0.6324 | val 50.000%/19.8644
[2025-09-27 02:17:11,403][root][INFO] - Start epoch 78
[2025-09-27 02:19:24,619][root][INFO] - [78/150] train 92.026%/0.6218 | val 50.000%/35.1086
[2025-09-27 02:19:24,619][root][INFO] - Start epoch 79
[2025-09-27 02:21:37,874][root][INFO] - [79/150] train 91.800%/0.6339 | val 66.097%/3.0892
[2025-09-27 02:21:37,874][root][INFO] - Start epoch 80
[2025-09-27 02:23:51,176][root][INFO] - [80/150] train 91.898%/0.6266 | val 52.903%/8.8784
[2025-09-27 02:23:51,176][root][INFO] - Start epoch 81
[2025-09-27 02:26:04,786][root][INFO] - [81/150] train 92.009%/0.6209 | val 50.000%/23.4778
[2025-09-27 02:26:04,786][root][INFO] - Start epoch 82
[2025-09-27 02:28:17,682][root][INFO] - [82/150] train 91.986%/0.6176 | val 50.000%/25.9967
[2025-09-27 02:28:17,682][root][INFO] - Start epoch 83
[2025-09-27 02:30:30,837][root][INFO] - [83/150] train 92.031%/0.6188 | val 73.778%/1.7821
[2025-09-27 02:30:30,837][root][INFO] - Start epoch 84
[2025-09-27 02:32:43,985][root][INFO] - [84/150] train 91.976%/0.6190 | val 66.444%/2.9336
[2025-09-27 02:32:43,985][root][INFO] - Start epoch 85
[2025-09-27 02:34:57,191][root][INFO] - [85/150] train 92.082%/0.6094 | val 56.486%/6.3127
[2025-09-27 02:34:57,191][root][INFO] - Start epoch 86
[2025-09-27 02:37:10,571][root][INFO] - [86/150] train 92.134%/0.6119 | val 50.000%/48.3720
[2025-09-27 02:37:10,571][root][INFO] - Start epoch 87
[2025-09-27 02:39:23,764][root][INFO] - [87/150] train 92.253%/0.6014 | val 70.264%/2.4900
[2025-09-27 02:39:23,764][root][INFO] - Start epoch 88
[2025-09-27 02:41:37,137][root][INFO] - [88/150] train 92.281%/0.6006 | val 78.514%/1.3628
[2025-09-27 02:41:37,137][root][INFO] - Start epoch 89
[2025-09-27 02:43:49,935][root][INFO] - [89/150] train 92.193%/0.6072 | val 53.861%/7.3773
[2025-09-27 02:43:49,935][root][INFO] - Start epoch 90
[2025-09-27 02:46:02,810][root][INFO] - [90/150] train 92.418%/0.5966 | val 89.194%/0.7681
[2025-09-27 02:46:02,813][root][INFO] - Start epoch 91
[2025-09-27 02:48:16,071][root][INFO] - [91/150] train 92.227%/0.5909 | val 54.958%/7.8884
[2025-09-27 02:48:16,071][root][INFO] - Start epoch 92
[2025-09-27 02:50:29,206][root][INFO] - [92/150] train 92.227%/0.5981 | val 50.569%/15.4791
[2025-09-27 02:50:29,207][root][INFO] - Start epoch 93
[2025-09-27 02:52:42,586][root][INFO] - [93/150] train 92.422%/0.5905 | val 80.069%/1.2765
[2025-09-27 02:52:42,587][root][INFO] - Start epoch 94
[2025-09-27 02:54:56,106][root][INFO] - [94/150] train 92.424%/0.5851 | val 70.042%/2.7472
[2025-09-27 02:54:56,106][root][INFO] - Start epoch 95
[2025-09-27 02:57:09,167][root][INFO] - [95/150] train 92.352%/0.5925 | val 50.000%/40.7607
[2025-09-27 02:57:09,167][root][INFO] - Start epoch 96
[2025-09-27 02:59:22,157][root][INFO] - [96/150] train 92.490%/0.5848 | val 50.014%/25.1112
[2025-09-27 02:59:22,158][root][INFO] - Start epoch 97
[2025-09-27 03:01:35,509][root][INFO] - [97/150] train 92.481%/0.5798 | val 50.000%/42.6784
[2025-09-27 03:01:35,509][root][INFO] - Start epoch 98
[2025-09-27 03:03:48,533][root][INFO] - [98/150] train 92.533%/0.5842 | val 55.903%/7.0024
[2025-09-27 03:03:48,533][root][INFO] - Start epoch 99
[2025-09-27 03:06:01,575][root][INFO] - [99/150] train 92.394%/0.5875 | val 50.083%/23.6556
[2025-09-27 03:06:01,576][root][INFO] - Start epoch 100
[2025-09-27 03:08:15,278][root][INFO] - [100/150] train 92.630%/0.5814 | val 56.306%/6.6617
[2025-09-27 03:08:15,278][root][INFO] - Start epoch 101
[2025-09-27 03:10:28,445][root][INFO] - [101/150] train 92.476%/0.5816 | val 71.653%/2.0001
[2025-09-27 03:10:28,445][root][INFO] - Start epoch 102
[2025-09-27 03:12:41,704][root][INFO] - [102/150] train 92.474%/0.5837 | val 50.000%/67.3603
[2025-09-27 03:12:41,704][root][INFO] - Start epoch 103
[2025-09-27 03:14:54,870][root][INFO] - [103/150] train 92.554%/0.5729 | val 62.792%/4.0996
[2025-09-27 03:14:54,870][root][INFO] - Start epoch 104
[2025-09-27 03:17:08,348][root][INFO] - [104/150] train 92.743%/0.5642 | val 71.875%/2.2477
[2025-09-27 03:17:08,349][root][INFO] - Start epoch 105
[2025-09-27 03:19:21,529][root][INFO] - [105/150] train 92.786%/0.5691 | val 50.125%/22.3605
[2025-09-27 03:19:21,529][root][INFO] - Start epoch 106
[2025-09-27 03:21:34,757][root][INFO] - [106/150] train 92.559%/0.5778 | val 50.583%/15.6688
[2025-09-27 03:21:34,757][root][INFO] - Start epoch 107
[2025-09-27 03:23:48,168][root][INFO] - [107/150] train 92.653%/0.5710 | val 89.542%/0.6827
[2025-09-27 03:23:48,171][root][INFO] - Start epoch 108
[2025-09-27 03:26:01,470][root][INFO] - [108/150] train 92.792%/0.5667 | val 50.056%/22.4614
[2025-09-27 03:26:01,471][root][INFO] - Start epoch 109
[2025-09-27 03:28:14,478][root][INFO] - [109/150] train 92.993%/0.5561 | val 50.000%/57.7049
[2025-09-27 03:28:14,478][root][INFO] - Start epoch 110
[2025-09-27 03:30:27,599][root][INFO] - [110/150] train 92.722%/0.5616 | val 50.000%/44.6963
[2025-09-27 03:30:27,599][root][INFO] - Start epoch 111
[2025-09-27 03:32:40,962][root][INFO] - [111/150] train 92.760%/0.5622 | val 50.000%/51.3814
[2025-09-27 03:32:40,962][root][INFO] - Start epoch 112
[2025-09-27 03:34:54,260][root][INFO] - [112/150] train 92.759%/0.5614 | val 50.222%/20.5575
[2025-09-27 03:34:54,260][root][INFO] - Start epoch 113
[2025-09-27 03:37:07,401][root][INFO] - [113/150] train 92.931%/0.5551 | val 50.000%/62.4685
[2025-09-27 03:37:07,402][root][INFO] - Start epoch 114
[2025-09-27 03:39:20,844][root][INFO] - [114/150] train 92.738%/0.5617 | val 55.014%/7.2468
[2025-09-27 03:39:20,844][root][INFO] - Start epoch 115
[2025-09-27 03:41:34,217][root][INFO] - [115/150] train 92.884%/0.5590 | val 80.514%/1.3190
[2025-09-27 03:41:34,217][root][INFO] - Start epoch 116
[2025-09-27 03:43:47,185][root][INFO] - [116/150] train 92.981%/0.5488 | val 63.097%/4.2895
[2025-09-27 03:43:47,185][root][INFO] - Start epoch 117
[2025-09-27 03:46:00,036][root][INFO] - [117/150] train 92.977%/0.5483 | val 50.042%/24.5057
[2025-09-27 03:46:00,036][root][INFO] - Start epoch 118
[2025-09-27 03:48:13,385][root][INFO] - [118/150] train 92.972%/0.5490 | val 50.000%/33.8849
[2025-09-27 03:48:13,385][root][INFO] - Start epoch 119
[2025-09-27 03:50:26,720][root][INFO] - [119/150] train 93.005%/0.5476 | val 50.361%/19.1015
[2025-09-27 03:50:26,721][root][INFO] - Start epoch 120
[2025-09-27 03:52:39,753][root][INFO] - [120/150] train 93.012%/0.5464 | val 50.000%/25.7799
[2025-09-27 03:52:39,754][root][INFO] - Start epoch 121
[2025-09-27 03:54:52,694][root][INFO] - [121/150] train 92.953%/0.5504 | val 88.431%/0.8243
[2025-09-27 03:54:52,695][root][INFO] - Start epoch 122
[2025-09-27 03:57:05,748][root][INFO] - [122/150] train 92.977%/0.5463 | val 50.708%/17.8451
[2025-09-27 03:57:05,749][root][INFO] - Start epoch 123
[2025-09-27 03:59:19,223][root][INFO] - [123/150] train 93.222%/0.5341 | val 60.125%/5.1275
[2025-09-27 03:59:19,223][root][INFO] - Start epoch 124
[2025-09-27 04:01:32,241][root][INFO] - [124/150] train 93.083%/0.5389 | val 53.750%/10.7691
[2025-09-27 04:01:32,242][root][INFO] - Start epoch 125
[2025-09-27 04:03:45,535][root][INFO] - [125/150] train 93.203%/0.5347 | val 88.097%/0.8184
[2025-09-27 04:03:45,535][root][INFO] - Start epoch 126
[2025-09-27 04:05:59,057][root][INFO] - [126/150] train 93.087%/0.5394 | val 91.083%/0.5739
[2025-09-27 04:05:59,060][root][INFO] - Start epoch 127
[2025-09-27 04:08:11,789][root][INFO] - [127/150] train 93.078%/0.5424 | val 64.708%/3.4331
[2025-09-27 04:08:11,789][root][INFO] - Start epoch 128
[2025-09-27 04:10:24,861][root][INFO] - [128/150] train 93.220%/0.5414 | val 55.667%/6.8781
[2025-09-27 04:10:24,862][root][INFO] - Start epoch 129
[2025-09-27 04:12:37,981][root][INFO] - [129/150] train 93.069%/0.5417 | val 88.528%/0.7399
[2025-09-27 04:12:37,981][root][INFO] - Start epoch 130
[2025-09-27 04:14:51,244][root][INFO] - [130/150] train 93.023%/0.5418 | val 50.000%/58.0729
[2025-09-27 04:14:51,244][root][INFO] - Start epoch 131
[2025-09-27 04:17:04,524][root][INFO] - [131/150] train 93.220%/0.5300 | val 50.000%/33.8036
[2025-09-27 04:17:04,524][root][INFO] - Start epoch 132
[2025-09-27 04:19:17,543][root][INFO] - [132/150] train 93.297%/0.5284 | val 50.222%/16.5325
[2025-09-27 04:19:17,543][root][INFO] - Start epoch 133
[2025-09-27 04:21:30,566][root][INFO] - [133/150] train 93.391%/0.5278 | val 53.875%/8.8090
[2025-09-27 04:21:30,566][root][INFO] - Start epoch 134
[2025-09-27 04:23:43,594][root][INFO] - [134/150] train 93.318%/0.5253 | val 52.611%/11.2568
[2025-09-27 04:23:43,594][root][INFO] - Start epoch 135
[2025-09-27 04:25:56,735][root][INFO] - [135/150] train 93.312%/0.5297 | val 87.264%/0.8050
[2025-09-27 04:25:56,735][root][INFO] - Start epoch 136
[2025-09-27 04:28:10,070][root][INFO] - [136/150] train 93.207%/0.5273 | val 62.444%/3.9427
[2025-09-27 04:28:10,070][root][INFO] - Start epoch 137
[2025-09-27 04:30:23,215][root][INFO] - [137/150] train 93.259%/0.5268 | val 50.583%/18.3111
[2025-09-27 04:30:23,215][root][INFO] - Start epoch 138
[2025-09-27 04:32:37,040][root][INFO] - [138/150] train 93.368%/0.5176 | val 51.917%/11.2610
[2025-09-27 04:32:37,041][root][INFO] - Start epoch 139
[2025-09-27 04:34:50,350][root][INFO] - [139/150] train 93.220%/0.5292 | val 59.181%/5.6836
[2025-09-27 04:34:50,350][root][INFO] - Start epoch 140
[2025-09-27 04:37:03,392][root][INFO] - [140/150] train 93.436%/0.5172 | val 73.444%/2.1289
[2025-09-27 04:37:03,393][root][INFO] - Start epoch 141
[2025-09-27 04:39:16,653][root][INFO] - [141/150] train 93.436%/0.5164 | val 50.389%/18.0235
[2025-09-27 04:39:16,654][root][INFO] - Start epoch 142
[2025-09-27 04:41:30,306][root][INFO] - [142/150] train 93.231%/0.5191 | val 52.278%/12.8085
[2025-09-27 04:41:30,306][root][INFO] - Start epoch 143
[2025-09-27 04:43:44,228][root][INFO] - [143/150] train 93.273%/0.5272 | val 50.000%/47.2329
[2025-09-27 04:43:44,228][root][INFO] - Start epoch 144
[2025-09-27 04:45:57,358][root][INFO] - [144/150] train 93.444%/0.5157 | val 50.139%/19.3718
[2025-09-27 04:45:57,358][root][INFO] - Start epoch 145
[2025-09-27 04:48:10,495][root][INFO] - [145/150] train 93.543%/0.5134 | val 52.944%/9.5160
[2025-09-27 04:48:10,495][root][INFO] - Start epoch 146
[2025-09-27 04:50:23,587][root][INFO] - [146/150] train 93.483%/0.5142 | val 55.306%/7.3087
[2025-09-27 04:50:23,587][root][INFO] - Start epoch 147
[2025-09-27 04:52:36,198][root][INFO] - [147/150] train 93.378%/0.5189 | val 51.847%/12.1196
[2025-09-27 04:52:36,198][root][INFO] - Start epoch 148
[2025-09-27 04:54:48,772][root][INFO] - [148/150] train 93.682%/0.5066 | val 50.139%/24.4767
[2025-09-27 04:54:48,772][root][INFO] - Start epoch 149
[2025-09-27 04:57:01,374][root][INFO] - [149/150] train 93.521%/0.5128 | val 50.000%/47.7415
[2025-09-27 04:57:01,374][root][INFO] - Start epoch 150
[2025-09-27 04:59:13,562][root][INFO] - [150/150] train 93.488%/0.5130 | val 50.153%/20.1293
[2025-09-27 04:59:19,251][root][INFO] - 
[Test Evaluation]
[2025-09-27 04:59:19,252][root][INFO] -  Accuracy : 0.924
[2025-09-27 04:59:19,252][root][INFO] -  Precision: 0.909
[2025-09-27 04:59:19,252][root][INFO] -  Recall   : 0.943
[2025-09-27 04:59:19,252][root][INFO] -  F1       : 0.926
[2025-09-27 04:59:19,252][root][INFO] -  Auc      : 0.985
