[2025-08-25 04:14:15,922][root][INFO] - ORIGINAL CWD : /home/sota/research/sotaohnuma/coffee
[2025-08-25 04:14:15,923][root][INFO] - RUN CWD      : /home/sota/research/sotaohnuma/coffee/outputs/bean_224/vit_third/base/2025-08-25_04-14-15
[2025-08-25 04:14:15,923][root][INFO] - batch: 666, 
 {'_target_': 'vit_pytorch.ViT', 'batch_size': 666, 'lr': 0.0016, 'weight_decay': 8.7e-05, 'image_size': 224, 'patch_size': 16, 'num_classes': 2, 'dim': 256, 'depth': 3, 'heads': 6, 'mlp_dim': 256, 'dropout': 0.2, 'emb_dropout': 0.2}
[2025-08-25 04:14:15,923][root][INFO] - lr: 0.0016, 
 {'_target_': 'vit_pytorch.ViT', 'lr': 0.0016, 'weight_decay': 8.7e-05, 'image_size': 224, 'patch_size': 16, 'num_classes': 2, 'dim': 256, 'depth': 3, 'heads': 6, 'mlp_dim': 256, 'dropout': 0.2, 'emb_dropout': 0.2}
[2025-08-25 04:14:15,923][root][INFO] - weight_decay: 8.7e-05, 
 {'_target_': 'vit_pytorch.ViT', 'weight_decay': 8.7e-05, 'image_size': 224, 'patch_size': 16, 'num_classes': 2, 'dim': 256, 'depth': 3, 'heads': 6, 'mlp_dim': 256, 'dropout': 0.2, 'emb_dropout': 0.2}
[2025-08-25 04:14:16,341][root][INFO] - Start loading train data
[2025-08-25 04:14:16,458][root][INFO] - Start loading val data
[2025-08-25 04:14:16,471][root][INFO] - Start loading test data
[2025-08-25 04:14:16,485][root][INFO] - Finished DataLoader setup
[2025-08-25 04:14:16,485][root][INFO] - Start: 0
[2025-08-25 04:16:00,288][root][INFO] - [01/100] train 55.127%/0.6935 | val 60.389%/0.7190
[2025-08-25 04:16:00,306][root][INFO] - Start: 1
[2025-08-25 04:17:07,826][root][INFO] - [02/100] train 65.936%/0.6089 | val 68.389%/0.5987
[2025-08-25 04:17:07,909][root][INFO] - Start: 2
[2025-08-25 04:18:12,082][root][INFO] - [03/100] train 74.056%/0.5181 | val 71.278%/0.5977
[2025-08-25 04:18:12,163][root][INFO] - Start: 3
[2025-08-25 04:19:18,932][root][INFO] - [04/100] train 76.583%/0.4806 | val 74.528%/0.5548
[2025-08-25 04:19:19,010][root][INFO] - Start: 4
[2025-08-25 04:20:23,242][root][INFO] - [05/100] train 79.450%/0.4395 | val 81.819%/0.3990
[2025-08-25 04:20:23,323][root][INFO] - Start: 5
[2025-08-25 04:21:30,910][root][INFO] - [06/100] train 81.019%/0.4130 | val 71.111%/0.6799
[2025-08-25 04:21:30,910][root][INFO] - Start: 6
[2025-08-25 04:22:36,697][root][INFO] - [07/100] train 82.085%/0.3955 | val 83.236%/0.3926
[2025-08-25 04:22:36,726][root][INFO] - Start: 7
[2025-08-25 04:23:45,244][root][INFO] - [08/100] train 82.679%/0.3871 | val 77.625%/0.5877
[2025-08-25 04:23:45,245][root][INFO] - Start: 8
[2025-08-25 04:24:52,930][root][INFO] - [09/100] train 83.660%/0.3664 | val 84.722%/0.3659
[2025-08-25 04:24:53,011][root][INFO] - Start: 9
[2025-08-25 04:26:00,805][root][INFO] - [10/100] train 84.726%/0.3488 | val 83.556%/0.4110
[2025-08-25 04:26:00,805][root][INFO] - Start: 10
[2025-08-25 04:27:08,022][root][INFO] - [11/100] train 85.538%/0.3346 | val 87.014%/0.3270
[2025-08-25 04:27:08,059][root][INFO] - Start: 11
[2025-08-25 04:28:16,055][root][INFO] - [12/100] train 85.939%/0.3284 | val 86.250%/0.3359
[2025-08-25 04:28:16,055][root][INFO] - Start: 12
[2025-08-25 04:29:24,912][root][INFO] - [13/100] train 86.660%/0.3086 | val 86.639%/0.3183
[2025-08-25 04:29:24,913][root][INFO] - Start: 13
[2025-08-25 04:30:34,665][root][INFO] - [14/100] train 87.288%/0.2986 | val 82.597%/0.4735
[2025-08-25 04:30:34,666][root][INFO] - Start: 14
[2025-08-25 04:31:42,107][root][INFO] - [15/100] train 87.535%/0.2924 | val 86.833%/0.3222
[2025-08-25 04:31:42,108][root][INFO] - Start: 15
[2025-08-25 04:32:49,780][root][INFO] - [16/100] train 88.186%/0.2813 | val 86.139%/0.3809
[2025-08-25 04:32:49,780][root][INFO] - Start: 16
[2025-08-25 04:33:57,257][root][INFO] - [17/100] train 88.132%/0.2813 | val 87.736%/0.3354
[2025-08-25 04:33:57,318][root][INFO] - Start: 17
[2025-08-25 04:35:05,203][root][INFO] - [18/100] train 88.899%/0.2632 | val 86.556%/0.3466
[2025-08-25 04:35:05,203][root][INFO] - Start: 18
[2025-08-25 04:36:15,624][root][INFO] - [19/100] train 88.892%/0.2642 | val 89.139%/0.3003
[2025-08-25 04:36:15,661][root][INFO] - Start: 19
[2025-08-25 04:37:22,890][root][INFO] - [20/100] train 89.510%/0.2532 | val 85.958%/0.3657
[2025-08-25 04:37:22,890][root][INFO] - Start: 20
[2025-08-25 04:38:32,440][root][INFO] - [21/100] train 90.035%/0.2390 | val 88.111%/0.3246
[2025-08-25 04:38:32,440][root][INFO] - Start: 21
[2025-08-25 04:39:39,699][root][INFO] - [22/100] train 90.252%/0.2345 | val 87.708%/0.3343
[2025-08-25 04:39:39,699][root][INFO] - Start: 22
[2025-08-25 04:40:46,391][root][INFO] - [23/100] train 90.929%/0.2221 | val 84.375%/0.4520
[2025-08-25 04:40:46,392][root][INFO] - Start: 23
[2025-08-25 04:41:53,074][root][INFO] - [24/100] train 90.835%/0.2205 | val 86.542%/0.3562
[2025-08-25 04:41:53,074][root][INFO] - Start: 24
[2025-08-25 04:42:59,849][root][INFO] - [25/100] train 91.189%/0.2169 | val 88.708%/0.2921
[2025-08-25 04:42:59,849][root][INFO] - Start: 25
[2025-08-25 04:44:09,548][root][INFO] - [26/100] train 91.512%/0.2071 | val 88.514%/0.3288
[2025-08-25 04:44:09,549][root][INFO] - Start: 26
[2025-08-25 04:45:19,216][root][INFO] - [27/100] train 92.021%/0.1935 | val 87.486%/0.3621
[2025-08-25 04:45:19,217][root][INFO] - Start: 27
[2025-08-25 04:46:24,649][root][INFO] - [28/100] train 92.231%/0.1895 | val 88.736%/0.3208
[2025-08-25 04:46:24,650][root][INFO] - Start: 28
[2025-08-25 04:47:33,740][root][INFO] - [29/100] train 92.448%/0.1865 | val 89.750%/0.3035
[2025-08-25 04:47:33,807][root][INFO] - Start: 29
[2025-08-25 04:48:43,021][root][INFO] - [30/100] train 92.792%/0.1775 | val 86.667%/0.4116
[2025-08-25 04:48:43,021][root][INFO] - Start: 30
[2025-08-25 04:49:49,564][root][INFO] - [31/100] train 93.160%/0.1708 | val 89.722%/0.2891
[2025-08-25 04:49:49,564][root][INFO] - Start: 31
[2025-08-25 04:50:56,847][root][INFO] - [32/100] train 93.210%/0.1661 | val 86.500%/0.4595
[2025-08-25 04:50:56,847][root][INFO] - Start: 32
[2025-08-25 04:52:05,168][root][INFO] - [33/100] train 93.304%/0.1659 | val 85.292%/0.5168
[2025-08-25 04:52:05,168][root][INFO] - Start: 33
[2025-08-25 04:53:12,211][root][INFO] - [34/100] train 93.632%/0.1593 | val 89.111%/0.3299
[2025-08-25 04:53:12,212][root][INFO] - Start: 34
[2025-08-25 04:54:19,151][root][INFO] - [35/100] train 93.833%/0.1521 | val 87.486%/0.4459
[2025-08-25 04:54:19,152][root][INFO] - Start: 35
[2025-08-25 04:55:28,764][root][INFO] - [36/100] train 93.984%/0.1475 | val 85.458%/0.5350
[2025-08-25 04:55:28,764][root][INFO] - Start: 36
[2025-08-25 04:56:35,223][root][INFO] - [37/100] train 94.286%/0.1424 | val 86.583%/0.4573
[2025-08-25 04:56:35,225][root][INFO] - Start: 37
[2025-08-25 04:57:42,513][root][INFO] - [38/100] train 94.505%/0.1366 | val 86.750%/0.4477
[2025-08-25 04:57:42,513][root][INFO] - Start: 38
[2025-08-25 04:58:53,058][root][INFO] - [39/100] train 94.597%/0.1345 | val 88.597%/0.3735
[2025-08-25 04:58:53,058][root][INFO] - Start: 39
[2025-08-25 05:00:01,330][root][INFO] - [40/100] train 94.632%/0.1320 | val 87.569%/0.4481
[2025-08-25 05:00:01,330][root][INFO] - Start: 40
[2025-08-25 05:01:06,373][root][INFO] - [41/100] train 95.089%/0.1229 | val 87.222%/0.4739
[2025-08-25 05:01:06,373][root][INFO] - Start: 41
[2025-08-25 05:02:14,764][root][INFO] - [42/100] train 95.401%/0.1172 | val 87.472%/0.4875
[2025-08-25 05:02:14,764][root][INFO] - Start: 42
[2025-08-25 05:03:21,829][root][INFO] - [43/100] train 95.280%/0.1196 | val 88.028%/0.4120
[2025-08-25 05:03:21,829][root][INFO] - Start: 43
[2025-08-25 05:04:31,035][root][INFO] - [44/100] train 95.535%/0.1130 | val 88.083%/0.4584
[2025-08-25 05:04:31,035][root][INFO] - Start: 44
[2025-08-25 05:05:34,294][root][INFO] - [45/100] train 95.373%/0.1156 | val 88.528%/0.4983
[2025-08-25 05:05:34,295][root][INFO] - Start: 45
[2025-08-25 05:06:38,601][root][INFO] - [46/100] train 95.866%/0.1052 | val 87.639%/0.4304
[2025-08-25 05:06:38,602][root][INFO] - Start: 46
[2025-08-25 05:07:43,837][root][INFO] - [47/100] train 95.929%/0.1016 | val 88.208%/0.4869
[2025-08-25 05:07:43,838][root][INFO] - Start: 47
[2025-08-25 05:08:50,837][root][INFO] - [48/100] train 96.179%/0.0964 | val 89.972%/0.4118
[2025-08-25 05:08:50,895][root][INFO] - Start: 48
[2025-08-25 05:09:56,863][root][INFO] - [49/100] train 96.141%/0.0977 | val 87.264%/0.5398
[2025-08-25 05:09:56,863][root][INFO] - Start: 49
[2025-08-25 05:11:04,610][root][INFO] - [50/100] train 96.281%/0.0939 | val 87.472%/0.5302
[2025-08-25 05:11:04,611][root][INFO] - Start: 50
[2025-08-25 05:12:14,698][root][INFO] - [51/100] train 96.703%/0.0840 | val 88.431%/0.5128
[2025-08-25 05:12:14,698][root][INFO] - Start: 51
[2025-08-25 05:13:22,177][root][INFO] - [52/100] train 96.536%/0.0858 | val 89.500%/0.4585
[2025-08-25 05:13:22,177][root][INFO] - Start: 52
[2025-08-25 05:14:30,168][root][INFO] - [53/100] train 96.811%/0.0821 | val 86.722%/0.5964
[2025-08-25 05:14:30,168][root][INFO] - Start: 53
[2025-08-25 05:15:39,469][root][INFO] - [54/100] train 96.965%/0.0778 | val 88.514%/0.4955
[2025-08-25 05:15:39,469][root][INFO] - Start: 54
[2025-08-25 05:16:48,474][root][INFO] - [55/100] train 96.924%/0.0782 | val 87.222%/0.5980
[2025-08-25 05:16:48,475][root][INFO] - Start: 55
[2025-08-25 05:17:57,647][root][INFO] - [56/100] train 97.106%/0.0756 | val 89.319%/0.4348
[2025-08-25 05:17:57,647][root][INFO] - Start: 56
[2025-08-25 05:19:07,777][root][INFO] - [57/100] train 97.196%/0.0720 | val 88.222%/0.6018
[2025-08-25 05:19:07,778][root][INFO] - Start: 57
[2025-08-25 05:20:15,639][root][INFO] - [58/100] train 97.359%/0.0679 | val 88.847%/0.5562
[2025-08-25 05:20:15,640][root][INFO] - Start: 58
[2025-08-25 05:21:23,516][root][INFO] - [59/100] train 97.361%/0.0681 | val 88.194%/0.6036
[2025-08-25 05:21:23,516][root][INFO] - Start: 59
[2025-08-25 05:22:31,707][root][INFO] - [60/100] train 97.488%/0.0650 | val 86.875%/0.6855
[2025-08-25 05:22:31,707][root][INFO] - Start: 60
[2025-08-25 05:23:42,263][root][INFO] - [61/100] train 97.720%/0.0611 | val 88.292%/0.5222
[2025-08-25 05:23:42,264][root][INFO] - Start: 61
[2025-08-25 05:24:51,310][root][INFO] - [62/100] train 97.788%/0.0578 | val 86.125%/0.8141
[2025-08-25 05:24:51,310][root][INFO] - Start: 62
[2025-08-25 05:25:57,390][root][INFO] - [63/100] train 97.682%/0.0593 | val 89.097%/0.4841
[2025-08-25 05:25:57,391][root][INFO] - Start: 63
[2025-08-25 05:27:05,426][root][INFO] - [64/100] train 97.788%/0.0578 | val 89.028%/0.5387
[2025-08-25 05:27:05,426][root][INFO] - Start: 64
[2025-08-25 05:28:12,646][root][INFO] - [65/100] train 97.964%/0.0515 | val 89.611%/0.5553
[2025-08-25 05:28:12,646][root][INFO] - Start: 65
[2025-08-25 05:29:20,812][root][INFO] - [66/100] train 98.080%/0.0501 | val 88.833%/0.6438
[2025-08-25 05:29:20,812][root][INFO] - Start: 66
[2025-08-25 05:30:28,608][root][INFO] - [67/100] train 98.028%/0.0494 | val 88.486%/0.6321
[2025-08-25 05:30:28,608][root][INFO] - Start: 67
[2025-08-25 05:31:38,116][root][INFO] - [68/100] train 98.283%/0.0451 | val 88.722%/0.6368
[2025-08-25 05:31:38,117][root][INFO] - Start: 68
[2025-08-25 05:32:45,580][root][INFO] - [69/100] train 98.365%/0.0447 | val 88.153%/0.6650
[2025-08-25 05:32:45,581][root][INFO] - Start: 69
[2025-08-25 05:33:55,479][root][INFO] - [70/100] train 98.420%/0.0412 | val 87.958%/0.6509
[2025-08-25 05:33:55,479][root][INFO] - Start: 70
[2025-08-25 05:35:02,956][root][INFO] - [71/100] train 98.434%/0.0410 | val 89.236%/0.5831
[2025-08-25 05:35:02,956][root][INFO] - Start: 71
[2025-08-25 05:36:09,609][root][INFO] - [72/100] train 98.415%/0.0411 | val 87.611%/0.7268
[2025-08-25 05:36:09,610][root][INFO] - Start: 72
[2025-08-25 05:37:16,743][root][INFO] - [73/100] train 98.418%/0.0405 | val 87.375%/0.8269
[2025-08-25 05:37:16,744][root][INFO] - Start: 73
[2025-08-25 05:38:26,234][root][INFO] - [74/100] train 98.634%/0.0376 | val 89.028%/0.6283
[2025-08-25 05:38:26,235][root][INFO] - Start: 74
[2025-08-25 05:39:36,216][root][INFO] - [75/100] train 98.644%/0.0366 | val 88.583%/0.7377
[2025-08-25 05:39:36,216][root][INFO] - Start: 75
[2025-08-25 05:40:44,024][root][INFO] - [76/100] train 98.741%/0.0335 | val 88.403%/0.6886
[2025-08-25 05:40:44,024][root][INFO] - Start: 76
[2025-08-25 05:41:53,369][root][INFO] - [77/100] train 98.753%/0.0318 | val 88.083%/0.8291
[2025-08-25 05:41:53,369][root][INFO] - Start: 77
[2025-08-25 05:42:58,741][root][INFO] - [78/100] train 98.929%/0.0294 | val 87.556%/0.8439
[2025-08-25 05:42:58,742][root][INFO] - Start: 78
[2025-08-25 05:44:07,495][root][INFO] - [79/100] train 98.913%/0.0304 | val 89.083%/0.7177
[2025-08-25 05:44:07,496][root][INFO] - Start: 79
[2025-08-25 05:45:15,569][root][INFO] - [80/100] train 98.880%/0.0309 | val 88.375%/0.7837
[2025-08-25 05:45:15,569][root][INFO] - Start: 80
[2025-08-25 05:46:25,183][root][INFO] - [81/100] train 98.891%/0.0294 | val 87.458%/0.8469
[2025-08-25 05:46:25,183][root][INFO] - Start: 81
[2025-08-25 05:47:35,736][root][INFO] - [82/100] train 99.005%/0.0272 | val 88.611%/0.7498
[2025-08-25 05:47:35,736][root][INFO] - Start: 82
[2025-08-25 05:48:43,611][root][INFO] - [83/100] train 98.995%/0.0270 | val 87.944%/0.8167
[2025-08-25 05:48:43,611][root][INFO] - Start: 83
[2025-08-25 05:49:49,042][root][INFO] - [84/100] train 99.057%/0.0250 | val 89.069%/0.7721
[2025-08-25 05:49:49,042][root][INFO] - Start: 84
[2025-08-25 05:50:53,328][root][INFO] - [85/100] train 99.111%/0.0240 | val 88.458%/0.7886
[2025-08-25 05:50:53,328][root][INFO] - Start: 85
[2025-08-25 05:52:01,181][root][INFO] - [86/100] train 99.125%/0.0243 | val 87.694%/0.8554
[2025-08-25 05:52:01,182][root][INFO] - Start: 86
[2025-08-25 05:53:09,666][root][INFO] - [87/100] train 99.040%/0.0252 | val 88.500%/0.7669
[2025-08-25 05:53:09,666][root][INFO] - Start: 87
[2025-08-25 05:54:15,145][root][INFO] - [88/100] train 99.120%/0.0245 | val 88.097%/0.8311
[2025-08-25 05:54:15,145][root][INFO] - Start: 88
[2025-08-25 05:55:22,399][root][INFO] - [89/100] train 99.085%/0.0239 | val 87.569%/0.8935
[2025-08-25 05:55:22,399][root][INFO] - Start: 89
[2025-08-25 05:56:30,570][root][INFO] - [90/100] train 99.167%/0.0225 | val 88.014%/0.8437
[2025-08-25 05:56:30,571][root][INFO] - Start: 90
[2025-08-25 05:57:38,597][root][INFO] - [91/100] train 99.175%/0.0212 | val 88.306%/0.8252
[2025-08-25 05:57:38,597][root][INFO] - Start: 91
[2025-08-25 05:58:44,567][root][INFO] - [92/100] train 99.240%/0.0207 | val 88.125%/0.8625
[2025-08-25 05:58:44,567][root][INFO] - Start: 92
[2025-08-25 05:59:54,754][root][INFO] - [93/100] train 99.227%/0.0208 | val 88.264%/0.8536
[2025-08-25 05:59:54,754][root][INFO] - Start: 93
[2025-08-25 06:01:02,347][root][INFO] - [94/100] train 99.253%/0.0208 | val 88.389%/0.8296
[2025-08-25 06:01:02,347][root][INFO] - Start: 94
[2025-08-25 06:02:12,586][root][INFO] - [95/100] train 99.321%/0.0185 | val 88.389%/0.8525
[2025-08-25 06:02:12,587][root][INFO] - Start: 95
[2025-08-25 06:03:19,671][root][INFO] - [96/100] train 99.321%/0.0188 | val 88.583%/0.8399
[2025-08-25 06:03:19,671][root][INFO] - Start: 96
[2025-08-25 06:04:27,744][root][INFO] - [97/100] train 99.264%/0.0193 | val 88.431%/0.8466
[2025-08-25 06:04:27,744][root][INFO] - Start: 97
[2025-08-25 06:05:35,594][root][INFO] - [98/100] train 99.260%/0.0213 | val 88.333%/0.8554
[2025-08-25 06:05:35,594][root][INFO] - Start: 98
[2025-08-25 06:06:44,186][root][INFO] - [99/100] train 99.323%/0.0188 | val 88.250%/0.8604
[2025-08-25 06:06:44,187][root][INFO] - Start: 99
[2025-08-25 06:07:52,015][root][INFO] - [100/100] train 99.304%/0.0194 | val 88.264%/0.8598
[2025-08-25 06:08:03,164][root][INFO] - 
[Test Evaluation]
[2025-08-25 06:08:03,165][root][INFO] -  Accuracy : 0.895
[2025-08-25 06:08:03,165][root][INFO] -  Precision: 0.857
[2025-08-25 06:08:03,165][root][INFO] -  Recall   : 0.949
[2025-08-25 06:08:03,165][root][INFO] -  F1       : 0.900
[2025-08-25 06:08:03,165][root][INFO] -  Auc      : 0.966
