[2025-07-25 08:44:39,545][root][INFO] - ORIGINAL CWD : /home/sota/research/sotaohnuma/coffee
[2025-07-25 08:44:39,546][root][INFO] - RUN CWD      : /home/sota/research/sotaohnuma/coffee/outputs/bean_224/efficientnet_b0/base/2025-07-25_08-44-39
[2025-07-25 08:44:39,546][root][INFO] - batch: 136, 
 {'batch_size': 136, '_target_': 'models.efficientnet_b0.efficientnet_b0'}
[2025-07-25 08:44:39,547][root][INFO] - Start loading train data
[2025-07-25 08:44:39,766][root][INFO] - Start loading val data
[2025-07-25 08:44:39,791][root][INFO] - Start loading test data
[2025-07-25 08:44:39,821][root][INFO] - Finished DataLoader setup
[2025-07-25 08:44:39,821][root][INFO] - Starting Optimize
[2025-07-25 08:44:40,647][root][INFO] - starting train
[2025-07-25 08:44:40,648][root][INFO] - epoch: 0
[2025-07-25 08:48:14,407][root][INFO] - epoch: 1
[2025-07-25 08:51:49,873][root][INFO] - epoch: 2
[2025-07-25 08:55:25,092][root][INFO] - epoch: 3
[2025-07-25 08:59:00,471][root][INFO] - epoch: 4
[2025-07-25 09:02:36,486][root][INFO] - epoch: 5
[2025-07-25 09:06:12,980][root][INFO] - epoch: 6
[2025-07-25 09:09:50,541][root][INFO] - epoch: 7
[2025-07-25 09:13:26,783][root][INFO] - epoch: 8
[2025-07-25 09:17:02,573][root][INFO] - epoch: 9
[2025-07-25 09:20:38,536][root][INFO] - epoch: 10
[2025-07-25 09:24:15,319][root][INFO] - epoch: 11
[2025-07-25 09:27:52,043][root][INFO] - epoch: 12
[2025-07-25 09:31:28,619][root][INFO] - epoch: 13
[2025-07-25 09:35:04,490][root][INFO] - epoch: 14
[2025-07-25 09:38:40,216][root][INFO] - epoch: 15
[2025-07-25 09:42:15,423][root][INFO] - epoch: 16
[2025-07-25 09:45:51,342][root][INFO] - epoch: 17
[2025-07-25 09:49:27,646][root][INFO] - epoch: 18
[2025-07-25 09:53:04,025][root][INFO] - epoch: 19
[2025-07-25 09:56:40,407][root][INFO] - finished train
[2025-07-25 09:56:40,408][root][INFO] - starting eval
[2025-07-25 09:56:54,106][root][INFO] - finished eval
[2025-07-25 09:56:54,417][root][INFO] - starting train
[2025-07-25 09:56:54,418][root][INFO] - epoch: 0
[2025-07-25 10:00:30,778][root][INFO] - epoch: 1
[2025-07-25 10:04:07,145][root][INFO] - epoch: 2
[2025-07-25 10:07:45,791][root][INFO] - epoch: 3
[2025-07-25 10:11:24,098][root][INFO] - epoch: 4
[2025-07-25 10:15:02,391][root][INFO] - epoch: 5
[2025-07-25 10:18:39,975][root][INFO] - epoch: 6
[2025-07-25 10:22:18,206][root][INFO] - epoch: 7
[2025-07-25 10:25:56,554][root][INFO] - epoch: 8
[2025-07-25 10:29:34,106][root][INFO] - epoch: 9
[2025-07-25 10:33:11,965][root][INFO] - epoch: 10
[2025-07-25 10:36:50,782][root][INFO] - epoch: 11
[2025-07-25 10:40:28,812][root][INFO] - epoch: 12
[2025-07-25 10:44:06,452][root][INFO] - epoch: 13
[2025-07-25 10:47:44,735][root][INFO] - epoch: 14
[2025-07-25 10:51:21,525][root][INFO] - epoch: 15
[2025-07-25 10:54:59,704][root][INFO] - epoch: 16
[2025-07-25 10:58:38,318][root][INFO] - epoch: 17
[2025-07-25 11:02:16,549][root][INFO] - epoch: 18
[2025-07-25 11:05:54,061][root][INFO] - epoch: 19
[2025-07-25 11:09:31,309][root][INFO] - finished train
[2025-07-25 11:09:31,309][root][INFO] - starting eval
[2025-07-25 11:09:50,816][root][INFO] - finished eval
[2025-07-25 11:09:51,487][root][INFO] - starting train
[2025-07-25 11:09:51,487][root][INFO] - epoch: 0
[2025-07-25 11:13:29,041][root][INFO] - epoch: 1
[2025-07-25 11:17:08,562][root][INFO] - epoch: 2
[2025-07-25 11:20:46,831][root][INFO] - epoch: 3
[2025-07-25 11:24:23,886][root][INFO] - epoch: 4
[2025-07-25 11:28:00,575][root][INFO] - epoch: 5
[2025-07-25 11:31:36,757][root][INFO] - epoch: 6
[2025-07-25 11:35:14,093][root][INFO] - epoch: 7
[2025-07-25 11:38:52,341][root][INFO] - epoch: 8
[2025-07-25 11:42:28,973][root][INFO] - epoch: 9
[2025-07-25 11:46:07,071][root][INFO] - epoch: 10
[2025-07-25 11:49:45,442][root][INFO] - epoch: 11
[2025-07-25 11:53:23,974][root][INFO] - epoch: 12
[2025-07-25 11:57:03,148][root][INFO] - epoch: 13
[2025-07-25 12:00:42,791][root][INFO] - epoch: 14
[2025-07-25 12:04:21,716][root][INFO] - epoch: 15
[2025-07-25 12:07:59,720][root][INFO] - epoch: 16
[2025-07-25 12:11:36,159][root][INFO] - epoch: 17
[2025-07-25 12:15:13,317][root][INFO] - epoch: 18
[2025-07-25 12:18:50,650][root][INFO] - epoch: 19
[2025-07-25 12:22:28,644][root][INFO] - finished train
[2025-07-25 12:22:28,644][root][INFO] - starting eval
[2025-07-25 12:22:47,902][root][INFO] - finished eval
[2025-07-25 12:22:48,226][root][INFO] - starting train
[2025-07-25 12:22:48,226][root][INFO] - epoch: 0
[2025-07-25 12:26:25,947][root][INFO] - epoch: 1
[2025-07-25 12:30:05,309][root][INFO] - epoch: 2
[2025-07-25 12:33:44,753][root][INFO] - epoch: 3
[2025-07-25 12:37:23,126][root][INFO] - epoch: 4
[2025-07-25 12:40:59,944][root][INFO] - epoch: 5
[2025-07-25 12:44:38,127][root][INFO] - epoch: 6
[2025-07-25 12:48:15,362][root][INFO] - epoch: 7
[2025-07-25 12:51:52,708][root][INFO] - epoch: 8
[2025-07-25 12:55:30,414][root][INFO] - epoch: 9
[2025-07-25 12:59:07,652][root][INFO] - epoch: 10
[2025-07-25 13:02:44,867][root][INFO] - epoch: 11
[2025-07-25 13:06:20,225][root][INFO] - epoch: 12
[2025-07-25 13:09:56,454][root][INFO] - epoch: 13
[2025-07-25 13:13:32,252][root][INFO] - epoch: 14
[2025-07-25 13:17:08,059][root][INFO] - epoch: 15
[2025-07-25 13:20:44,166][root][INFO] - epoch: 16
[2025-07-25 13:24:20,185][root][INFO] - epoch: 17
[2025-07-25 13:27:57,426][root][INFO] - epoch: 18
[2025-07-25 13:31:33,594][root][INFO] - epoch: 19
[2025-07-25 13:35:09,587][root][INFO] - finished train
[2025-07-25 13:35:09,588][root][INFO] - starting eval
[2025-07-25 13:35:23,050][root][INFO] - finished eval
[2025-07-25 13:35:23,402][root][INFO] - starting train
[2025-07-25 13:35:23,403][root][INFO] - epoch: 0
[2025-07-25 13:39:00,072][root][INFO] - epoch: 1
[2025-07-25 13:42:36,606][root][INFO] - epoch: 2
[2025-07-25 13:46:13,879][root][INFO] - epoch: 3
[2025-07-25 13:49:51,185][root][INFO] - epoch: 4
[2025-07-25 13:53:29,207][root][INFO] - epoch: 5
[2025-07-25 13:57:07,420][root][INFO] - epoch: 6
[2025-07-25 14:00:44,966][root][INFO] - epoch: 7
[2025-07-25 14:04:23,045][root][INFO] - epoch: 8
[2025-07-25 14:08:01,302][root][INFO] - epoch: 9
[2025-07-25 14:11:38,460][root][INFO] - epoch: 10
[2025-07-25 14:15:16,875][root][INFO] - epoch: 11
[2025-07-25 14:18:55,226][root][INFO] - epoch: 12
[2025-07-25 14:22:33,004][root][INFO] - epoch: 13
[2025-07-25 14:26:09,893][root][INFO] - epoch: 14
[2025-07-25 14:29:47,237][root][INFO] - epoch: 15
[2025-07-25 14:33:25,930][root][INFO] - epoch: 16
[2025-07-25 14:37:05,843][root][INFO] - epoch: 17
[2025-07-25 14:40:43,625][root][INFO] - epoch: 18
[2025-07-25 14:44:20,152][root][INFO] - epoch: 19
[2025-07-25 14:47:58,737][root][INFO] - finished train
[2025-07-25 14:47:58,737][root][INFO] - starting eval
[2025-07-25 14:48:17,685][root][INFO] - finished eval
[2025-07-25 14:48:18,939][root][INFO] - starting train
[2025-07-25 14:48:18,939][root][INFO] - epoch: 0
[2025-07-25 14:51:57,195][root][INFO] - epoch: 1
[2025-07-25 14:55:35,804][root][INFO] - epoch: 2
[2025-07-25 14:59:14,242][root][INFO] - epoch: 3
[2025-07-25 15:02:51,902][root][INFO] - epoch: 4
[2025-07-25 15:06:29,604][root][INFO] - epoch: 5
[2025-07-25 15:10:08,060][root][INFO] - epoch: 6
[2025-07-25 15:13:46,431][root][INFO] - epoch: 7
[2025-07-25 15:17:25,173][root][INFO] - epoch: 8
[2025-07-25 15:21:04,717][root][INFO] - epoch: 9
[2025-07-25 15:24:42,082][root][INFO] - epoch: 10
[2025-07-25 15:28:19,372][root][INFO] - epoch: 11
[2025-07-25 15:31:57,732][root][INFO] - epoch: 12
[2025-07-25 15:35:37,170][root][INFO] - epoch: 13
[2025-07-25 15:39:15,489][root][INFO] - epoch: 14
[2025-07-25 15:42:53,365][root][INFO] - epoch: 15
[2025-07-25 15:46:30,507][root][INFO] - epoch: 16
[2025-07-25 15:50:08,808][root][INFO] - epoch: 17
[2025-07-25 15:53:45,815][root][INFO] - epoch: 18
[2025-07-25 15:57:23,087][root][INFO] - epoch: 19
[2025-07-25 16:01:01,322][root][INFO] - finished train
[2025-07-25 16:01:01,322][root][INFO] - starting eval
[2025-07-25 16:01:19,021][root][INFO] - finished eval
[2025-07-25 16:01:19,380][root][INFO] - starting train
[2025-07-25 16:01:19,380][root][INFO] - epoch: 0
[2025-07-25 16:04:56,910][root][INFO] - epoch: 1
[2025-07-25 16:08:35,661][root][INFO] - epoch: 2
[2025-07-25 16:12:13,181][root][INFO] - epoch: 3
[2025-07-25 16:15:51,046][root][INFO] - epoch: 4
[2025-07-25 16:19:27,998][root][INFO] - epoch: 5
[2025-07-25 16:23:06,028][root][INFO] - epoch: 6
[2025-07-25 16:26:43,196][root][INFO] - epoch: 7
[2025-07-25 16:30:19,379][root][INFO] - epoch: 8
[2025-07-25 16:33:57,664][root][INFO] - epoch: 9
[2025-07-25 16:37:36,686][root][INFO] - epoch: 10
[2025-07-25 16:41:14,262][root][INFO] - epoch: 11
[2025-07-25 16:44:52,193][root][INFO] - epoch: 12
[2025-07-25 16:48:29,760][root][INFO] - epoch: 13
[2025-07-25 16:52:08,430][root][INFO] - epoch: 14
[2025-07-25 16:55:47,067][root][INFO] - epoch: 15
[2025-07-25 16:59:26,403][root][INFO] - epoch: 16
[2025-07-25 17:03:04,284][root][INFO] - epoch: 17
[2025-07-25 17:06:41,463][root][INFO] - epoch: 18
[2025-07-25 17:10:19,157][root][INFO] - epoch: 19
[2025-07-25 17:13:56,546][root][INFO] - finished train
[2025-07-25 17:13:56,547][root][INFO] - starting eval
[2025-07-25 17:14:13,257][root][INFO] - finished eval
[2025-07-25 17:14:13,877][root][INFO] - starting train
[2025-07-25 17:14:13,877][root][INFO] - epoch: 0
[2025-07-25 17:17:52,458][root][INFO] - epoch: 1
[2025-07-25 17:21:31,399][root][INFO] - epoch: 2
[2025-07-25 17:25:09,225][root][INFO] - epoch: 3
[2025-07-25 17:28:47,011][root][INFO] - epoch: 4
[2025-07-25 17:32:25,084][root][INFO] - epoch: 5
[2025-07-25 17:36:02,786][root][INFO] - epoch: 6
[2025-07-25 17:39:40,253][root][INFO] - epoch: 7
[2025-07-25 17:43:17,647][root][INFO] - epoch: 8
[2025-07-25 17:46:54,791][root][INFO] - epoch: 9
[2025-07-25 17:50:32,003][root][INFO] - epoch: 10
[2025-07-25 17:54:08,261][root][INFO] - epoch: 11
[2025-07-25 17:57:44,989][root][INFO] - epoch: 12
[2025-07-25 18:01:21,249][root][INFO] - epoch: 13
[2025-07-25 18:04:56,893][root][INFO] - epoch: 14
[2025-07-25 18:08:33,572][root][INFO] - epoch: 15
[2025-07-25 18:12:10,618][root][INFO] - epoch: 16
[2025-07-25 18:15:46,866][root][INFO] - epoch: 17
[2025-07-25 18:19:22,622][root][INFO] - epoch: 18
[2025-07-25 18:22:59,606][root][INFO] - epoch: 19
[2025-07-25 18:26:35,286][root][INFO] - finished train
[2025-07-25 18:26:35,287][root][INFO] - starting eval
[2025-07-25 18:26:46,805][root][INFO] - finished eval
[2025-07-25 18:26:47,130][root][INFO] - starting train
[2025-07-25 18:26:47,130][root][INFO] - epoch: 0
[2025-07-25 18:30:22,259][root][INFO] - epoch: 1
[2025-07-25 18:33:58,637][root][INFO] - epoch: 2
[2025-07-25 18:37:34,284][root][INFO] - epoch: 3
[2025-07-25 18:41:10,136][root][INFO] - epoch: 4
[2025-07-25 18:44:45,799][root][INFO] - epoch: 5
[2025-07-25 18:48:21,822][root][INFO] - epoch: 6
[2025-07-25 18:51:59,763][root][INFO] - epoch: 7
[2025-07-25 18:55:35,881][root][INFO] - epoch: 8
[2025-07-25 18:59:12,653][root][INFO] - epoch: 9
[2025-07-25 19:02:48,960][root][INFO] - epoch: 10
[2025-07-25 19:06:24,833][root][INFO] - epoch: 11
[2025-07-25 19:10:01,594][root][INFO] - epoch: 12
[2025-07-25 19:13:38,388][root][INFO] - epoch: 13
[2025-07-25 19:17:16,038][root][INFO] - epoch: 14
[2025-07-25 19:20:53,305][root][INFO] - epoch: 15
[2025-07-25 19:24:29,892][root][INFO] - epoch: 16
[2025-07-25 19:28:07,906][root][INFO] - epoch: 17
[2025-07-25 19:31:45,616][root][INFO] - epoch: 18
[2025-07-25 19:35:22,380][root][INFO] - epoch: 19
[2025-07-25 19:38:59,006][root][INFO] - finished train
[2025-07-25 19:38:59,007][root][INFO] - starting eval
[2025-07-25 19:39:13,168][root][INFO] - finished eval
[2025-07-25 19:39:13,532][root][INFO] - starting train
[2025-07-25 19:39:13,533][root][INFO] - epoch: 0
[2025-07-25 19:42:51,001][root][INFO] - epoch: 1
[2025-07-25 19:46:28,045][root][INFO] - epoch: 2
[2025-07-25 19:50:04,997][root][INFO] - epoch: 3
[2025-07-25 19:53:41,209][root][INFO] - epoch: 4
[2025-07-25 19:57:17,141][root][INFO] - epoch: 5
[2025-07-25 20:00:52,526][root][INFO] - epoch: 6
[2025-07-25 20:04:28,386][root][INFO] - epoch: 7
[2025-07-25 20:08:03,735][root][INFO] - epoch: 8
[2025-07-25 20:11:39,516][root][INFO] - epoch: 9
[2025-07-25 20:15:15,788][root][INFO] - epoch: 10
[2025-07-25 20:18:50,735][root][INFO] - epoch: 11
[2025-07-25 20:22:27,354][root][INFO] - epoch: 12
[2025-07-25 20:26:04,633][root][INFO] - epoch: 13
[2025-07-25 20:29:42,990][root][INFO] - epoch: 14
[2025-07-25 20:33:20,648][root][INFO] - epoch: 15
[2025-07-25 20:36:58,359][root][INFO] - epoch: 16
[2025-07-25 20:40:35,872][root][INFO] - epoch: 17
[2025-07-25 20:44:14,012][root][INFO] - epoch: 18
[2025-07-25 20:47:52,697][root][INFO] - epoch: 19
[2025-07-25 20:51:30,056][root][INFO] - finished train
[2025-07-25 20:51:30,057][root][INFO] - starting eval
[2025-07-25 20:51:43,546][root][INFO] - finished eval
[2025-07-25 20:51:43,934][root][INFO] - starting train
[2025-07-25 20:51:43,934][root][INFO] - epoch: 0
[2025-07-25 20:55:20,505][root][INFO] - epoch: 1
[2025-07-25 20:58:57,077][root][INFO] - epoch: 2
[2025-07-25 21:02:34,324][root][INFO] - epoch: 3
[2025-07-25 21:06:10,629][root][INFO] - epoch: 4
[2025-07-25 21:09:47,411][root][INFO] - epoch: 5
[2025-07-25 21:13:23,038][root][INFO] - epoch: 6
[2025-07-25 21:16:59,184][root][INFO] - epoch: 7
[2025-07-25 21:20:35,141][root][INFO] - epoch: 8
[2025-07-25 21:24:11,688][root][INFO] - epoch: 9
[2025-07-25 21:27:47,494][root][INFO] - epoch: 10
[2025-07-25 21:31:24,692][root][INFO] - epoch: 11
[2025-07-25 21:35:01,632][root][INFO] - epoch: 12
[2025-07-25 21:38:37,403][root][INFO] - epoch: 13
[2025-07-25 21:42:12,716][root][INFO] - epoch: 14
[2025-07-25 21:45:48,681][root][INFO] - epoch: 15
[2025-07-25 21:49:25,233][root][INFO] - epoch: 16
[2025-07-25 21:53:02,157][root][INFO] - epoch: 17
[2025-07-25 21:56:38,633][root][INFO] - epoch: 18
[2025-07-25 22:00:14,319][root][INFO] - epoch: 19
[2025-07-25 22:03:50,766][root][INFO] - finished train
[2025-07-25 22:03:50,766][root][INFO] - starting eval
[2025-07-25 22:04:08,736][root][INFO] - finished eval
[2025-07-25 22:04:09,246][root][INFO] - starting train
[2025-07-25 22:04:09,247][root][INFO] - epoch: 0
[2025-07-25 22:07:46,885][root][INFO] - epoch: 1
[2025-07-25 22:11:25,036][root][INFO] - epoch: 2
[2025-07-25 22:15:03,916][root][INFO] - epoch: 3
[2025-07-25 22:18:41,757][root][INFO] - epoch: 4
[2025-07-25 22:22:19,211][root][INFO] - epoch: 5
[2025-07-25 22:25:57,740][root][INFO] - epoch: 6
[2025-07-25 22:29:34,446][root][INFO] - epoch: 7
[2025-07-25 22:33:10,120][root][INFO] - epoch: 8
[2025-07-25 22:36:46,982][root][INFO] - epoch: 9
[2025-07-25 22:40:24,315][root][INFO] - epoch: 10
[2025-07-25 22:43:59,786][root][INFO] - epoch: 11
[2025-07-25 22:47:35,824][root][INFO] - epoch: 12
[2025-07-25 22:51:11,576][root][INFO] - epoch: 13
[2025-07-25 22:54:47,486][root][INFO] - epoch: 14
[2025-07-25 22:58:23,408][root][INFO] - epoch: 15
[2025-07-25 23:01:59,668][root][INFO] - epoch: 16
[2025-07-25 23:05:35,588][root][INFO] - epoch: 17
[2025-07-25 23:09:12,705][root][INFO] - epoch: 18
[2025-07-25 23:12:49,357][root][INFO] - epoch: 19
[2025-07-25 23:16:25,713][root][INFO] - finished train
[2025-07-25 23:16:25,713][root][INFO] - starting eval
[2025-07-25 23:16:39,047][root][INFO] - finished eval
[2025-07-25 23:16:39,372][root][INFO] - starting train
[2025-07-25 23:16:39,373][root][INFO] - epoch: 0
[2025-07-25 23:20:15,321][root][INFO] - epoch: 1
[2025-07-25 23:23:50,884][root][INFO] - epoch: 2
[2025-07-25 23:27:27,569][root][INFO] - epoch: 3
[2025-07-25 23:31:04,484][root][INFO] - epoch: 4
[2025-07-25 23:34:41,056][root][INFO] - epoch: 5
[2025-07-25 23:38:16,605][root][INFO] - epoch: 6
[2025-07-25 23:41:52,479][root][INFO] - epoch: 7
[2025-07-25 23:45:29,050][root][INFO] - epoch: 8
[2025-07-25 23:49:05,039][root][INFO] - epoch: 9
[2025-07-25 23:52:41,044][root][INFO] - epoch: 10
[2025-07-25 23:56:16,626][root][INFO] - epoch: 11
[2025-07-25 23:59:53,245][root][INFO] - epoch: 12
[2025-07-26 00:03:29,309][root][INFO] - epoch: 13
[2025-07-26 00:07:05,182][root][INFO] - epoch: 14
[2025-07-26 00:10:40,853][root][INFO] - epoch: 15
[2025-07-26 00:14:17,638][root][INFO] - epoch: 16
[2025-07-26 00:17:54,671][root][INFO] - epoch: 17
[2025-07-26 00:21:31,983][root][INFO] - epoch: 18
[2025-07-26 00:25:09,753][root][INFO] - epoch: 19
[2025-07-26 00:28:48,251][root][INFO] - finished train
[2025-07-26 00:28:48,251][root][INFO] - starting eval
[2025-07-26 00:29:03,597][root][INFO] - finished eval
[2025-07-26 00:29:03,949][root][INFO] - starting train
[2025-07-26 00:29:03,950][root][INFO] - epoch: 0
[2025-07-26 00:32:40,961][root][INFO] - epoch: 1
[2025-07-26 00:36:18,570][root][INFO] - epoch: 2
[2025-07-26 00:39:56,421][root][INFO] - epoch: 3
[2025-07-26 00:43:34,508][root][INFO] - epoch: 4
[2025-07-26 00:47:11,278][root][INFO] - epoch: 5
[2025-07-26 00:50:48,177][root][INFO] - epoch: 6
[2025-07-26 00:54:24,270][root][INFO] - epoch: 7
[2025-07-26 00:57:59,667][root][INFO] - epoch: 8
[2025-07-26 01:01:34,343][root][INFO] - epoch: 9
[2025-07-26 01:05:09,351][root][INFO] - epoch: 10
[2025-07-26 01:08:44,432][root][INFO] - epoch: 11
[2025-07-26 01:12:19,382][root][INFO] - epoch: 12
[2025-07-26 01:15:55,244][root][INFO] - epoch: 13
[2025-07-26 01:19:30,033][root][INFO] - epoch: 14
[2025-07-26 01:23:06,104][root][INFO] - epoch: 15
[2025-07-26 01:26:41,309][root][INFO] - epoch: 16
[2025-07-26 01:30:15,918][root][INFO] - epoch: 17
[2025-07-26 01:33:51,103][root][INFO] - epoch: 18
[2025-07-26 01:37:26,423][root][INFO] - epoch: 19
[2025-07-26 01:41:01,492][root][INFO] - finished train
[2025-07-26 01:41:01,493][root][INFO] - starting eval
[2025-07-26 01:41:12,068][root][INFO] - finished eval
[2025-07-26 01:41:12,406][root][INFO] - starting train
[2025-07-26 01:41:12,406][root][INFO] - epoch: 0
[2025-07-26 01:44:47,028][root][INFO] - epoch: 1
[2025-07-26 01:48:21,739][root][INFO] - epoch: 2
[2025-07-26 01:51:56,056][root][INFO] - epoch: 3
[2025-07-26 01:55:29,961][root][INFO] - epoch: 4
[2025-07-26 01:59:04,325][root][INFO] - epoch: 5
[2025-07-26 02:02:38,643][root][INFO] - epoch: 6
[2025-07-26 02:06:12,280][root][INFO] - epoch: 7
[2025-07-26 02:09:46,530][root][INFO] - epoch: 8
[2025-07-26 02:13:20,433][root][INFO] - epoch: 9
[2025-07-26 02:16:54,269][root][INFO] - epoch: 10
[2025-07-26 02:20:28,536][root][INFO] - epoch: 11
[2025-07-26 02:24:02,642][root][INFO] - epoch: 12
[2025-07-26 02:27:36,818][root][INFO] - epoch: 13
[2025-07-26 02:31:10,601][root][INFO] - epoch: 14
[2025-07-26 02:34:44,609][root][INFO] - epoch: 15
[2025-07-26 02:38:18,221][root][INFO] - epoch: 16
[2025-07-26 02:41:51,811][root][INFO] - epoch: 17
[2025-07-26 02:45:26,076][root][INFO] - epoch: 18
[2025-07-26 02:49:00,581][root][INFO] - epoch: 19
[2025-07-26 02:52:35,004][root][INFO] - finished train
[2025-07-26 02:52:35,004][root][INFO] - starting eval
[2025-07-26 02:52:44,170][root][INFO] - finished eval
[2025-07-26 02:52:44,502][root][INFO] - starting train
[2025-07-26 02:52:44,502][root][INFO] - epoch: 0
[2025-07-26 02:56:18,367][root][INFO] - epoch: 1
[2025-07-26 02:59:52,353][root][INFO] - epoch: 2
[2025-07-26 03:03:26,139][root][INFO] - epoch: 3
[2025-07-26 03:07:00,541][root][INFO] - epoch: 4
[2025-07-26 03:10:34,297][root][INFO] - epoch: 5
[2025-07-26 03:14:08,351][root][INFO] - epoch: 6
[2025-07-26 03:17:42,095][root][INFO] - epoch: 7
[2025-07-26 03:21:15,854][root][INFO] - epoch: 8
[2025-07-26 03:24:49,490][root][INFO] - epoch: 9
[2025-07-26 03:28:23,429][root][INFO] - epoch: 10
[2025-07-26 03:31:57,697][root][INFO] - epoch: 11
[2025-07-26 03:35:31,769][root][INFO] - epoch: 12
[2025-07-26 03:39:05,836][root][INFO] - epoch: 13
[2025-07-26 03:42:39,935][root][INFO] - epoch: 14
[2025-07-26 03:46:14,012][root][INFO] - epoch: 15
[2025-07-26 03:49:48,256][root][INFO] - epoch: 16
[2025-07-26 03:53:21,644][root][INFO] - epoch: 17
[2025-07-26 03:56:55,224][root][INFO] - epoch: 18
[2025-07-26 04:00:29,297][root][INFO] - epoch: 19
[2025-07-26 04:04:02,807][root][INFO] - finished train
[2025-07-26 04:04:02,808][root][INFO] - starting eval
[2025-07-26 04:04:11,821][root][INFO] - finished eval
[2025-07-26 04:04:12,133][root][INFO] - starting train
[2025-07-26 04:04:12,133][root][INFO] - epoch: 0
[2025-07-26 04:07:46,608][root][INFO] - epoch: 1
[2025-07-26 04:11:20,993][root][INFO] - epoch: 2
[2025-07-26 04:14:55,112][root][INFO] - epoch: 3
[2025-07-26 04:18:29,150][root][INFO] - epoch: 4
[2025-07-26 04:22:02,741][root][INFO] - epoch: 5
[2025-07-26 04:25:37,521][root][INFO] - epoch: 6
[2025-07-26 04:29:11,402][root][INFO] - epoch: 7
[2025-07-26 04:32:45,839][root][INFO] - epoch: 8
[2025-07-26 04:36:20,522][root][INFO] - epoch: 9
[2025-07-26 04:39:54,302][root][INFO] - epoch: 10
[2025-07-26 04:43:28,109][root][INFO] - epoch: 11
[2025-07-26 04:47:02,301][root][INFO] - epoch: 12
[2025-07-26 04:50:36,950][root][INFO] - epoch: 13
[2025-07-26 04:54:10,934][root][INFO] - epoch: 14
[2025-07-26 04:57:44,892][root][INFO] - epoch: 15
[2025-07-26 05:01:18,866][root][INFO] - epoch: 16
[2025-07-26 05:04:51,514][root][INFO] - epoch: 17
[2025-07-26 05:08:24,598][root][INFO] - epoch: 18
[2025-07-26 05:11:57,296][root][INFO] - epoch: 19
[2025-07-26 05:15:29,891][root][INFO] - finished train
[2025-07-26 05:15:29,891][root][INFO] - starting eval
[2025-07-26 05:15:37,750][root][INFO] - finished eval
[2025-07-26 05:15:38,026][root][INFO] - starting train
[2025-07-26 05:15:38,026][root][INFO] - epoch: 0
[2025-07-26 05:19:10,952][root][INFO] - epoch: 1
[2025-07-26 05:22:43,623][root][INFO] - epoch: 2
[2025-07-26 05:26:16,686][root][INFO] - epoch: 3
[2025-07-26 05:29:49,352][root][INFO] - epoch: 4
[2025-07-26 05:33:21,970][root][INFO] - epoch: 5
[2025-07-26 05:36:55,020][root][INFO] - epoch: 6
[2025-07-26 05:40:27,956][root][INFO] - epoch: 7
[2025-07-26 05:44:00,512][root][INFO] - epoch: 8
[2025-07-26 05:47:33,306][root][INFO] - epoch: 9
[2025-07-26 05:51:06,403][root][INFO] - epoch: 10
[2025-07-26 05:54:39,279][root][INFO] - epoch: 11
[2025-07-26 05:58:12,240][root][INFO] - epoch: 12
[2025-07-26 06:01:45,161][root][INFO] - epoch: 13
[2025-07-26 06:05:18,452][root][INFO] - epoch: 14
[2025-07-26 06:08:51,507][root][INFO] - epoch: 15
[2025-07-26 06:12:24,275][root][INFO] - epoch: 16
[2025-07-26 06:15:57,584][root][INFO] - epoch: 17
[2025-07-26 06:19:30,584][root][INFO] - epoch: 18
[2025-07-26 06:23:03,162][root][INFO] - epoch: 19
[2025-07-26 06:26:35,826][root][INFO] - finished train
[2025-07-26 06:26:35,827][root][INFO] - starting eval
[2025-07-26 06:26:44,266][root][INFO] - finished eval
[2025-07-26 06:26:44,588][root][INFO] - starting train
[2025-07-26 06:26:44,589][root][INFO] - epoch: 0
[2025-07-26 06:30:17,731][root][INFO] - epoch: 1
[2025-07-26 06:33:50,303][root][INFO] - epoch: 2
[2025-07-26 06:37:23,117][root][INFO] - epoch: 3
[2025-07-26 06:40:56,348][root][INFO] - epoch: 4
[2025-07-26 06:44:28,884][root][INFO] - epoch: 5
[2025-07-26 06:48:01,273][root][INFO] - epoch: 6
[2025-07-26 06:51:34,240][root][INFO] - epoch: 7
[2025-07-26 06:55:07,170][root][INFO] - epoch: 8
[2025-07-26 06:58:40,084][root][INFO] - epoch: 9
[2025-07-26 07:02:12,908][root][INFO] - epoch: 10
[2025-07-26 07:05:45,807][root][INFO] - epoch: 11
[2025-07-26 07:09:18,718][root][INFO] - epoch: 12
[2025-07-26 07:12:51,400][root][INFO] - epoch: 13
[2025-07-26 07:16:24,053][root][INFO] - epoch: 14
[2025-07-26 07:19:56,701][root][INFO] - epoch: 15
[2025-07-26 07:23:29,350][root][INFO] - epoch: 16
[2025-07-26 07:27:02,571][root][INFO] - epoch: 17
[2025-07-26 07:30:35,285][root][INFO] - epoch: 18
[2025-07-26 07:34:08,077][root][INFO] - epoch: 19
[2025-07-26 07:37:40,821][root][INFO] - finished train
[2025-07-26 07:37:40,821][root][INFO] - starting eval
[2025-07-26 07:37:48,909][root][INFO] - finished eval
[2025-07-26 07:37:49,192][root][INFO] - starting train
[2025-07-26 07:37:49,192][root][INFO] - epoch: 0
[2025-07-26 07:41:21,940][root][INFO] - epoch: 1
[2025-07-26 07:44:54,871][root][INFO] - epoch: 2
[2025-07-26 07:48:27,470][root][INFO] - epoch: 3
[2025-07-26 07:52:00,224][root][INFO] - epoch: 4
[2025-07-26 07:55:32,886][root][INFO] - epoch: 5
[2025-07-26 07:59:05,450][root][INFO] - epoch: 6
[2025-07-26 08:02:38,200][root][INFO] - epoch: 7
[2025-07-26 08:06:11,023][root][INFO] - epoch: 8
[2025-07-26 08:09:43,846][root][INFO] - epoch: 9
[2025-07-26 08:13:16,601][root][INFO] - epoch: 10
[2025-07-26 08:16:49,429][root][INFO] - epoch: 11
[2025-07-26 08:20:22,018][root][INFO] - epoch: 12
[2025-07-26 08:23:54,679][root][INFO] - epoch: 13
[2025-07-26 08:27:27,445][root][INFO] - epoch: 14
[2025-07-26 08:31:00,234][root][INFO] - epoch: 15
[2025-07-26 08:34:33,287][root][INFO] - epoch: 16
[2025-07-26 08:38:06,198][root][INFO] - epoch: 17
[2025-07-26 08:41:38,664][root][INFO] - epoch: 18
[2025-07-26 08:45:11,646][root][INFO] - epoch: 19
[2025-07-26 08:48:44,516][root][INFO] - finished train
[2025-07-26 08:48:44,517][root][INFO] - starting eval
[2025-07-26 08:48:52,530][root][INFO] - finished eval
[2025-07-26 08:48:52,840][root][INFO] - starting train
[2025-07-26 08:48:52,840][root][INFO] - epoch: 0
[2025-07-26 08:52:25,816][root][INFO] - epoch: 1
[2025-07-26 08:55:58,619][root][INFO] - epoch: 2
[2025-07-26 08:59:31,155][root][INFO] - epoch: 3
[2025-07-26 09:03:04,305][root][INFO] - epoch: 4
[2025-07-26 09:06:37,231][root][INFO] - epoch: 5
[2025-07-26 09:10:09,758][root][INFO] - epoch: 6
[2025-07-26 09:13:42,652][root][INFO] - epoch: 7
[2025-07-26 09:17:15,155][root][INFO] - epoch: 8
[2025-07-26 09:20:48,266][root][INFO] - epoch: 9
[2025-07-26 09:24:21,370][root][INFO] - epoch: 10
[2025-07-26 09:27:53,824][root][INFO] - epoch: 11
[2025-07-26 09:31:26,808][root][INFO] - epoch: 12
[2025-07-26 09:34:59,799][root][INFO] - epoch: 13
[2025-07-26 09:38:32,968][root][INFO] - epoch: 14
[2025-07-26 09:42:06,167][root][INFO] - epoch: 15
[2025-07-26 09:45:39,461][root][INFO] - epoch: 16
[2025-07-26 09:49:12,472][root][INFO] - epoch: 17
[2025-07-26 09:52:45,768][root][INFO] - epoch: 18
[2025-07-26 09:56:18,674][root][INFO] - epoch: 19
[2025-07-26 09:59:51,521][root][INFO] - finished train
[2025-07-26 09:59:51,522][root][INFO] - starting eval
[2025-07-26 09:59:59,731][root][INFO] - finished eval
[2025-07-26 09:59:59,934][root][INFO] - starting train
[2025-07-26 09:59:59,934][root][INFO] - epoch: 0
[2025-07-26 10:03:33,285][root][INFO] - epoch: 1
[2025-07-26 10:07:06,006][root][INFO] - epoch: 2
[2025-07-26 10:10:38,997][root][INFO] - epoch: 3
[2025-07-26 10:14:12,012][root][INFO] - epoch: 4
[2025-07-26 10:17:45,060][root][INFO] - epoch: 5
[2025-07-26 10:21:17,903][root][INFO] - epoch: 6
[2025-07-26 10:24:50,856][root][INFO] - epoch: 7
[2025-07-26 10:28:23,514][root][INFO] - epoch: 8
[2025-07-26 10:31:55,933][root][INFO] - epoch: 9
[2025-07-26 10:35:28,654][root][INFO] - epoch: 10
[2025-07-26 10:39:02,001][root][INFO] - epoch: 11
[2025-07-26 10:42:35,071][root][INFO] - epoch: 12
[2025-07-26 10:46:07,740][root][INFO] - epoch: 13
[2025-07-26 10:49:40,137][root][INFO] - epoch: 14
[2025-07-26 10:53:12,722][root][INFO] - epoch: 15
[2025-07-26 10:56:45,838][root][INFO] - epoch: 16
[2025-07-26 11:00:18,685][root][INFO] - epoch: 17
[2025-07-26 11:03:51,316][root][INFO] - epoch: 18
[2025-07-26 11:07:24,192][root][INFO] - epoch: 19
[2025-07-26 11:10:57,280][root][INFO] - finished train
[2025-07-26 11:10:57,280][root][INFO] - starting eval
[2025-07-26 11:11:05,798][root][INFO] - finished eval
[2025-07-26 11:11:06,036][root][INFO] - starting train
[2025-07-26 11:11:06,036][root][INFO] - epoch: 0
[2025-07-26 11:14:38,843][root][INFO] - epoch: 1
[2025-07-26 11:18:11,684][root][INFO] - epoch: 2
[2025-07-26 11:21:44,317][root][INFO] - epoch: 3
[2025-07-26 11:25:16,836][root][INFO] - epoch: 4
[2025-07-26 11:28:49,463][root][INFO] - epoch: 5
[2025-07-26 11:32:22,321][root][INFO] - epoch: 6
[2025-07-26 11:35:54,994][root][INFO] - epoch: 7
[2025-07-26 11:39:28,038][root][INFO] - epoch: 8
[2025-07-26 11:43:00,759][root][INFO] - epoch: 9
[2025-07-26 11:46:33,474][root][INFO] - epoch: 10
[2025-07-26 11:50:06,710][root][INFO] - epoch: 11
[2025-07-26 11:53:39,330][root][INFO] - epoch: 12
[2025-07-26 11:57:12,173][root][INFO] - epoch: 13
[2025-07-26 12:00:45,156][root][INFO] - epoch: 14
[2025-07-26 12:04:18,132][root][INFO] - epoch: 15
[2025-07-26 12:07:50,535][root][INFO] - epoch: 16
[2025-07-26 12:11:23,502][root][INFO] - epoch: 17
[2025-07-26 12:14:56,669][root][INFO] - epoch: 18
[2025-07-26 12:18:29,448][root][INFO] - epoch: 19
[2025-07-26 12:22:02,526][root][INFO] - finished train
[2025-07-26 12:22:02,526][root][INFO] - starting eval
[2025-07-26 12:22:10,950][root][INFO] - finished eval
[2025-07-26 12:22:11,143][root][INFO] - starting train
[2025-07-26 12:22:11,143][root][INFO] - epoch: 0
[2025-07-26 12:25:43,914][root][INFO] - epoch: 1
[2025-07-26 12:29:16,850][root][INFO] - epoch: 2
[2025-07-26 12:32:50,103][root][INFO] - epoch: 3
[2025-07-26 12:36:23,380][root][INFO] - epoch: 4
[2025-07-26 12:39:55,986][root][INFO] - epoch: 5
[2025-07-26 12:43:28,767][root][INFO] - epoch: 6
[2025-07-26 12:47:01,293][root][INFO] - epoch: 7
[2025-07-26 12:50:34,028][root][INFO] - epoch: 8
[2025-07-26 12:54:06,489][root][INFO] - epoch: 9
[2025-07-26 12:57:38,960][root][INFO] - epoch: 10
[2025-07-26 13:01:11,704][root][INFO] - epoch: 11
[2025-07-26 13:04:44,440][root][INFO] - epoch: 12
[2025-07-26 13:08:17,194][root][INFO] - epoch: 13
[2025-07-26 13:11:50,065][root][INFO] - epoch: 14
[2025-07-26 13:15:22,843][root][INFO] - epoch: 15
[2025-07-26 13:18:55,886][root][INFO] - epoch: 16
[2025-07-26 13:22:28,674][root][INFO] - epoch: 17
[2025-07-26 13:26:01,424][root][INFO] - epoch: 18
[2025-07-26 13:29:34,558][root][INFO] - epoch: 19
[2025-07-26 13:33:07,103][root][INFO] - finished train
[2025-07-26 13:33:07,104][root][INFO] - starting eval
[2025-07-26 13:33:15,080][root][INFO] - finished eval
[2025-07-26 13:33:15,410][root][INFO] - starting train
[2025-07-26 13:33:15,410][root][INFO] - epoch: 0
[2025-07-26 13:36:48,257][root][INFO] - epoch: 1
[2025-07-26 13:40:21,074][root][INFO] - epoch: 2
[2025-07-26 13:43:53,988][root][INFO] - epoch: 3
[2025-07-26 13:47:26,476][root][INFO] - epoch: 4
[2025-07-26 13:50:58,951][root][INFO] - epoch: 5
[2025-07-26 13:54:31,991][root][INFO] - epoch: 6
[2025-07-26 13:58:05,018][root][INFO] - epoch: 7
[2025-07-26 14:01:37,746][root][INFO] - epoch: 8
[2025-07-26 14:05:10,807][root][INFO] - epoch: 9
[2025-07-26 14:08:43,876][root][INFO] - epoch: 10
[2025-07-26 14:12:16,402][root][INFO] - epoch: 11
[2025-07-26 14:15:49,371][root][INFO] - epoch: 12
[2025-07-26 14:19:21,877][root][INFO] - epoch: 13
[2025-07-26 14:22:54,979][root][INFO] - epoch: 14
[2025-07-26 14:26:27,990][root][INFO] - epoch: 15
[2025-07-26 14:30:00,901][root][INFO] - epoch: 16
[2025-07-26 14:33:34,250][root][INFO] - epoch: 17
[2025-07-26 14:37:07,211][root][INFO] - epoch: 18
[2025-07-26 14:40:40,058][root][INFO] - epoch: 19
[2025-07-26 14:44:12,914][root][INFO] - finished train
[2025-07-26 14:44:12,915][root][INFO] - starting eval
[2025-07-26 14:44:20,982][root][INFO] - finished eval
[2025-07-26 14:44:21,211][root][INFO] - starting train
[2025-07-26 14:44:21,211][root][INFO] - epoch: 0
[2025-07-26 14:47:53,466][root][INFO] - epoch: 1
[2025-07-26 14:51:26,211][root][INFO] - epoch: 2
[2025-07-26 14:54:58,880][root][INFO] - epoch: 3
[2025-07-26 14:58:31,659][root][INFO] - epoch: 4
[2025-07-26 15:02:04,584][root][INFO] - epoch: 5
[2025-07-26 15:05:37,433][root][INFO] - epoch: 6
[2025-07-26 15:09:10,288][root][INFO] - epoch: 7
[2025-07-26 15:12:43,041][root][INFO] - epoch: 8
[2025-07-26 15:16:15,944][root][INFO] - epoch: 9
[2025-07-26 15:19:48,678][root][INFO] - epoch: 10
[2025-07-26 15:23:21,171][root][INFO] - epoch: 11
[2025-07-26 15:26:54,083][root][INFO] - epoch: 12
[2025-07-26 15:30:27,211][root][INFO] - epoch: 13
[2025-07-26 15:34:00,086][root][INFO] - epoch: 14
[2025-07-26 15:37:33,235][root][INFO] - epoch: 15
[2025-07-26 15:41:06,357][root][INFO] - epoch: 16
[2025-07-26 15:44:39,978][root][INFO] - epoch: 17
[2025-07-26 15:48:12,969][root][INFO] - epoch: 18
[2025-07-26 15:51:45,571][root][INFO] - epoch: 19
[2025-07-26 15:55:18,533][root][INFO] - finished train
[2025-07-26 15:55:18,533][root][INFO] - starting eval
[2025-07-26 15:55:26,568][root][INFO] - finished eval
[2025-07-26 15:55:26,858][root][INFO] - starting train
[2025-07-26 15:55:26,858][root][INFO] - epoch: 0
[2025-07-26 15:58:59,444][root][INFO] - epoch: 1
[2025-07-26 16:02:32,022][root][INFO] - epoch: 2
[2025-07-26 16:06:05,200][root][INFO] - epoch: 3
[2025-07-26 16:09:38,374][root][INFO] - epoch: 4
[2025-07-26 16:13:11,289][root][INFO] - epoch: 5
[2025-07-26 16:16:44,236][root][INFO] - epoch: 6
[2025-07-26 16:20:17,043][root][INFO] - epoch: 7
[2025-07-26 16:23:49,887][root][INFO] - epoch: 8
[2025-07-26 16:27:23,313][root][INFO] - epoch: 9
[2025-07-26 16:30:56,133][root][INFO] - epoch: 10
[2025-07-26 16:34:28,929][root][INFO] - epoch: 11
[2025-07-26 16:38:01,887][root][INFO] - epoch: 12
[2025-07-26 16:41:34,819][root][INFO] - epoch: 13
[2025-07-26 16:45:07,624][root][INFO] - epoch: 14
[2025-07-26 16:48:40,272][root][INFO] - epoch: 15
[2025-07-26 16:52:13,108][root][INFO] - epoch: 16
[2025-07-26 16:55:45,898][root][INFO] - epoch: 17
[2025-07-26 16:59:18,924][root][INFO] - epoch: 18
[2025-07-26 17:02:51,598][root][INFO] - epoch: 19
[2025-07-26 17:06:24,664][root][INFO] - finished train
[2025-07-26 17:06:24,665][root][INFO] - starting eval
[2025-07-26 17:06:33,692][root][INFO] - finished eval
[2025-07-26 17:06:33,907][root][INFO] - starting train
[2025-07-26 17:06:33,907][root][INFO] - epoch: 0
[2025-07-26 17:10:06,666][root][INFO] - epoch: 1
[2025-07-26 17:13:39,347][root][INFO] - epoch: 2
[2025-07-26 17:17:11,984][root][INFO] - epoch: 3
[2025-07-26 17:20:45,110][root][INFO] - epoch: 4
[2025-07-26 17:24:18,023][root][INFO] - epoch: 5
[2025-07-26 17:27:50,712][root][INFO] - epoch: 6
[2025-07-26 17:31:23,490][root][INFO] - epoch: 7
[2025-07-26 17:34:55,976][root][INFO] - epoch: 8
[2025-07-26 17:38:28,730][root][INFO] - epoch: 9
[2025-07-26 17:42:01,690][root][INFO] - epoch: 10
[2025-07-26 17:45:34,787][root][INFO] - epoch: 11
[2025-07-26 17:49:07,768][root][INFO] - epoch: 12
[2025-07-26 17:52:40,482][root][INFO] - epoch: 13
[2025-07-26 17:56:13,188][root][INFO] - epoch: 14
[2025-07-26 17:59:45,718][root][INFO] - epoch: 15
[2025-07-26 18:03:18,495][root][INFO] - epoch: 16
[2025-07-26 18:06:51,074][root][INFO] - epoch: 17
[2025-07-26 18:10:23,817][root][INFO] - epoch: 18
[2025-07-26 18:13:56,729][root][INFO] - epoch: 19
[2025-07-26 18:17:29,543][root][INFO] - finished train
[2025-07-26 18:17:29,543][root][INFO] - starting eval
[2025-07-26 18:17:37,969][root][INFO] - finished eval
[2025-07-26 18:17:38,169][root][INFO] - starting train
[2025-07-26 18:17:38,169][root][INFO] - epoch: 0
[2025-07-26 18:21:10,789][root][INFO] - epoch: 1
[2025-07-26 18:24:43,590][root][INFO] - epoch: 2
[2025-07-26 18:28:16,397][root][INFO] - epoch: 3
[2025-07-26 18:31:49,080][root][INFO] - epoch: 4
[2025-07-26 18:35:22,029][root][INFO] - epoch: 5
[2025-07-26 18:38:55,062][root][INFO] - epoch: 6
[2025-07-26 18:42:28,590][root][INFO] - epoch: 7
[2025-07-26 18:46:02,164][root][INFO] - epoch: 8
[2025-07-26 18:49:34,951][root][INFO] - epoch: 9
[2025-07-26 18:53:08,178][root][INFO] - epoch: 10
[2025-07-26 18:56:40,908][root][INFO] - epoch: 11
[2025-07-26 19:00:13,784][root][INFO] - epoch: 12
[2025-07-26 19:03:46,656][root][INFO] - epoch: 13
[2025-07-26 19:07:19,353][root][INFO] - epoch: 14
[2025-07-26 19:10:51,782][root][INFO] - epoch: 15
[2025-07-26 19:14:24,715][root][INFO] - epoch: 16
[2025-07-26 19:17:57,349][root][INFO] - epoch: 17
[2025-07-26 19:21:30,344][root][INFO] - epoch: 18
[2025-07-26 19:25:03,436][root][INFO] - epoch: 19
[2025-07-26 19:28:36,382][root][INFO] - finished train
[2025-07-26 19:28:36,382][root][INFO] - starting eval
[2025-07-26 19:28:44,337][root][INFO] - finished eval
[2025-07-26 19:28:44,528][root][INFO] - starting train
[2025-07-26 19:28:44,528][root][INFO] - epoch: 0
[2025-07-26 19:32:17,030][root][INFO] - epoch: 1
[2025-07-26 19:35:49,897][root][INFO] - epoch: 2
[2025-07-26 19:39:22,693][root][INFO] - epoch: 3
[2025-07-26 19:42:55,264][root][INFO] - epoch: 4
[2025-07-26 19:46:28,135][root][INFO] - epoch: 5
[2025-07-26 19:50:01,116][root][INFO] - epoch: 6
[2025-07-26 19:53:33,808][root][INFO] - epoch: 7
[2025-07-26 19:57:06,556][root][INFO] - epoch: 8
[2025-07-26 20:00:39,370][root][INFO] - epoch: 9
[2025-07-26 20:04:12,253][root][INFO] - epoch: 10
[2025-07-26 20:07:45,323][root][INFO] - epoch: 11
[2025-07-26 20:11:17,998][root][INFO] - epoch: 12
[2025-07-26 20:14:50,499][root][INFO] - epoch: 13
[2025-07-26 20:18:23,361][root][INFO] - epoch: 14
[2025-07-26 20:21:56,191][root][INFO] - epoch: 15
[2025-07-26 20:25:28,999][root][INFO] - epoch: 16
[2025-07-26 20:29:01,645][root][INFO] - epoch: 17
[2025-07-26 20:32:34,204][root][INFO] - epoch: 18
[2025-07-26 20:36:06,728][root][INFO] - epoch: 19
[2025-07-26 20:39:39,555][root][INFO] - finished train
[2025-07-26 20:39:39,556][root][INFO] - starting eval
[2025-07-26 20:39:48,167][root][INFO] - finished eval
[2025-07-26 20:39:48,174][root][INFO] - Finished
[2025-07-26 20:39:48,174][root][INFO] -  lr: 0.0016343721433363957
[2025-07-26 20:39:48,174][root][INFO] -  weight_decay: 0.00029800636038108296
