[2025-08-17 08:37:04,753][root][INFO] - ORIGINAL CWD : /home/sota/research/sotaohnuma/coffee
[2025-08-17 08:37:04,754][root][INFO] - RUN CWD      : /home/sota/research/sotaohnuma/coffee/outputs/bean_224/vit_b16/base/2025-08-17_08-37-04
[2025-08-17 08:37:04,754][root][INFO] - batch: 84, 
 {'_target_': 'models.vit_b16_pretrained.vit_b16', 'num_classes': 2, 'batch_size': 84, 'lr': 1.9e-05, 'weight_decay': 0.0047}
[2025-08-17 08:37:04,754][root][INFO] - lr: 1.9e-05, 
 {'_target_': 'models.vit_b16_pretrained.vit_b16', 'num_classes': 2, 'lr': 1.9e-05, 'weight_decay': 0.0047}
[2025-08-17 08:37:04,754][root][INFO] - weight_decay: 0.0047, 
 {'_target_': 'models.vit_b16_pretrained.vit_b16', 'num_classes': 2, 'weight_decay': 0.0047}
[2025-08-17 08:37:11,668][root][INFO] - Start loading train data
[2025-08-17 08:37:11,889][root][INFO] - Start loading val data
[2025-08-17 08:37:11,917][root][INFO] - Start loading test data
[2025-08-17 08:37:11,943][root][INFO] - Finished DataLoader setup
[2025-08-17 08:37:11,945][root][INFO] - Start: 0
[2025-08-17 09:01:26,887][root][INFO] - [01/100] train 97.241%/0.0721 | val 95.764%/0.1729
[2025-08-17 09:01:28,030][root][INFO] - Start: 1
[2025-08-17 09:25:47,808][root][INFO] - [02/100] train 99.561%/0.0127 | val 95.625%/0.1729
[2025-08-17 09:25:47,809][root][INFO] - Start: 2
[2025-08-17 09:50:05,338][root][INFO] - [03/100] train 99.757%/0.0069 | val 96.972%/0.1509
[2025-08-17 09:50:09,177][root][INFO] - Start: 3
[2025-08-17 10:14:28,441][root][INFO] - [04/100] train 99.764%/0.0071 | val 96.736%/0.1606
[2025-08-17 10:14:28,442][root][INFO] - Start: 4
[2025-08-17 10:38:48,383][root][INFO] - [05/100] train 99.835%/0.0053 | val 95.375%/0.2059
[2025-08-17 10:38:48,384][root][INFO] - Start: 5
[2025-08-17 11:03:10,218][root][INFO] - [06/100] train 99.845%/0.0049 | val 95.694%/0.2693
[2025-08-17 11:03:10,219][root][INFO] - Start: 6
[2025-08-17 11:27:23,469][root][INFO] - [07/100] train 99.806%/0.0060 | val 95.778%/0.1875
[2025-08-17 11:27:23,469][root][INFO] - Start: 7
[2025-08-17 11:51:32,941][root][INFO] - [08/100] train 99.858%/0.0041 | val 95.778%/0.2366
[2025-08-17 11:51:32,942][root][INFO] - Start: 8
[2025-08-17 12:15:45,308][root][INFO] - [09/100] train 99.859%/0.0044 | val 96.722%/0.1889
[2025-08-17 12:15:45,309][root][INFO] - Start: 9
[2025-08-17 12:39:58,320][root][INFO] - [10/100] train 99.927%/0.0023 | val 96.569%/0.1836
[2025-08-17 12:39:58,321][root][INFO] - Start: 10
[2025-08-17 13:04:11,866][root][INFO] - [11/100] train 99.884%/0.0043 | val 94.611%/0.3006
[2025-08-17 13:04:11,867][root][INFO] - Start: 11
[2025-08-17 13:28:24,555][root][INFO] - [12/100] train 99.882%/0.0041 | val 95.986%/0.2086
[2025-08-17 13:28:24,556][root][INFO] - Start: 12
[2025-08-17 13:52:36,822][root][INFO] - [13/100] train 99.891%/0.0036 | val 96.139%/0.2249
[2025-08-17 13:52:36,823][root][INFO] - Start: 13
[2025-08-17 14:16:52,565][root][INFO] - [14/100] train 99.892%/0.0035 | val 95.319%/0.2560
[2025-08-17 14:16:52,566][root][INFO] - Start: 14
[2025-08-17 14:41:07,725][root][INFO] - [15/100] train 99.972%/0.0011 | val 96.708%/0.2394
[2025-08-17 14:41:07,726][root][INFO] - Start: 15
[2025-08-17 15:05:25,287][root][INFO] - [16/100] train 100.000%/0.0000 | val 95.972%/0.2899
[2025-08-17 15:05:25,287][root][INFO] - Start: 16
[2025-08-17 15:29:39,672][root][INFO] - [17/100] train 100.000%/0.0000 | val 96.222%/0.2812
[2025-08-17 15:29:39,673][root][INFO] - Start: 17
[2025-08-17 15:53:56,939][root][INFO] - [18/100] train 100.000%/0.0000 | val 96.292%/0.2866
[2025-08-17 15:53:56,940][root][INFO] - Start: 18
[2025-08-17 16:18:14,253][root][INFO] - [19/100] train 100.000%/0.0000 | val 96.333%/0.2923
[2025-08-17 16:18:14,253][root][INFO] - Start: 19
[2025-08-17 16:42:32,723][root][INFO] - [20/100] train 100.000%/0.0000 | val 96.403%/0.3002
[2025-08-17 16:42:32,724][root][INFO] - Start: 20
[2025-08-17 17:06:52,487][root][INFO] - [21/100] train 100.000%/0.0000 | val 96.389%/0.3075
[2025-08-17 17:06:52,487][root][INFO] - Start: 21
[2025-08-17 17:31:11,336][root][INFO] - [22/100] train 100.000%/0.0000 | val 96.403%/0.3152
[2025-08-17 17:31:11,336][root][INFO] - Start: 22
[2025-08-17 17:55:30,584][root][INFO] - [23/100] train 100.000%/0.0000 | val 96.403%/0.3227
[2025-08-17 17:55:30,584][root][INFO] - Start: 23
[2025-08-17 18:19:49,975][root][INFO] - [24/100] train 100.000%/0.0000 | val 96.417%/0.3312
[2025-08-17 18:19:49,975][root][INFO] - Start: 24
[2025-08-17 18:44:08,098][root][INFO] - [25/100] train 100.000%/0.0000 | val 96.431%/0.3394
[2025-08-17 18:44:08,098][root][INFO] - Start: 25
[2025-08-17 19:08:28,621][root][INFO] - [26/100] train 100.000%/0.0000 | val 96.472%/0.3473
[2025-08-17 19:08:28,622][root][INFO] - Start: 26
[2025-08-17 19:32:48,904][root][INFO] - [27/100] train 100.000%/0.0000 | val 96.486%/0.3560
[2025-08-17 19:32:48,904][root][INFO] - Start: 27
[2025-08-17 19:57:08,015][root][INFO] - [28/100] train 100.000%/0.0000 | val 96.486%/0.3643
[2025-08-17 19:57:08,015][root][INFO] - Start: 28
[2025-08-17 20:21:30,133][root][INFO] - [29/100] train 100.000%/0.0000 | val 96.500%/0.3733
[2025-08-17 20:21:30,133][root][INFO] - Start: 29
[2025-08-17 20:45:50,245][root][INFO] - [30/100] train 100.000%/0.0000 | val 96.500%/0.3819
[2025-08-17 20:45:50,245][root][INFO] - Start: 30
[2025-08-17 21:10:10,355][root][INFO] - [31/100] train 100.000%/0.0000 | val 96.514%/0.3907
[2025-08-17 21:10:10,355][root][INFO] - Start: 31
[2025-08-17 21:34:30,745][root][INFO] - [32/100] train 100.000%/0.0000 | val 96.500%/0.3995
[2025-08-17 21:34:30,745][root][INFO] - Start: 32
[2025-08-17 21:58:51,566][root][INFO] - [33/100] train 100.000%/0.0000 | val 96.514%/0.4076
[2025-08-17 21:58:51,566][root][INFO] - Start: 33
[2025-08-17 22:23:11,216][root][INFO] - [34/100] train 100.000%/0.0000 | val 96.528%/0.4147
[2025-08-17 22:23:11,216][root][INFO] - Start: 34
[2025-08-17 22:47:31,155][root][INFO] - [35/100] train 100.000%/0.0000 | val 96.556%/0.4221
[2025-08-17 22:47:31,155][root][INFO] - Start: 35
[2025-08-17 23:11:53,461][root][INFO] - [36/100] train 100.000%/0.0000 | val 96.569%/0.4287
[2025-08-17 23:11:53,461][root][INFO] - Start: 36
[2025-08-17 23:36:16,305][root][INFO] - [37/100] train 100.000%/0.0000 | val 96.500%/0.4362
[2025-08-17 23:36:16,305][root][INFO] - Start: 37
[2025-08-18 00:00:42,035][root][INFO] - [38/100] train 100.000%/0.0000 | val 96.486%/0.4423
[2025-08-18 00:00:42,036][root][INFO] - Start: 38
[2025-08-18 00:25:09,250][root][INFO] - [39/100] train 100.000%/0.0000 | val 96.486%/0.4490
[2025-08-18 00:25:09,251][root][INFO] - Start: 39
[2025-08-18 00:49:32,958][root][INFO] - [40/100] train 100.000%/0.0000 | val 96.444%/0.4580
[2025-08-18 00:49:32,958][root][INFO] - Start: 40
[2025-08-18 01:13:58,519][root][INFO] - [41/100] train 100.000%/0.0000 | val 96.472%/0.4669
[2025-08-18 01:13:58,519][root][INFO] - Start: 41
[2025-08-18 01:38:23,980][root][INFO] - [42/100] train 100.000%/0.0000 | val 96.472%/0.4757
[2025-08-18 01:38:23,980][root][INFO] - Start: 42
[2025-08-18 02:02:53,531][root][INFO] - [43/100] train 100.000%/0.0000 | val 96.444%/0.4837
[2025-08-18 02:02:53,532][root][INFO] - Start: 43
[2025-08-18 02:27:18,968][root][INFO] - [44/100] train 100.000%/0.0000 | val 96.417%/0.4935
[2025-08-18 02:27:18,968][root][INFO] - Start: 44
[2025-08-18 02:51:48,078][root][INFO] - [45/100] train 100.000%/0.0000 | val 96.431%/0.5019
[2025-08-18 02:51:48,078][root][INFO] - Start: 45
[2025-08-18 03:16:17,133][root][INFO] - [46/100] train 100.000%/0.0000 | val 96.417%/0.5116
[2025-08-18 03:16:17,134][root][INFO] - Start: 46
[2025-08-18 03:40:44,896][root][INFO] - [47/100] train 100.000%/0.0000 | val 96.389%/0.5204
[2025-08-18 03:40:44,896][root][INFO] - Start: 47
[2025-08-18 04:05:11,876][root][INFO] - [48/100] train 100.000%/0.0000 | val 96.333%/0.5305
[2025-08-18 04:05:11,877][root][INFO] - Start: 48
[2025-08-18 04:29:42,203][root][INFO] - [49/100] train 100.000%/0.0000 | val 96.333%/0.5398
[2025-08-18 04:29:42,203][root][INFO] - Start: 49
[2025-08-18 04:54:11,691][root][INFO] - [50/100] train 100.000%/0.0000 | val 96.333%/0.5478
[2025-08-18 04:54:11,692][root][INFO] - Start: 50
[2025-08-18 05:18:39,668][root][INFO] - [51/100] train 100.000%/0.0000 | val 96.333%/0.5543
[2025-08-18 05:18:39,668][root][INFO] - Start: 51
[2025-08-18 05:43:07,954][root][INFO] - [52/100] train 100.000%/0.0000 | val 96.333%/0.5596
[2025-08-18 05:43:07,954][root][INFO] - Start: 52
[2025-08-18 06:07:37,501][root][INFO] - [53/100] train 100.000%/0.0000 | val 96.333%/0.5644
[2025-08-18 06:07:37,501][root][INFO] - Start: 53
[2025-08-18 06:32:08,313][root][INFO] - [54/100] train 100.000%/0.0000 | val 96.333%/0.5685
[2025-08-18 06:32:08,313][root][INFO] - Start: 54
[2025-08-18 06:56:38,065][root][INFO] - [55/100] train 100.000%/0.0000 | val 96.347%/0.5721
[2025-08-18 06:56:38,066][root][INFO] - Start: 55
[2025-08-18 07:21:08,882][root][INFO] - [56/100] train 100.000%/0.0000 | val 96.361%/0.5751
[2025-08-18 07:21:08,882][root][INFO] - Start: 56
[2025-08-18 07:45:39,287][root][INFO] - [57/100] train 100.000%/0.0000 | val 96.361%/0.5778
[2025-08-18 07:45:39,287][root][INFO] - Start: 57
[2025-08-18 08:10:10,730][root][INFO] - [58/100] train 100.000%/0.0000 | val 96.389%/0.5803
[2025-08-18 08:10:10,731][root][INFO] - Start: 58
[2025-08-18 08:34:40,729][root][INFO] - [59/100] train 100.000%/0.0000 | val 96.431%/0.5826
[2025-08-18 08:34:40,729][root][INFO] - Start: 59
[2025-08-18 08:59:12,223][root][INFO] - [60/100] train 100.000%/0.0000 | val 96.431%/0.5846
[2025-08-18 08:59:12,224][root][INFO] - Start: 60
[2025-08-18 09:23:42,688][root][INFO] - [61/100] train 100.000%/0.0000 | val 96.431%/0.5864
[2025-08-18 09:23:42,689][root][INFO] - Start: 61
[2025-08-18 09:48:14,582][root][INFO] - [62/100] train 100.000%/0.0000 | val 96.444%/0.5883
[2025-08-18 09:48:14,582][root][INFO] - Start: 62
[2025-08-18 10:12:49,311][root][INFO] - [63/100] train 100.000%/0.0000 | val 96.444%/0.5896
[2025-08-18 10:12:49,311][root][INFO] - Start: 63
[2025-08-18 10:37:22,595][root][INFO] - [64/100] train 100.000%/0.0000 | val 96.458%/0.5912
[2025-08-18 10:37:22,596][root][INFO] - Start: 64
[2025-08-18 11:01:52,592][root][INFO] - [65/100] train 100.000%/0.0000 | val 96.472%/0.5926
[2025-08-18 11:01:52,592][root][INFO] - Start: 65
[2025-08-18 11:26:26,394][root][INFO] - [66/100] train 100.000%/0.0000 | val 96.472%/0.5938
[2025-08-18 11:26:26,394][root][INFO] - Start: 66
[2025-08-18 11:50:59,551][root][INFO] - [67/100] train 100.000%/0.0000 | val 96.472%/0.5950
[2025-08-18 11:50:59,551][root][INFO] - Start: 67
[2025-08-18 12:15:30,141][root][INFO] - [68/100] train 100.000%/0.0000 | val 96.472%/0.5960
[2025-08-18 12:15:30,141][root][INFO] - Start: 68
[2025-08-18 12:40:03,163][root][INFO] - [69/100] train 100.000%/0.0000 | val 96.472%/0.5971
[2025-08-18 12:40:03,163][root][INFO] - Start: 69
[2025-08-18 13:04:38,754][root][INFO] - [70/100] train 100.000%/0.0000 | val 96.486%/0.5980
[2025-08-18 13:04:38,754][root][INFO] - Start: 70
[2025-08-18 13:29:12,223][root][INFO] - [71/100] train 100.000%/0.0000 | val 96.500%/0.5989
[2025-08-18 13:29:12,223][root][INFO] - Start: 71
[2025-08-18 13:53:49,027][root][INFO] - [72/100] train 100.000%/0.0000 | val 96.500%/0.5998
[2025-08-18 13:53:49,027][root][INFO] - Start: 72
[2025-08-18 14:18:23,571][root][INFO] - [73/100] train 100.000%/0.0000 | val 96.500%/0.6006
[2025-08-18 14:18:23,571][root][INFO] - Start: 73
[2025-08-18 14:42:56,500][root][INFO] - [74/100] train 100.000%/0.0000 | val 96.500%/0.6014
[2025-08-18 14:42:56,501][root][INFO] - Start: 74
[2025-08-18 15:07:31,117][root][INFO] - [75/100] train 100.000%/0.0000 | val 96.514%/0.6023
[2025-08-18 15:07:31,117][root][INFO] - Start: 75
[2025-08-18 15:32:03,621][root][INFO] - [76/100] train 100.000%/0.0000 | val 96.528%/0.6029
[2025-08-18 15:32:03,621][root][INFO] - Start: 76
[2025-08-18 15:56:36,772][root][INFO] - [77/100] train 100.000%/0.0000 | val 96.528%/0.6037
[2025-08-18 15:56:36,772][root][INFO] - Start: 77
[2025-08-18 16:21:10,641][root][INFO] - [78/100] train 100.000%/0.0000 | val 96.528%/0.6043
[2025-08-18 16:21:10,642][root][INFO] - Start: 78
[2025-08-18 16:45:47,576][root][INFO] - [79/100] train 100.000%/0.0000 | val 96.528%/0.6050
[2025-08-18 16:45:47,576][root][INFO] - Start: 79
[2025-08-18 17:10:22,810][root][INFO] - [80/100] train 100.000%/0.0000 | val 96.528%/0.6056
[2025-08-18 17:10:22,811][root][INFO] - Start: 80
[2025-08-18 17:35:01,550][root][INFO] - [81/100] train 100.000%/0.0000 | val 96.528%/0.6063
[2025-08-18 17:35:01,550][root][INFO] - Start: 81
[2025-08-18 17:59:37,855][root][INFO] - [82/100] train 100.000%/0.0000 | val 96.528%/0.6069
[2025-08-18 17:59:37,855][root][INFO] - Start: 82
[2025-08-18 18:24:11,931][root][INFO] - [83/100] train 100.000%/0.0000 | val 96.528%/0.6074
[2025-08-18 18:24:11,932][root][INFO] - Start: 83
[2025-08-18 18:48:48,264][root][INFO] - [84/100] train 100.000%/0.0000 | val 96.528%/0.6080
[2025-08-18 18:48:48,265][root][INFO] - Start: 84
[2025-08-18 19:13:22,465][root][INFO] - [85/100] train 100.000%/0.0000 | val 96.528%/0.6085
[2025-08-18 19:13:22,465][root][INFO] - Start: 85
[2025-08-18 19:37:58,745][root][INFO] - [86/100] train 100.000%/0.0000 | val 96.528%/0.6090
[2025-08-18 19:37:58,745][root][INFO] - Start: 86
[2025-08-18 20:02:35,946][root][INFO] - [87/100] train 100.000%/0.0000 | val 96.528%/0.6095
[2025-08-18 20:02:35,947][root][INFO] - Start: 87
[2025-08-18 20:27:13,400][root][INFO] - [88/100] train 100.000%/0.0000 | val 96.528%/0.6099
[2025-08-18 20:27:13,400][root][INFO] - Start: 88
[2025-08-18 20:51:50,201][root][INFO] - [89/100] train 100.000%/0.0000 | val 96.514%/0.6104
[2025-08-18 20:51:50,201][root][INFO] - Start: 89
[2025-08-18 21:16:27,338][root][INFO] - [90/100] train 100.000%/0.0000 | val 96.514%/0.6109
[2025-08-18 21:16:27,339][root][INFO] - Start: 90
[2025-08-18 21:41:05,726][root][INFO] - [91/100] train 100.000%/0.0000 | val 96.514%/0.6114
[2025-08-18 21:41:05,726][root][INFO] - Start: 91
[2025-08-18 22:05:42,200][root][INFO] - [92/100] train 100.000%/0.0000 | val 96.500%/0.6117
[2025-08-18 22:05:42,200][root][INFO] - Start: 92
[2025-08-18 22:30:17,753][root][INFO] - [93/100] train 100.000%/0.0000 | val 96.500%/0.6122
[2025-08-18 22:30:17,753][root][INFO] - Start: 93
[2025-08-18 22:54:54,802][root][INFO] - [94/100] train 100.000%/0.0000 | val 96.500%/0.6126
[2025-08-18 22:54:54,803][root][INFO] - Start: 94
[2025-08-18 23:19:30,580][root][INFO] - [95/100] train 100.000%/0.0000 | val 96.500%/0.6130
[2025-08-18 23:19:30,580][root][INFO] - Start: 95
[2025-08-18 23:44:06,446][root][INFO] - [96/100] train 100.000%/0.0000 | val 96.500%/0.6133
[2025-08-18 23:44:06,446][root][INFO] - Start: 96
[2025-08-19 00:08:43,174][root][INFO] - [97/100] train 100.000%/0.0000 | val 96.500%/0.6138
[2025-08-19 00:08:43,174][root][INFO] - Start: 97
[2025-08-19 00:33:19,543][root][INFO] - [98/100] train 100.000%/0.0000 | val 96.528%/0.6141
[2025-08-19 00:33:19,543][root][INFO] - Start: 98
[2025-08-19 00:57:56,258][root][INFO] - [99/100] train 100.000%/0.0000 | val 96.528%/0.6144
[2025-08-19 00:57:56,259][root][INFO] - Start: 99
[2025-08-19 01:22:34,529][root][INFO] - [100/100] train 100.000%/0.0000 | val 96.528%/0.6148
[2025-08-19 01:23:59,706][root][INFO] - 
[Test Evaluation]
[2025-08-19 01:23:59,706][root][INFO] -  Accuracy : 0.973
[2025-08-19 01:23:59,706][root][INFO] -  Precision: 0.970
[2025-08-19 01:23:59,706][root][INFO] -  Recall   : 0.976
[2025-08-19 01:23:59,706][root][INFO] -  F1       : 0.973
[2025-08-19 01:23:59,706][root][INFO] -  Auc      : 0.998
