[2025-09-24 23:35:22,780][root][INFO] - ORIGINAL CWD : /home/sota/research/sotaohnuma/coffee
[2025-09-24 23:35:22,780][root][INFO] - RUN CWD      : /home/sota/research/sotaohnuma/coffee/outputs/bean_224/cnn_student050/base/2025-09-24_23-35-22
[2025-09-24 23:35:22,781][root][INFO] - batch: 128, 
 {'_target_': 'models.cnn_student050.cnn_student050', 'batch_size': 128, 'lr': 0.0034, 'weight_decay': 0.0024}
[2025-09-24 23:35:22,781][root][INFO] - lr: 0.0034, 
 {'_target_': 'models.cnn_student050.cnn_student050', 'lr': 0.0034, 'weight_decay': 0.0024}
[2025-09-24 23:35:22,781][root][INFO] - weight_decay: 0.0024, 
 {'_target_': 'models.cnn_student050.cnn_student050', 'weight_decay': 0.0024}
[2025-09-24 23:35:23,109][root][INFO] - Start loading train data
[2025-09-24 23:35:23,218][root][INFO] - Start loading val data
[2025-09-24 23:35:23,231][root][INFO] - Start loading test data
[2025-09-24 23:35:23,244][root][INFO] - Finished DataLoader setup
[2025-09-24 23:35:23,245][root][INFO] - Start: 0
[2025-09-24 23:36:06,575][root][INFO] - [01/100] train 61.722%/0.6516 | val 69.167%/0.6016
[2025-09-24 23:36:06,588][root][INFO] - Start: 1
[2025-09-24 23:36:49,217][root][INFO] - [02/100] train 67.944%/0.5880 | val 55.417%/0.8705
[2025-09-24 23:36:49,218][root][INFO] - Start: 2
[2025-09-24 23:37:27,295][root][INFO] - [03/100] train 73.000%/0.5325 | val 50.000%/3.6610
[2025-09-24 23:37:27,296][root][INFO] - Start: 3
[2025-09-24 23:38:05,693][root][INFO] - [04/100] train 75.240%/0.5030 | val 68.903%/0.5936
[2025-09-24 23:38:05,693][root][INFO] - Start: 4
[2025-09-24 23:38:48,662][root][INFO] - [05/100] train 77.049%/0.4799 | val 50.000%/12.5773
[2025-09-24 23:38:48,662][root][INFO] - Start: 5
[2025-09-24 23:39:27,609][root][INFO] - [06/100] train 78.405%/0.4588 | val 55.972%/1.0122
[2025-09-24 23:39:27,610][root][INFO] - Start: 6
[2025-09-24 23:40:06,450][root][INFO] - [07/100] train 80.224%/0.4278 | val 50.000%/20.4194
[2025-09-24 23:40:06,450][root][INFO] - Start: 7
[2025-09-24 23:40:46,485][root][INFO] - [08/100] train 81.635%/0.4041 | val 50.000%/22.0522
[2025-09-24 23:40:46,486][root][INFO] - Start: 8
[2025-09-24 23:41:25,812][root][INFO] - [09/100] train 82.983%/0.3806 | val 50.000%/36.5078
[2025-09-24 23:41:25,812][root][INFO] - Start: 9
[2025-09-24 23:42:07,893][root][INFO] - [10/100] train 83.536%/0.3733 | val 50.000%/4.6018
[2025-09-24 23:42:07,893][root][INFO] - Start: 10
[2025-09-24 23:42:50,598][root][INFO] - [11/100] train 84.410%/0.3574 | val 50.000%/21.6026
[2025-09-24 23:42:50,599][root][INFO] - Start: 11
[2025-09-24 23:43:29,030][root][INFO] - [12/100] train 85.472%/0.3379 | val 50.000%/66.5314
[2025-09-24 23:43:29,030][root][INFO] - Start: 12
[2025-09-24 23:44:11,394][root][INFO] - [13/100] train 85.773%/0.3291 | val 50.000%/17.8053
[2025-09-24 23:44:11,394][root][INFO] - Start: 13
[2025-09-24 23:44:49,537][root][INFO] - [14/100] train 86.413%/0.3167 | val 50.250%/3.1991
[2025-09-24 23:44:49,538][root][INFO] - Start: 14
[2025-09-24 23:45:28,505][root][INFO] - [15/100] train 86.688%/0.3116 | val 68.264%/0.7946
[2025-09-24 23:45:28,505][root][INFO] - Start: 15
[2025-09-24 23:46:06,743][root][INFO] - [16/100] train 86.972%/0.3057 | val 54.903%/2.2005
[2025-09-24 23:46:06,743][root][INFO] - Start: 16
[2025-09-24 23:46:45,908][root][INFO] - [17/100] train 87.149%/0.2993 | val 80.708%/0.3971
[2025-09-24 23:46:45,917][root][INFO] - Start: 17
[2025-09-24 23:47:27,621][root][INFO] - [18/100] train 87.446%/0.2942 | val 50.000%/16.1816
[2025-09-24 23:47:27,622][root][INFO] - Start: 18
[2025-09-24 23:48:09,591][root][INFO] - [19/100] train 88.010%/0.2826 | val 50.000%/8.6933
[2025-09-24 23:48:09,592][root][INFO] - Start: 19
[2025-09-24 23:48:49,325][root][INFO] - [20/100] train 88.314%/0.2778 | val 50.000%/26.0412
[2025-09-24 23:48:49,325][root][INFO] - Start: 20
[2025-09-24 23:49:29,509][root][INFO] - [21/100] train 88.469%/0.2749 | val 50.000%/20.4611
[2025-09-24 23:49:29,509][root][INFO] - Start: 21
[2025-09-24 23:50:10,767][root][INFO] - [22/100] train 88.701%/0.2697 | val 55.500%/1.8705
[2025-09-24 23:50:10,768][root][INFO] - Start: 22
[2025-09-24 23:50:53,710][root][INFO] - [23/100] train 89.094%/0.2611 | val 50.000%/5.6853
[2025-09-24 23:50:53,710][root][INFO] - Start: 23
[2025-09-24 23:51:33,039][root][INFO] - [24/100] train 89.384%/0.2562 | val 50.000%/24.2175
[2025-09-24 23:51:33,039][root][INFO] - Start: 24
[2025-09-24 23:52:12,589][root][INFO] - [25/100] train 89.410%/0.2530 | val 50.042%/5.3050
[2025-09-24 23:52:12,589][root][INFO] - Start: 25
[2025-09-24 23:52:51,483][root][INFO] - [26/100] train 89.839%/0.2476 | val 50.000%/24.5246
[2025-09-24 23:52:51,483][root][INFO] - Start: 26
[2025-09-24 23:53:30,894][root][INFO] - [27/100] train 89.701%/0.2469 | val 50.000%/28.5147
[2025-09-24 23:53:30,894][root][INFO] - Start: 27
[2025-09-24 23:54:11,100][root][INFO] - [28/100] train 90.056%/0.2434 | val 52.125%/2.8333
[2025-09-24 23:54:11,100][root][INFO] - Start: 28
[2025-09-24 23:54:53,163][root][INFO] - [29/100] train 90.156%/0.2408 | val 50.000%/12.6540
[2025-09-24 23:54:53,163][root][INFO] - Start: 29
[2025-09-24 23:55:34,002][root][INFO] - [30/100] train 90.458%/0.2352 | val 50.000%/20.8492
[2025-09-24 23:55:34,002][root][INFO] - Start: 30
[2025-09-24 23:56:13,469][root][INFO] - [31/100] train 90.385%/0.2362 | val 50.000%/39.1313
[2025-09-24 23:56:13,470][root][INFO] - Start: 31
[2025-09-24 23:56:54,908][root][INFO] - [32/100] train 90.465%/0.2340 | val 51.639%/3.2836
[2025-09-24 23:56:54,909][root][INFO] - Start: 32
[2025-09-24 23:57:33,308][root][INFO] - [33/100] train 90.384%/0.2337 | val 61.306%/1.0717
[2025-09-24 23:57:33,308][root][INFO] - Start: 33
[2025-09-24 23:58:11,823][root][INFO] - [34/100] train 90.670%/0.2291 | val 50.000%/18.4526
[2025-09-24 23:58:11,823][root][INFO] - Start: 34
[2025-09-24 23:58:49,929][root][INFO] - [35/100] train 90.828%/0.2248 | val 50.000%/19.3450
[2025-09-24 23:58:49,929][root][INFO] - Start: 35
[2025-09-24 23:59:31,857][root][INFO] - [36/100] train 90.849%/0.2255 | val 50.000%/8.3739
[2025-09-24 23:59:31,857][root][INFO] - Start: 36
[2025-09-25 00:00:14,029][root][INFO] - [37/100] train 90.931%/0.2223 | val 53.819%/2.3323
[2025-09-25 00:00:14,029][root][INFO] - Start: 37
[2025-09-25 00:00:52,783][root][INFO] - [38/100] train 91.095%/0.2211 | val 50.319%/6.1346
[2025-09-25 00:00:52,784][root][INFO] - Start: 38
[2025-09-25 00:01:31,597][root][INFO] - [39/100] train 91.349%/0.2152 | val 50.000%/16.4806
[2025-09-25 00:01:31,598][root][INFO] - Start: 39
[2025-09-25 00:02:10,751][root][INFO] - [40/100] train 91.378%/0.2145 | val 50.000%/6.8298
[2025-09-25 00:02:10,752][root][INFO] - Start: 40
[2025-09-25 00:02:52,846][root][INFO] - [41/100] train 91.443%/0.2116 | val 50.000%/11.2675
[2025-09-25 00:02:52,846][root][INFO] - Start: 41
[2025-09-25 00:03:33,064][root][INFO] - [42/100] train 91.408%/0.2127 | val 50.042%/4.8841
[2025-09-25 00:03:33,064][root][INFO] - Start: 42
[2025-09-25 00:04:13,015][root][INFO] - [43/100] train 91.740%/0.2065 | val 59.083%/1.5625
[2025-09-25 00:04:13,015][root][INFO] - Start: 43
[2025-09-25 00:04:52,606][root][INFO] - [44/100] train 91.774%/0.2074 | val 50.000%/30.2097
[2025-09-25 00:04:52,607][root][INFO] - Start: 44
[2025-09-25 00:05:34,096][root][INFO] - [45/100] train 91.840%/0.2039 | val 50.000%/41.7910
[2025-09-25 00:05:34,097][root][INFO] - Start: 45
[2025-09-25 00:06:13,532][root][INFO] - [46/100] train 91.710%/0.2047 | val 50.000%/17.1455
[2025-09-25 00:06:13,532][root][INFO] - Start: 46
[2025-09-25 00:06:52,507][root][INFO] - [47/100] train 91.898%/0.2013 | val 83.181%/0.3462
[2025-09-25 00:06:52,511][root][INFO] - Start: 47
[2025-09-25 00:07:30,654][root][INFO] - [48/100] train 92.151%/0.1990 | val 53.694%/2.9740
[2025-09-25 00:07:30,654][root][INFO] - Start: 48
[2025-09-25 00:08:09,499][root][INFO] - [49/100] train 92.144%/0.1982 | val 51.278%/3.7357
[2025-09-25 00:08:09,500][root][INFO] - Start: 49
[2025-09-25 00:08:51,907][root][INFO] - [50/100] train 92.141%/0.1973 | val 50.194%/5.9578
[2025-09-25 00:08:51,907][root][INFO] - Start: 50
[2025-09-25 00:09:34,471][root][INFO] - [51/100] train 92.155%/0.1975 | val 50.000%/15.0076
[2025-09-25 00:09:34,472][root][INFO] - Start: 51
[2025-09-25 00:10:14,233][root][INFO] - [52/100] train 92.144%/0.1967 | val 91.083%/0.2161
[2025-09-25 00:10:14,237][root][INFO] - Start: 52
[2025-09-25 00:10:53,380][root][INFO] - [53/100] train 92.417%/0.1924 | val 55.653%/2.1118
[2025-09-25 00:10:53,380][root][INFO] - Start: 53
[2025-09-25 00:11:33,882][root][INFO] - [54/100] train 92.438%/0.1898 | val 50.042%/6.8119
[2025-09-25 00:11:33,883][root][INFO] - Start: 54
[2025-09-25 00:12:11,844][root][INFO] - [55/100] train 92.576%/0.1903 | val 50.000%/9.9743
[2025-09-25 00:12:11,844][root][INFO] - Start: 55
[2025-09-25 00:12:54,357][root][INFO] - [56/100] train 92.477%/0.1891 | val 50.000%/16.9245
[2025-09-25 00:12:54,358][root][INFO] - Start: 56
[2025-09-25 00:13:33,309][root][INFO] - [57/100] train 92.694%/0.1873 | val 50.028%/6.2649
[2025-09-25 00:13:33,310][root][INFO] - Start: 57
[2025-09-25 00:14:12,179][root][INFO] - [58/100] train 92.781%/0.1838 | val 92.514%/0.1810
[2025-09-25 00:14:12,186][root][INFO] - Start: 58
[2025-09-25 00:14:55,196][root][INFO] - [59/100] train 92.835%/0.1828 | val 65.375%/0.9928
[2025-09-25 00:14:55,196][root][INFO] - Start: 59
[2025-09-25 00:15:37,408][root][INFO] - [60/100] train 92.804%/0.1840 | val 50.153%/7.2794
[2025-09-25 00:15:37,409][root][INFO] - Start: 60
[2025-09-25 00:16:16,370][root][INFO] - [61/100] train 92.977%/0.1817 | val 51.278%/3.5614
[2025-09-25 00:16:16,371][root][INFO] - Start: 61
[2025-09-25 00:16:56,903][root][INFO] - [62/100] train 92.984%/0.1795 | val 80.764%/0.4285
[2025-09-25 00:16:56,904][root][INFO] - Start: 62
[2025-09-25 00:17:37,175][root][INFO] - [63/100] train 92.962%/0.1798 | val 92.681%/0.1820
[2025-09-25 00:17:37,181][root][INFO] - Start: 63
[2025-09-25 00:18:16,103][root][INFO] - [64/100] train 92.974%/0.1793 | val 50.083%/6.3385
[2025-09-25 00:18:16,103][root][INFO] - Start: 64
[2025-09-25 00:18:57,081][root][INFO] - [65/100] train 93.132%/0.1786 | val 65.611%/1.0345
[2025-09-25 00:18:57,082][root][INFO] - Start: 65
[2025-09-25 00:19:36,223][root][INFO] - [66/100] train 93.240%/0.1737 | val 78.194%/0.5046
[2025-09-25 00:19:36,224][root][INFO] - Start: 66
[2025-09-25 00:20:18,250][root][INFO] - [67/100] train 93.290%/0.1722 | val 50.083%/6.1952
[2025-09-25 00:20:18,250][root][INFO] - Start: 67
[2025-09-25 00:20:57,388][root][INFO] - [68/100] train 93.312%/0.1732 | val 75.111%/0.5971
[2025-09-25 00:20:57,389][root][INFO] - Start: 68
[2025-09-25 00:21:36,193][root][INFO] - [69/100] train 93.290%/0.1724 | val 54.111%/2.7921
[2025-09-25 00:21:36,194][root][INFO] - Start: 69
[2025-09-25 00:22:15,027][root][INFO] - [70/100] train 93.269%/0.1728 | val 50.597%/5.0697
[2025-09-25 00:22:15,027][root][INFO] - Start: 70
[2025-09-25 00:22:54,540][root][INFO] - [71/100] train 93.300%/0.1705 | val 50.250%/5.9171
[2025-09-25 00:22:54,540][root][INFO] - Start: 71
[2025-09-25 00:23:33,367][root][INFO] - [72/100] train 93.540%/0.1678 | val 62.194%/1.4152
[2025-09-25 00:23:33,367][root][INFO] - Start: 72
[2025-09-25 00:24:13,770][root][INFO] - [73/100] train 93.556%/0.1673 | val 50.000%/10.8682
[2025-09-25 00:24:13,771][root][INFO] - Start: 73
[2025-09-25 00:24:54,936][root][INFO] - [74/100] train 93.554%/0.1678 | val 50.000%/10.1687
[2025-09-25 00:24:54,936][root][INFO] - Start: 74
[2025-09-25 00:25:37,586][root][INFO] - [75/100] train 93.703%/0.1656 | val 50.264%/6.2260
[2025-09-25 00:25:37,586][root][INFO] - Start: 75
[2025-09-25 00:26:16,188][root][INFO] - [76/100] train 93.701%/0.1653 | val 92.639%/0.1864
[2025-09-25 00:26:16,189][root][INFO] - Start: 76
[2025-09-25 00:26:56,727][root][INFO] - [77/100] train 93.856%/0.1634 | val 76.889%/0.5653
[2025-09-25 00:26:56,728][root][INFO] - Start: 77
[2025-09-25 00:27:37,315][root][INFO] - [78/100] train 93.760%/0.1633 | val 83.819%/0.3651
[2025-09-25 00:27:37,316][root][INFO] - Start: 78
[2025-09-25 00:28:19,385][root][INFO] - [79/100] train 93.668%/0.1644 | val 92.056%/0.1986
[2025-09-25 00:28:19,386][root][INFO] - Start: 79
[2025-09-25 00:28:58,593][root][INFO] - [80/100] train 93.701%/0.1637 | val 91.444%/0.2030
[2025-09-25 00:28:58,594][root][INFO] - Start: 80
[2025-09-25 00:29:37,439][root][INFO] - [81/100] train 93.885%/0.1620 | val 50.000%/10.6643
[2025-09-25 00:29:37,440][root][INFO] - Start: 81
[2025-09-25 00:30:18,175][root][INFO] - [82/100] train 93.932%/0.1611 | val 93.681%/0.1689
[2025-09-25 00:30:18,179][root][INFO] - Start: 82
[2025-09-25 00:30:57,337][root][INFO] - [83/100] train 93.884%/0.1597 | val 90.153%/0.2311
[2025-09-25 00:30:57,337][root][INFO] - Start: 83
[2025-09-25 00:31:37,742][root][INFO] - [84/100] train 94.023%/0.1590 | val 87.583%/0.2841
[2025-09-25 00:31:37,743][root][INFO] - Start: 84
[2025-09-25 00:32:16,850][root][INFO] - [85/100] train 93.960%/0.1584 | val 69.556%/0.8594
[2025-09-25 00:32:16,850][root][INFO] - Start: 85
[2025-09-25 00:32:57,949][root][INFO] - [86/100] train 93.918%/0.1594 | val 87.194%/0.2850
[2025-09-25 00:32:57,949][root][INFO] - Start: 86
[2025-09-25 00:33:37,374][root][INFO] - [87/100] train 93.991%/0.1573 | val 93.069%/0.1738
[2025-09-25 00:33:37,375][root][INFO] - Start: 87
[2025-09-25 00:34:16,783][root][INFO] - [88/100] train 94.134%/0.1562 | val 75.153%/0.6263
[2025-09-25 00:34:16,783][root][INFO] - Start: 88
[2025-09-25 00:34:55,207][root][INFO] - [89/100] train 94.132%/0.1558 | val 90.000%/0.2365
[2025-09-25 00:34:55,208][root][INFO] - Start: 89
[2025-09-25 00:35:34,064][root][INFO] - [90/100] train 94.097%/0.1567 | val 89.083%/0.2578
[2025-09-25 00:35:34,065][root][INFO] - Start: 90
[2025-09-25 00:36:12,684][root][INFO] - [91/100] train 94.092%/0.1562 | val 90.583%/0.2217
[2025-09-25 00:36:12,684][root][INFO] - Start: 91
[2025-09-25 00:36:51,461][root][INFO] - [92/100] train 94.122%/0.1551 | val 93.139%/0.1757
[2025-09-25 00:36:51,462][root][INFO] - Start: 92
[2025-09-25 00:37:30,238][root][INFO] - [93/100] train 94.168%/0.1565 | val 92.125%/0.1920
[2025-09-25 00:37:30,238][root][INFO] - Start: 93
[2025-09-25 00:38:09,259][root][INFO] - [94/100] train 94.233%/0.1542 | val 92.833%/0.1839
[2025-09-25 00:38:09,260][root][INFO] - Start: 94
[2025-09-25 00:38:48,926][root][INFO] - [95/100] train 94.214%/0.1553 | val 92.056%/0.1969
[2025-09-25 00:38:48,926][root][INFO] - Start: 95
[2025-09-25 00:39:28,232][root][INFO] - [96/100] train 94.177%/0.1549 | val 93.417%/0.1712
[2025-09-25 00:39:28,232][root][INFO] - Start: 96
[2025-09-25 00:40:07,018][root][INFO] - [97/100] train 94.212%/0.1539 | val 93.278%/0.1704
[2025-09-25 00:40:07,019][root][INFO] - Start: 97
[2025-09-25 00:40:46,767][root][INFO] - [98/100] train 94.069%/0.1550 | val 93.042%/0.1750
[2025-09-25 00:40:46,768][root][INFO] - Start: 98
[2025-09-25 00:41:26,306][root][INFO] - [99/100] train 94.203%/0.1548 | val 93.403%/0.1699
[2025-09-25 00:41:26,307][root][INFO] - Start: 99
[2025-09-25 00:42:06,671][root][INFO] - [100/100] train 94.172%/0.1547 | val 93.597%/0.1687
[2025-09-25 00:42:11,741][root][INFO] - 
[Test Evaluation]
[2025-09-25 00:42:11,742][root][INFO] -  Accuracy : 0.923
[2025-09-25 00:42:11,742][root][INFO] -  Precision: 0.916
[2025-09-25 00:42:11,742][root][INFO] -  Recall   : 0.932
[2025-09-25 00:42:11,742][root][INFO] -  F1       : 0.924
[2025-09-25 00:42:11,742][root][INFO] -  Auc      : 0.983
