[2025-08-17 08:35:37,750][root][INFO] - ORIGINAL CWD : /home/sota/research/sotaohnuma/coffee
[2025-08-17 08:35:37,750][root][INFO] - RUN CWD      : /home/sota/research/sotaohnuma/coffee/outputs/bean_224/resnet18/base/2025-08-17_08-35-37
[2025-08-17 08:35:37,750][root][INFO] - batch: 539, 
 {'batch_size': 539, '_target_': 'models.resnet18.resnet18', 'lr': 0.002, 'weight_decay': 1e-05}
[2025-08-17 08:35:37,750][root][INFO] - lr: 0.002, 
 {'_target_': 'models.resnet18.resnet18', 'lr': 0.002, 'weight_decay': 1e-05}
[2025-08-17 08:35:37,750][root][INFO] - weight_decay: 1e-05, 
 {'_target_': 'models.resnet18.resnet18', 'weight_decay': 1e-05}
[2025-08-17 08:35:46,898][root][INFO] - Start loading train data
[2025-08-17 08:35:47,036][root][INFO] - Start loading val data
[2025-08-17 08:35:47,052][root][INFO] - Start loading test data
[2025-08-17 08:35:47,067][root][INFO] - Finished DataLoader setup
[2025-08-17 08:35:47,068][root][INFO] - Start: 0
[2025-08-17 08:38:17,793][root][INFO] - [01/100] train 93.688%/0.1485 | val 95.861%/0.1076
[2025-08-17 08:38:18,004][root][INFO] - Start: 1
[2025-08-17 08:40:32,230][root][INFO] - [02/100] train 97.951%/0.0516 | val 87.639%/0.4341
[2025-08-17 08:40:32,230][root][INFO] - Start: 2
[2025-08-17 08:42:49,521][root][INFO] - [03/100] train 98.915%/0.0295 | val 94.625%/0.2142
[2025-08-17 08:42:49,522][root][INFO] - Start: 3
[2025-08-17 08:45:06,084][root][INFO] - [04/100] train 99.233%/0.0204 | val 95.778%/0.2025
[2025-08-17 08:45:06,084][root][INFO] - Start: 4
[2025-08-17 08:47:21,983][root][INFO] - [05/100] train 99.470%/0.0142 | val 95.792%/0.2171
[2025-08-17 08:47:21,984][root][INFO] - Start: 5
[2025-08-17 08:49:39,473][root][INFO] - [06/100] train 99.604%/0.0108 | val 95.903%/0.1746
[2025-08-17 08:49:39,988][root][INFO] - Start: 6
[2025-08-17 08:51:56,892][root][INFO] - [07/100] train 99.549%/0.0124 | val 96.444%/0.1444
[2025-08-17 08:51:57,380][root][INFO] - Start: 7
[2025-08-17 08:54:15,489][root][INFO] - [08/100] train 99.771%/0.0064 | val 95.639%/0.2913
[2025-08-17 08:54:15,489][root][INFO] - Start: 8
[2025-08-17 08:56:32,906][root][INFO] - [09/100] train 99.708%/0.0081 | val 97.014%/0.1720
[2025-08-17 08:56:33,457][root][INFO] - Start: 9
[2025-08-17 08:58:50,710][root][INFO] - [10/100] train 99.776%/0.0067 | val 96.597%/0.1641
[2025-08-17 08:58:50,711][root][INFO] - Start: 10
[2025-08-17 09:01:09,573][root][INFO] - [11/100] train 99.783%/0.0061 | val 96.569%/0.1706
[2025-08-17 09:01:09,574][root][INFO] - Start: 11
[2025-08-17 09:03:26,762][root][INFO] - [12/100] train 99.788%/0.0062 | val 95.264%/0.2642
[2025-08-17 09:03:26,763][root][INFO] - Start: 12
[2025-08-17 09:05:45,041][root][INFO] - [13/100] train 99.712%/0.0085 | val 95.556%/0.2220
[2025-08-17 09:05:45,041][root][INFO] - Start: 13
[2025-08-17 09:08:03,170][root][INFO] - [14/100] train 99.858%/0.0040 | val 96.264%/0.2150
[2025-08-17 09:08:03,171][root][INFO] - Start: 14
[2025-08-17 09:10:19,107][root][INFO] - [15/100] train 99.833%/0.0045 | val 95.653%/0.2362
[2025-08-17 09:10:19,107][root][INFO] - Start: 15
[2025-08-17 09:12:37,408][root][INFO] - [16/100] train 99.936%/0.0021 | val 96.764%/0.2348
[2025-08-17 09:12:37,408][root][INFO] - Start: 16
[2025-08-17 09:14:56,247][root][INFO] - [17/100] train 99.788%/0.0062 | val 95.333%/0.2915
[2025-08-17 09:14:56,248][root][INFO] - Start: 17
[2025-08-17 09:17:14,954][root][INFO] - [18/100] train 99.786%/0.0067 | val 96.500%/0.2288
[2025-08-17 09:17:14,955][root][INFO] - Start: 18
[2025-08-17 09:19:33,076][root][INFO] - [19/100] train 99.981%/0.0009 | val 96.500%/0.2512
[2025-08-17 09:19:33,077][root][INFO] - Start: 19
[2025-08-17 09:21:49,813][root][INFO] - [20/100] train 99.705%/0.0088 | val 95.097%/0.3127
[2025-08-17 09:21:49,813][root][INFO] - Start: 20
[2025-08-17 09:24:06,570][root][INFO] - [21/100] train 99.877%/0.0038 | val 96.194%/0.2313
[2025-08-17 09:24:06,571][root][INFO] - Start: 21
[2025-08-17 09:26:24,337][root][INFO] - [22/100] train 99.951%/0.0016 | val 97.486%/0.1974
[2025-08-17 09:26:24,849][root][INFO] - Start: 22
[2025-08-17 09:28:43,128][root][INFO] - [23/100] train 99.792%/0.0063 | val 94.472%/0.3173
[2025-08-17 09:28:43,128][root][INFO] - Start: 23
[2025-08-17 09:30:59,127][root][INFO] - [24/100] train 99.892%/0.0028 | val 96.861%/0.2054
[2025-08-17 09:30:59,127][root][INFO] - Start: 24
[2025-08-17 09:33:16,476][root][INFO] - [25/100] train 99.922%/0.0024 | val 96.389%/0.2353
[2025-08-17 09:33:16,477][root][INFO] - Start: 25
[2025-08-17 09:35:33,383][root][INFO] - [26/100] train 99.950%/0.0014 | val 95.278%/0.4031
[2025-08-17 09:35:33,383][root][INFO] - Start: 26
[2025-08-17 09:37:53,449][root][INFO] - [27/100] train 99.776%/0.0062 | val 97.042%/0.2510
[2025-08-17 09:37:53,450][root][INFO] - Start: 27
[2025-08-17 09:40:11,051][root][INFO] - [28/100] train 99.922%/0.0027 | val 91.806%/0.7263
[2025-08-17 09:40:11,051][root][INFO] - Start: 28
[2025-08-17 09:42:27,552][root][INFO] - [29/100] train 99.929%/0.0022 | val 96.014%/0.2423
[2025-08-17 09:42:27,552][root][INFO] - Start: 29
[2025-08-17 09:44:43,980][root][INFO] - [30/100] train 99.760%/0.0071 | val 93.597%/0.3919
[2025-08-17 09:44:43,980][root][INFO] - Start: 30
[2025-08-17 09:47:01,780][root][INFO] - [31/100] train 99.938%/0.0021 | val 96.111%/0.2209
[2025-08-17 09:47:01,780][root][INFO] - Start: 31
[2025-08-17 09:49:19,096][root][INFO] - [32/100] train 99.851%/0.0039 | val 92.444%/0.4960
[2025-08-17 09:49:19,096][root][INFO] - Start: 32
[2025-08-17 09:51:35,443][root][INFO] - [33/100] train 99.781%/0.0064 | val 89.028%/0.8120
[2025-08-17 09:51:35,444][root][INFO] - Start: 33
[2025-08-17 09:53:52,481][root][INFO] - [34/100] train 99.915%/0.0029 | val 96.931%/0.1889
[2025-08-17 09:53:52,482][root][INFO] - Start: 34
[2025-08-17 09:56:10,384][root][INFO] - [35/100] train 99.967%/0.0011 | val 96.014%/0.2951
[2025-08-17 09:56:10,384][root][INFO] - Start: 35
[2025-08-17 09:58:27,436][root][INFO] - [36/100] train 99.816%/0.0050 | val 86.542%/0.8404
[2025-08-17 09:58:27,436][root][INFO] - Start: 36
[2025-08-17 10:00:45,903][root][INFO] - [37/100] train 99.953%/0.0018 | val 97.306%/0.2300
[2025-08-17 10:00:45,903][root][INFO] - Start: 37
[2025-08-17 10:03:02,326][root][INFO] - [38/100] train 99.998%/0.0001 | val 97.167%/0.2109
[2025-08-17 10:03:02,326][root][INFO] - Start: 38
[2025-08-17 10:05:18,637][root][INFO] - [39/100] train 100.000%/0.0000 | val 97.167%/0.2079
[2025-08-17 10:05:18,637][root][INFO] - Start: 39
[2025-08-17 10:07:36,702][root][INFO] - [40/100] train 100.000%/0.0000 | val 97.194%/0.2126
[2025-08-17 10:07:36,702][root][INFO] - Start: 40
[2025-08-17 10:09:53,385][root][INFO] - [41/100] train 100.000%/0.0000 | val 97.181%/0.2210
[2025-08-17 10:09:53,386][root][INFO] - Start: 41
[2025-08-17 10:12:10,662][root][INFO] - [42/100] train 100.000%/0.0000 | val 97.153%/0.2225
[2025-08-17 10:12:10,662][root][INFO] - Start: 42
[2025-08-17 10:14:28,225][root][INFO] - [43/100] train 100.000%/0.0000 | val 97.208%/0.2228
[2025-08-17 10:14:28,225][root][INFO] - Start: 43
[2025-08-17 10:16:47,101][root][INFO] - [44/100] train 100.000%/0.0000 | val 97.194%/0.2275
[2025-08-17 10:16:47,101][root][INFO] - Start: 44
[2025-08-17 10:19:04,140][root][INFO] - [45/100] train 100.000%/0.0000 | val 97.167%/0.2306
[2025-08-17 10:19:04,141][root][INFO] - Start: 45
[2025-08-17 10:21:21,780][root][INFO] - [46/100] train 100.000%/0.0000 | val 97.222%/0.2311
[2025-08-17 10:21:21,780][root][INFO] - Start: 46
[2025-08-17 10:23:39,451][root][INFO] - [47/100] train 100.000%/0.0000 | val 97.194%/0.2337
[2025-08-17 10:23:39,451][root][INFO] - Start: 47
[2025-08-17 10:25:56,927][root][INFO] - [48/100] train 100.000%/0.0000 | val 97.194%/0.2341
[2025-08-17 10:25:56,927][root][INFO] - Start: 48
[2025-08-17 10:28:16,631][root][INFO] - [49/100] train 100.000%/0.0000 | val 97.181%/0.2346
[2025-08-17 10:28:16,632][root][INFO] - Start: 49
[2025-08-17 10:30:34,023][root][INFO] - [50/100] train 100.000%/0.0000 | val 97.181%/0.2342
[2025-08-17 10:30:34,024][root][INFO] - Start: 50
[2025-08-17 10:32:52,117][root][INFO] - [51/100] train 100.000%/0.0000 | val 97.194%/0.2362
[2025-08-17 10:32:52,117][root][INFO] - Start: 51
[2025-08-17 10:35:10,164][root][INFO] - [52/100] train 100.000%/0.0000 | val 97.236%/0.2375
[2025-08-17 10:35:10,164][root][INFO] - Start: 52
[2025-08-17 10:37:26,633][root][INFO] - [53/100] train 100.000%/0.0000 | val 97.236%/0.2349
[2025-08-17 10:37:26,633][root][INFO] - Start: 53
[2025-08-17 10:39:44,021][root][INFO] - [54/100] train 100.000%/0.0000 | val 97.208%/0.2409
[2025-08-17 10:39:44,022][root][INFO] - Start: 54
[2025-08-17 10:42:02,963][root][INFO] - [55/100] train 100.000%/0.0000 | val 97.222%/0.2404
[2025-08-17 10:42:02,963][root][INFO] - Start: 55
[2025-08-17 10:44:22,305][root][INFO] - [56/100] train 100.000%/0.0000 | val 97.236%/0.2409
[2025-08-17 10:44:22,305][root][INFO] - Start: 56
[2025-08-17 10:46:38,228][root][INFO] - [57/100] train 100.000%/0.0000 | val 97.250%/0.2396
[2025-08-17 10:46:38,229][root][INFO] - Start: 57
[2025-08-17 10:48:57,655][root][INFO] - [58/100] train 100.000%/0.0000 | val 97.264%/0.2399
[2025-08-17 10:48:57,656][root][INFO] - Start: 58
[2025-08-17 10:51:14,612][root][INFO] - [59/100] train 100.000%/0.0000 | val 97.250%/0.2431
[2025-08-17 10:51:14,613][root][INFO] - Start: 59
[2025-08-17 10:53:31,873][root][INFO] - [60/100] train 100.000%/0.0000 | val 97.250%/0.2444
[2025-08-17 10:53:31,874][root][INFO] - Start: 60
[2025-08-17 10:55:49,060][root][INFO] - [61/100] train 100.000%/0.0000 | val 97.278%/0.2417
[2025-08-17 10:55:49,060][root][INFO] - Start: 61
[2025-08-17 10:58:05,194][root][INFO] - [62/100] train 100.000%/0.0000 | val 97.250%/0.2437
[2025-08-17 10:58:05,195][root][INFO] - Start: 62
[2025-08-17 11:00:23,042][root][INFO] - [63/100] train 100.000%/0.0000 | val 97.278%/0.2439
[2025-08-17 11:00:23,042][root][INFO] - Start: 63
[2025-08-17 11:02:39,724][root][INFO] - [64/100] train 100.000%/0.0000 | val 97.264%/0.2467
[2025-08-17 11:02:39,725][root][INFO] - Start: 64
[2025-08-17 11:04:57,871][root][INFO] - [65/100] train 100.000%/0.0000 | val 97.264%/0.2431
[2025-08-17 11:04:57,872][root][INFO] - Start: 65
[2025-08-17 11:07:14,354][root][INFO] - [66/100] train 100.000%/0.0000 | val 97.278%/0.2464
[2025-08-17 11:07:14,354][root][INFO] - Start: 66
[2025-08-17 11:09:31,252][root][INFO] - [67/100] train 100.000%/0.0000 | val 97.278%/0.2473
[2025-08-17 11:09:31,252][root][INFO] - Start: 67
[2025-08-17 11:11:46,053][root][INFO] - [68/100] train 100.000%/0.0000 | val 97.278%/0.2496
[2025-08-17 11:11:46,054][root][INFO] - Start: 68
[2025-08-17 11:13:58,974][root][INFO] - [69/100] train 100.000%/0.0000 | val 97.319%/0.2470
[2025-08-17 11:13:58,974][root][INFO] - Start: 69
[2025-08-17 11:16:10,434][root][INFO] - [70/100] train 100.000%/0.0000 | val 97.333%/0.2488
[2025-08-17 11:16:10,434][root][INFO] - Start: 70
[2025-08-17 11:18:20,913][root][INFO] - [71/100] train 100.000%/0.0000 | val 97.264%/0.2524
[2025-08-17 11:18:20,913][root][INFO] - Start: 71
[2025-08-17 11:20:31,540][root][INFO] - [72/100] train 100.000%/0.0000 | val 97.347%/0.2527
[2025-08-17 11:20:31,540][root][INFO] - Start: 72
[2025-08-17 11:22:42,190][root][INFO] - [73/100] train 100.000%/0.0000 | val 97.319%/0.2524
[2025-08-17 11:22:42,190][root][INFO] - Start: 73
[2025-08-17 11:24:53,246][root][INFO] - [74/100] train 100.000%/0.0000 | val 97.306%/0.2559
[2025-08-17 11:24:53,246][root][INFO] - Start: 74
[2025-08-17 11:27:03,548][root][INFO] - [75/100] train 100.000%/0.0000 | val 97.250%/0.2575
[2025-08-17 11:27:03,548][root][INFO] - Start: 75
[2025-08-17 11:29:14,514][root][INFO] - [76/100] train 100.000%/0.0000 | val 97.306%/0.2576
[2025-08-17 11:29:14,514][root][INFO] - Start: 76
[2025-08-17 11:31:25,195][root][INFO] - [77/100] train 100.000%/0.0000 | val 97.292%/0.2587
[2025-08-17 11:31:25,195][root][INFO] - Start: 77
[2025-08-17 11:33:36,183][root][INFO] - [78/100] train 100.000%/0.0000 | val 97.278%/0.2616
[2025-08-17 11:33:36,183][root][INFO] - Start: 78
[2025-08-17 11:35:47,026][root][INFO] - [79/100] train 100.000%/0.0000 | val 97.292%/0.2605
[2025-08-17 11:35:47,026][root][INFO] - Start: 79
[2025-08-17 11:37:56,778][root][INFO] - [80/100] train 100.000%/0.0000 | val 97.278%/0.2631
[2025-08-17 11:37:56,778][root][INFO] - Start: 80
[2025-08-17 11:40:06,983][root][INFO] - [81/100] train 100.000%/0.0000 | val 97.319%/0.2609
[2025-08-17 11:40:06,983][root][INFO] - Start: 81
[2025-08-17 11:42:16,948][root][INFO] - [82/100] train 100.000%/0.0000 | val 97.250%/0.2651
[2025-08-17 11:42:16,948][root][INFO] - Start: 82
[2025-08-17 11:44:27,361][root][INFO] - [83/100] train 100.000%/0.0000 | val 97.292%/0.2638
[2025-08-17 11:44:27,362][root][INFO] - Start: 83
[2025-08-17 11:46:37,210][root][INFO] - [84/100] train 100.000%/0.0000 | val 97.347%/0.2603
[2025-08-17 11:46:37,210][root][INFO] - Start: 84
[2025-08-17 11:48:47,644][root][INFO] - [85/100] train 100.000%/0.0000 | val 97.319%/0.2641
[2025-08-17 11:48:47,644][root][INFO] - Start: 85
[2025-08-17 11:50:57,964][root][INFO] - [86/100] train 100.000%/0.0000 | val 97.278%/0.2653
[2025-08-17 11:50:57,964][root][INFO] - Start: 86
[2025-08-17 11:53:08,700][root][INFO] - [87/100] train 100.000%/0.0000 | val 97.278%/0.2654
[2025-08-17 11:53:08,700][root][INFO] - Start: 87
[2025-08-17 11:55:19,896][root][INFO] - [88/100] train 100.000%/0.0000 | val 97.319%/0.2663
[2025-08-17 11:55:19,896][root][INFO] - Start: 88
[2025-08-17 11:57:30,373][root][INFO] - [89/100] train 100.000%/0.0000 | val 97.264%/0.2656
[2025-08-17 11:57:30,373][root][INFO] - Start: 89
[2025-08-17 11:59:40,356][root][INFO] - [90/100] train 100.000%/0.0000 | val 97.333%/0.2655
[2025-08-17 11:59:40,356][root][INFO] - Start: 90
[2025-08-17 12:01:51,252][root][INFO] - [91/100] train 100.000%/0.0000 | val 97.319%/0.2671
[2025-08-17 12:01:51,252][root][INFO] - Start: 91
[2025-08-17 12:04:01,392][root][INFO] - [92/100] train 100.000%/0.0000 | val 97.278%/0.2694
[2025-08-17 12:04:01,393][root][INFO] - Start: 92
[2025-08-17 12:06:12,572][root][INFO] - [93/100] train 100.000%/0.0000 | val 97.333%/0.2690
[2025-08-17 12:06:12,573][root][INFO] - Start: 93
[2025-08-17 12:08:23,508][root][INFO] - [94/100] train 100.000%/0.0000 | val 97.319%/0.2722
[2025-08-17 12:08:23,508][root][INFO] - Start: 94
[2025-08-17 12:10:34,023][root][INFO] - [95/100] train 100.000%/0.0000 | val 97.250%/0.2738
[2025-08-17 12:10:34,024][root][INFO] - Start: 95
[2025-08-17 12:12:44,297][root][INFO] - [96/100] train 100.000%/0.0000 | val 97.306%/0.2689
[2025-08-17 12:12:44,297][root][INFO] - Start: 96
[2025-08-17 12:14:54,862][root][INFO] - [97/100] train 100.000%/0.0000 | val 97.333%/0.2724
[2025-08-17 12:14:54,862][root][INFO] - Start: 97
[2025-08-17 12:17:04,717][root][INFO] - [98/100] train 100.000%/0.0000 | val 97.278%/0.2717
[2025-08-17 12:17:04,717][root][INFO] - Start: 98
[2025-08-17 12:19:15,616][root][INFO] - [99/100] train 100.000%/0.0000 | val 97.333%/0.2733
[2025-08-17 12:19:15,616][root][INFO] - Start: 99
[2025-08-17 12:21:26,188][root][INFO] - [100/100] train 100.000%/0.0000 | val 97.333%/0.2745
[2025-08-17 12:21:34,270][root][INFO] - 
[Test Evaluation]
[2025-08-17 12:21:34,271][root][INFO] -  Accuracy : 0.977
[2025-08-17 12:21:34,271][root][INFO] -  Precision: 0.974
[2025-08-17 12:21:34,271][root][INFO] -  Recall   : 0.980
[2025-08-17 12:21:34,271][root][INFO] -  F1       : 0.977
[2025-08-17 12:21:34,271][root][INFO] -  Auc      : 0.998
