[2025-08-17 08:37:39,646][root][INFO] - ORIGINAL CWD : /home/sota/research/sotaohnuma/coffee
[2025-08-17 08:37:39,647][root][INFO] - RUN CWD      : /home/sota/research/sotaohnuma/coffee/outputs/bean_224/vit_third/base/2025-08-17_08-37-39
[2025-08-17 08:37:39,647][root][INFO] - batch: 666, 
 {'_target_': 'vit_pytorch.ViT', 'batch_size': 666, 'lr': 0.0016, 'weight_decay': 8.7e-05, 'image_size': 224, 'patch_size': 16, 'num_classes': 2, 'dim': 256, 'depth': 3, 'heads': 6, 'mlp_dim': 256, 'dropout': 0.2, 'emb_dropout': 0.2}
[2025-08-17 08:37:39,648][root][INFO] - lr: 0.0016, 
 {'_target_': 'vit_pytorch.ViT', 'lr': 0.0016, 'weight_decay': 8.7e-05, 'image_size': 224, 'patch_size': 16, 'num_classes': 2, 'dim': 256, 'depth': 3, 'heads': 6, 'mlp_dim': 256, 'dropout': 0.2, 'emb_dropout': 0.2}
[2025-08-17 08:37:39,648][root][INFO] - weight_decay: 8.7e-05, 
 {'_target_': 'vit_pytorch.ViT', 'weight_decay': 8.7e-05, 'image_size': 224, 'patch_size': 16, 'num_classes': 2, 'dim': 256, 'depth': 3, 'heads': 6, 'mlp_dim': 256, 'dropout': 0.2, 'emb_dropout': 0.2}
[2025-08-17 08:37:40,557][root][INFO] - Start loading train data
[2025-08-17 08:37:40,857][root][INFO] - Start loading val data
[2025-08-17 08:37:40,892][root][INFO] - Start loading test data
[2025-08-17 08:37:40,922][root][INFO] - Finished DataLoader setup
[2025-08-17 08:37:40,924][root][INFO] - Start: 0
[2025-08-17 08:39:14,981][root][INFO] - [01/100] train 60.655%/0.6824 | val 72.361%/0.5402
[2025-08-17 08:39:15,012][root][INFO] - Start: 1
[2025-08-17 08:40:46,276][root][INFO] - [02/100] train 70.726%/0.5582 | val 75.111%/0.5098
[2025-08-17 08:40:46,374][root][INFO] - Start: 2
[2025-08-17 08:42:18,597][root][INFO] - [03/100] train 75.644%/0.4980 | val 73.333%/0.5555
[2025-08-17 08:42:18,597][root][INFO] - Start: 3
[2025-08-17 08:43:54,477][root][INFO] - [04/100] train 78.253%/0.4586 | val 76.306%/0.5201
[2025-08-17 08:43:54,540][root][INFO] - Start: 4
[2025-08-17 08:45:27,622][root][INFO] - [05/100] train 79.714%/0.4357 | val 81.750%/0.4466
[2025-08-17 08:45:27,666][root][INFO] - Start: 5
[2025-08-17 08:46:52,651][root][INFO] - [06/100] train 81.023%/0.4147 | val 82.847%/0.3954
[2025-08-17 08:46:52,719][root][INFO] - Start: 6
[2025-08-17 08:48:25,667][root][INFO] - [07/100] train 82.500%/0.3888 | val 73.486%/0.5745
[2025-08-17 08:48:25,668][root][INFO] - Start: 7
[2025-08-17 08:50:01,544][root][INFO] - [08/100] train 83.167%/0.3777 | val 81.639%/0.4432
[2025-08-17 08:50:01,545][root][INFO] - Start: 8
[2025-08-17 08:51:29,655][root][INFO] - [09/100] train 84.385%/0.3586 | val 84.944%/0.3524
[2025-08-17 08:51:29,685][root][INFO] - Start: 9
[2025-08-17 08:53:03,276][root][INFO] - [10/100] train 84.483%/0.3505 | val 85.444%/0.3411
[2025-08-17 08:53:03,308][root][INFO] - Start: 10
[2025-08-17 08:54:39,754][root][INFO] - [11/100] train 85.385%/0.3368 | val 85.264%/0.3662
[2025-08-17 08:54:39,755][root][INFO] - Start: 11
[2025-08-17 08:56:10,756][root][INFO] - [12/100] train 86.266%/0.3227 | val 83.944%/0.4063
[2025-08-17 08:56:10,757][root][INFO] - Start: 12
[2025-08-17 08:57:51,783][root][INFO] - [13/100] train 86.689%/0.3141 | val 86.875%/0.3194
[2025-08-17 08:57:51,863][root][INFO] - Start: 13
[2025-08-17 08:59:25,671][root][INFO] - [14/100] train 87.205%/0.3000 | val 85.181%/0.3765
[2025-08-17 08:59:25,671][root][INFO] - Start: 14
[2025-08-17 09:00:58,749][root][INFO] - [15/100] train 87.759%/0.2906 | val 86.778%/0.3335
[2025-08-17 09:00:58,749][root][INFO] - Start: 15
[2025-08-17 09:02:26,649][root][INFO] - [16/100] train 87.861%/0.2864 | val 85.625%/0.3887
[2025-08-17 09:02:26,649][root][INFO] - Start: 16
[2025-08-17 09:03:56,473][root][INFO] - [17/100] train 88.578%/0.2726 | val 86.542%/0.3324
[2025-08-17 09:03:56,473][root][INFO] - Start: 17
[2025-08-17 09:05:29,387][root][INFO] - [18/100] train 88.708%/0.2712 | val 85.458%/0.3786
[2025-08-17 09:05:29,388][root][INFO] - Start: 18
[2025-08-17 09:07:03,597][root][INFO] - [19/100] train 89.085%/0.2638 | val 87.236%/0.3517
[2025-08-17 09:07:03,637][root][INFO] - Start: 19
[2025-08-17 09:08:37,817][root][INFO] - [20/100] train 89.592%/0.2502 | val 85.806%/0.4011
[2025-08-17 09:08:37,818][root][INFO] - Start: 20
[2025-08-17 09:10:09,981][root][INFO] - [21/100] train 89.806%/0.2444 | val 85.639%/0.4299
[2025-08-17 09:10:09,981][root][INFO] - Start: 21
[2025-08-17 09:11:32,743][root][INFO] - [22/100] train 90.229%/0.2349 | val 86.472%/0.4058
[2025-08-17 09:11:32,744][root][INFO] - Start: 22
[2025-08-17 09:13:07,611][root][INFO] - [23/100] train 90.741%/0.2246 | val 86.764%/0.3642
[2025-08-17 09:13:07,611][root][INFO] - Start: 23
[2025-08-17 09:14:40,752][root][INFO] - [24/100] train 90.726%/0.2227 | val 86.611%/0.4060
[2025-08-17 09:14:40,753][root][INFO] - Start: 24
[2025-08-17 09:16:11,581][root][INFO] - [25/100] train 91.115%/0.2151 | val 88.722%/0.3007
[2025-08-17 09:16:11,675][root][INFO] - Start: 25
[2025-08-17 09:17:42,713][root][INFO] - [26/100] train 91.345%/0.2108 | val 85.681%/0.3868
[2025-08-17 09:17:42,713][root][INFO] - Start: 26
[2025-08-17 09:19:14,062][root][INFO] - [27/100] train 91.917%/0.1974 | val 87.694%/0.3541
[2025-08-17 09:19:14,063][root][INFO] - Start: 27
[2025-08-17 09:20:46,253][root][INFO] - [28/100] train 92.108%/0.1936 | val 86.194%/0.4316
[2025-08-17 09:20:46,254][root][INFO] - Start: 28
[2025-08-17 09:22:12,637][root][INFO] - [29/100] train 92.410%/0.1867 | val 87.431%/0.3502
[2025-08-17 09:22:12,637][root][INFO] - Start: 29
[2025-08-17 09:23:39,853][root][INFO] - [30/100] train 92.661%/0.1815 | val 83.597%/0.4889
[2025-08-17 09:23:39,854][root][INFO] - Start: 30
[2025-08-17 09:25:05,103][root][INFO] - [31/100] train 92.741%/0.1774 | val 85.181%/0.4539
[2025-08-17 09:25:05,104][root][INFO] - Start: 31
[2025-08-17 09:26:40,349][root][INFO] - [32/100] train 92.811%/0.1736 | val 87.806%/0.3890
[2025-08-17 09:26:40,350][root][INFO] - Start: 32
[2025-08-17 09:28:14,502][root][INFO] - [33/100] train 92.868%/0.1732 | val 82.917%/0.5816
[2025-08-17 09:28:14,503][root][INFO] - Start: 33
[2025-08-17 09:29:46,441][root][INFO] - [34/100] train 93.064%/0.1686 | val 85.556%/0.4523
[2025-08-17 09:29:46,441][root][INFO] - Start: 34
[2025-08-17 09:31:17,661][root][INFO] - [35/100] train 93.760%/0.1549 | val 78.944%/0.7070
[2025-08-17 09:31:17,662][root][INFO] - Start: 35
[2025-08-17 09:32:51,947][root][INFO] - [36/100] train 93.804%/0.1524 | val 87.111%/0.4408
[2025-08-17 09:32:51,947][root][INFO] - Start: 36
[2025-08-17 09:34:24,232][root][INFO] - [37/100] train 93.618%/0.1584 | val 86.028%/0.4386
[2025-08-17 09:34:24,232][root][INFO] - Start: 37
[2025-08-17 09:35:50,569][root][INFO] - [38/100] train 94.104%/0.1474 | val 87.569%/0.3855
[2025-08-17 09:35:50,569][root][INFO] - Start: 38
[2025-08-17 09:37:13,374][root][INFO] - [39/100] train 94.328%/0.1420 | val 82.056%/0.5885
[2025-08-17 09:37:13,374][root][INFO] - Start: 39
[2025-08-17 09:38:48,123][root][INFO] - [40/100] train 94.203%/0.1430 | val 86.403%/0.4704
[2025-08-17 09:38:48,123][root][INFO] - Start: 40
[2025-08-17 09:40:24,784][root][INFO] - [41/100] train 94.476%/0.1359 | val 84.861%/0.5394
[2025-08-17 09:40:24,784][root][INFO] - Start: 41
[2025-08-17 09:42:02,708][root][INFO] - [42/100] train 94.807%/0.1276 | val 84.556%/0.5509
[2025-08-17 09:42:02,708][root][INFO] - Start: 42
[2025-08-17 09:43:33,824][root][INFO] - [43/100] train 95.043%/0.1225 | val 87.208%/0.4629
[2025-08-17 09:43:33,824][root][INFO] - Start: 43
[2025-08-17 09:45:05,852][root][INFO] - [44/100] train 94.984%/0.1246 | val 87.625%/0.4292
[2025-08-17 09:45:05,853][root][INFO] - Start: 44
[2025-08-17 09:46:42,666][root][INFO] - [45/100] train 94.988%/0.1235 | val 88.167%/0.3832
[2025-08-17 09:46:42,666][root][INFO] - Start: 45
[2025-08-17 09:48:13,460][root][INFO] - [46/100] train 95.238%/0.1180 | val 85.111%/0.5591
[2025-08-17 09:48:13,461][root][INFO] - Start: 46
[2025-08-17 09:49:46,063][root][INFO] - [47/100] train 95.403%/0.1173 | val 86.667%/0.5003
[2025-08-17 09:49:46,063][root][INFO] - Start: 47
[2025-08-17 09:51:25,996][root][INFO] - [48/100] train 95.490%/0.1112 | val 84.250%/0.6395
[2025-08-17 09:51:25,997][root][INFO] - Start: 48
[2025-08-17 09:53:02,702][root][INFO] - [49/100] train 95.741%/0.1057 | val 84.722%/0.6300
[2025-08-17 09:53:02,702][root][INFO] - Start: 49
[2025-08-17 09:54:33,272][root][INFO] - [50/100] train 96.030%/0.1013 | val 82.514%/0.7582
[2025-08-17 09:54:33,272][root][INFO] - Start: 50
[2025-08-17 09:56:06,221][root][INFO] - [51/100] train 95.976%/0.1022 | val 85.625%/0.5758
[2025-08-17 09:56:06,222][root][INFO] - Start: 51
[2025-08-17 09:57:47,037][root][INFO] - [52/100] train 96.066%/0.0981 | val 82.014%/0.7648
[2025-08-17 09:57:47,038][root][INFO] - Start: 52
[2025-08-17 09:59:17,863][root][INFO] - [53/100] train 96.049%/0.1005 | val 84.486%/0.5733
[2025-08-17 09:59:17,863][root][INFO] - Start: 53
[2025-08-17 10:00:51,828][root][INFO] - [54/100] train 96.285%/0.0926 | val 86.833%/0.5593
[2025-08-17 10:00:51,829][root][INFO] - Start: 54
[2025-08-17 10:02:24,524][root][INFO] - [55/100] train 96.510%/0.0901 | val 85.694%/0.6395
[2025-08-17 10:02:24,524][root][INFO] - Start: 55
[2025-08-17 10:03:58,039][root][INFO] - [56/100] train 96.347%/0.0926 | val 84.778%/0.6141
[2025-08-17 10:03:58,039][root][INFO] - Start: 56
[2025-08-17 10:05:29,669][root][INFO] - [57/100] train 96.438%/0.0882 | val 84.958%/0.7249
[2025-08-17 10:05:29,669][root][INFO] - Start: 57
[2025-08-17 10:07:05,160][root][INFO] - [58/100] train 96.597%/0.0839 | val 87.319%/0.5781
[2025-08-17 10:07:05,160][root][INFO] - Start: 58
[2025-08-17 10:08:36,797][root][INFO] - [59/100] train 96.556%/0.0890 | val 86.931%/0.5568
[2025-08-17 10:08:36,797][root][INFO] - Start: 59
[2025-08-17 10:10:07,407][root][INFO] - [60/100] train 96.681%/0.0838 | val 84.333%/0.7423
[2025-08-17 10:10:07,407][root][INFO] - Start: 60
[2025-08-17 10:11:33,387][root][INFO] - [61/100] train 96.941%/0.0792 | val 85.125%/0.6814
[2025-08-17 10:11:33,388][root][INFO] - Start: 61
[2025-08-17 10:13:06,809][root][INFO] - [62/100] train 96.891%/0.0779 | val 85.833%/0.7361
[2025-08-17 10:13:06,810][root][INFO] - Start: 62
[2025-08-17 10:14:39,275][root][INFO] - [63/100] train 96.974%/0.0774 | val 85.875%/0.6623
[2025-08-17 10:14:39,275][root][INFO] - Start: 63
[2025-08-17 10:16:21,591][root][INFO] - [64/100] train 97.156%/0.0742 | val 86.764%/0.5842
[2025-08-17 10:16:21,591][root][INFO] - Start: 64
[2025-08-17 10:17:54,019][root][INFO] - [65/100] train 97.111%/0.0739 | val 85.806%/0.6242
[2025-08-17 10:17:54,019][root][INFO] - Start: 65
[2025-08-17 10:19:25,623][root][INFO] - [66/100] train 97.215%/0.0709 | val 87.431%/0.6264
[2025-08-17 10:19:25,624][root][INFO] - Start: 66
[2025-08-17 10:21:01,281][root][INFO] - [67/100] train 97.149%/0.0721 | val 86.375%/0.7258
[2025-08-17 10:21:01,282][root][INFO] - Start: 67
[2025-08-17 10:22:37,453][root][INFO] - [68/100] train 97.116%/0.0744 | val 84.403%/0.7979
[2025-08-17 10:22:37,453][root][INFO] - Start: 68
[2025-08-17 10:24:08,922][root][INFO] - [69/100] train 97.311%/0.0690 | val 87.181%/0.5776
[2025-08-17 10:24:08,922][root][INFO] - Start: 69
[2025-08-17 10:25:40,126][root][INFO] - [70/100] train 97.229%/0.0720 | val 87.111%/0.5698
[2025-08-17 10:25:40,127][root][INFO] - Start: 70
[2025-08-17 10:27:10,529][root][INFO] - [71/100] train 97.358%/0.0688 | val 86.486%/0.6764
[2025-08-17 10:27:10,529][root][INFO] - Start: 71
[2025-08-17 10:28:36,518][root][INFO] - [72/100] train 97.543%/0.0642 | val 86.069%/0.6607
[2025-08-17 10:28:36,518][root][INFO] - Start: 72
[2025-08-17 10:30:07,770][root][INFO] - [73/100] train 97.420%/0.0664 | val 85.708%/0.7203
[2025-08-17 10:30:07,770][root][INFO] - Start: 73
[2025-08-17 10:31:39,072][root][INFO] - [74/100] train 97.561%/0.0646 | val 87.653%/0.5775
[2025-08-17 10:31:39,072][root][INFO] - Start: 74
[2025-08-17 10:33:08,928][root][INFO] - [75/100] train 97.451%/0.0651 | val 84.472%/0.8773
[2025-08-17 10:33:08,928][root][INFO] - Start: 75
[2025-08-17 10:34:44,369][root][INFO] - [76/100] train 97.625%/0.0613 | val 87.111%/0.6757
[2025-08-17 10:34:44,369][root][INFO] - Start: 76
[2025-08-17 10:36:15,674][root][INFO] - [77/100] train 97.542%/0.0627 | val 87.375%/0.5972
[2025-08-17 10:36:15,674][root][INFO] - Start: 77
[2025-08-17 10:37:53,081][root][INFO] - [78/100] train 97.738%/0.0610 | val 83.264%/0.8901
[2025-08-17 10:37:53,081][root][INFO] - Start: 78
[2025-08-17 10:39:26,580][root][INFO] - [79/100] train 97.802%/0.0583 | val 85.861%/0.7008
[2025-08-17 10:39:26,581][root][INFO] - Start: 79
[2025-08-17 10:41:05,197][root][INFO] - [80/100] train 97.736%/0.0595 | val 85.292%/0.8041
[2025-08-17 10:41:05,198][root][INFO] - Start: 80
[2025-08-17 10:42:39,906][root][INFO] - [81/100] train 97.792%/0.0572 | val 86.625%/0.6775
[2025-08-17 10:42:39,906][root][INFO] - Start: 81
[2025-08-17 10:44:10,390][root][INFO] - [82/100] train 98.068%/0.0517 | val 87.431%/0.5823
[2025-08-17 10:44:10,390][root][INFO] - Start: 82
[2025-08-17 10:45:41,727][root][INFO] - [83/100] train 97.986%/0.0535 | val 85.944%/0.7369
[2025-08-17 10:45:41,727][root][INFO] - Start: 83
[2025-08-17 10:47:17,484][root][INFO] - [84/100] train 97.865%/0.0548 | val 87.236%/0.6365
[2025-08-17 10:47:17,484][root][INFO] - Start: 84
[2025-08-17 10:48:50,732][root][INFO] - [85/100] train 98.007%/0.0530 | val 87.181%/0.7004
[2025-08-17 10:48:50,732][root][INFO] - Start: 85
[2025-08-17 10:50:22,139][root][INFO] - [86/100] train 97.950%/0.0537 | val 86.903%/0.6121
[2025-08-17 10:50:22,140][root][INFO] - Start: 86
[2025-08-17 10:51:52,989][root][INFO] - [87/100] train 98.010%/0.0525 | val 86.806%/0.6843
[2025-08-17 10:51:52,990][root][INFO] - Start: 87
[2025-08-17 10:53:21,071][root][INFO] - [88/100] train 98.021%/0.0515 | val 86.750%/0.6731
[2025-08-17 10:53:21,071][root][INFO] - Start: 88
[2025-08-17 10:54:55,437][root][INFO] - [89/100] train 98.014%/0.0526 | val 85.917%/0.6820
[2025-08-17 10:54:55,437][root][INFO] - Start: 89
[2025-08-17 10:56:29,838][root][INFO] - [90/100] train 98.233%/0.0478 | val 84.653%/0.8958
[2025-08-17 10:56:29,838][root][INFO] - Start: 90
[2025-08-17 10:58:02,096][root][INFO] - [91/100] train 98.130%/0.0493 | val 85.597%/0.8513
[2025-08-17 10:58:02,097][root][INFO] - Start: 91
[2025-08-17 10:59:40,793][root][INFO] - [92/100] train 98.108%/0.0511 | val 85.458%/0.7950
[2025-08-17 10:59:40,793][root][INFO] - Start: 92
[2025-08-17 11:01:11,213][root][INFO] - [93/100] train 98.109%/0.0485 | val 87.250%/0.6545
[2025-08-17 11:01:11,214][root][INFO] - Start: 93
[2025-08-17 11:02:38,463][root][INFO] - [94/100] train 98.280%/0.0459 | val 86.542%/0.8319
[2025-08-17 11:02:38,463][root][INFO] - Start: 94
[2025-08-17 11:04:15,070][root][INFO] - [95/100] train 98.174%/0.0502 | val 88.000%/0.5711
[2025-08-17 11:04:15,070][root][INFO] - Start: 95
[2025-08-17 11:05:42,537][root][INFO] - [96/100] train 98.231%/0.0476 | val 86.764%/0.7047
[2025-08-17 11:05:42,537][root][INFO] - Start: 96
[2025-08-17 11:07:14,559][root][INFO] - [97/100] train 98.335%/0.0456 | val 85.278%/0.8232
[2025-08-17 11:07:14,559][root][INFO] - Start: 97
[2025-08-17 11:08:48,230][root][INFO] - [98/100] train 98.323%/0.0448 | val 87.306%/0.7496
[2025-08-17 11:08:48,231][root][INFO] - Start: 98
[2025-08-17 11:10:22,973][root][INFO] - [99/100] train 98.391%/0.0439 | val 84.486%/0.9627
[2025-08-17 11:10:22,974][root][INFO] - Start: 99
[2025-08-17 11:11:40,407][root][INFO] - [100/100] train 98.352%/0.0427 | val 86.944%/0.7739
[2025-08-17 11:11:51,801][root][INFO] - 
[Test Evaluation]
[2025-08-17 11:11:51,801][root][INFO] -  Accuracy : 0.888
[2025-08-17 11:11:51,801][root][INFO] -  Precision: 0.866
[2025-08-17 11:11:51,802][root][INFO] -  Recall   : 0.919
[2025-08-17 11:11:51,802][root][INFO] -  F1       : 0.891
[2025-08-17 11:11:51,802][root][INFO] -  Auc      : 0.953
