[2025-09-24 09:40:08,641][root][INFO] - ORIGINAL CWD : /home/sota/research/sotaohnuma/coffee
[2025-09-24 09:40:08,641][root][INFO] - RUN CWD      : /home/sota/research/sotaohnuma/coffee/outputs/bean_224/cnn_student/base/2025-09-24_09-40-08
[2025-09-24 09:40:08,641][root][INFO] - batch: 1360, 
 {'_target_': 'models.cnn_student.cnn_student', 'batch_size': 1360, 'lr': 0.0001, 'weight_decay': 0.0005}
[2025-09-24 09:40:08,642][root][INFO] - Start loading train data
[2025-09-24 09:40:08,752][root][INFO] - Start loading val data
[2025-09-24 09:40:08,765][root][INFO] - Start loading test data
[2025-09-24 09:40:08,778][root][INFO] - Finished DataLoader setup
[2025-09-24 09:40:08,778][root][INFO] - Starting Optimize
[2025-09-24 09:40:09,121][root][INFO] - starting train
[2025-09-24 09:40:09,121][root][INFO] - epoch: 0
[2025-09-24 09:40:52,681][root][INFO] - epoch: 1
[2025-09-24 09:41:35,822][root][INFO] - epoch: 2
[2025-09-24 09:42:17,804][root][INFO] - epoch: 3
[2025-09-24 09:42:57,844][root][INFO] - epoch: 4
[2025-09-24 09:43:37,691][root][INFO] - epoch: 5
[2025-09-24 09:44:17,709][root][INFO] - epoch: 6
[2025-09-24 09:45:00,413][root][INFO] - epoch: 7
[2025-09-24 09:45:43,093][root][INFO] - epoch: 8
[2025-09-24 09:46:24,861][root][INFO] - epoch: 9
[2025-09-24 09:47:03,221][root][INFO] - epoch: 10
[2025-09-24 09:47:45,027][root][INFO] - epoch: 11
[2025-09-24 09:48:27,372][root][INFO] - epoch: 12
[2025-09-24 09:49:10,887][root][INFO] - epoch: 13
[2025-09-24 09:49:53,184][root][INFO] - epoch: 14
[2025-09-24 09:50:36,112][root][INFO] - epoch: 15
[2025-09-24 09:51:17,763][root][INFO] - epoch: 16
[2025-09-24 09:52:01,914][root][INFO] - epoch: 17
[2025-09-24 09:52:45,047][root][INFO] - epoch: 18
[2025-09-24 09:53:27,608][root][INFO] - epoch: 19
[2025-09-24 09:54:11,815][root][INFO] - finished train
[2025-09-24 09:54:11,815][root][INFO] - starting eval
[2025-09-24 09:54:20,172][root][INFO] - finished eval
[2025-09-24 09:54:20,178][root][INFO] - starting train
[2025-09-24 09:54:20,178][root][INFO] - epoch: 0
[2025-09-24 09:55:01,389][root][INFO] - epoch: 1
[2025-09-24 09:55:44,431][root][INFO] - epoch: 2
[2025-09-24 09:56:26,411][root][INFO] - epoch: 3
[2025-09-24 09:57:08,400][root][INFO] - epoch: 4
[2025-09-24 09:57:48,108][root][INFO] - epoch: 5
[2025-09-24 09:58:28,891][root][INFO] - epoch: 6
[2025-09-24 09:59:11,739][root][INFO] - epoch: 7
[2025-09-24 09:59:54,788][root][INFO] - epoch: 8
[2025-09-24 10:00:37,706][root][INFO] - epoch: 9
[2025-09-24 10:01:21,121][root][INFO] - epoch: 10
[2025-09-24 10:02:02,490][root][INFO] - epoch: 11
[2025-09-24 10:02:44,873][root][INFO] - epoch: 12
[2025-09-24 10:03:25,931][root][INFO] - epoch: 13
[2025-09-24 10:04:09,314][root][INFO] - epoch: 14
[2025-09-24 10:04:52,158][root][INFO] - epoch: 15
[2025-09-24 10:05:35,185][root][INFO] - epoch: 16
[2025-09-24 10:06:18,448][root][INFO] - epoch: 17
[2025-09-24 10:07:01,247][root][INFO] - epoch: 18
[2025-09-24 10:07:44,683][root][INFO] - epoch: 19
[2025-09-24 10:08:27,718][root][INFO] - finished train
[2025-09-24 10:08:27,718][root][INFO] - starting eval
[2025-09-24 10:08:36,670][root][INFO] - finished eval
[2025-09-24 10:08:36,677][root][INFO] - starting train
[2025-09-24 10:08:36,677][root][INFO] - epoch: 0
[2025-09-24 10:09:19,988][root][INFO] - epoch: 1
[2025-09-24 10:10:03,239][root][INFO] - epoch: 2
[2025-09-24 10:10:48,014][root][INFO] - epoch: 3
[2025-09-24 10:11:31,791][root][INFO] - epoch: 4
[2025-09-24 10:12:14,735][root][INFO] - epoch: 5
[2025-09-24 10:12:59,204][root][INFO] - epoch: 6
[2025-09-24 10:13:43,240][root][INFO] - epoch: 7
[2025-09-24 10:14:25,684][root][INFO] - epoch: 8
[2025-09-24 10:15:07,078][root][INFO] - epoch: 9
[2025-09-24 10:15:50,412][root][INFO] - epoch: 10
[2025-09-24 10:16:31,071][root][INFO] - epoch: 11
[2025-09-24 10:17:16,263][root][INFO] - epoch: 12
[2025-09-24 10:17:59,240][root][INFO] - epoch: 13
[2025-09-24 10:18:42,853][root][INFO] - epoch: 14
[2025-09-24 10:19:26,159][root][INFO] - epoch: 15
[2025-09-24 10:20:09,168][root][INFO] - epoch: 16
[2025-09-24 10:20:52,177][root][INFO] - epoch: 17
[2025-09-24 10:21:36,301][root][INFO] - epoch: 18
[2025-09-24 10:22:19,103][root][INFO] - epoch: 19
[2025-09-24 10:22:58,316][root][INFO] - finished train
[2025-09-24 10:22:58,316][root][INFO] - starting eval
[2025-09-24 10:23:07,015][root][INFO] - finished eval
[2025-09-24 10:23:07,022][root][INFO] - starting train
[2025-09-24 10:23:07,022][root][INFO] - epoch: 0
[2025-09-24 10:23:48,733][root][INFO] - epoch: 1
[2025-09-24 10:24:30,036][root][INFO] - epoch: 2
[2025-09-24 10:25:11,304][root][INFO] - epoch: 3
[2025-09-24 10:25:53,960][root][INFO] - epoch: 4
[2025-09-24 10:26:35,652][root][INFO] - epoch: 5
[2025-09-24 10:27:18,738][root][INFO] - epoch: 6
[2025-09-24 10:28:00,902][root][INFO] - epoch: 7
[2025-09-24 10:28:42,156][root][INFO] - epoch: 8
[2025-09-24 10:29:25,226][root][INFO] - epoch: 9
[2025-09-24 10:30:08,758][root][INFO] - epoch: 10
[2025-09-24 10:30:51,769][root][INFO] - epoch: 11
[2025-09-24 10:31:30,883][root][INFO] - epoch: 12
[2025-09-24 10:32:10,479][root][INFO] - epoch: 13
[2025-09-24 10:32:53,508][root][INFO] - epoch: 14
[2025-09-24 10:33:36,111][root][INFO] - epoch: 15
[2025-09-24 10:34:16,913][root][INFO] - epoch: 16
[2025-09-24 10:34:57,863][root][INFO] - epoch: 17
[2025-09-24 10:35:36,456][root][INFO] - epoch: 18
[2025-09-24 10:36:18,203][root][INFO] - epoch: 19
[2025-09-24 10:36:57,123][root][INFO] - finished train
[2025-09-24 10:36:57,123][root][INFO] - starting eval
[2025-09-24 10:37:04,875][root][INFO] - finished eval
[2025-09-24 10:37:04,881][root][INFO] - starting train
[2025-09-24 10:37:04,881][root][INFO] - epoch: 0
[2025-09-24 10:37:47,064][root][INFO] - epoch: 1
[2025-09-24 10:38:28,588][root][INFO] - epoch: 2
[2025-09-24 10:39:10,983][root][INFO] - epoch: 3
[2025-09-24 10:39:53,194][root][INFO] - epoch: 4
[2025-09-24 10:40:37,199][root][INFO] - epoch: 5
[2025-09-24 10:41:18,862][root][INFO] - epoch: 6
[2025-09-24 10:42:02,189][root][INFO] - epoch: 7
[2025-09-24 10:42:45,356][root][INFO] - epoch: 8
[2025-09-24 10:43:25,454][root][INFO] - epoch: 9
[2025-09-24 10:44:04,738][root][INFO] - epoch: 10
[2025-09-24 10:44:46,046][root][INFO] - epoch: 11
[2025-09-24 10:45:28,459][root][INFO] - epoch: 12
[2025-09-24 10:46:10,107][root][INFO] - epoch: 13
[2025-09-24 10:46:50,374][root][INFO] - epoch: 14
[2025-09-24 10:47:31,159][root][INFO] - epoch: 15
[2025-09-24 10:48:16,500][root][INFO] - epoch: 16
[2025-09-24 10:48:59,405][root][INFO] - epoch: 17
[2025-09-24 10:49:39,573][root][INFO] - epoch: 18
[2025-09-24 10:50:22,305][root][INFO] - epoch: 19
[2025-09-24 10:51:04,873][root][INFO] - finished train
[2025-09-24 10:51:04,873][root][INFO] - starting eval
[2025-09-24 10:51:13,183][root][INFO] - finished eval
[2025-09-24 10:51:13,189][root][INFO] - starting train
[2025-09-24 10:51:13,189][root][INFO] - epoch: 0
[2025-09-24 10:51:55,350][root][INFO] - epoch: 1
[2025-09-24 10:52:37,274][root][INFO] - epoch: 2
[2025-09-24 10:53:17,917][root][INFO] - epoch: 3
[2025-09-24 10:53:59,629][root][INFO] - epoch: 4
[2025-09-24 10:54:40,979][root][INFO] - epoch: 5
[2025-09-24 10:55:20,971][root][INFO] - epoch: 6
[2025-09-24 10:56:03,258][root][INFO] - epoch: 7
[2025-09-24 10:56:45,723][root][INFO] - epoch: 8
[2025-09-24 10:57:26,310][root][INFO] - epoch: 9
[2025-09-24 10:58:09,339][root][INFO] - epoch: 10
[2025-09-24 10:58:52,051][root][INFO] - epoch: 11
[2025-09-24 10:59:31,386][root][INFO] - epoch: 12
[2025-09-24 11:00:12,346][root][INFO] - epoch: 13
[2025-09-24 11:00:55,677][root][INFO] - epoch: 14
[2025-09-24 11:01:36,703][root][INFO] - epoch: 15
[2025-09-24 11:02:17,955][root][INFO] - epoch: 16
[2025-09-24 11:02:58,918][root][INFO] - epoch: 17
[2025-09-24 11:03:41,220][root][INFO] - epoch: 18
[2025-09-24 11:04:23,506][root][INFO] - epoch: 19
[2025-09-24 11:05:07,610][root][INFO] - finished train
[2025-09-24 11:05:07,611][root][INFO] - starting eval
[2025-09-24 11:05:15,608][root][INFO] - finished eval
[2025-09-24 11:05:15,614][root][INFO] - starting train
[2025-09-24 11:05:15,614][root][INFO] - epoch: 0
[2025-09-24 11:05:54,699][root][INFO] - epoch: 1
[2025-09-24 11:06:37,073][root][INFO] - epoch: 2
[2025-09-24 11:07:17,269][root][INFO] - epoch: 3
[2025-09-24 11:08:00,062][root][INFO] - epoch: 4
[2025-09-24 11:08:42,361][root][INFO] - epoch: 5
[2025-09-24 11:09:24,001][root][INFO] - epoch: 6
[2025-09-24 11:10:06,340][root][INFO] - epoch: 7
[2025-09-24 11:10:46,880][root][INFO] - epoch: 8
[2025-09-24 11:11:27,849][root][INFO] - epoch: 9
[2025-09-24 11:12:10,299][root][INFO] - epoch: 10
[2025-09-24 11:12:57,265][root][INFO] - epoch: 11
[2025-09-24 11:13:44,700][root][INFO] - epoch: 12
[2025-09-24 11:14:32,638][root][INFO] - epoch: 13
[2025-09-24 11:15:25,558][root][INFO] - epoch: 14
[2025-09-24 11:16:17,813][root][INFO] - epoch: 15
[2025-09-24 11:17:18,404][root][INFO] - epoch: 16
[2025-09-24 11:18:25,527][root][INFO] - epoch: 17
[2025-09-24 11:19:35,344][root][INFO] - epoch: 18
[2025-09-24 11:20:49,970][root][INFO] - epoch: 19
[2025-09-24 11:22:06,811][root][INFO] - finished train
[2025-09-24 11:22:06,811][root][INFO] - starting eval
[2025-09-24 11:22:20,788][root][INFO] - finished eval
[2025-09-24 11:22:20,798][root][INFO] - starting train
[2025-09-24 11:22:20,798][root][INFO] - epoch: 0
[2025-09-24 11:23:32,104][root][INFO] - epoch: 1
[2025-09-24 11:24:42,521][root][INFO] - epoch: 2
[2025-09-24 11:25:54,891][root][INFO] - epoch: 3
[2025-09-24 11:27:10,779][root][INFO] - epoch: 4
[2025-09-24 11:28:26,935][root][INFO] - epoch: 5
[2025-09-24 11:29:40,715][root][INFO] - epoch: 6
[2025-09-24 11:30:53,874][root][INFO] - epoch: 7
[2025-09-24 11:32:07,835][root][INFO] - epoch: 8
[2025-09-24 11:33:20,431][root][INFO] - epoch: 9
[2025-09-24 11:34:36,125][root][INFO] - epoch: 10
[2025-09-24 11:35:51,186][root][INFO] - epoch: 11
[2025-09-24 11:37:02,553][root][INFO] - epoch: 12
[2025-09-24 11:38:12,984][root][INFO] - epoch: 13
[2025-09-24 11:39:26,866][root][INFO] - epoch: 14
[2025-09-24 11:40:39,738][root][INFO] - epoch: 15
[2025-09-24 11:41:56,675][root][INFO] - epoch: 16
[2025-09-24 11:43:11,857][root][INFO] - epoch: 17
[2025-09-24 11:44:23,986][root][INFO] - epoch: 18
[2025-09-24 11:45:33,461][root][INFO] - epoch: 19
[2025-09-24 11:46:47,429][root][INFO] - finished train
[2025-09-24 11:46:47,429][root][INFO] - starting eval
[2025-09-24 11:47:00,521][root][INFO] - finished eval
[2025-09-24 11:47:00,534][root][INFO] - starting train
[2025-09-24 11:47:00,535][root][INFO] - epoch: 0
[2025-09-24 11:48:13,993][root][INFO] - epoch: 1
[2025-09-24 11:49:25,691][root][INFO] - epoch: 2
[2025-09-24 11:50:42,246][root][INFO] - epoch: 3
[2025-09-24 11:51:54,265][root][INFO] - epoch: 4
[2025-09-24 11:53:06,281][root][INFO] - epoch: 5
[2025-09-24 11:54:20,548][root][INFO] - epoch: 6
[2025-09-24 11:55:37,498][root][INFO] - epoch: 7
[2025-09-24 11:56:49,589][root][INFO] - epoch: 8
[2025-09-24 11:58:01,508][root][INFO] - epoch: 9
[2025-09-24 11:59:11,233][root][INFO] - epoch: 10
[2025-09-24 12:00:25,617][root][INFO] - epoch: 11
[2025-09-24 12:01:36,887][root][INFO] - epoch: 12
[2025-09-24 12:02:50,613][root][INFO] - epoch: 13
[2025-09-24 12:04:05,413][root][INFO] - epoch: 14
[2025-09-24 12:05:20,244][root][INFO] - epoch: 15
[2025-09-24 12:06:32,517][root][INFO] - epoch: 16
[2025-09-24 12:07:47,835][root][INFO] - epoch: 17
[2025-09-24 12:09:01,714][root][INFO] - epoch: 18
[2025-09-24 12:10:15,239][root][INFO] - epoch: 19
[2025-09-24 12:11:28,119][root][INFO] - finished train
[2025-09-24 12:11:28,119][root][INFO] - starting eval
[2025-09-24 12:11:42,431][root][INFO] - finished eval
[2025-09-24 12:11:42,443][root][INFO] - starting train
[2025-09-24 12:11:42,443][root][INFO] - epoch: 0
[2025-09-24 12:12:59,609][root][INFO] - epoch: 1
[2025-09-24 12:14:07,102][root][INFO] - epoch: 2
[2025-09-24 12:15:16,451][root][INFO] - epoch: 3
[2025-09-24 12:16:32,204][root][INFO] - epoch: 4
[2025-09-24 12:17:43,660][root][INFO] - epoch: 5
[2025-09-24 12:18:53,339][root][INFO] - epoch: 6
[2025-09-24 12:20:02,629][root][INFO] - epoch: 7
[2025-09-24 12:21:12,526][root][INFO] - epoch: 8
[2025-09-24 12:22:20,323][root][INFO] - epoch: 9
[2025-09-24 12:23:28,166][root][INFO] - epoch: 10
[2025-09-24 12:24:39,684][root][INFO] - epoch: 11
[2025-09-24 12:25:49,482][root][INFO] - epoch: 12
[2025-09-24 12:26:56,333][root][INFO] - epoch: 13
[2025-09-24 12:28:03,304][root][INFO] - epoch: 14
[2025-09-24 12:29:09,553][root][INFO] - epoch: 15
[2025-09-24 12:30:17,658][root][INFO] - epoch: 16
[2025-09-24 12:31:25,441][root][INFO] - epoch: 17
[2025-09-24 12:32:34,650][root][INFO] - epoch: 18
[2025-09-24 12:33:40,539][root][INFO] - epoch: 19
[2025-09-24 12:34:43,932][root][INFO] - finished train
[2025-09-24 12:34:43,932][root][INFO] - starting eval
[2025-09-24 12:34:57,685][root][INFO] - finished eval
[2025-09-24 12:34:57,712][root][INFO] - starting train
[2025-09-24 12:34:57,712][root][INFO] - epoch: 0
[2025-09-24 12:36:08,065][root][INFO] - epoch: 1
[2025-09-24 12:37:20,184][root][INFO] - epoch: 2
[2025-09-24 12:38:30,636][root][INFO] - epoch: 3
[2025-09-24 12:39:38,957][root][INFO] - epoch: 4
[2025-09-24 12:40:48,097][root][INFO] - epoch: 5
[2025-09-24 12:41:56,624][root][INFO] - epoch: 6
[2025-09-24 12:43:04,842][root][INFO] - epoch: 7
[2025-09-24 12:44:10,589][root][INFO] - epoch: 8
[2025-09-24 12:45:17,776][root][INFO] - epoch: 9
[2025-09-24 12:46:26,471][root][INFO] - epoch: 10
[2025-09-24 12:47:35,418][root][INFO] - epoch: 11
[2025-09-24 12:48:45,721][root][INFO] - epoch: 12
[2025-09-24 12:49:54,859][root][INFO] - epoch: 13
[2025-09-24 12:51:00,253][root][INFO] - epoch: 14
[2025-09-24 12:52:02,955][root][INFO] - epoch: 15
[2025-09-24 12:53:10,551][root][INFO] - epoch: 16
[2025-09-24 12:54:13,201][root][INFO] - epoch: 17
[2025-09-24 12:55:18,419][root][INFO] - epoch: 18
[2025-09-24 12:56:24,903][root][INFO] - epoch: 19
[2025-09-24 12:57:30,434][root][INFO] - finished train
[2025-09-24 12:57:30,435][root][INFO] - starting eval
[2025-09-24 12:57:42,053][root][INFO] - finished eval
[2025-09-24 12:57:42,079][root][INFO] - starting train
[2025-09-24 12:57:42,079][root][INFO] - epoch: 0
[2025-09-24 12:58:45,486][root][INFO] - epoch: 1
[2025-09-24 12:59:45,742][root][INFO] - epoch: 2
[2025-09-24 13:00:49,203][root][INFO] - epoch: 3
[2025-09-24 13:01:55,142][root][INFO] - epoch: 4
[2025-09-24 13:02:57,481][root][INFO] - epoch: 5
[2025-09-24 13:04:01,416][root][INFO] - epoch: 6
[2025-09-24 13:05:08,758][root][INFO] - epoch: 7
[2025-09-24 13:06:16,168][root][INFO] - epoch: 8
[2025-09-24 13:07:19,391][root][INFO] - epoch: 9
[2025-09-24 13:08:25,441][root][INFO] - epoch: 10
[2025-09-24 13:09:29,239][root][INFO] - epoch: 11
[2025-09-24 13:10:34,655][root][INFO] - epoch: 12
[2025-09-24 13:11:40,247][root][INFO] - epoch: 13
[2025-09-24 13:12:40,010][root][INFO] - epoch: 14
[2025-09-24 13:13:41,036][root][INFO] - epoch: 15
[2025-09-24 13:14:37,623][root][INFO] - epoch: 16
[2025-09-24 13:15:34,644][root][INFO] - epoch: 17
[2025-09-24 13:16:34,915][root][INFO] - epoch: 18
[2025-09-24 13:17:20,239][root][INFO] - epoch: 19
[2025-09-24 13:18:00,096][root][INFO] - finished train
[2025-09-24 13:18:00,097][root][INFO] - starting eval
[2025-09-24 13:18:07,826][root][INFO] - finished eval
[2025-09-24 13:18:07,838][root][INFO] - starting train
[2025-09-24 13:18:07,838][root][INFO] - epoch: 0
[2025-09-24 13:18:47,667][root][INFO] - epoch: 1
[2025-09-24 13:19:28,510][root][INFO] - epoch: 2
[2025-09-24 13:20:08,817][root][INFO] - epoch: 3
[2025-09-24 13:20:50,017][root][INFO] - epoch: 4
[2025-09-24 13:21:30,027][root][INFO] - epoch: 5
[2025-09-24 13:22:10,493][root][INFO] - epoch: 6
[2025-09-24 13:22:51,641][root][INFO] - epoch: 7
[2025-09-24 13:23:32,193][root][INFO] - epoch: 8
[2025-09-24 13:24:12,186][root][INFO] - epoch: 9
[2025-09-24 13:24:52,641][root][INFO] - epoch: 10
[2025-09-24 13:25:33,858][root][INFO] - epoch: 11
[2025-09-24 13:26:13,308][root][INFO] - epoch: 12
[2025-09-24 13:26:51,965][root][INFO] - epoch: 13
[2025-09-24 13:27:34,385][root][INFO] - epoch: 14
[2025-09-24 13:28:14,877][root][INFO] - epoch: 15
[2025-09-24 13:28:56,728][root][INFO] - epoch: 16
[2025-09-24 13:29:38,494][root][INFO] - epoch: 17
[2025-09-24 13:30:19,593][root][INFO] - epoch: 18
[2025-09-24 13:30:58,215][root][INFO] - epoch: 19
[2025-09-24 13:31:40,605][root][INFO] - finished train
[2025-09-24 13:31:40,605][root][INFO] - starting eval
[2025-09-24 13:31:48,614][root][INFO] - finished eval
[2025-09-24 13:31:48,631][root][INFO] - starting train
[2025-09-24 13:31:48,631][root][INFO] - epoch: 0
[2025-09-24 13:32:30,684][root][INFO] - epoch: 1
[2025-09-24 13:33:09,944][root][INFO] - epoch: 2
[2025-09-24 13:33:49,349][root][INFO] - epoch: 3
[2025-09-24 13:34:28,283][root][INFO] - epoch: 4
[2025-09-24 13:35:09,099][root][INFO] - epoch: 5
[2025-09-24 13:35:48,801][root][INFO] - epoch: 6
[2025-09-24 13:36:29,814][root][INFO] - epoch: 7
[2025-09-24 13:37:10,112][root][INFO] - epoch: 8
[2025-09-24 13:37:51,106][root][INFO] - epoch: 9
[2025-09-24 13:38:32,494][root][INFO] - epoch: 10
[2025-09-24 13:39:11,362][root][INFO] - epoch: 11
[2025-09-24 13:39:49,320][root][INFO] - epoch: 12
[2025-09-24 13:40:28,948][root][INFO] - epoch: 13
[2025-09-24 13:41:10,702][root][INFO] - epoch: 14
[2025-09-24 13:41:51,738][root][INFO] - epoch: 15
[2025-09-24 13:42:30,197][root][INFO] - epoch: 16
[2025-09-24 13:43:10,911][root][INFO] - epoch: 17
[2025-09-24 13:43:49,891][root][INFO] - epoch: 18
[2025-09-24 13:44:31,683][root][INFO] - epoch: 19
[2025-09-24 13:45:10,873][root][INFO] - finished train
[2025-09-24 13:45:10,873][root][INFO] - starting eval
[2025-09-24 13:45:18,904][root][INFO] - finished eval
[2025-09-24 13:45:18,916][root][INFO] - starting train
[2025-09-24 13:45:18,916][root][INFO] - epoch: 0
[2025-09-24 13:46:00,606][root][INFO] - epoch: 1
[2025-09-24 13:46:42,177][root][INFO] - epoch: 2
[2025-09-24 13:47:24,319][root][INFO] - epoch: 3
[2025-09-24 13:48:03,995][root][INFO] - epoch: 4
[2025-09-24 13:48:42,289][root][INFO] - epoch: 5
[2025-09-24 13:49:24,376][root][INFO] - epoch: 6
[2025-09-24 13:50:05,887][root][INFO] - epoch: 7
[2025-09-24 13:50:43,725][root][INFO] - epoch: 8
[2025-09-24 13:51:23,977][root][INFO] - epoch: 9
[2025-09-24 13:52:04,340][root][INFO] - epoch: 10
[2025-09-24 13:52:42,723][root][INFO] - epoch: 11
[2025-09-24 13:53:22,832][root][INFO] - epoch: 12
[2025-09-24 13:54:04,297][root][INFO] - epoch: 13
[2025-09-24 13:54:44,868][root][INFO] - epoch: 14
[2025-09-24 13:55:24,794][root][INFO] - epoch: 15
[2025-09-24 13:56:06,279][root][INFO] - epoch: 16
[2025-09-24 13:56:47,895][root][INFO] - epoch: 17
[2025-09-24 13:57:27,365][root][INFO] - epoch: 18
[2025-09-24 13:58:06,323][root][INFO] - epoch: 19
[2025-09-24 13:58:45,452][root][INFO] - finished train
[2025-09-24 13:58:45,452][root][INFO] - starting eval
[2025-09-24 13:58:52,976][root][INFO] - finished eval
[2025-09-24 13:58:52,989][root][INFO] - starting train
[2025-09-24 13:58:52,989][root][INFO] - epoch: 0
[2025-09-24 13:59:33,183][root][INFO] - epoch: 1
[2025-09-24 14:00:11,286][root][INFO] - epoch: 2
[2025-09-24 14:00:52,368][root][INFO] - epoch: 3
[2025-09-24 14:01:32,389][root][INFO] - epoch: 4
[2025-09-24 14:02:11,753][root][INFO] - epoch: 5
[2025-09-24 14:02:49,825][root][INFO] - epoch: 6
[2025-09-24 14:03:30,944][root][INFO] - epoch: 7
[2025-09-24 14:04:12,092][root][INFO] - epoch: 8
[2025-09-24 14:04:53,881][root][INFO] - epoch: 9
[2025-09-24 14:05:33,106][root][INFO] - epoch: 10
[2025-09-24 14:06:13,628][root][INFO] - epoch: 11
[2025-09-24 14:06:52,254][root][INFO] - epoch: 12
[2025-09-24 14:07:31,331][root][INFO] - epoch: 13
[2025-09-24 14:08:11,402][root][INFO] - epoch: 14
[2025-09-24 14:08:49,903][root][INFO] - epoch: 15
[2025-09-24 14:09:30,129][root][INFO] - epoch: 16
[2025-09-24 14:10:09,841][root][INFO] - epoch: 17
[2025-09-24 14:10:49,001][root][INFO] - epoch: 18
[2025-09-24 14:11:30,454][root][INFO] - epoch: 19
[2025-09-24 14:12:11,857][root][INFO] - finished train
[2025-09-24 14:12:11,857][root][INFO] - starting eval
[2025-09-24 14:12:20,310][root][INFO] - finished eval
[2025-09-24 14:12:20,323][root][INFO] - starting train
[2025-09-24 14:12:20,323][root][INFO] - epoch: 0
[2025-09-24 14:13:00,665][root][INFO] - epoch: 1
[2025-09-24 14:13:41,476][root][INFO] - epoch: 2
[2025-09-24 14:14:20,673][root][INFO] - epoch: 3
[2025-09-24 14:15:02,601][root][INFO] - epoch: 4
[2025-09-24 14:15:44,350][root][INFO] - epoch: 5
[2025-09-24 14:16:26,702][root][INFO] - epoch: 6
[2025-09-24 14:17:04,717][root][INFO] - epoch: 7
[2025-09-24 14:17:43,448][root][INFO] - epoch: 8
[2025-09-24 14:18:24,156][root][INFO] - epoch: 9
[2025-09-24 14:19:06,625][root][INFO] - epoch: 10
[2025-09-24 14:19:47,165][root][INFO] - epoch: 11
[2025-09-24 14:20:30,561][root][INFO] - epoch: 12
[2025-09-24 14:21:12,551][root][INFO] - epoch: 13
[2025-09-24 14:21:54,927][root][INFO] - epoch: 14
[2025-09-24 14:22:33,436][root][INFO] - epoch: 15
[2025-09-24 14:23:12,883][root][INFO] - epoch: 16
[2025-09-24 14:23:53,751][root][INFO] - epoch: 17
[2025-09-24 14:24:34,510][root][INFO] - epoch: 18
[2025-09-24 14:25:11,996][root][INFO] - epoch: 19
[2025-09-24 14:25:51,417][root][INFO] - finished train
[2025-09-24 14:25:51,418][root][INFO] - starting eval
[2025-09-24 14:25:59,877][root][INFO] - finished eval
[2025-09-24 14:25:59,889][root][INFO] - starting train
[2025-09-24 14:25:59,890][root][INFO] - epoch: 0
[2025-09-24 14:26:41,810][root][INFO] - epoch: 1
[2025-09-24 14:27:24,043][root][INFO] - epoch: 2
[2025-09-24 14:28:03,887][root][INFO] - epoch: 3
[2025-09-24 14:28:43,408][root][INFO] - epoch: 4
[2025-09-24 14:29:23,766][root][INFO] - epoch: 5
[2025-09-24 14:30:05,851][root][INFO] - epoch: 6
[2025-09-24 14:30:48,764][root][INFO] - epoch: 7
[2025-09-24 14:31:28,443][root][INFO] - epoch: 8
[2025-09-24 14:32:10,118][root][INFO] - epoch: 9
[2025-09-24 14:32:52,252][root][INFO] - epoch: 10
[2025-09-24 14:33:32,108][root][INFO] - epoch: 11
[2025-09-24 14:34:10,289][root][INFO] - epoch: 12
[2025-09-24 14:34:51,716][root][INFO] - epoch: 13
[2025-09-24 14:35:31,381][root][INFO] - epoch: 14
[2025-09-24 14:36:12,051][root][INFO] - epoch: 15
[2025-09-24 14:36:51,253][root][INFO] - epoch: 16
[2025-09-24 14:37:31,267][root][INFO] - epoch: 17
[2025-09-24 14:38:10,781][root][INFO] - epoch: 18
[2025-09-24 14:38:51,041][root][INFO] - epoch: 19
[2025-09-24 14:39:30,094][root][INFO] - finished train
[2025-09-24 14:39:30,095][root][INFO] - starting eval
[2025-09-24 14:39:38,229][root][INFO] - finished eval
[2025-09-24 14:39:38,241][root][INFO] - starting train
[2025-09-24 14:39:38,241][root][INFO] - epoch: 0
[2025-09-24 14:40:21,147][root][INFO] - epoch: 1
[2025-09-24 14:40:59,744][root][INFO] - epoch: 2
[2025-09-24 14:41:40,670][root][INFO] - epoch: 3
[2025-09-24 14:42:21,381][root][INFO] - epoch: 4
[2025-09-24 14:43:02,976][root][INFO] - epoch: 5
[2025-09-24 14:43:42,795][root][INFO] - epoch: 6
[2025-09-24 14:44:23,785][root][INFO] - epoch: 7
[2025-09-24 14:45:03,343][root][INFO] - epoch: 8
[2025-09-24 14:45:44,369][root][INFO] - epoch: 9
[2025-09-24 14:46:24,542][root][INFO] - epoch: 10
[2025-09-24 14:47:04,578][root][INFO] - epoch: 11
[2025-09-24 14:47:46,103][root][INFO] - epoch: 12
[2025-09-24 14:48:27,311][root][INFO] - epoch: 13
[2025-09-24 14:49:07,013][root][INFO] - epoch: 14
[2025-09-24 14:49:45,294][root][INFO] - epoch: 15
[2025-09-24 14:50:28,597][root][INFO] - epoch: 16
[2025-09-24 14:51:09,380][root][INFO] - epoch: 17
[2025-09-24 14:51:49,525][root][INFO] - epoch: 18
[2025-09-24 14:52:29,387][root][INFO] - epoch: 19
[2025-09-24 14:53:08,767][root][INFO] - finished train
[2025-09-24 14:53:08,767][root][INFO] - starting eval
[2025-09-24 14:53:16,634][root][INFO] - finished eval
[2025-09-24 14:53:16,646][root][INFO] - starting train
[2025-09-24 14:53:16,646][root][INFO] - epoch: 0
[2025-09-24 14:53:56,895][root][INFO] - epoch: 1
[2025-09-24 14:54:38,211][root][INFO] - epoch: 2
[2025-09-24 14:55:20,027][root][INFO] - epoch: 3
[2025-09-24 14:56:00,446][root][INFO] - epoch: 4
[2025-09-24 14:56:41,227][root][INFO] - epoch: 5
[2025-09-24 14:57:22,275][root][INFO] - epoch: 6
[2025-09-24 14:58:03,594][root][INFO] - epoch: 7
[2025-09-24 14:58:46,663][root][INFO] - epoch: 8
[2025-09-24 14:59:24,974][root][INFO] - epoch: 9
[2025-09-24 15:00:06,605][root][INFO] - epoch: 10
[2025-09-24 15:00:47,539][root][INFO] - epoch: 11
[2025-09-24 15:01:29,241][root][INFO] - epoch: 12
[2025-09-24 15:02:11,725][root][INFO] - epoch: 13
[2025-09-24 15:02:52,644][root][INFO] - epoch: 14
[2025-09-24 15:03:36,432][root][INFO] - epoch: 15
[2025-09-24 15:04:15,064][root][INFO] - epoch: 16
[2025-09-24 15:04:55,228][root][INFO] - epoch: 17
[2025-09-24 15:05:34,667][root][INFO] - epoch: 18
[2025-09-24 15:06:15,509][root][INFO] - epoch: 19
[2025-09-24 15:06:55,665][root][INFO] - finished train
[2025-09-24 15:06:55,665][root][INFO] - starting eval
[2025-09-24 15:07:03,851][root][INFO] - finished eval
[2025-09-24 15:07:03,863][root][INFO] - starting train
[2025-09-24 15:07:03,863][root][INFO] - epoch: 0
[2025-09-24 15:07:46,912][root][INFO] - epoch: 1
[2025-09-24 15:08:28,977][root][INFO] - epoch: 2
[2025-09-24 15:09:10,552][root][INFO] - epoch: 3
[2025-09-24 15:09:49,475][root][INFO] - epoch: 4
[2025-09-24 15:10:30,157][root][INFO] - epoch: 5
[2025-09-24 15:11:11,410][root][INFO] - epoch: 6
[2025-09-24 15:11:50,339][root][INFO] - epoch: 7
[2025-09-24 15:12:29,614][root][INFO] - epoch: 8
[2025-09-24 15:13:08,446][root][INFO] - epoch: 9
[2025-09-24 15:13:49,650][root][INFO] - epoch: 10
[2025-09-24 15:14:30,068][root][INFO] - epoch: 11
[2025-09-24 15:15:09,736][root][INFO] - epoch: 12
[2025-09-24 15:15:49,602][root][INFO] - epoch: 13
[2025-09-24 15:16:31,810][root][INFO] - epoch: 14
[2025-09-24 15:17:11,809][root][INFO] - epoch: 15
[2025-09-24 15:17:53,106][root][INFO] - epoch: 16
[2025-09-24 15:18:32,644][root][INFO] - epoch: 17
[2025-09-24 15:19:13,540][root][INFO] - epoch: 18
[2025-09-24 15:19:55,780][root][INFO] - epoch: 19
[2025-09-24 15:20:37,486][root][INFO] - finished train
[2025-09-24 15:20:37,487][root][INFO] - starting eval
[2025-09-24 15:20:45,212][root][INFO] - finished eval
[2025-09-24 15:20:45,225][root][INFO] - starting train
[2025-09-24 15:20:45,225][root][INFO] - epoch: 0
[2025-09-24 15:21:24,610][root][INFO] - epoch: 1
[2025-09-24 15:22:05,339][root][INFO] - epoch: 2
[2025-09-24 15:22:46,077][root][INFO] - epoch: 3
[2025-09-24 15:23:27,993][root][INFO] - epoch: 4
[2025-09-24 15:24:07,271][root][INFO] - epoch: 5
[2025-09-24 15:24:48,301][root][INFO] - epoch: 6
[2025-09-24 15:25:30,001][root][INFO] - epoch: 7
[2025-09-24 15:26:09,551][root][INFO] - epoch: 8
[2025-09-24 15:26:49,770][root][INFO] - epoch: 9
[2025-09-24 15:27:28,893][root][INFO] - epoch: 10
[2025-09-24 15:28:09,404][root][INFO] - epoch: 11
[2025-09-24 15:28:47,797][root][INFO] - epoch: 12
[2025-09-24 15:29:29,264][root][INFO] - epoch: 13
[2025-09-24 15:30:08,856][root][INFO] - epoch: 14
[2025-09-24 15:30:49,725][root][INFO] - epoch: 15
[2025-09-24 15:31:30,880][root][INFO] - epoch: 16
[2025-09-24 15:32:12,031][root][INFO] - epoch: 17
[2025-09-24 15:32:53,753][root][INFO] - epoch: 18
[2025-09-24 15:33:34,644][root][INFO] - epoch: 19
[2025-09-24 15:34:17,027][root][INFO] - finished train
[2025-09-24 15:34:17,027][root][INFO] - starting eval
[2025-09-24 15:34:25,033][root][INFO] - finished eval
[2025-09-24 15:34:25,045][root][INFO] - starting train
[2025-09-24 15:34:25,045][root][INFO] - epoch: 0
[2025-09-24 15:35:07,852][root][INFO] - epoch: 1
[2025-09-24 15:35:47,134][root][INFO] - epoch: 2
[2025-09-24 15:36:24,867][root][INFO] - epoch: 3
[2025-09-24 15:37:06,097][root][INFO] - epoch: 4
[2025-09-24 15:37:46,501][root][INFO] - epoch: 5
[2025-09-24 15:38:25,725][root][INFO] - epoch: 6
[2025-09-24 15:39:04,602][root][INFO] - epoch: 7
[2025-09-24 15:39:45,758][root][INFO] - epoch: 8
[2025-09-24 15:40:22,943][root][INFO] - epoch: 9
[2025-09-24 15:41:02,117][root][INFO] - epoch: 10
[2025-09-24 15:41:42,561][root][INFO] - epoch: 11
[2025-09-24 15:42:21,230][root][INFO] - epoch: 12
[2025-09-24 15:43:03,746][root][INFO] - epoch: 13
[2025-09-24 15:43:44,731][root][INFO] - epoch: 14
[2025-09-24 15:44:27,036][root][INFO] - epoch: 15
[2025-09-24 15:45:06,926][root][INFO] - epoch: 16
[2025-09-24 15:45:49,083][root][INFO] - epoch: 17
[2025-09-24 15:46:30,227][root][INFO] - epoch: 18
[2025-09-24 15:47:11,503][root][INFO] - epoch: 19
[2025-09-24 15:47:53,041][root][INFO] - finished train
[2025-09-24 15:47:53,041][root][INFO] - starting eval
[2025-09-24 15:48:01,152][root][INFO] - finished eval
[2025-09-24 15:48:01,164][root][INFO] - starting train
[2025-09-24 15:48:01,165][root][INFO] - epoch: 0
[2025-09-24 15:48:43,083][root][INFO] - epoch: 1
[2025-09-24 15:49:24,923][root][INFO] - epoch: 2
[2025-09-24 15:50:07,106][root][INFO] - epoch: 3
[2025-09-24 15:50:50,147][root][INFO] - epoch: 4
[2025-09-24 15:51:29,526][root][INFO] - epoch: 5
[2025-09-24 15:52:09,638][root][INFO] - epoch: 6
[2025-09-24 15:52:49,410][root][INFO] - epoch: 7
[2025-09-24 15:53:31,783][root][INFO] - epoch: 8
[2025-09-24 15:54:10,774][root][INFO] - epoch: 9
[2025-09-24 15:54:51,808][root][INFO] - epoch: 10
[2025-09-24 15:55:32,615][root][INFO] - epoch: 11
[2025-09-24 15:56:13,327][root][INFO] - epoch: 12
[2025-09-24 15:56:52,636][root][INFO] - epoch: 13
[2025-09-24 15:57:35,283][root][INFO] - epoch: 14
[2025-09-24 15:58:15,481][root][INFO] - epoch: 15
[2025-09-24 15:58:56,004][root][INFO] - epoch: 16
[2025-09-24 15:59:36,408][root][INFO] - epoch: 17
[2025-09-24 16:00:15,491][root][INFO] - epoch: 18
[2025-09-24 16:00:54,617][root][INFO] - epoch: 19
[2025-09-24 16:01:35,901][root][INFO] - finished train
[2025-09-24 16:01:35,902][root][INFO] - starting eval
[2025-09-24 16:01:43,885][root][INFO] - finished eval
[2025-09-24 16:01:43,898][root][INFO] - starting train
[2025-09-24 16:01:43,898][root][INFO] - epoch: 0
[2025-09-24 16:02:25,088][root][INFO] - epoch: 1
[2025-09-24 16:03:05,150][root][INFO] - epoch: 2
[2025-09-24 16:03:43,863][root][INFO] - epoch: 3
[2025-09-24 16:04:25,672][root][INFO] - epoch: 4
[2025-09-24 16:05:05,503][root][INFO] - epoch: 5
[2025-09-24 16:05:45,733][root][INFO] - epoch: 6
[2025-09-24 16:06:26,466][root][INFO] - epoch: 7
[2025-09-24 16:07:07,536][root][INFO] - epoch: 8
[2025-09-24 16:07:51,036][root][INFO] - epoch: 9
[2025-09-24 16:08:30,630][root][INFO] - epoch: 10
[2025-09-24 16:09:11,095][root][INFO] - epoch: 11
[2025-09-24 16:09:52,299][root][INFO] - epoch: 12
[2025-09-24 16:10:29,820][root][INFO] - epoch: 13
[2025-09-24 16:11:09,877][root][INFO] - epoch: 14
[2025-09-24 16:11:51,326][root][INFO] - epoch: 15
[2025-09-24 16:12:32,335][root][INFO] - epoch: 16
[2025-09-24 16:13:12,400][root][INFO] - epoch: 17
[2025-09-24 16:13:52,647][root][INFO] - epoch: 18
[2025-09-24 16:14:33,500][root][INFO] - epoch: 19
[2025-09-24 16:15:13,398][root][INFO] - finished train
[2025-09-24 16:15:13,399][root][INFO] - starting eval
[2025-09-24 16:15:21,328][root][INFO] - finished eval
[2025-09-24 16:15:21,341][root][INFO] - starting train
[2025-09-24 16:15:21,341][root][INFO] - epoch: 0
[2025-09-24 16:16:04,360][root][INFO] - epoch: 1
[2025-09-24 16:16:44,457][root][INFO] - epoch: 2
[2025-09-24 16:17:25,677][root][INFO] - epoch: 3
[2025-09-24 16:18:05,988][root][INFO] - epoch: 4
[2025-09-24 16:18:47,554][root][INFO] - epoch: 5
[2025-09-24 16:19:29,631][root][INFO] - epoch: 6
[2025-09-24 16:20:11,211][root][INFO] - epoch: 7
[2025-09-24 16:20:51,934][root][INFO] - epoch: 8
[2025-09-24 16:21:32,933][root][INFO] - epoch: 9
[2025-09-24 16:22:12,679][root][INFO] - epoch: 10
[2025-09-24 16:22:52,336][root][INFO] - epoch: 11
[2025-09-24 16:23:31,569][root][INFO] - epoch: 12
[2025-09-24 16:24:12,713][root][INFO] - epoch: 13
[2025-09-24 16:24:53,807][root][INFO] - epoch: 14
[2025-09-24 16:25:33,249][root][INFO] - epoch: 15
[2025-09-24 16:26:16,039][root][INFO] - epoch: 16
[2025-09-24 16:26:54,442][root][INFO] - epoch: 17
[2025-09-24 16:27:35,749][root][INFO] - epoch: 18
[2025-09-24 16:28:15,669][root][INFO] - epoch: 19
[2025-09-24 16:28:56,657][root][INFO] - finished train
[2025-09-24 16:28:56,658][root][INFO] - starting eval
[2025-09-24 16:29:04,510][root][INFO] - finished eval
[2025-09-24 16:29:04,523][root][INFO] - starting train
[2025-09-24 16:29:04,523][root][INFO] - epoch: 0
[2025-09-24 16:29:47,085][root][INFO] - epoch: 1
[2025-09-24 16:30:26,714][root][INFO] - epoch: 2
[2025-09-24 16:31:06,878][root][INFO] - epoch: 3
[2025-09-24 16:31:46,461][root][INFO] - epoch: 4
[2025-09-24 16:32:28,191][root][INFO] - epoch: 5
[2025-09-24 16:33:08,732][root][INFO] - epoch: 6
[2025-09-24 16:33:49,559][root][INFO] - epoch: 7
[2025-09-24 16:34:31,432][root][INFO] - epoch: 8
[2025-09-24 16:35:12,483][root][INFO] - epoch: 9
[2025-09-24 16:35:52,113][root][INFO] - epoch: 10
[2025-09-24 16:36:31,258][root][INFO] - epoch: 11
[2025-09-24 16:37:12,754][root][INFO] - epoch: 12
[2025-09-24 16:37:52,410][root][INFO] - epoch: 13
[2025-09-24 16:38:36,183][root][INFO] - epoch: 14
[2025-09-24 16:39:17,126][root][INFO] - epoch: 15
[2025-09-24 16:39:58,703][root][INFO] - epoch: 16
[2025-09-24 16:40:37,210][root][INFO] - epoch: 17
[2025-09-24 16:41:16,991][root][INFO] - epoch: 18
[2025-09-24 16:41:58,258][root][INFO] - epoch: 19
[2025-09-24 16:42:40,349][root][INFO] - finished train
[2025-09-24 16:42:40,350][root][INFO] - starting eval
[2025-09-24 16:42:48,684][root][INFO] - finished eval
[2025-09-24 16:42:48,697][root][INFO] - starting train
[2025-09-24 16:42:48,697][root][INFO] - epoch: 0
[2025-09-24 16:43:30,326][root][INFO] - epoch: 1
[2025-09-24 16:44:11,015][root][INFO] - epoch: 2
[2025-09-24 16:44:51,795][root][INFO] - epoch: 3
[2025-09-24 16:45:31,539][root][INFO] - epoch: 4
[2025-09-24 16:46:11,888][root][INFO] - epoch: 5
[2025-09-24 16:46:52,147][root][INFO] - epoch: 6
[2025-09-24 16:47:31,689][root][INFO] - epoch: 7
[2025-09-24 16:48:13,830][root][INFO] - epoch: 8
[2025-09-24 16:48:55,456][root][INFO] - epoch: 9
[2025-09-24 16:49:34,356][root][INFO] - epoch: 10
[2025-09-24 16:50:13,841][root][INFO] - epoch: 11
[2025-09-24 16:50:56,428][root][INFO] - epoch: 12
[2025-09-24 16:51:37,808][root][INFO] - epoch: 13
[2025-09-24 16:52:19,247][root][INFO] - epoch: 14
[2025-09-24 16:53:01,860][root][INFO] - epoch: 15
[2025-09-24 16:53:41,181][root][INFO] - epoch: 16
[2025-09-24 16:54:20,105][root][INFO] - epoch: 17
[2025-09-24 16:54:58,821][root][INFO] - epoch: 18
[2025-09-24 16:55:40,282][root][INFO] - epoch: 19
[2025-09-24 16:56:20,021][root][INFO] - finished train
[2025-09-24 16:56:20,021][root][INFO] - starting eval
[2025-09-24 16:56:27,827][root][INFO] - finished eval
[2025-09-24 16:56:27,840][root][INFO] - starting train
[2025-09-24 16:56:27,840][root][INFO] - epoch: 0
[2025-09-24 16:57:08,478][root][INFO] - epoch: 1
[2025-09-24 16:57:49,587][root][INFO] - epoch: 2
[2025-09-24 16:58:30,541][root][INFO] - epoch: 3
[2025-09-24 16:59:09,648][root][INFO] - epoch: 4
[2025-09-24 16:59:49,096][root][INFO] - epoch: 5
[2025-09-24 17:00:28,884][root][INFO] - epoch: 6
[2025-09-24 17:01:08,650][root][INFO] - epoch: 7
[2025-09-24 17:01:47,979][root][INFO] - epoch: 8
[2025-09-24 17:02:28,881][root][INFO] - epoch: 9
[2025-09-24 17:03:09,541][root][INFO] - epoch: 10
[2025-09-24 17:03:51,273][root][INFO] - epoch: 11
[2025-09-24 17:04:30,215][root][INFO] - epoch: 12
[2025-09-24 17:05:10,289][root][INFO] - epoch: 13
[2025-09-24 17:05:52,035][root][INFO] - epoch: 14
[2025-09-24 17:06:31,775][root][INFO] - epoch: 15
[2025-09-24 17:07:11,834][root][INFO] - epoch: 16
[2025-09-24 17:07:51,664][root][INFO] - epoch: 17
[2025-09-24 17:08:34,415][root][INFO] - epoch: 18
[2025-09-24 17:09:17,135][root][INFO] - epoch: 19
[2025-09-24 17:09:55,909][root][INFO] - finished train
[2025-09-24 17:09:55,909][root][INFO] - starting eval
[2025-09-24 17:10:04,090][root][INFO] - finished eval
[2025-09-24 17:10:04,103][root][INFO] - starting train
[2025-09-24 17:10:04,103][root][INFO] - epoch: 0
[2025-09-24 17:10:46,751][root][INFO] - epoch: 1
[2025-09-24 17:11:25,548][root][INFO] - epoch: 2
[2025-09-24 17:12:05,220][root][INFO] - epoch: 3
[2025-09-24 17:12:44,697][root][INFO] - epoch: 4
[2025-09-24 17:13:24,998][root][INFO] - epoch: 5
[2025-09-24 17:14:05,238][root][INFO] - epoch: 6
[2025-09-24 17:14:45,328][root][INFO] - epoch: 7
[2025-09-24 17:15:25,753][root][INFO] - epoch: 8
[2025-09-24 17:16:07,931][root][INFO] - epoch: 9
[2025-09-24 17:16:48,987][root][INFO] - epoch: 10
[2025-09-24 17:17:27,702][root][INFO] - epoch: 11
[2025-09-24 17:18:05,738][root][INFO] - epoch: 12
[2025-09-24 17:18:46,013][root][INFO] - epoch: 13
[2025-09-24 17:19:27,735][root][INFO] - epoch: 14
[2025-09-24 17:20:06,772][root][INFO] - epoch: 15
[2025-09-24 17:20:47,005][root][INFO] - epoch: 16
[2025-09-24 17:21:27,921][root][INFO] - epoch: 17
[2025-09-24 17:22:06,144][root][INFO] - epoch: 18
[2025-09-24 17:22:46,067][root][INFO] - epoch: 19
[2025-09-24 17:23:26,663][root][INFO] - finished train
[2025-09-24 17:23:26,663][root][INFO] - starting eval
[2025-09-24 17:23:34,810][root][INFO] - finished eval
[2025-09-24 17:23:34,812][root][INFO] - Finished
[2025-09-24 17:23:34,812][root][INFO] -  lr: 0.0034867652898278264
[2025-09-24 17:23:34,812][root][INFO] -  weight_decay: 0.0023721337936457453
