[2025-09-16 13:52:30,922][root][INFO] - ORIGINAL CWD : /home/sota/research/sotaohnuma/coffee
[2025-09-16 13:52:30,922][root][INFO] - RUN CWD      : /home/sota/research/sotaohnuma/coffee/outputs/bean_224/mobilenetv2_np/base/2025-09-16_13-52-30
[2025-09-16 13:52:30,922][root][INFO] - batch: 86, 
 {'batch_size': 86, '_target_': 'models.mobilenetv2_np.mobilenetv2_np', 'lr': 0.008, 'weight_decay': 0.0079}
[2025-09-16 13:52:30,922][root][INFO] - lr: 0.008, 
 {'_target_': 'models.mobilenetv2_np.mobilenetv2_np', 'lr': 0.008, 'weight_decay': 0.0079}
[2025-09-16 13:52:30,923][root][INFO] - weight_decay: 0.0079, 
 {'_target_': 'models.mobilenetv2_np.mobilenetv2_np', 'weight_decay': 0.0079}
[2025-09-16 13:52:31,592][root][INFO] - Start loading train data
[2025-09-16 13:52:31,700][root][INFO] - Start loading val data
[2025-09-16 13:52:31,713][root][INFO] - Start loading test data
[2025-09-16 13:52:31,882][root][INFO] - Finished DataLoader setup
[2025-09-16 13:52:31,883][root][INFO] - Start: 0
[2025-09-16 13:57:35,439][root][INFO] - [01/100] train 56.031%/0.9292 | val 59.736%/0.6868
[2025-09-16 13:57:35,505][root][INFO] - Start: 1
[2025-09-16 14:02:39,919][root][INFO] - [02/100] train 68.688%/0.5937 | val 78.972%/0.4461
[2025-09-16 14:02:40,167][root][INFO] - Start: 2
[2025-09-16 14:07:44,566][root][INFO] - [03/100] train 83.226%/0.3822 | val 84.778%/0.3547
[2025-09-16 14:07:44,713][root][INFO] - Start: 3
[2025-09-16 14:12:49,991][root][INFO] - [04/100] train 89.158%/0.2700 | val 87.625%/0.3691
[2025-09-16 14:12:50,225][root][INFO] - Start: 4
[2025-09-16 14:17:55,235][root][INFO] - [05/100] train 91.517%/0.2135 | val 89.458%/0.2533
[2025-09-16 14:17:55,402][root][INFO] - Start: 5
[2025-09-16 14:22:59,873][root][INFO] - [06/100] train 92.974%/0.1815 | val 93.708%/0.1602
[2025-09-16 14:23:00,043][root][INFO] - Start: 6
[2025-09-16 14:28:04,840][root][INFO] - [07/100] train 94.245%/0.1495 | val 81.861%/0.5394
[2025-09-16 14:28:04,840][root][INFO] - Start: 7
[2025-09-16 14:33:09,690][root][INFO] - [08/100] train 94.734%/0.1404 | val 92.917%/0.1782
[2025-09-16 14:33:09,690][root][INFO] - Start: 8
[2025-09-16 14:38:14,707][root][INFO] - [09/100] train 94.965%/0.1330 | val 57.653%/2.8561
[2025-09-16 14:38:14,708][root][INFO] - Start: 9
[2025-09-16 14:43:19,355][root][INFO] - [10/100] train 95.135%/0.1283 | val 92.514%/0.2221
[2025-09-16 14:43:19,355][root][INFO] - Start: 10
[2025-09-16 14:48:23,847][root][INFO] - [11/100] train 93.733%/0.1658 | val 76.319%/0.7288
[2025-09-16 14:48:23,847][root][INFO] - Start: 11
[2025-09-16 14:53:28,200][root][INFO] - [12/100] train 95.988%/0.1049 | val 92.444%/0.1980
[2025-09-16 14:53:28,200][root][INFO] - Start: 12
[2025-09-16 14:58:32,913][root][INFO] - [13/100] train 96.438%/0.0930 | val 91.722%/0.2149
[2025-09-16 14:58:32,914][root][INFO] - Start: 13
[2025-09-16 15:03:37,120][root][INFO] - [14/100] train 96.648%/0.0881 | val 78.111%/0.7267
[2025-09-16 15:03:37,120][root][INFO] - Start: 14
[2025-09-16 15:08:41,943][root][INFO] - [15/100] train 96.443%/0.0940 | val 94.792%/0.1478
[2025-09-16 15:08:42,178][root][INFO] - Start: 15
[2025-09-16 15:13:46,547][root][INFO] - [16/100] train 96.587%/0.0910 | val 90.000%/0.2791
[2025-09-16 15:13:46,547][root][INFO] - Start: 16
[2025-09-16 15:18:50,614][root][INFO] - [17/100] train 96.531%/0.0911 | val 88.917%/0.2954
[2025-09-16 15:18:50,615][root][INFO] - Start: 17
[2025-09-16 15:23:55,189][root][INFO] - [18/100] train 97.161%/0.0736 | val 94.653%/0.1573
[2025-09-16 15:23:55,190][root][INFO] - Start: 18
[2025-09-16 15:28:59,815][root][INFO] - [19/100] train 97.401%/0.0685 | val 95.875%/0.1064
[2025-09-16 15:29:00,051][root][INFO] - Start: 19
[2025-09-16 15:34:04,713][root][INFO] - [20/100] train 97.597%/0.0642 | val 95.264%/0.1223
[2025-09-16 15:34:04,713][root][INFO] - Start: 20
[2025-09-16 15:39:08,798][root][INFO] - [21/100] train 97.957%/0.0557 | val 95.139%/0.1410
[2025-09-16 15:39:08,798][root][INFO] - Start: 21
[2025-09-16 15:44:13,505][root][INFO] - [22/100] train 98.035%/0.0517 | val 87.569%/0.4629
[2025-09-16 15:44:13,506][root][INFO] - Start: 22
[2025-09-16 15:49:18,061][root][INFO] - [23/100] train 98.137%/0.0493 | val 89.375%/0.2900
[2025-09-16 15:49:18,062][root][INFO] - Start: 23
[2025-09-16 15:54:21,843][root][INFO] - [24/100] train 98.229%/0.0462 | val 92.764%/0.2222
[2025-09-16 15:54:21,844][root][INFO] - Start: 24
[2025-09-16 15:59:26,090][root][INFO] - [25/100] train 98.333%/0.0446 | val 92.958%/0.2407
[2025-09-16 15:59:26,090][root][INFO] - Start: 25
[2025-09-16 16:04:29,942][root][INFO] - [26/100] train 98.641%/0.0367 | val 95.306%/0.1305
[2025-09-16 16:04:29,943][root][INFO] - Start: 26
[2025-09-16 16:09:33,635][root][INFO] - [27/100] train 98.722%/0.0360 | val 95.986%/0.1164
[2025-09-16 16:09:33,874][root][INFO] - Start: 27
[2025-09-16 16:14:38,605][root][INFO] - [28/100] train 98.797%/0.0346 | val 94.403%/0.1820
[2025-09-16 16:14:38,605][root][INFO] - Start: 28
[2025-09-16 16:19:42,206][root][INFO] - [29/100] train 98.866%/0.0308 | val 91.861%/0.2715
[2025-09-16 16:19:42,207][root][INFO] - Start: 29
[2025-09-16 16:24:46,809][root][INFO] - [30/100] train 98.825%/0.0326 | val 94.111%/0.2068
[2025-09-16 16:24:46,809][root][INFO] - Start: 30
[2025-09-16 16:29:51,053][root][INFO] - [31/100] train 98.969%/0.0287 | val 94.986%/0.1682
[2025-09-16 16:29:51,053][root][INFO] - Start: 31
[2025-09-16 16:34:54,202][root][INFO] - [32/100] train 99.078%/0.0260 | val 54.292%/3.5559
[2025-09-16 16:34:54,202][root][INFO] - Start: 32
[2025-09-16 16:39:57,479][root][INFO] - [33/100] train 99.035%/0.0255 | val 75.111%/1.3287
[2025-09-16 16:39:57,480][root][INFO] - Start: 33
[2025-09-16 16:45:00,747][root][INFO] - [34/100] train 99.068%/0.0258 | val 93.681%/0.2087
[2025-09-16 16:45:00,747][root][INFO] - Start: 34
[2025-09-16 16:50:04,418][root][INFO] - [35/100] train 99.146%/0.0241 | val 86.931%/0.6534
[2025-09-16 16:50:04,418][root][INFO] - Start: 35
[2025-09-16 16:55:08,039][root][INFO] - [36/100] train 99.252%/0.0211 | val 93.417%/0.2033
[2025-09-16 16:55:08,039][root][INFO] - Start: 36
[2025-09-16 17:00:11,745][root][INFO] - [37/100] train 99.238%/0.0215 | val 50.792%/10.1809
[2025-09-16 17:00:11,746][root][INFO] - Start: 37
[2025-09-16 17:05:14,457][root][INFO] - [38/100] train 99.219%/0.0218 | val 93.542%/0.2261
[2025-09-16 17:05:14,457][root][INFO] - Start: 38
[2025-09-16 17:10:18,218][root][INFO] - [39/100] train 99.405%/0.0178 | val 93.917%/0.1956
[2025-09-16 17:10:18,218][root][INFO] - Start: 39
[2025-09-16 17:15:21,574][root][INFO] - [40/100] train 99.378%/0.0175 | val 96.306%/0.1211
[2025-09-16 17:15:21,804][root][INFO] - Start: 40
[2025-09-16 17:20:24,890][root][INFO] - [41/100] train 99.413%/0.0160 | val 93.444%/0.2891
[2025-09-16 17:20:24,890][root][INFO] - Start: 41
[2025-09-16 17:25:28,438][root][INFO] - [42/100] train 99.469%/0.0154 | val 95.986%/0.1386
[2025-09-16 17:25:28,439][root][INFO] - Start: 42
[2025-09-16 17:30:32,177][root][INFO] - [43/100] train 99.399%/0.0165 | val 92.000%/0.3836
[2025-09-16 17:30:32,178][root][INFO] - Start: 43
[2025-09-16 17:35:36,429][root][INFO] - [44/100] train 99.382%/0.0164 | val 95.875%/0.1481
[2025-09-16 17:35:36,429][root][INFO] - Start: 44
[2025-09-16 17:40:39,595][root][INFO] - [45/100] train 99.589%/0.0118 | val 95.139%/0.2212
[2025-09-16 17:40:39,595][root][INFO] - Start: 45
[2025-09-16 17:45:42,906][root][INFO] - [46/100] train 99.550%/0.0129 | val 93.417%/0.3538
[2025-09-16 17:45:42,906][root][INFO] - Start: 46
[2025-09-16 17:50:46,454][root][INFO] - [47/100] train 99.481%/0.0154 | val 94.389%/0.3432
[2025-09-16 17:50:46,455][root][INFO] - Start: 47
[2025-09-16 17:55:50,387][root][INFO] - [48/100] train 99.559%/0.0121 | val 95.458%/0.2210
[2025-09-16 17:55:50,387][root][INFO] - Start: 48
[2025-09-16 18:00:53,490][root][INFO] - [49/100] train 99.602%/0.0114 | val 94.806%/0.2522
[2025-09-16 18:00:53,490][root][INFO] - Start: 49
[2025-09-16 18:05:56,794][root][INFO] - [50/100] train 99.569%/0.0113 | val 95.639%/0.1521
[2025-09-16 18:05:56,794][root][INFO] - Start: 50
[2025-09-16 18:11:00,213][root][INFO] - [51/100] train 99.566%/0.0123 | val 95.778%/0.1703
[2025-09-16 18:11:00,213][root][INFO] - Start: 51
[2025-09-16 18:16:03,900][root][INFO] - [52/100] train 99.689%/0.0087 | val 95.236%/0.2017
[2025-09-16 18:16:03,900][root][INFO] - Start: 52
[2025-09-16 18:21:07,420][root][INFO] - [53/100] train 99.601%/0.0106 | val 94.861%/0.1871
[2025-09-16 18:21:07,420][root][INFO] - Start: 53
[2025-09-16 18:26:10,792][root][INFO] - [54/100] train 99.743%/0.0075 | val 95.653%/0.2181
[2025-09-16 18:26:10,793][root][INFO] - Start: 54
[2025-09-16 18:31:13,961][root][INFO] - [55/100] train 99.651%/0.0098 | val 96.306%/0.1535
[2025-09-16 18:31:13,961][root][INFO] - Start: 55
[2025-09-16 18:36:16,785][root][INFO] - [56/100] train 99.701%/0.0084 | val 95.931%/0.1730
[2025-09-16 18:36:16,785][root][INFO] - Start: 56
[2025-09-16 18:41:20,678][root][INFO] - [57/100] train 99.708%/0.0082 | val 97.014%/0.1029
[2025-09-16 18:41:20,909][root][INFO] - Start: 57
[2025-09-16 18:46:24,428][root][INFO] - [58/100] train 99.753%/0.0074 | val 95.014%/0.2166
[2025-09-16 18:46:24,429][root][INFO] - Start: 58
[2025-09-16 18:51:27,690][root][INFO] - [59/100] train 99.809%/0.0055 | val 96.597%/0.1489
[2025-09-16 18:51:27,691][root][INFO] - Start: 59
[2025-09-16 18:56:31,447][root][INFO] - [60/100] train 99.762%/0.0070 | val 95.264%/0.1826
[2025-09-16 18:56:31,447][root][INFO] - Start: 60
[2025-09-16 19:01:34,564][root][INFO] - [61/100] train 99.830%/0.0052 | val 93.917%/0.3182
[2025-09-16 19:01:34,565][root][INFO] - Start: 61
[2025-09-16 19:06:37,687][root][INFO] - [62/100] train 99.785%/0.0064 | val 95.278%/0.1725
[2025-09-16 19:06:37,687][root][INFO] - Start: 62
[2025-09-16 19:11:41,072][root][INFO] - [63/100] train 99.903%/0.0029 | val 94.458%/0.2738
[2025-09-16 19:11:41,073][root][INFO] - Start: 63
[2025-09-16 19:16:44,386][root][INFO] - [64/100] train 99.799%/0.0053 | val 94.861%/0.2342
[2025-09-16 19:16:44,386][root][INFO] - Start: 64
[2025-09-16 19:21:47,807][root][INFO] - [65/100] train 99.847%/0.0042 | val 96.056%/0.1882
[2025-09-16 19:21:47,807][root][INFO] - Start: 65
[2025-09-16 19:26:51,233][root][INFO] - [66/100] train 99.872%/0.0039 | val 95.194%/0.2275
[2025-09-16 19:26:51,233][root][INFO] - Start: 66
[2025-09-16 19:31:54,574][root][INFO] - [67/100] train 99.894%/0.0034 | val 96.167%/0.2055
[2025-09-16 19:31:54,574][root][INFO] - Start: 67
[2025-09-16 19:36:57,893][root][INFO] - [68/100] train 99.880%/0.0035 | val 95.944%/0.1836
[2025-09-16 19:36:57,893][root][INFO] - Start: 68
[2025-09-16 19:42:01,729][root][INFO] - [69/100] train 99.903%/0.0030 | val 95.556%/0.1951
[2025-09-16 19:42:01,729][root][INFO] - Start: 69
[2025-09-16 19:47:05,283][root][INFO] - [70/100] train 99.943%/0.0017 | val 95.944%/0.2038
[2025-09-16 19:47:05,284][root][INFO] - Start: 70
[2025-09-16 19:52:08,248][root][INFO] - [71/100] train 99.944%/0.0019 | val 96.083%/0.2007
[2025-09-16 19:52:08,248][root][INFO] - Start: 71
[2025-09-16 19:57:11,322][root][INFO] - [72/100] train 99.872%/0.0034 | val 95.153%/0.2729
[2025-09-16 19:57:11,323][root][INFO] - Start: 72
[2025-09-16 20:02:14,617][root][INFO] - [73/100] train 99.979%/0.0006 | val 96.125%/0.2420
[2025-09-16 20:02:14,618][root][INFO] - Start: 73
[2025-09-16 20:07:17,975][root][INFO] - [74/100] train 99.943%/0.0021 | val 95.569%/0.2323
[2025-09-16 20:07:17,975][root][INFO] - Start: 74
[2025-09-16 20:12:21,443][root][INFO] - [75/100] train 99.939%/0.0019 | val 96.444%/0.1659
[2025-09-16 20:12:21,443][root][INFO] - Start: 75
[2025-09-16 20:17:24,716][root][INFO] - [76/100] train 99.995%/0.0002 | val 96.458%/0.1981
[2025-09-16 20:17:24,717][root][INFO] - Start: 76
[2025-09-16 20:22:28,095][root][INFO] - [77/100] train 99.951%/0.0014 | val 95.931%/0.2114
[2025-09-16 20:22:28,095][root][INFO] - Start: 77
[2025-09-16 20:27:31,207][root][INFO] - [78/100] train 99.997%/0.0002 | val 95.486%/0.2480
[2025-09-16 20:27:31,207][root][INFO] - Start: 78
[2025-09-16 20:32:34,468][root][INFO] - [79/100] train 99.960%/0.0012 | val 96.792%/0.1451
[2025-09-16 20:32:34,468][root][INFO] - Start: 79
[2025-09-16 20:37:37,788][root][INFO] - [80/100] train 99.991%/0.0002 | val 96.556%/0.1811
[2025-09-16 20:37:37,789][root][INFO] - Start: 80
[2025-09-16 20:42:40,958][root][INFO] - [81/100] train 99.970%/0.0008 | val 96.000%/0.2210
[2025-09-16 20:42:40,958][root][INFO] - Start: 81
[2025-09-16 20:47:44,406][root][INFO] - [82/100] train 99.986%/0.0007 | val 96.708%/0.1703
[2025-09-16 20:47:44,407][root][INFO] - Start: 82
[2025-09-16 20:52:47,893][root][INFO] - [83/100] train 99.997%/0.0002 | val 96.917%/0.1649
[2025-09-16 20:52:47,893][root][INFO] - Start: 83
[2025-09-16 20:57:51,381][root][INFO] - [84/100] train 99.995%/0.0002 | val 96.625%/0.1952
[2025-09-16 20:57:51,381][root][INFO] - Start: 84
[2025-09-16 21:02:54,552][root][INFO] - [85/100] train 99.998%/0.0001 | val 96.847%/0.1723
[2025-09-16 21:02:54,552][root][INFO] - Start: 85
[2025-09-16 21:07:58,049][root][INFO] - [86/100] train 99.997%/0.0001 | val 96.625%/0.1722
[2025-09-16 21:07:58,049][root][INFO] - Start: 86
[2025-09-16 21:13:01,471][root][INFO] - [87/100] train 99.998%/0.0001 | val 96.528%/0.2021
[2025-09-16 21:13:01,471][root][INFO] - Start: 87
[2025-09-16 21:18:05,008][root][INFO] - [88/100] train 100.000%/0.0000 | val 96.764%/0.1937
[2025-09-16 21:18:05,008][root][INFO] - Start: 88
[2025-09-16 21:23:08,404][root][INFO] - [89/100] train 100.000%/0.0000 | val 96.625%/0.2089
[2025-09-16 21:23:08,404][root][INFO] - Start: 89
[2025-09-16 21:28:11,926][root][INFO] - [90/100] train 99.995%/0.0001 | val 96.361%/0.1963
[2025-09-16 21:28:11,926][root][INFO] - Start: 90
[2025-09-16 21:33:15,459][root][INFO] - [91/100] train 100.000%/0.0000 | val 96.444%/0.2062
[2025-09-16 21:33:15,459][root][INFO] - Start: 91
[2025-09-16 21:38:19,146][root][INFO] - [92/100] train 99.998%/0.0001 | val 96.375%/0.2055
[2025-09-16 21:38:19,146][root][INFO] - Start: 92
[2025-09-16 21:43:22,468][root][INFO] - [93/100] train 100.000%/0.0000 | val 96.347%/0.2056
[2025-09-16 21:43:22,468][root][INFO] - Start: 93
[2025-09-16 21:48:25,848][root][INFO] - [94/100] train 100.000%/0.0000 | val 96.444%/0.2054
[2025-09-16 21:48:25,849][root][INFO] - Start: 94
[2025-09-16 21:53:29,064][root][INFO] - [95/100] train 100.000%/0.0000 | val 96.417%/0.2032
[2025-09-16 21:53:29,064][root][INFO] - Start: 95
[2025-09-16 21:58:32,316][root][INFO] - [96/100] train 100.000%/0.0000 | val 96.694%/0.1842
[2025-09-16 21:58:32,317][root][INFO] - Start: 96
[2025-09-16 22:03:35,612][root][INFO] - [97/100] train 100.000%/0.0000 | val 96.667%/0.1915
[2025-09-16 22:03:35,612][root][INFO] - Start: 97
[2025-09-16 22:08:39,048][root][INFO] - [98/100] train 100.000%/0.0000 | val 96.486%/0.2032
[2025-09-16 22:08:39,048][root][INFO] - Start: 98
[2025-09-16 22:13:42,424][root][INFO] - [99/100] train 100.000%/0.0000 | val 96.556%/0.2044
[2025-09-16 22:13:42,424][root][INFO] - Start: 99
[2025-09-16 22:18:46,177][root][INFO] - [100/100] train 100.000%/0.0000 | val 96.486%/0.2050
[2025-09-16 22:18:56,463][root][INFO] - 
[Test Evaluation]
[2025-09-16 22:18:56,463][root][INFO] -  Accuracy : 0.966
[2025-09-16 22:18:56,464][root][INFO] -  Precision: 0.947
[2025-09-16 22:18:56,464][root][INFO] -  Recall   : 0.986
[2025-09-16 22:18:56,464][root][INFO] -  F1       : 0.966
[2025-09-16 22:18:56,464][root][INFO] -  Auc      : 0.996
