[2025-08-28 06:44:24,582][root][INFO] - ORIGINAL CWD : /home/sota/research/sotaohnuma/coffee
[2025-08-28 06:44:24,582][root][INFO] - RUN CWD      : /home/sota/research/sotaohnuma/coffee/outputs/bean_224/swin_s/base/2025-08-28_06-44-24
[2025-08-28 06:44:24,582][root][INFO] - batch: 66, 
 {'batch_size': 66, '_target_': 'models.swin_s.swin_s'}
[2025-08-28 06:44:24,583][root][INFO] - Start loading train data
[2025-08-28 06:44:24,693][root][INFO] - Start loading val data
[2025-08-28 06:44:24,706][root][INFO] - Start loading test data
[2025-08-28 06:44:24,720][root][INFO] - Finished DataLoader setup
[2025-08-28 06:44:24,720][root][INFO] - Starting Optimize
[2025-08-28 06:44:26,377][root][INFO] - starting train
[2025-08-28 06:44:26,378][root][INFO] - epoch: 0
[2025-08-28 06:56:46,713][root][INFO] - epoch: 1
[2025-08-28 07:09:08,536][root][INFO] - epoch: 2
[2025-08-28 07:21:29,879][root][INFO] - epoch: 3
[2025-08-28 07:33:51,056][root][INFO] - epoch: 4
[2025-08-28 07:46:12,950][root][INFO] - epoch: 5
[2025-08-28 07:58:35,236][root][INFO] - epoch: 6
[2025-08-28 08:10:56,521][root][INFO] - epoch: 7
[2025-08-28 08:23:18,375][root][INFO] - epoch: 8
[2025-08-28 08:35:40,405][root][INFO] - epoch: 9
[2025-08-28 08:48:03,175][root][INFO] - epoch: 10
[2025-08-28 09:00:24,347][root][INFO] - epoch: 11
[2025-08-28 09:12:45,963][root][INFO] - epoch: 12
[2025-08-28 09:25:07,560][root][INFO] - epoch: 13
[2025-08-28 09:37:29,544][root][INFO] - epoch: 14
[2025-08-28 09:49:51,791][root][INFO] - epoch: 15
[2025-08-28 10:02:13,269][root][INFO] - epoch: 16
[2025-08-28 10:14:35,097][root][INFO] - epoch: 17
[2025-08-28 10:26:56,264][root][INFO] - epoch: 18
[2025-08-28 10:39:17,729][root][INFO] - epoch: 19
[2025-08-28 10:51:39,084][root][INFO] - finished train
[2025-08-28 10:51:39,084][root][INFO] - starting eval
[2025-08-28 10:52:14,848][root][INFO] - finished eval
[2025-08-28 10:52:15,922][root][INFO] - starting train
[2025-08-28 10:52:15,922][root][INFO] - epoch: 0
[2025-08-28 11:04:37,145][root][INFO] - epoch: 1
[2025-08-28 11:16:58,823][root][INFO] - epoch: 2
[2025-08-28 11:29:20,513][root][INFO] - epoch: 3
[2025-08-28 11:41:40,890][root][INFO] - epoch: 4
[2025-08-28 11:54:02,596][root][INFO] - epoch: 5
[2025-08-28 12:06:24,259][root][INFO] - epoch: 6
[2025-08-28 12:18:45,374][root][INFO] - epoch: 7
[2025-08-28 12:31:06,797][root][INFO] - epoch: 8
[2025-08-28 12:43:28,219][root][INFO] - epoch: 9
[2025-08-28 12:55:50,040][root][INFO] - epoch: 10
[2025-08-28 13:08:11,987][root][INFO] - epoch: 11
[2025-08-28 13:20:33,262][root][INFO] - epoch: 12
[2025-08-28 13:32:55,037][root][INFO] - epoch: 13
[2025-08-28 13:45:15,779][root][INFO] - epoch: 14
[2025-08-28 13:57:36,869][root][INFO] - epoch: 15
[2025-08-28 14:09:58,039][root][INFO] - epoch: 16
[2025-08-28 14:22:19,065][root][INFO] - epoch: 17
[2025-08-28 14:34:40,934][root][INFO] - epoch: 18
[2025-08-28 14:47:02,646][root][INFO] - epoch: 19
[2025-08-28 14:59:24,419][root][INFO] - finished train
[2025-08-28 14:59:24,419][root][INFO] - starting eval
[2025-08-28 15:00:00,179][root][INFO] - finished eval
[2025-08-28 15:00:01,227][root][INFO] - starting train
[2025-08-28 15:00:01,228][root][INFO] - epoch: 0
[2025-08-28 15:12:22,203][root][INFO] - epoch: 1
[2025-08-28 15:24:44,791][root][INFO] - epoch: 2
[2025-08-28 15:37:06,470][root][INFO] - epoch: 3
[2025-08-28 15:49:28,571][root][INFO] - epoch: 4
[2025-08-28 16:01:50,803][root][INFO] - epoch: 5
[2025-08-28 16:14:13,312][root][INFO] - epoch: 6
[2025-08-28 16:26:34,889][root][INFO] - epoch: 7
[2025-08-28 16:38:56,992][root][INFO] - epoch: 8
[2025-08-28 16:51:18,633][root][INFO] - epoch: 9
[2025-08-28 17:03:39,927][root][INFO] - epoch: 10
[2025-08-28 17:16:01,928][root][INFO] - epoch: 11
[2025-08-28 17:28:23,620][root][INFO] - epoch: 12
[2025-08-28 17:40:44,770][root][INFO] - epoch: 13
[2025-08-28 17:53:06,382][root][INFO] - epoch: 14
[2025-08-28 18:05:27,681][root][INFO] - epoch: 15
[2025-08-28 18:17:48,796][root][INFO] - epoch: 16
[2025-08-28 18:30:10,757][root][INFO] - epoch: 17
[2025-08-28 18:42:32,062][root][INFO] - epoch: 18
[2025-08-28 18:54:53,000][root][INFO] - epoch: 19
[2025-08-28 19:07:13,701][root][INFO] - finished train
[2025-08-28 19:07:13,701][root][INFO] - starting eval
[2025-08-28 19:07:49,491][root][INFO] - finished eval
[2025-08-28 19:07:50,477][root][INFO] - starting train
[2025-08-28 19:07:50,478][root][INFO] - epoch: 0
[2025-08-28 19:20:11,993][root][INFO] - epoch: 1
[2025-08-28 19:32:32,993][root][INFO] - epoch: 2
[2025-08-28 19:44:54,414][root][INFO] - epoch: 3
[2025-08-28 19:57:15,385][root][INFO] - epoch: 4
[2025-08-28 20:09:36,069][root][INFO] - epoch: 5
[2025-08-28 20:21:56,572][root][INFO] - epoch: 6
[2025-08-28 20:34:16,494][root][INFO] - epoch: 7
[2025-08-28 20:46:37,455][root][INFO] - epoch: 8
[2025-08-28 20:58:58,063][root][INFO] - epoch: 9
[2025-08-28 21:11:19,652][root][INFO] - epoch: 10
[2025-08-28 21:23:40,994][root][INFO] - epoch: 11
[2025-08-28 21:36:01,549][root][INFO] - epoch: 12
[2025-08-28 21:48:22,346][root][INFO] - epoch: 13
[2025-08-28 22:00:43,205][root][INFO] - epoch: 14
[2025-08-28 22:13:03,361][root][INFO] - epoch: 15
[2025-08-28 22:25:24,653][root][INFO] - epoch: 16
[2025-08-28 22:37:45,301][root][INFO] - epoch: 17
[2025-08-28 22:50:06,450][root][INFO] - epoch: 18
[2025-08-28 23:02:27,429][root][INFO] - epoch: 19
[2025-08-28 23:14:48,456][root][INFO] - finished train
[2025-08-28 23:14:48,457][root][INFO] - starting eval
[2025-08-28 23:15:24,504][root][INFO] - finished eval
[2025-08-28 23:15:25,463][root][INFO] - starting train
[2025-08-28 23:15:25,463][root][INFO] - epoch: 0
[2025-08-28 23:27:47,604][root][INFO] - epoch: 1
[2025-08-28 23:40:09,237][root][INFO] - epoch: 2
[2025-08-28 23:52:30,317][root][INFO] - epoch: 3
[2025-08-29 00:04:51,812][root][INFO] - epoch: 4
[2025-08-29 00:17:13,618][root][INFO] - epoch: 5
[2025-08-29 00:29:36,279][root][INFO] - epoch: 6
[2025-08-29 00:41:57,965][root][INFO] - epoch: 7
[2025-08-29 00:54:20,101][root][INFO] - epoch: 8
[2025-08-29 01:06:42,312][root][INFO] - epoch: 9
[2025-08-29 01:19:03,357][root][INFO] - epoch: 10
[2025-08-29 01:31:24,692][root][INFO] - epoch: 11
[2025-08-29 01:43:46,962][root][INFO] - epoch: 12
[2025-08-29 01:56:08,395][root][INFO] - epoch: 13
[2025-08-29 02:08:29,957][root][INFO] - epoch: 14
[2025-08-29 02:20:51,727][root][INFO] - epoch: 15
[2025-08-29 02:33:13,100][root][INFO] - epoch: 16
[2025-08-29 02:45:35,528][root][INFO] - epoch: 17
[2025-08-29 02:57:56,910][root][INFO] - epoch: 18
[2025-08-29 03:10:19,218][root][INFO] - epoch: 19
[2025-08-29 03:22:40,281][root][INFO] - finished train
[2025-08-29 03:22:40,281][root][INFO] - starting eval
[2025-08-29 03:23:16,083][root][INFO] - finished eval
[2025-08-29 03:23:17,083][root][INFO] - starting train
[2025-08-29 03:23:17,083][root][INFO] - epoch: 0
[2025-08-29 03:35:39,496][root][INFO] - epoch: 1
[2025-08-29 03:48:00,984][root][INFO] - epoch: 2
[2025-08-29 04:00:21,870][root][INFO] - epoch: 3
[2025-08-29 04:12:42,941][root][INFO] - epoch: 4
[2025-08-29 04:25:03,975][root][INFO] - epoch: 5
[2025-08-29 04:37:26,444][root][INFO] - epoch: 6
[2025-08-29 04:49:47,340][root][INFO] - epoch: 7
[2025-08-29 05:02:08,559][root][INFO] - epoch: 8
[2025-08-29 05:14:29,641][root][INFO] - epoch: 9
[2025-08-29 05:26:51,764][root][INFO] - epoch: 10
[2025-08-29 05:39:13,196][root][INFO] - epoch: 11
[2025-08-29 05:51:34,178][root][INFO] - epoch: 12
[2025-08-29 06:03:55,297][root][INFO] - epoch: 13
[2025-08-29 06:16:16,940][root][INFO] - epoch: 14
[2025-08-29 06:28:38,050][root][INFO] - epoch: 15
[2025-08-29 06:40:59,828][root][INFO] - epoch: 16
[2025-08-29 06:53:21,672][root][INFO] - epoch: 17
[2025-08-29 07:05:43,119][root][INFO] - epoch: 18
[2025-08-29 07:18:03,964][root][INFO] - epoch: 19
[2025-08-29 07:30:25,174][root][INFO] - finished train
[2025-08-29 07:30:25,174][root][INFO] - starting eval
[2025-08-29 07:31:01,007][root][INFO] - finished eval
[2025-08-29 07:31:02,074][root][INFO] - starting train
[2025-08-29 07:31:02,074][root][INFO] - epoch: 0
[2025-08-29 07:43:21,959][root][INFO] - epoch: 1
[2025-08-29 07:55:43,925][root][INFO] - epoch: 2
[2025-08-29 08:08:04,745][root][INFO] - epoch: 3
[2025-08-29 08:20:25,682][root][INFO] - epoch: 4
[2025-08-29 08:32:45,626][root][INFO] - epoch: 5
[2025-08-29 08:45:06,238][root][INFO] - epoch: 6
[2025-08-29 08:57:26,848][root][INFO] - epoch: 7
[2025-08-29 09:09:47,829][root][INFO] - epoch: 8
[2025-08-29 09:22:08,411][root][INFO] - epoch: 9
[2025-08-29 09:34:28,970][root][INFO] - epoch: 10
[2025-08-29 09:46:50,430][root][INFO] - epoch: 11
[2025-08-29 09:59:11,862][root][INFO] - epoch: 12
[2025-08-29 10:11:33,005][root][INFO] - epoch: 13
[2025-08-29 10:23:53,976][root][INFO] - epoch: 14
[2025-08-29 10:36:14,983][root][INFO] - epoch: 15
[2025-08-29 10:48:36,088][root][INFO] - epoch: 16
[2025-08-29 11:00:57,523][root][INFO] - epoch: 17
[2025-08-29 11:13:18,674][root][INFO] - epoch: 18
[2025-08-29 11:25:39,268][root][INFO] - epoch: 19
[2025-08-29 11:38:00,707][root][INFO] - finished train
[2025-08-29 11:38:00,707][root][INFO] - starting eval
[2025-08-29 11:38:36,616][root][INFO] - finished eval
[2025-08-29 11:38:37,627][root][INFO] - starting train
[2025-08-29 11:38:37,627][root][INFO] - epoch: 0
[2025-08-29 11:50:59,752][root][INFO] - epoch: 1
[2025-08-29 12:03:22,621][root][INFO] - epoch: 2
[2025-08-29 12:15:44,448][root][INFO] - epoch: 3
[2025-08-29 12:28:05,601][root][INFO] - epoch: 4
[2025-08-29 12:40:25,822][root][INFO] - epoch: 5
[2025-08-29 12:52:47,501][root][INFO] - epoch: 6
[2025-08-29 13:05:08,525][root][INFO] - epoch: 7
[2025-08-29 13:17:29,322][root][INFO] - epoch: 8
[2025-08-29 13:29:50,442][root][INFO] - epoch: 9
[2025-08-29 13:42:11,813][root][INFO] - epoch: 10
[2025-08-29 13:54:33,426][root][INFO] - epoch: 11
[2025-08-29 14:06:54,948][root][INFO] - epoch: 12
[2025-08-29 14:19:16,538][root][INFO] - epoch: 13
[2025-08-29 14:31:37,572][root][INFO] - epoch: 14
[2025-08-29 14:43:58,642][root][INFO] - epoch: 15
[2025-08-29 14:56:19,585][root][INFO] - epoch: 16
[2025-08-29 15:08:40,701][root][INFO] - epoch: 17
[2025-08-29 15:21:02,076][root][INFO] - epoch: 18
[2025-08-29 15:33:22,982][root][INFO] - epoch: 19
[2025-08-29 15:45:44,129][root][INFO] - finished train
[2025-08-29 15:45:44,129][root][INFO] - starting eval
[2025-08-29 15:46:19,915][root][INFO] - finished eval
[2025-08-29 15:46:20,864][root][INFO] - starting train
[2025-08-29 15:46:20,864][root][INFO] - epoch: 0
[2025-08-29 15:58:41,757][root][INFO] - epoch: 1
[2025-08-29 16:11:04,326][root][INFO] - epoch: 2
[2025-08-29 16:23:25,187][root][INFO] - epoch: 3
[2025-08-29 16:35:47,146][root][INFO] - epoch: 4
[2025-08-29 16:48:08,416][root][INFO] - epoch: 5
[2025-08-29 17:00:29,426][root][INFO] - epoch: 6
[2025-08-29 17:12:50,640][root][INFO] - epoch: 7
[2025-08-29 17:25:12,050][root][INFO] - epoch: 8
[2025-08-29 17:37:33,583][root][INFO] - epoch: 9
[2025-08-29 17:49:55,659][root][INFO] - epoch: 10
[2025-08-29 18:02:16,837][root][INFO] - epoch: 11
[2025-08-29 18:14:38,920][root][INFO] - epoch: 12
[2025-08-29 18:26:59,884][root][INFO] - epoch: 13
[2025-08-29 18:39:22,419][root][INFO] - epoch: 14
[2025-08-29 18:51:43,742][root][INFO] - epoch: 15
[2025-08-29 19:04:05,535][root][INFO] - epoch: 16
[2025-08-29 19:16:27,794][root][INFO] - epoch: 17
[2025-08-29 19:28:49,023][root][INFO] - epoch: 18
[2025-08-29 19:41:10,592][root][INFO] - epoch: 19
[2025-08-29 19:53:33,657][root][INFO] - finished train
[2025-08-29 19:53:33,658][root][INFO] - starting eval
[2025-08-29 19:54:09,471][root][INFO] - finished eval
[2025-08-29 19:54:10,465][root][INFO] - starting train
[2025-08-29 19:54:10,466][root][INFO] - epoch: 0
[2025-08-29 20:06:31,720][root][INFO] - epoch: 1
[2025-08-29 20:18:53,405][root][INFO] - epoch: 2
[2025-08-29 20:31:14,534][root][INFO] - epoch: 3
[2025-08-29 20:43:35,561][root][INFO] - epoch: 4
[2025-08-29 20:55:56,618][root][INFO] - epoch: 5
[2025-08-29 21:08:17,626][root][INFO] - epoch: 6
[2025-08-29 21:20:39,567][root][INFO] - epoch: 7
[2025-08-29 21:33:00,915][root][INFO] - epoch: 8
[2025-08-29 21:45:22,116][root][INFO] - epoch: 9
[2025-08-29 21:57:43,293][root][INFO] - epoch: 10
[2025-08-29 22:10:04,236][root][INFO] - epoch: 11
[2025-08-29 22:22:25,202][root][INFO] - epoch: 12
[2025-08-29 22:34:46,126][root][INFO] - epoch: 13
[2025-08-29 22:47:06,848][root][INFO] - epoch: 14
[2025-08-29 22:59:27,165][root][INFO] - epoch: 15
[2025-08-29 23:11:49,092][root][INFO] - epoch: 16
[2025-08-29 23:24:09,460][root][INFO] - epoch: 17
[2025-08-29 23:36:30,391][root][INFO] - epoch: 18
[2025-08-29 23:48:50,706][root][INFO] - epoch: 19
[2025-08-30 00:01:12,119][root][INFO] - finished train
[2025-08-30 00:01:12,119][root][INFO] - starting eval
[2025-08-30 00:01:47,912][root][INFO] - finished eval
[2025-08-30 00:01:48,998][root][INFO] - starting train
[2025-08-30 00:01:48,999][root][INFO] - epoch: 0
[2025-08-30 00:14:11,008][root][INFO] - epoch: 1
[2025-08-30 00:26:32,395][root][INFO] - epoch: 2
[2025-08-30 00:38:54,078][root][INFO] - epoch: 3
[2025-08-30 00:51:15,517][root][INFO] - epoch: 4
[2025-08-30 01:03:37,039][root][INFO] - epoch: 5
[2025-08-30 01:15:58,338][root][INFO] - epoch: 6
[2025-08-30 01:28:20,583][root][INFO] - epoch: 7
[2025-08-30 01:40:42,249][root][INFO] - epoch: 8
[2025-08-30 01:53:04,826][root][INFO] - epoch: 9
[2025-08-30 02:05:26,022][root][INFO] - epoch: 10
[2025-08-30 02:17:48,644][root][INFO] - epoch: 11
[2025-08-30 02:30:09,703][root][INFO] - epoch: 12
[2025-08-30 02:42:30,948][root][INFO] - epoch: 13
[2025-08-30 02:54:52,070][root][INFO] - epoch: 14
[2025-08-30 03:07:13,799][root][INFO] - epoch: 15
[2025-08-30 03:19:36,390][root][INFO] - epoch: 16
[2025-08-30 03:31:57,260][root][INFO] - epoch: 17
[2025-08-30 03:44:17,909][root][INFO] - epoch: 18
[2025-08-30 03:56:39,105][root][INFO] - epoch: 19
[2025-08-30 04:09:00,869][root][INFO] - finished train
[2025-08-30 04:09:00,869][root][INFO] - starting eval
[2025-08-30 04:09:36,657][root][INFO] - finished eval
[2025-08-30 04:09:37,645][root][INFO] - starting train
[2025-08-30 04:09:37,645][root][INFO] - epoch: 0
[2025-08-30 04:21:59,884][root][INFO] - epoch: 1
[2025-08-30 04:34:20,671][root][INFO] - epoch: 2
[2025-08-30 04:46:42,369][root][INFO] - epoch: 3
[2025-08-30 04:59:03,113][root][INFO] - epoch: 4
[2025-08-30 05:11:25,742][root][INFO] - epoch: 5
[2025-08-30 05:23:47,413][root][INFO] - epoch: 6
[2025-08-30 05:36:09,687][root][INFO] - epoch: 7
[2025-08-30 05:48:30,809][root][INFO] - epoch: 8
[2025-08-30 06:00:52,159][root][INFO] - epoch: 9
[2025-08-30 06:13:13,389][root][INFO] - epoch: 10
[2025-08-30 06:25:34,351][root][INFO] - epoch: 11
[2025-08-30 06:37:55,843][root][INFO] - epoch: 12
[2025-08-30 06:50:17,008][root][INFO] - epoch: 13
[2025-08-30 07:02:38,585][root][INFO] - epoch: 14
[2025-08-30 07:15:00,349][root][INFO] - epoch: 15
[2025-08-30 07:27:21,794][root][INFO] - epoch: 16
[2025-08-30 07:39:42,596][root][INFO] - epoch: 17
[2025-08-30 07:52:05,103][root][INFO] - epoch: 18
[2025-08-30 08:04:26,182][root][INFO] - epoch: 19
[2025-08-30 08:16:47,906][root][INFO] - finished train
[2025-08-30 08:16:47,907][root][INFO] - starting eval
[2025-08-30 08:17:23,710][root][INFO] - finished eval
[2025-08-30 08:17:24,726][root][INFO] - starting train
[2025-08-30 08:17:24,727][root][INFO] - epoch: 0
[2025-08-30 08:29:45,471][root][INFO] - epoch: 1
[2025-08-30 08:42:07,135][root][INFO] - epoch: 2
[2025-08-30 08:54:27,824][root][INFO] - epoch: 3
[2025-08-30 09:06:49,836][root][INFO] - epoch: 4
[2025-08-30 09:19:10,804][root][INFO] - epoch: 5
[2025-08-30 09:31:32,279][root][INFO] - epoch: 6
[2025-08-30 09:43:53,971][root][INFO] - epoch: 7
[2025-08-30 09:56:15,032][root][INFO] - epoch: 8
[2025-08-30 10:08:36,454][root][INFO] - epoch: 9
[2025-08-30 10:20:56,793][root][INFO] - epoch: 10
[2025-08-30 10:33:17,138][root][INFO] - epoch: 11
[2025-08-30 10:45:38,063][root][INFO] - epoch: 12
[2025-08-30 10:57:59,073][root][INFO] - epoch: 13
[2025-08-30 11:10:21,196][root][INFO] - epoch: 14
[2025-08-30 11:22:41,837][root][INFO] - epoch: 15
[2025-08-30 11:35:03,827][root][INFO] - epoch: 16
[2025-08-30 11:47:25,204][root][INFO] - epoch: 17
[2025-08-30 11:59:47,973][root][INFO] - epoch: 18
[2025-08-30 12:12:09,835][root][INFO] - epoch: 19
[2025-08-30 12:24:32,301][root][INFO] - finished train
[2025-08-30 12:24:32,302][root][INFO] - starting eval
[2025-08-30 12:25:08,173][root][INFO] - finished eval
[2025-08-30 12:25:09,172][root][INFO] - starting train
[2025-08-30 12:25:09,172][root][INFO] - epoch: 0
[2025-08-30 12:37:30,028][root][INFO] - epoch: 1
[2025-08-30 12:49:52,056][root][INFO] - epoch: 2
[2025-08-30 13:02:13,361][root][INFO] - epoch: 3
[2025-08-30 13:14:35,943][root][INFO] - epoch: 4
[2025-08-30 13:26:57,350][root][INFO] - epoch: 5
[2025-08-30 13:39:18,851][root][INFO] - epoch: 6
[2025-08-30 13:51:40,660][root][INFO] - epoch: 7
[2025-08-30 14:04:02,309][root][INFO] - epoch: 8
[2025-08-30 14:16:24,125][root][INFO] - epoch: 9
[2025-08-30 14:28:45,410][root][INFO] - epoch: 10
[2025-08-30 14:41:06,406][root][INFO] - epoch: 11
[2025-08-30 14:53:28,104][root][INFO] - epoch: 12
[2025-08-30 15:05:49,037][root][INFO] - epoch: 13
[2025-08-30 15:18:10,378][root][INFO] - epoch: 14
[2025-08-30 15:30:32,265][root][INFO] - epoch: 15
[2025-08-30 15:42:53,522][root][INFO] - epoch: 16
[2025-08-30 15:55:14,339][root][INFO] - epoch: 17
[2025-08-30 16:07:36,017][root][INFO] - epoch: 18
[2025-08-30 16:19:56,848][root][INFO] - epoch: 19
[2025-08-30 16:32:17,440][root][INFO] - finished train
[2025-08-30 16:32:17,440][root][INFO] - starting eval
[2025-08-30 16:32:53,173][root][INFO] - finished eval
[2025-08-30 16:32:54,095][root][INFO] - starting train
[2025-08-30 16:32:54,095][root][INFO] - epoch: 0
[2025-08-30 16:45:15,064][root][INFO] - epoch: 1
[2025-08-30 16:57:37,081][root][INFO] - epoch: 2
[2025-08-30 17:09:57,537][root][INFO] - epoch: 3
[2025-08-30 17:22:18,015][root][INFO] - epoch: 4
[2025-08-30 17:34:39,121][root][INFO] - epoch: 5
[2025-08-30 17:47:00,358][root][INFO] - epoch: 6
[2025-08-30 17:59:21,211][root][INFO] - epoch: 7
[2025-08-30 18:11:42,483][root][INFO] - epoch: 8
[2025-08-30 18:24:02,871][root][INFO] - epoch: 9
[2025-08-30 18:36:23,481][root][INFO] - epoch: 10
[2025-08-30 18:48:45,904][root][INFO] - epoch: 11
[2025-08-30 19:01:06,921][root][INFO] - epoch: 12
[2025-08-30 19:13:28,610][root][INFO] - epoch: 13
[2025-08-30 19:25:49,735][root][INFO] - epoch: 14
[2025-08-30 19:38:12,228][root][INFO] - epoch: 15
[2025-08-30 19:50:32,996][root][INFO] - epoch: 16
[2025-08-30 20:02:54,867][root][INFO] - epoch: 17
[2025-08-30 20:15:16,072][root][INFO] - epoch: 18
[2025-08-30 20:27:38,120][root][INFO] - epoch: 19
[2025-08-30 20:39:58,883][root][INFO] - finished train
[2025-08-30 20:39:58,883][root][INFO] - starting eval
[2025-08-30 20:40:34,602][root][INFO] - finished eval
[2025-08-30 20:40:35,608][root][INFO] - starting train
[2025-08-30 20:40:35,608][root][INFO] - epoch: 0
[2025-08-30 20:52:57,001][root][INFO] - epoch: 1
[2025-08-30 21:05:18,245][root][INFO] - epoch: 2
[2025-08-30 21:17:38,663][root][INFO] - epoch: 3
[2025-08-30 21:29:58,984][root][INFO] - epoch: 4
[2025-08-30 21:42:20,242][root][INFO] - epoch: 5
[2025-08-30 21:54:40,045][root][INFO] - epoch: 6
[2025-08-30 22:06:59,940][root][INFO] - epoch: 7
[2025-08-30 22:19:20,964][root][INFO] - epoch: 8
[2025-08-30 22:31:40,703][root][INFO] - epoch: 9
[2025-08-30 22:44:01,064][root][INFO] - epoch: 10
[2025-08-30 22:56:21,423][root][INFO] - epoch: 11
[2025-08-30 23:08:41,299][root][INFO] - epoch: 12
[2025-08-30 23:21:01,620][root][INFO] - epoch: 13
[2025-08-30 23:33:21,147][root][INFO] - epoch: 14
[2025-08-30 23:45:41,660][root][INFO] - epoch: 15
[2025-08-30 23:58:01,671][root][INFO] - epoch: 16
[2025-08-31 00:10:21,152][root][INFO] - epoch: 17
[2025-08-31 00:22:40,819][root][INFO] - epoch: 18
[2025-08-31 00:35:01,450][root][INFO] - epoch: 19
[2025-08-31 00:47:21,358][root][INFO] - finished train
[2025-08-31 00:47:21,358][root][INFO] - starting eval
[2025-08-31 00:47:57,188][root][INFO] - finished eval
[2025-08-31 00:47:58,233][root][INFO] - starting train
[2025-08-31 00:47:58,233][root][INFO] - epoch: 0
[2025-08-31 01:00:18,851][root][INFO] - epoch: 1
[2025-08-31 01:12:39,909][root][INFO] - epoch: 2
[2025-08-31 01:25:00,782][root][INFO] - epoch: 3
[2025-08-31 01:37:22,618][root][INFO] - epoch: 4
[2025-08-31 01:49:43,125][root][INFO] - epoch: 5
[2025-08-31 02:02:05,276][root][INFO] - epoch: 6
[2025-08-31 02:14:26,335][root][INFO] - epoch: 7
[2025-08-31 02:26:48,266][root][INFO] - epoch: 8
[2025-08-31 02:39:09,716][root][INFO] - epoch: 9
[2025-08-31 02:51:31,491][root][INFO] - epoch: 10
[2025-08-31 03:03:53,025][root][INFO] - epoch: 11
[2025-08-31 03:16:14,535][root][INFO] - epoch: 12
[2025-08-31 03:28:35,244][root][INFO] - epoch: 13
[2025-08-31 03:40:55,956][root][INFO] - epoch: 14
[2025-08-31 03:53:16,910][root][INFO] - epoch: 15
[2025-08-31 04:05:38,096][root][INFO] - epoch: 16
[2025-08-31 04:17:59,754][root][INFO] - epoch: 17
[2025-08-31 04:30:20,919][root][INFO] - epoch: 18
[2025-08-31 04:42:42,915][root][INFO] - epoch: 19
[2025-08-31 04:55:03,829][root][INFO] - finished train
[2025-08-31 04:55:03,830][root][INFO] - starting eval
[2025-08-31 04:55:39,608][root][INFO] - finished eval
[2025-08-31 04:55:40,689][root][INFO] - starting train
[2025-08-31 04:55:40,689][root][INFO] - epoch: 0
[2025-08-31 05:08:02,060][root][INFO] - epoch: 1
[2025-08-31 05:20:23,373][root][INFO] - epoch: 2
[2025-08-31 05:32:44,395][root][INFO] - epoch: 3
[2025-08-31 05:45:04,647][root][INFO] - epoch: 4
[2025-08-31 05:57:26,661][root][INFO] - epoch: 5
[2025-08-31 06:09:48,200][root][INFO] - epoch: 6
[2025-08-31 06:22:09,122][root][INFO] - epoch: 7
[2025-08-31 06:34:30,587][root][INFO] - epoch: 8
[2025-08-31 06:46:51,817][root][INFO] - epoch: 9
[2025-08-31 06:59:12,611][root][INFO] - epoch: 10
[2025-08-31 07:11:33,227][root][INFO] - epoch: 11
[2025-08-31 07:23:55,022][root][INFO] - epoch: 12
[2025-08-31 07:36:15,437][root][INFO] - epoch: 13
[2025-08-31 07:48:36,125][root][INFO] - epoch: 14
[2025-08-31 08:00:57,471][root][INFO] - epoch: 15
[2025-08-31 08:13:18,922][root][INFO] - epoch: 16
[2025-08-31 08:25:40,073][root][INFO] - epoch: 17
[2025-08-31 08:38:00,938][root][INFO] - epoch: 18
[2025-08-31 08:50:22,813][root][INFO] - epoch: 19
[2025-08-31 09:02:43,897][root][INFO] - finished train
[2025-08-31 09:02:43,898][root][INFO] - starting eval
[2025-08-31 09:03:19,784][root][INFO] - finished eval
[2025-08-31 09:03:20,833][root][INFO] - starting train
[2025-08-31 09:03:20,833][root][INFO] - epoch: 0
[2025-08-31 09:15:41,192][root][INFO] - epoch: 1
[2025-08-31 09:28:03,347][root][INFO] - epoch: 2
[2025-08-31 09:40:24,398][root][INFO] - epoch: 3
[2025-08-31 09:52:46,392][root][INFO] - epoch: 4
[2025-08-31 10:05:07,596][root][INFO] - epoch: 5
[2025-08-31 10:17:29,212][root][INFO] - epoch: 6
[2025-08-31 10:29:50,239][root][INFO] - epoch: 7
[2025-08-31 10:42:12,296][root][INFO] - epoch: 8
[2025-08-31 10:54:32,808][root][INFO] - epoch: 9
[2025-08-31 11:06:53,491][root][INFO] - epoch: 10
[2025-08-31 11:19:14,413][root][INFO] - epoch: 11
[2025-08-31 11:31:35,979][root][INFO] - epoch: 12
[2025-08-31 11:43:58,019][root][INFO] - epoch: 13
[2025-08-31 11:56:19,421][root][INFO] - epoch: 14
[2025-08-31 12:08:40,508][root][INFO] - epoch: 15
[2025-08-31 12:21:01,773][root][INFO] - epoch: 16
[2025-08-31 12:33:22,206][root][INFO] - epoch: 17
[2025-08-31 12:45:41,921][root][INFO] - epoch: 18
[2025-08-31 12:58:02,123][root][INFO] - epoch: 19
[2025-08-31 13:10:22,567][root][INFO] - finished train
[2025-08-31 13:10:22,567][root][INFO] - starting eval
[2025-08-31 13:10:58,360][root][INFO] - finished eval
[2025-08-31 13:10:59,295][root][INFO] - starting train
[2025-08-31 13:10:59,295][root][INFO] - epoch: 0
[2025-08-31 13:23:20,879][root][INFO] - epoch: 1
[2025-08-31 13:35:42,079][root][INFO] - epoch: 2
[2025-08-31 13:48:02,676][root][INFO] - epoch: 3
[2025-08-31 14:00:24,080][root][INFO] - epoch: 4
[2025-08-31 14:12:45,019][root][INFO] - epoch: 5
[2025-08-31 14:25:05,532][root][INFO] - epoch: 6
[2025-08-31 14:37:26,820][root][INFO] - epoch: 7
[2025-08-31 14:49:47,651][root][INFO] - epoch: 8
[2025-08-31 15:02:08,172][root][INFO] - epoch: 9
[2025-08-31 15:14:29,264][root][INFO] - epoch: 10
[2025-08-31 15:26:50,660][root][INFO] - epoch: 11
[2025-08-31 15:39:11,259][root][INFO] - epoch: 12
[2025-08-31 15:51:32,090][root][INFO] - epoch: 13
[2025-08-31 16:03:52,738][root][INFO] - epoch: 14
[2025-08-31 16:16:14,026][root][INFO] - epoch: 15
[2025-08-31 16:28:34,881][root][INFO] - epoch: 16
[2025-08-31 16:40:55,809][root][INFO] - epoch: 17
[2025-08-31 16:53:16,620][root][INFO] - epoch: 18
[2025-08-31 17:05:37,548][root][INFO] - epoch: 19
[2025-08-31 17:17:58,653][root][INFO] - finished train
[2025-08-31 17:17:58,654][root][INFO] - starting eval
[2025-08-31 17:18:34,417][root][INFO] - finished eval
[2025-08-31 17:18:35,415][root][INFO] - starting train
[2025-08-31 17:18:35,415][root][INFO] - epoch: 0
[2025-08-31 17:30:56,341][root][INFO] - epoch: 1
[2025-08-31 17:43:18,868][root][INFO] - epoch: 2
[2025-08-31 17:55:40,301][root][INFO] - epoch: 3
[2025-08-31 18:08:01,773][root][INFO] - epoch: 4
[2025-08-31 18:20:23,393][root][INFO] - epoch: 5
[2025-08-31 18:32:45,092][root][INFO] - epoch: 6
[2025-08-31 18:45:06,413][root][INFO] - epoch: 7
[2025-08-31 18:57:27,712][root][INFO] - epoch: 8
[2025-08-31 19:09:48,440][root][INFO] - epoch: 9
[2025-08-31 19:22:08,836][root][INFO] - epoch: 10
[2025-08-31 19:34:29,501][root][INFO] - epoch: 11
[2025-08-31 19:46:50,541][root][INFO] - epoch: 12
[2025-08-31 19:59:11,001][root][INFO] - epoch: 13
[2025-08-31 20:11:31,582][root][INFO] - epoch: 14
[2025-08-31 20:23:51,821][root][INFO] - epoch: 15
[2025-08-31 20:36:12,172][root][INFO] - epoch: 16
[2025-08-31 20:48:33,624][root][INFO] - epoch: 17
[2025-08-31 21:00:53,872][root][INFO] - epoch: 18
[2025-08-31 21:13:13,849][root][INFO] - epoch: 19
[2025-08-31 21:25:34,692][root][INFO] - finished train
[2025-08-31 21:25:34,692][root][INFO] - starting eval
[2025-08-31 21:26:10,363][root][INFO] - finished eval
[2025-08-31 21:26:11,358][root][INFO] - starting train
[2025-08-31 21:26:11,358][root][INFO] - epoch: 0
[2025-08-31 21:38:32,189][root][INFO] - epoch: 1
[2025-08-31 21:50:53,003][root][INFO] - epoch: 2
[2025-08-31 22:03:13,615][root][INFO] - epoch: 3
[2025-08-31 22:15:33,765][root][INFO] - epoch: 4
[2025-08-31 22:27:53,846][root][INFO] - epoch: 5
[2025-08-31 22:40:14,619][root][INFO] - epoch: 6
[2025-08-31 22:52:35,672][root][INFO] - epoch: 7
[2025-08-31 23:04:56,506][root][INFO] - epoch: 8
[2025-08-31 23:17:17,064][root][INFO] - epoch: 9
[2025-08-31 23:29:38,032][root][INFO] - epoch: 10
[2025-08-31 23:41:58,216][root][INFO] - epoch: 11
[2025-08-31 23:54:18,828][root][INFO] - epoch: 12
[2025-09-01 00:06:39,324][root][INFO] - epoch: 13
[2025-09-01 00:19:00,035][root][INFO] - epoch: 14
[2025-09-01 00:31:20,808][root][INFO] - epoch: 15
[2025-09-01 00:43:40,975][root][INFO] - epoch: 16
[2025-09-01 00:56:01,165][root][INFO] - epoch: 17
[2025-09-01 01:08:21,451][root][INFO] - epoch: 18
[2025-09-01 01:20:42,048][root][INFO] - epoch: 19
[2025-09-01 01:33:02,139][root][INFO] - finished train
[2025-09-01 01:33:02,139][root][INFO] - starting eval
[2025-09-01 01:33:37,808][root][INFO] - finished eval
[2025-09-01 01:33:38,735][root][INFO] - starting train
[2025-09-01 01:33:38,735][root][INFO] - epoch: 0
[2025-09-01 01:45:59,369][root][INFO] - epoch: 1
[2025-09-01 01:58:19,854][root][INFO] - epoch: 2
[2025-09-01 02:10:40,471][root][INFO] - epoch: 3
[2025-09-01 02:23:00,449][root][INFO] - epoch: 4
[2025-09-01 02:35:21,441][root][INFO] - epoch: 5
[2025-09-01 02:47:42,414][root][INFO] - epoch: 6
[2025-09-01 03:00:03,354][root][INFO] - epoch: 7
[2025-09-01 03:12:23,870][root][INFO] - epoch: 8
[2025-09-01 03:24:45,269][root][INFO] - epoch: 9
[2025-09-01 03:37:05,465][root][INFO] - epoch: 10
[2025-09-01 03:49:26,582][root][INFO] - epoch: 11
[2025-09-01 04:01:47,815][root][INFO] - epoch: 12
[2025-09-01 04:14:09,128][root][INFO] - epoch: 13
[2025-09-01 04:26:29,661][root][INFO] - epoch: 14
[2025-09-01 04:38:50,485][root][INFO] - epoch: 15
[2025-09-01 04:51:11,767][root][INFO] - epoch: 16
[2025-09-01 05:03:32,888][root][INFO] - epoch: 17
[2025-09-01 05:15:53,935][root][INFO] - epoch: 18
[2025-09-01 05:28:14,303][root][INFO] - epoch: 19
[2025-09-01 05:40:35,242][root][INFO] - finished train
[2025-09-01 05:40:35,243][root][INFO] - starting eval
[2025-09-01 05:41:11,040][root][INFO] - finished eval
[2025-09-01 05:41:11,957][root][INFO] - starting train
[2025-09-01 05:41:11,957][root][INFO] - epoch: 0
[2025-09-01 05:53:32,879][root][INFO] - epoch: 1
[2025-09-01 06:05:53,886][root][INFO] - epoch: 2
[2025-09-01 06:18:15,291][root][INFO] - epoch: 3
[2025-09-01 06:30:35,809][root][INFO] - epoch: 4
[2025-09-01 06:42:56,224][root][INFO] - epoch: 5
[2025-09-01 06:55:17,160][root][INFO] - epoch: 6
[2025-09-01 07:07:37,167][root][INFO] - epoch: 7
[2025-09-01 07:19:57,280][root][INFO] - epoch: 8
[2025-09-01 07:32:18,349][root][INFO] - epoch: 9
[2025-09-01 07:44:38,944][root][INFO] - epoch: 10
[2025-09-01 07:56:59,678][root][INFO] - epoch: 11
[2025-09-01 08:09:19,744][root][INFO] - epoch: 12
[2025-09-01 08:21:39,805][root][INFO] - epoch: 13
[2025-09-01 08:34:00,074][root][INFO] - epoch: 14
[2025-09-01 08:46:20,598][root][INFO] - epoch: 15
[2025-09-01 08:58:41,360][root][INFO] - epoch: 16
[2025-09-01 09:11:02,681][root][INFO] - epoch: 17
[2025-09-01 09:23:23,573][root][INFO] - epoch: 18
[2025-09-01 09:35:44,839][root][INFO] - epoch: 19
[2025-09-01 09:48:05,573][root][INFO] - finished train
[2025-09-01 09:48:05,573][root][INFO] - starting eval
[2025-09-01 09:48:41,250][root][INFO] - finished eval
[2025-09-01 09:48:42,455][root][INFO] - starting train
[2025-09-01 09:48:42,456][root][INFO] - epoch: 0
[2025-09-01 10:01:03,156][root][INFO] - epoch: 1
[2025-09-01 10:13:24,726][root][INFO] - epoch: 2
[2025-09-01 10:25:45,100][root][INFO] - epoch: 3
[2025-09-01 10:38:05,399][root][INFO] - epoch: 4
[2025-09-01 10:50:26,595][root][INFO] - epoch: 5
[2025-09-01 11:02:47,826][root][INFO] - epoch: 6
[2025-09-01 11:15:08,255][root][INFO] - epoch: 7
[2025-09-01 11:27:29,534][root][INFO] - epoch: 8
[2025-09-01 11:39:50,853][root][INFO] - epoch: 9
[2025-09-01 11:52:11,578][root][INFO] - epoch: 10
[2025-09-01 12:04:32,888][root][INFO] - epoch: 11
[2025-09-01 12:16:53,652][root][INFO] - epoch: 12
[2025-09-01 12:29:14,731][root][INFO] - epoch: 13
[2025-09-01 12:41:34,846][root][INFO] - epoch: 14
[2025-09-01 12:53:56,436][root][INFO] - epoch: 15
[2025-09-01 13:06:17,165][root][INFO] - epoch: 16
[2025-09-01 13:18:38,231][root][INFO] - epoch: 17
[2025-09-01 13:30:58,838][root][INFO] - epoch: 18
[2025-09-01 13:43:20,562][root][INFO] - epoch: 19
[2025-09-01 13:55:41,823][root][INFO] - finished train
[2025-09-01 13:55:41,823][root][INFO] - starting eval
[2025-09-01 13:56:17,705][root][INFO] - finished eval
[2025-09-01 13:56:18,694][root][INFO] - starting train
[2025-09-01 13:56:18,694][root][INFO] - epoch: 0
[2025-09-01 14:08:39,485][root][INFO] - epoch: 1
[2025-09-01 14:20:59,868][root][INFO] - epoch: 2
[2025-09-01 14:33:20,280][root][INFO] - epoch: 3
[2025-09-01 14:45:40,805][root][INFO] - epoch: 4
[2025-09-01 14:58:01,599][root][INFO] - epoch: 5
[2025-09-01 15:10:22,158][root][INFO] - epoch: 6
[2025-09-01 15:22:42,540][root][INFO] - epoch: 7
[2025-09-01 15:35:04,278][root][INFO] - epoch: 8
[2025-09-01 15:47:24,604][root][INFO] - epoch: 9
[2025-09-01 15:59:45,203][root][INFO] - epoch: 10
[2025-09-01 16:12:05,850][root][INFO] - epoch: 11
[2025-09-01 16:24:26,666][root][INFO] - epoch: 12
[2025-09-01 16:36:47,188][root][INFO] - epoch: 13
[2025-09-01 16:49:08,254][root][INFO] - epoch: 14
[2025-09-01 17:01:28,892][root][INFO] - epoch: 15
[2025-09-01 17:13:49,151][root][INFO] - epoch: 16
[2025-09-01 17:26:10,114][root][INFO] - epoch: 17
[2025-09-01 17:38:31,189][root][INFO] - epoch: 18
[2025-09-01 17:50:52,575][root][INFO] - epoch: 19
[2025-09-01 18:03:13,880][root][INFO] - finished train
[2025-09-01 18:03:13,881][root][INFO] - starting eval
[2025-09-01 18:03:49,728][root][INFO] - finished eval
[2025-09-01 18:03:50,731][root][INFO] - starting train
[2025-09-01 18:03:50,731][root][INFO] - epoch: 0
[2025-09-01 18:16:11,772][root][INFO] - epoch: 1
[2025-09-01 18:28:32,883][root][INFO] - epoch: 2
[2025-09-01 18:40:53,900][root][INFO] - epoch: 3
[2025-09-01 18:53:14,907][root][INFO] - epoch: 4
[2025-09-01 19:05:36,496][root][INFO] - epoch: 5
[2025-09-01 19:17:57,905][root][INFO] - epoch: 6
[2025-09-01 19:30:18,650][root][INFO] - epoch: 7
[2025-09-01 19:42:39,707][root][INFO] - epoch: 8
[2025-09-01 19:55:00,493][root][INFO] - epoch: 9
[2025-09-01 20:07:21,947][root][INFO] - epoch: 10
[2025-09-01 20:19:43,390][root][INFO] - epoch: 11
[2025-09-01 20:32:03,595][root][INFO] - epoch: 12
[2025-09-01 20:44:25,470][root][INFO] - epoch: 13
[2025-09-01 20:56:46,819][root][INFO] - epoch: 14
[2025-09-01 21:09:07,765][root][INFO] - epoch: 15
[2025-09-01 21:21:29,086][root][INFO] - epoch: 16
[2025-09-01 21:33:51,337][root][INFO] - epoch: 17
[2025-09-01 21:46:12,183][root][INFO] - epoch: 18
[2025-09-01 21:58:33,346][root][INFO] - epoch: 19
[2025-09-01 22:10:54,437][root][INFO] - finished train
[2025-09-01 22:10:54,437][root][INFO] - starting eval
[2025-09-01 22:11:30,401][root][INFO] - finished eval
[2025-09-01 22:11:31,305][root][INFO] - starting train
[2025-09-01 22:11:31,305][root][INFO] - epoch: 0
[2025-09-01 22:23:52,721][root][INFO] - epoch: 1
[2025-09-01 22:36:14,031][root][INFO] - epoch: 2
[2025-09-01 22:48:35,450][root][INFO] - epoch: 3
[2025-09-01 23:00:56,445][root][INFO] - epoch: 4
[2025-09-01 23:13:18,040][root][INFO] - epoch: 5
[2025-09-01 23:25:38,548][root][INFO] - epoch: 6
[2025-09-01 23:37:58,990][root][INFO] - epoch: 7
[2025-09-01 23:50:20,118][root][INFO] - epoch: 8
[2025-09-02 00:02:40,943][root][INFO] - epoch: 9
[2025-09-02 00:15:01,909][root][INFO] - epoch: 10
[2025-09-02 00:27:22,692][root][INFO] - epoch: 11
[2025-09-02 00:39:43,372][root][INFO] - epoch: 12
[2025-09-02 00:52:05,124][root][INFO] - epoch: 13
[2025-09-02 01:04:26,568][root][INFO] - epoch: 14
[2025-09-02 01:16:47,621][root][INFO] - epoch: 15
[2025-09-02 01:29:08,541][root][INFO] - epoch: 16
[2025-09-02 01:41:29,837][root][INFO] - epoch: 17
[2025-09-02 01:53:50,586][root][INFO] - epoch: 18
[2025-09-02 02:06:11,874][root][INFO] - epoch: 19
[2025-09-02 02:18:32,051][root][INFO] - finished train
[2025-09-02 02:18:32,051][root][INFO] - starting eval
[2025-09-02 02:19:07,875][root][INFO] - finished eval
[2025-09-02 02:19:08,791][root][INFO] - starting train
[2025-09-02 02:19:08,791][root][INFO] - epoch: 0
[2025-09-02 02:31:29,337][root][INFO] - epoch: 1
[2025-09-02 02:43:49,710][root][INFO] - epoch: 2
[2025-09-02 02:56:11,931][root][INFO] - epoch: 3
[2025-09-02 03:08:33,078][root][INFO] - epoch: 4
[2025-09-02 03:20:54,591][root][INFO] - epoch: 5
[2025-09-02 03:33:15,483][root][INFO] - epoch: 6
[2025-09-02 03:45:36,492][root][INFO] - epoch: 7
[2025-09-02 03:57:57,682][root][INFO] - epoch: 8
[2025-09-02 04:10:18,421][root][INFO] - epoch: 9
[2025-09-02 04:22:38,950][root][INFO] - epoch: 10
[2025-09-02 04:34:59,887][root][INFO] - epoch: 11
[2025-09-02 04:47:20,540][root][INFO] - epoch: 12
[2025-09-02 04:59:41,052][root][INFO] - epoch: 13
[2025-09-02 05:12:01,814][root][INFO] - epoch: 14
[2025-09-02 05:24:21,891][root][INFO] - epoch: 15
[2025-09-02 05:36:42,382][root][INFO] - epoch: 16
[2025-09-02 05:49:02,796][root][INFO] - epoch: 17
[2025-09-02 06:01:22,734][root][INFO] - epoch: 18
[2025-09-02 06:13:43,099][root][INFO] - epoch: 19
[2025-09-02 06:26:03,361][root][INFO] - finished train
[2025-09-02 06:26:03,361][root][INFO] - starting eval
[2025-09-02 06:26:39,058][root][INFO] - finished eval
[2025-09-02 06:26:40,064][root][INFO] - starting train
[2025-09-02 06:26:40,064][root][INFO] - epoch: 0
[2025-09-02 06:39:00,216][root][INFO] - epoch: 1
[2025-09-02 06:51:21,658][root][INFO] - epoch: 2
[2025-09-02 07:03:42,419][root][INFO] - epoch: 3
[2025-09-02 07:16:03,474][root][INFO] - epoch: 4
[2025-09-02 07:28:24,522][root][INFO] - epoch: 5
[2025-09-02 07:40:44,902][root][INFO] - epoch: 6
[2025-09-02 07:53:05,342][root][INFO] - epoch: 7
[2025-09-02 08:05:25,584][root][INFO] - epoch: 8
[2025-09-02 08:17:47,042][root][INFO] - epoch: 9
[2025-09-02 08:30:08,115][root][INFO] - epoch: 10
[2025-09-02 08:42:28,988][root][INFO] - epoch: 11
[2025-09-02 08:54:49,228][root][INFO] - epoch: 12
[2025-09-02 09:07:09,845][root][INFO] - epoch: 13
[2025-09-02 09:19:30,466][root][INFO] - epoch: 14
[2025-09-02 09:31:51,398][root][INFO] - epoch: 15
[2025-09-02 09:44:13,001][root][INFO] - epoch: 16
[2025-09-02 09:56:33,259][root][INFO] - epoch: 17
[2025-09-02 10:08:53,229][root][INFO] - epoch: 18
[2025-09-02 10:21:13,603][root][INFO] - epoch: 19
[2025-09-02 10:33:34,616][root][INFO] - finished train
[2025-09-02 10:33:34,617][root][INFO] - starting eval
[2025-09-02 10:34:10,572][root][INFO] - finished eval
[2025-09-02 10:34:10,580][root][INFO] - Finished
[2025-09-02 10:34:10,580][root][INFO] -  lr: 1.370253559005094e-05
[2025-09-02 10:34:10,580][root][INFO] -  weight_decay: 0.00812308437731457
