[2025-09-23 11:28:07,203][root][INFO] - ORIGINAL CWD : /home/sota/research/sotaohnuma/coffee
[2025-09-23 11:28:07,203][root][INFO] - RUN CWD      : /home/sota/research/sotaohnuma/coffee/outputs/bean_224/cnn_student/base/2025-09-23_11-28-07
[2025-09-23 11:28:07,204][root][INFO] - batch: 128, 
 {'_target_': 'models.cnn_student.cnn_student', 'batch_size': 128, 'lr': 0.001, 'weight_decay': 0.0005}
[2025-09-23 11:28:07,204][root][INFO] - lr: 0.001, 
 {'_target_': 'models.cnn_student.cnn_student', 'lr': 0.001, 'weight_decay': 0.0005}
[2025-09-23 11:28:07,204][root][INFO] - weight_decay: 0.0005, 
 {'_target_': 'models.cnn_student.cnn_student', 'weight_decay': 0.0005}
[2025-09-23 11:28:07,542][root][INFO] - Start loading train data
[2025-09-23 11:28:07,651][root][INFO] - Start loading val data
[2025-09-23 11:28:07,664][root][INFO] - Start loading test data
[2025-09-23 11:28:07,677][root][INFO] - Finished DataLoader setup
[2025-09-23 11:28:07,677][root][INFO] - Start: 0
[2025-09-23 11:28:56,561][root][INFO] - [01/100] train 59.413%/0.6601 | val 63.597%/0.6249
[2025-09-23 11:28:56,570][root][INFO] - Start: 1
[2025-09-23 11:29:45,137][root][INFO] - [02/100] train 66.264%/0.6066 | val 50.000%/0.7938
[2025-09-23 11:29:45,137][root][INFO] - Start: 2
[2025-09-23 11:30:33,922][root][INFO] - [03/100] train 72.429%/0.5459 | val 50.000%/7.5482
[2025-09-23 11:30:33,922][root][INFO] - Start: 3
[2025-09-23 11:31:22,996][root][INFO] - [04/100] train 75.958%/0.4985 | val 51.292%/1.7324
[2025-09-23 11:31:22,996][root][INFO] - Start: 4
[2025-09-23 11:32:12,305][root][INFO] - [05/100] train 78.769%/0.4572 | val 50.000%/5.9707
[2025-09-23 11:32:12,305][root][INFO] - Start: 5
[2025-09-23 11:33:01,755][root][INFO] - [06/100] train 80.882%/0.4233 | val 51.042%/2.0963
[2025-09-23 11:33:01,755][root][INFO] - Start: 6
[2025-09-23 11:33:50,998][root][INFO] - [07/100] train 82.158%/0.4014 | val 58.306%/0.8705
[2025-09-23 11:33:50,998][root][INFO] - Start: 7
[2025-09-23 11:34:40,527][root][INFO] - [08/100] train 83.809%/0.3713 | val 50.000%/21.4340
[2025-09-23 11:34:40,527][root][INFO] - Start: 8
[2025-09-23 11:35:30,042][root][INFO] - [09/100] train 84.208%/0.3620 | val 50.000%/14.7587
[2025-09-23 11:35:30,042][root][INFO] - Start: 9
[2025-09-23 11:36:19,398][root][INFO] - [10/100] train 84.878%/0.3461 | val 50.000%/29.3884
[2025-09-23 11:36:19,398][root][INFO] - Start: 10
[2025-09-23 11:37:08,784][root][INFO] - [11/100] train 85.352%/0.3354 | val 50.000%/11.3645
[2025-09-23 11:37:08,784][root][INFO] - Start: 11
[2025-09-23 11:37:58,179][root][INFO] - [12/100] train 86.422%/0.3182 | val 50.000%/5.7624
[2025-09-23 11:37:58,179][root][INFO] - Start: 12
[2025-09-23 11:38:47,532][root][INFO] - [13/100] train 86.722%/0.3126 | val 50.000%/16.1267
[2025-09-23 11:38:47,532][root][INFO] - Start: 13
[2025-09-23 11:39:36,804][root][INFO] - [14/100] train 87.042%/0.3061 | val 50.000%/65.8111
[2025-09-23 11:39:36,805][root][INFO] - Start: 14
[2025-09-23 11:40:25,988][root][INFO] - [15/100] train 87.405%/0.2995 | val 57.000%/1.3285
[2025-09-23 11:40:25,989][root][INFO] - Start: 15
[2025-09-23 11:41:15,316][root][INFO] - [16/100] train 87.590%/0.2955 | val 50.000%/11.4535
[2025-09-23 11:41:15,316][root][INFO] - Start: 16
[2025-09-23 11:42:04,813][root][INFO] - [17/100] train 87.861%/0.2897 | val 50.000%/27.8409
[2025-09-23 11:42:04,814][root][INFO] - Start: 17
[2025-09-23 11:42:54,140][root][INFO] - [18/100] train 88.403%/0.2810 | val 74.125%/0.5558
[2025-09-23 11:42:54,145][root][INFO] - Start: 18
[2025-09-23 11:43:43,425][root][INFO] - [19/100] train 88.788%/0.2729 | val 87.611%/0.2959
[2025-09-23 11:43:43,429][root][INFO] - Start: 19
[2025-09-23 11:44:32,624][root][INFO] - [20/100] train 88.457%/0.2772 | val 73.139%/0.6213
[2025-09-23 11:44:32,625][root][INFO] - Start: 20
[2025-09-23 11:45:22,000][root][INFO] - [21/100] train 88.858%/0.2688 | val 57.722%/1.5698
[2025-09-23 11:45:22,000][root][INFO] - Start: 21
[2025-09-23 11:46:11,253][root][INFO] - [22/100] train 89.184%/0.2621 | val 50.000%/18.2413
[2025-09-23 11:46:11,254][root][INFO] - Start: 22
[2025-09-23 11:47:00,594][root][INFO] - [23/100] train 89.894%/0.2499 | val 86.347%/0.3038
[2025-09-23 11:47:00,595][root][INFO] - Start: 23
[2025-09-23 11:47:49,825][root][INFO] - [24/100] train 89.757%/0.2527 | val 50.000%/11.4224
[2025-09-23 11:47:49,826][root][INFO] - Start: 24
[2025-09-23 11:48:38,976][root][INFO] - [25/100] train 90.061%/0.2474 | val 52.278%/2.9265
[2025-09-23 11:48:38,977][root][INFO] - Start: 25
[2025-09-23 11:49:28,514][root][INFO] - [26/100] train 90.148%/0.2428 | val 50.000%/56.5763
[2025-09-23 11:49:28,514][root][INFO] - Start: 26
[2025-09-23 11:50:17,918][root][INFO] - [27/100] train 90.175%/0.2410 | val 50.000%/18.1019
[2025-09-23 11:50:17,918][root][INFO] - Start: 27
[2025-09-23 11:51:07,307][root][INFO] - [28/100] train 90.335%/0.2377 | val 86.917%/0.3318
[2025-09-23 11:51:07,307][root][INFO] - Start: 28
[2025-09-23 11:51:56,577][root][INFO] - [29/100] train 90.635%/0.2324 | val 50.000%/11.0524
[2025-09-23 11:51:56,577][root][INFO] - Start: 29
[2025-09-23 11:52:45,849][root][INFO] - [30/100] train 90.851%/0.2281 | val 55.208%/2.2604
[2025-09-23 11:52:45,849][root][INFO] - Start: 30
[2025-09-23 11:53:35,119][root][INFO] - [31/100] train 90.938%/0.2269 | val 50.236%/5.3177
[2025-09-23 11:53:35,119][root][INFO] - Start: 31
[2025-09-23 11:54:24,461][root][INFO] - [32/100] train 90.917%/0.2255 | val 83.514%/0.3641
[2025-09-23 11:54:24,461][root][INFO] - Start: 32
[2025-09-23 11:55:13,673][root][INFO] - [33/100] train 91.125%/0.2228 | val 50.375%/4.8202
[2025-09-23 11:55:13,674][root][INFO] - Start: 33
[2025-09-23 11:56:02,710][root][INFO] - [34/100] train 91.319%/0.2161 | val 50.000%/12.1189
[2025-09-23 11:56:02,711][root][INFO] - Start: 34
[2025-09-23 11:56:51,896][root][INFO] - [35/100] train 91.566%/0.2120 | val 55.250%/2.1090
[2025-09-23 11:56:51,897][root][INFO] - Start: 35
[2025-09-23 11:57:40,908][root][INFO] - [36/100] train 91.533%/0.2101 | val 54.861%/2.4952
[2025-09-23 11:57:40,909][root][INFO] - Start: 36
[2025-09-23 11:58:30,354][root][INFO] - [37/100] train 91.661%/0.2097 | val 50.069%/5.4109
[2025-09-23 11:58:30,355][root][INFO] - Start: 37
[2025-09-23 11:59:19,895][root][INFO] - [38/100] train 91.720%/0.2085 | val 50.000%/45.0586
[2025-09-23 11:59:19,895][root][INFO] - Start: 38
[2025-09-23 12:00:09,390][root][INFO] - [39/100] train 91.811%/0.2055 | val 92.333%/0.1907
[2025-09-23 12:00:09,394][root][INFO] - Start: 39
[2025-09-23 12:00:58,435][root][INFO] - [40/100] train 92.116%/0.2005 | val 50.000%/12.6612
[2025-09-23 12:00:58,436][root][INFO] - Start: 40
[2025-09-23 12:01:47,539][root][INFO] - [41/100] train 92.276%/0.1987 | val 67.514%/0.8616
[2025-09-23 12:01:47,540][root][INFO] - Start: 41
[2025-09-23 12:02:36,831][root][INFO] - [42/100] train 92.128%/0.1999 | val 72.431%/0.8568
[2025-09-23 12:02:36,831][root][INFO] - Start: 42
[2025-09-23 12:03:26,138][root][INFO] - [43/100] train 92.436%/0.1936 | val 81.681%/0.4222
[2025-09-23 12:03:26,138][root][INFO] - Start: 43
[2025-09-23 12:04:15,331][root][INFO] - [44/100] train 92.564%/0.1922 | val 77.819%/0.5072
[2025-09-23 12:04:15,331][root][INFO] - Start: 44
[2025-09-23 12:05:04,612][root][INFO] - [45/100] train 92.727%/0.1853 | val 50.125%/6.8277
[2025-09-23 12:05:04,613][root][INFO] - Start: 45
[2025-09-23 12:05:53,724][root][INFO] - [46/100] train 92.550%/0.1901 | val 52.458%/3.3538
[2025-09-23 12:05:53,724][root][INFO] - Start: 46
[2025-09-23 12:06:42,755][root][INFO] - [47/100] train 92.620%/0.1889 | val 63.139%/1.3448
[2025-09-23 12:06:42,756][root][INFO] - Start: 47
[2025-09-23 12:07:31,857][root][INFO] - [48/100] train 92.809%/0.1815 | val 74.611%/0.6974
[2025-09-23 12:07:31,858][root][INFO] - Start: 48
[2025-09-23 12:08:21,372][root][INFO] - [49/100] train 92.833%/0.1827 | val 87.611%/0.2951
[2025-09-23 12:08:21,372][root][INFO] - Start: 49
[2025-09-23 12:09:11,289][root][INFO] - [50/100] train 92.892%/0.1815 | val 61.417%/1.3544
[2025-09-23 12:09:11,289][root][INFO] - Start: 50
[2025-09-23 12:10:00,563][root][INFO] - [51/100] train 92.898%/0.1809 | val 50.000%/20.1425
[2025-09-23 12:10:00,563][root][INFO] - Start: 51
[2025-09-23 12:10:49,887][root][INFO] - [52/100] train 93.120%/0.1755 | val 50.056%/9.3611
[2025-09-23 12:10:49,888][root][INFO] - Start: 52
[2025-09-23 12:11:39,176][root][INFO] - [53/100] train 93.267%/0.1726 | val 50.000%/10.5012
[2025-09-23 12:11:39,176][root][INFO] - Start: 53
[2025-09-23 12:12:28,659][root][INFO] - [54/100] train 93.286%/0.1733 | val 89.486%/0.2416
[2025-09-23 12:12:28,659][root][INFO] - Start: 54
[2025-09-23 12:13:17,706][root][INFO] - [55/100] train 93.014%/0.1765 | val 84.014%/0.3858
[2025-09-23 12:13:17,706][root][INFO] - Start: 55
[2025-09-23 12:14:06,825][root][INFO] - [56/100] train 93.444%/0.1704 | val 50.042%/7.0311
[2025-09-23 12:14:06,825][root][INFO] - Start: 56
[2025-09-23 12:14:56,248][root][INFO] - [57/100] train 93.642%/0.1673 | val 53.486%/2.6997
[2025-09-23 12:14:56,248][root][INFO] - Start: 57
[2025-09-23 12:15:45,435][root][INFO] - [58/100] train 93.578%/0.1657 | val 91.514%/0.2130
[2025-09-23 12:15:45,436][root][INFO] - Start: 58
[2025-09-23 12:16:34,557][root][INFO] - [59/100] train 93.663%/0.1638 | val 92.375%/0.1933
[2025-09-23 12:16:34,562][root][INFO] - Start: 59
[2025-09-23 12:17:23,891][root][INFO] - [60/100] train 93.479%/0.1663 | val 60.042%/1.6010
[2025-09-23 12:17:23,892][root][INFO] - Start: 60
[2025-09-23 12:18:13,076][root][INFO] - [61/100] train 93.576%/0.1639 | val 64.611%/1.2648
[2025-09-23 12:18:13,077][root][INFO] - Start: 61
[2025-09-23 12:19:02,586][root][INFO] - [62/100] train 93.800%/0.1614 | val 56.042%/2.3732
[2025-09-23 12:19:02,587][root][INFO] - Start: 62
[2025-09-23 12:19:51,825][root][INFO] - [63/100] train 93.752%/0.1608 | val 88.903%/0.2600
[2025-09-23 12:19:51,825][root][INFO] - Start: 63
[2025-09-23 12:20:41,235][root][INFO] - [64/100] train 93.849%/0.1604 | val 87.833%/0.2864
[2025-09-23 12:20:41,235][root][INFO] - Start: 64
[2025-09-23 12:21:30,372][root][INFO] - [65/100] train 93.852%/0.1585 | val 59.861%/1.7809
[2025-09-23 12:21:30,372][root][INFO] - Start: 65
[2025-09-23 12:22:19,425][root][INFO] - [66/100] train 93.939%/0.1552 | val 81.597%/0.4524
[2025-09-23 12:22:19,425][root][INFO] - Start: 66
[2025-09-23 12:23:08,469][root][INFO] - [67/100] train 94.127%/0.1538 | val 81.819%/0.4381
[2025-09-23 12:23:08,469][root][INFO] - Start: 67
[2025-09-23 12:23:57,769][root][INFO] - [68/100] train 94.115%/0.1529 | val 50.000%/19.7902
[2025-09-23 12:23:57,769][root][INFO] - Start: 68
[2025-09-23 12:24:47,221][root][INFO] - [69/100] train 94.264%/0.1505 | val 51.208%/5.6858
[2025-09-23 12:24:47,222][root][INFO] - Start: 69
[2025-09-23 12:25:36,469][root][INFO] - [70/100] train 94.217%/0.1504 | val 91.042%/0.2294
[2025-09-23 12:25:36,469][root][INFO] - Start: 70
[2025-09-23 12:26:25,710][root][INFO] - [71/100] train 94.217%/0.1509 | val 54.861%/2.5868
[2025-09-23 12:26:25,710][root][INFO] - Start: 71
[2025-09-23 12:27:14,636][root][INFO] - [72/100] train 94.177%/0.1503 | val 90.708%/0.2351
[2025-09-23 12:27:14,636][root][INFO] - Start: 72
[2025-09-23 12:28:03,812][root][INFO] - [73/100] train 94.411%/0.1475 | val 91.903%/0.1997
[2025-09-23 12:28:03,812][root][INFO] - Start: 73
[2025-09-23 12:28:53,169][root][INFO] - [74/100] train 94.635%/0.1437 | val 54.056%/2.9595
[2025-09-23 12:28:53,169][root][INFO] - Start: 74
[2025-09-23 12:29:42,887][root][INFO] - [75/100] train 94.484%/0.1441 | val 88.972%/0.2716
[2025-09-23 12:29:42,887][root][INFO] - Start: 75
[2025-09-23 12:30:32,501][root][INFO] - [76/100] train 94.510%/0.1426 | val 73.875%/0.7186
[2025-09-23 12:30:32,501][root][INFO] - Start: 76
[2025-09-23 12:31:22,166][root][INFO] - [77/100] train 94.720%/0.1410 | val 91.625%/0.2023
[2025-09-23 12:31:22,167][root][INFO] - Start: 77
[2025-09-23 12:32:11,649][root][INFO] - [78/100] train 94.644%/0.1410 | val 91.750%/0.2023
[2025-09-23 12:32:11,650][root][INFO] - Start: 78
[2025-09-23 12:33:00,776][root][INFO] - [79/100] train 94.535%/0.1414 | val 91.958%/0.2030
[2025-09-23 12:33:00,776][root][INFO] - Start: 79
[2025-09-23 12:33:50,126][root][INFO] - [80/100] train 94.677%/0.1389 | val 76.931%/0.6008
[2025-09-23 12:33:50,127][root][INFO] - Start: 80
[2025-09-23 12:34:39,343][root][INFO] - [81/100] train 94.668%/0.1404 | val 86.611%/0.3350
[2025-09-23 12:34:39,343][root][INFO] - Start: 81
[2025-09-23 12:35:28,726][root][INFO] - [82/100] train 94.736%/0.1385 | val 88.056%/0.2956
[2025-09-23 12:35:28,726][root][INFO] - Start: 82
[2025-09-23 12:36:18,009][root][INFO] - [83/100] train 94.852%/0.1377 | val 85.014%/0.3818
[2025-09-23 12:36:18,009][root][INFO] - Start: 83
[2025-09-23 12:37:07,108][root][INFO] - [84/100] train 94.835%/0.1354 | val 82.292%/0.4480
[2025-09-23 12:37:07,109][root][INFO] - Start: 84
[2025-09-23 12:37:56,718][root][INFO] - [85/100] train 94.920%/0.1350 | val 60.236%/1.7555
[2025-09-23 12:37:56,719][root][INFO] - Start: 85
[2025-09-23 12:38:46,330][root][INFO] - [86/100] train 94.941%/0.1347 | val 91.694%/0.2088
[2025-09-23 12:38:46,330][root][INFO] - Start: 86
[2025-09-23 12:39:35,599][root][INFO] - [87/100] train 94.943%/0.1348 | val 78.861%/0.5377
[2025-09-23 12:39:35,599][root][INFO] - Start: 87
[2025-09-23 12:40:24,975][root][INFO] - [88/100] train 95.092%/0.1322 | val 92.486%/0.1924
[2025-09-23 12:40:24,979][root][INFO] - Start: 88
[2025-09-23 12:41:14,182][root][INFO] - [89/100] train 95.005%/0.1319 | val 92.903%/0.1871
[2025-09-23 12:41:14,186][root][INFO] - Start: 89
[2025-09-23 12:42:03,411][root][INFO] - [90/100] train 94.938%/0.1333 | val 77.861%/0.5796
[2025-09-23 12:42:03,412][root][INFO] - Start: 90
[2025-09-23 12:42:52,677][root][INFO] - [91/100] train 95.036%/0.1314 | val 92.292%/0.1942
[2025-09-23 12:42:52,678][root][INFO] - Start: 91
[2025-09-23 12:43:42,157][root][INFO] - [92/100] train 95.104%/0.1310 | val 91.889%/0.2029
[2025-09-23 12:43:42,158][root][INFO] - Start: 92
[2025-09-23 12:44:31,485][root][INFO] - [93/100] train 95.156%/0.1300 | val 92.681%/0.1800
[2025-09-23 12:44:31,485][root][INFO] - Start: 93
[2025-09-23 12:45:20,753][root][INFO] - [94/100] train 95.201%/0.1293 | val 93.167%/0.1734
[2025-09-23 12:45:20,757][root][INFO] - Start: 94
[2025-09-23 12:46:10,062][root][INFO] - [95/100] train 95.144%/0.1294 | val 93.083%/0.1769
[2025-09-23 12:46:10,062][root][INFO] - Start: 95
[2025-09-23 12:46:59,518][root][INFO] - [96/100] train 95.073%/0.1301 | val 92.889%/0.1779
[2025-09-23 12:46:59,519][root][INFO] - Start: 96
[2025-09-23 12:47:48,711][root][INFO] - [97/100] train 95.182%/0.1292 | val 92.958%/0.1770
[2025-09-23 12:47:48,711][root][INFO] - Start: 97
[2025-09-23 12:48:37,677][root][INFO] - [98/100] train 95.052%/0.1290 | val 92.986%/0.1751
[2025-09-23 12:48:37,677][root][INFO] - Start: 98
[2025-09-23 12:49:26,850][root][INFO] - [99/100] train 95.241%/0.1288 | val 92.889%/0.1782
[2025-09-23 12:49:26,851][root][INFO] - Start: 99
[2025-09-23 12:50:16,122][root][INFO] - [100/100] train 95.182%/0.1285 | val 92.958%/0.1756
[2025-09-23 12:50:21,539][root][INFO] - 
[Test Evaluation]
[2025-09-23 12:50:21,540][root][INFO] -  Accuracy : 0.941
[2025-09-23 12:50:21,540][root][INFO] -  Precision: 0.941
[2025-09-23 12:50:21,540][root][INFO] -  Recall   : 0.941
[2025-09-23 12:50:21,540][root][INFO] -  F1       : 0.941
[2025-09-23 12:50:21,540][root][INFO] -  Auc      : 0.988
