[2025-09-24 02:10:38,388][root][INFO] - ORIGINAL CWD : /home/sota/research/sotaohnuma/coffee
[2025-09-24 02:10:38,389][root][INFO] - RUN CWD      : /home/sota/research/sotaohnuma/coffee/outputs/bean_224/cnn_student/base/2025-09-24_02-10-38
[2025-09-24 02:10:38,389][root][INFO] - batch: 688, 
 {'_target_': 'models.cnn_student.cnn_student', 'batch_size': 688, 'lr': 0.0001, 'weight_decay': 0.0005}
[2025-09-24 02:10:38,390][root][INFO] - Start loading train data
[2025-09-24 02:10:38,528][root][INFO] - Start loading val data
[2025-09-24 02:10:38,544][root][INFO] - Start loading test data
[2025-09-24 02:10:38,559][root][INFO] - Finished DataLoader setup
[2025-09-24 02:10:38,559][root][INFO] - Starting Optimize
[2025-09-24 02:10:39,059][root][INFO] - starting train
[2025-09-24 02:10:39,059][root][INFO] - epoch: 0
[2025-09-24 02:11:29,679][root][INFO] - epoch: 1
[2025-09-24 02:12:18,762][root][INFO] - epoch: 2
[2025-09-24 02:13:07,663][root][INFO] - epoch: 3
[2025-09-24 02:13:56,250][root][INFO] - epoch: 4
[2025-09-24 02:14:44,760][root][INFO] - epoch: 5
[2025-09-24 02:15:33,673][root][INFO] - epoch: 6
[2025-09-24 02:16:22,249][root][INFO] - epoch: 7
[2025-09-24 02:17:10,828][root][INFO] - epoch: 8
[2025-09-24 02:17:59,635][root][INFO] - epoch: 9
[2025-09-24 02:18:48,278][root][INFO] - epoch: 10
[2025-09-24 02:19:36,883][root][INFO] - epoch: 11
[2025-09-24 02:20:25,430][root][INFO] - epoch: 12
[2025-09-24 02:21:13,695][root][INFO] - epoch: 13
[2025-09-24 02:22:02,200][root][INFO] - epoch: 14
[2025-09-24 02:22:52,558][root][INFO] - epoch: 15
[2025-09-24 02:23:45,303][root][INFO] - epoch: 16
[2025-09-24 02:24:41,830][root][INFO] - epoch: 17
[2025-09-24 02:25:37,051][root][INFO] - epoch: 18
[2025-09-24 02:26:29,431][root][INFO] - epoch: 19
[2025-09-24 02:27:19,658][root][INFO] - finished train
[2025-09-24 02:27:19,658][root][INFO] - starting eval
[2025-09-24 02:27:27,644][root][INFO] - finished eval
[2025-09-24 02:27:27,652][root][INFO] - starting train
[2025-09-24 02:27:27,652][root][INFO] - epoch: 0
[2025-09-24 02:28:17,364][root][INFO] - epoch: 1
[2025-09-24 02:29:07,078][root][INFO] - epoch: 2
[2025-09-24 02:29:58,449][root][INFO] - epoch: 3
[2025-09-24 02:30:51,724][root][INFO] - epoch: 4
[2025-09-24 02:31:43,500][root][INFO] - epoch: 5
[2025-09-24 02:32:33,320][root][INFO] - epoch: 6
[2025-09-24 02:33:23,503][root][INFO] - epoch: 7
[2025-09-24 02:34:14,772][root][INFO] - epoch: 8
[2025-09-24 02:35:08,348][root][INFO] - epoch: 9
[2025-09-24 02:35:58,276][root][INFO] - epoch: 10
[2025-09-24 02:36:48,939][root][INFO] - epoch: 11
[2025-09-24 02:37:40,576][root][INFO] - epoch: 12
[2025-09-24 02:38:30,090][root][INFO] - epoch: 13
[2025-09-24 02:39:20,147][root][INFO] - epoch: 14
[2025-09-24 02:40:15,709][root][INFO] - epoch: 15
[2025-09-24 02:41:09,402][root][INFO] - epoch: 16
[2025-09-24 02:42:03,937][root][INFO] - epoch: 17
[2025-09-24 02:42:53,563][root][INFO] - epoch: 18
[2025-09-24 02:43:46,989][root][INFO] - epoch: 19
[2025-09-24 02:44:38,041][root][INFO] - finished train
[2025-09-24 02:44:38,041][root][INFO] - starting eval
[2025-09-24 02:44:48,305][root][INFO] - finished eval
[2025-09-24 02:44:48,311][root][INFO] - starting train
[2025-09-24 02:44:48,311][root][INFO] - epoch: 0
[2025-09-24 02:45:37,480][root][INFO] - epoch: 1
[2025-09-24 02:46:28,068][root][INFO] - epoch: 2
[2025-09-24 02:47:19,257][root][INFO] - epoch: 3
[2025-09-24 02:48:14,311][root][INFO] - epoch: 4
[2025-09-24 02:49:07,518][root][INFO] - epoch: 5
[2025-09-24 02:49:59,774][root][INFO] - epoch: 6
[2025-09-24 02:50:50,042][root][INFO] - epoch: 7
[2025-09-24 02:51:41,048][root][INFO] - epoch: 8
[2025-09-24 02:52:31,659][root][INFO] - epoch: 9
[2025-09-24 02:53:23,683][root][INFO] - epoch: 10
[2025-09-24 02:54:17,202][root][INFO] - epoch: 11
[2025-09-24 02:55:08,465][root][INFO] - epoch: 12
[2025-09-24 02:56:01,934][root][INFO] - epoch: 13
[2025-09-24 02:56:52,183][root][INFO] - epoch: 14
[2025-09-24 02:57:41,811][root][INFO] - epoch: 15
[2025-09-24 02:58:31,919][root][INFO] - epoch: 16
[2025-09-24 02:59:22,254][root][INFO] - epoch: 17
[2025-09-24 03:00:14,035][root][INFO] - epoch: 18
[2025-09-24 03:01:05,493][root][INFO] - epoch: 19
[2025-09-24 03:01:55,407][root][INFO] - finished train
[2025-09-24 03:01:55,408][root][INFO] - starting eval
[2025-09-24 03:02:03,883][root][INFO] - finished eval
[2025-09-24 03:02:03,889][root][INFO] - starting train
[2025-09-24 03:02:03,889][root][INFO] - epoch: 0
[2025-09-24 03:02:55,096][root][INFO] - epoch: 1
[2025-09-24 03:03:46,484][root][INFO] - epoch: 2
[2025-09-24 03:04:37,358][root][INFO] - epoch: 3
[2025-09-24 03:05:28,505][root][INFO] - epoch: 4
[2025-09-24 03:06:19,578][root][INFO] - epoch: 5
[2025-09-24 03:07:10,949][root][INFO] - epoch: 6
[2025-09-24 03:08:01,013][root][INFO] - epoch: 7
[2025-09-24 03:08:52,720][root][INFO] - epoch: 8
[2025-09-24 03:09:42,603][root][INFO] - epoch: 9
[2025-09-24 03:10:39,006][root][INFO] - epoch: 10
[2025-09-24 03:11:28,916][root][INFO] - epoch: 11
[2025-09-24 03:12:20,133][root][INFO] - epoch: 12
[2025-09-24 03:13:11,424][root][INFO] - epoch: 13
[2025-09-24 03:14:02,211][root][INFO] - epoch: 14
[2025-09-24 03:14:52,570][root][INFO] - epoch: 15
[2025-09-24 03:15:44,138][root][INFO] - epoch: 16
[2025-09-24 03:16:37,471][root][INFO] - epoch: 17
[2025-09-24 03:17:25,899][root][INFO] - epoch: 18
[2025-09-24 03:18:14,897][root][INFO] - epoch: 19
[2025-09-24 03:19:03,701][root][INFO] - finished train
[2025-09-24 03:19:03,702][root][INFO] - starting eval
[2025-09-24 03:19:10,411][root][INFO] - finished eval
[2025-09-24 03:19:10,418][root][INFO] - starting train
[2025-09-24 03:19:10,418][root][INFO] - epoch: 0
[2025-09-24 03:19:59,227][root][INFO] - epoch: 1
[2025-09-24 03:20:47,642][root][INFO] - epoch: 2
[2025-09-24 03:21:36,423][root][INFO] - epoch: 3
[2025-09-24 03:22:25,284][root][INFO] - epoch: 4
[2025-09-24 03:23:14,434][root][INFO] - epoch: 5
[2025-09-24 03:24:03,506][root][INFO] - epoch: 6
[2025-09-24 03:24:52,115][root][INFO] - epoch: 7
[2025-09-24 03:25:40,879][root][INFO] - epoch: 8
[2025-09-24 03:26:29,642][root][INFO] - epoch: 9
[2025-09-24 03:27:18,017][root][INFO] - epoch: 10
[2025-09-24 03:28:06,879][root][INFO] - epoch: 11
[2025-09-24 03:28:55,721][root][INFO] - epoch: 12
[2025-09-24 03:29:44,571][root][INFO] - epoch: 13
[2025-09-24 03:30:33,150][root][INFO] - epoch: 14
[2025-09-24 03:31:21,932][root][INFO] - epoch: 15
[2025-09-24 03:32:10,974][root][INFO] - epoch: 16
[2025-09-24 03:32:59,259][root][INFO] - epoch: 17
[2025-09-24 03:33:47,675][root][INFO] - epoch: 18
[2025-09-24 03:34:36,263][root][INFO] - epoch: 19
[2025-09-24 03:35:25,217][root][INFO] - finished train
[2025-09-24 03:35:25,218][root][INFO] - starting eval
[2025-09-24 03:35:31,890][root][INFO] - finished eval
[2025-09-24 03:35:31,896][root][INFO] - starting train
[2025-09-24 03:35:31,896][root][INFO] - epoch: 0
[2025-09-24 03:36:20,973][root][INFO] - epoch: 1
[2025-09-24 03:37:09,635][root][INFO] - epoch: 2
[2025-09-24 03:37:58,641][root][INFO] - epoch: 3
[2025-09-24 03:38:47,680][root][INFO] - epoch: 4
[2025-09-24 03:39:36,555][root][INFO] - epoch: 5
[2025-09-24 03:40:25,301][root][INFO] - epoch: 6
[2025-09-24 03:41:14,556][root][INFO] - epoch: 7
[2025-09-24 03:42:03,447][root][INFO] - epoch: 8
[2025-09-24 03:42:51,670][root][INFO] - epoch: 9
[2025-09-24 03:43:40,565][root][INFO] - epoch: 10
[2025-09-24 03:44:29,385][root][INFO] - epoch: 11
[2025-09-24 03:45:18,856][root][INFO] - epoch: 12
[2025-09-24 03:46:07,605][root][INFO] - epoch: 13
[2025-09-24 03:46:56,208][root][INFO] - epoch: 14
[2025-09-24 03:47:45,280][root][INFO] - epoch: 15
[2025-09-24 03:48:33,907][root][INFO] - epoch: 16
[2025-09-24 03:49:22,856][root][INFO] - epoch: 17
[2025-09-24 03:50:11,548][root][INFO] - epoch: 18
[2025-09-24 03:51:00,253][root][INFO] - epoch: 19
[2025-09-24 03:51:48,907][root][INFO] - finished train
[2025-09-24 03:51:48,907][root][INFO] - starting eval
[2025-09-24 03:51:55,292][root][INFO] - finished eval
[2025-09-24 03:51:55,297][root][INFO] - starting train
[2025-09-24 03:51:55,298][root][INFO] - epoch: 0
[2025-09-24 03:52:44,215][root][INFO] - epoch: 1
[2025-09-24 03:53:32,423][root][INFO] - epoch: 2
[2025-09-24 03:54:20,703][root][INFO] - epoch: 3
[2025-09-24 03:55:08,998][root][INFO] - epoch: 4
[2025-09-24 03:55:57,608][root][INFO] - epoch: 5
[2025-09-24 03:56:46,343][root][INFO] - epoch: 6
[2025-09-24 03:57:34,977][root][INFO] - epoch: 7
[2025-09-24 03:58:23,248][root][INFO] - epoch: 8
[2025-09-24 03:59:11,783][root][INFO] - epoch: 9
[2025-09-24 04:00:00,479][root][INFO] - epoch: 10
[2025-09-24 04:00:48,953][root][INFO] - epoch: 11
[2025-09-24 04:01:37,044][root][INFO] - epoch: 12
[2025-09-24 04:02:25,688][root][INFO] - epoch: 13
[2025-09-24 04:03:13,808][root][INFO] - epoch: 14
[2025-09-24 04:04:02,441][root][INFO] - epoch: 15
[2025-09-24 04:04:50,879][root][INFO] - epoch: 16
[2025-09-24 04:05:38,897][root][INFO] - epoch: 17
[2025-09-24 04:06:27,159][root][INFO] - epoch: 18
[2025-09-24 04:07:15,231][root][INFO] - epoch: 19
[2025-09-24 04:08:03,872][root][INFO] - finished train
[2025-09-24 04:08:03,872][root][INFO] - starting eval
[2025-09-24 04:08:10,279][root][INFO] - finished eval
[2025-09-24 04:08:10,285][root][INFO] - starting train
[2025-09-24 04:08:10,285][root][INFO] - epoch: 0
[2025-09-24 04:08:58,570][root][INFO] - epoch: 1
[2025-09-24 04:09:46,874][root][INFO] - epoch: 2
[2025-09-24 04:10:35,512][root][INFO] - epoch: 3
[2025-09-24 04:11:23,965][root][INFO] - epoch: 4
[2025-09-24 04:12:12,320][root][INFO] - epoch: 5
[2025-09-24 04:13:01,005][root][INFO] - epoch: 6
[2025-09-24 04:13:49,192][root][INFO] - epoch: 7
[2025-09-24 04:14:37,972][root][INFO] - epoch: 8
[2025-09-24 04:15:26,157][root][INFO] - epoch: 9
[2025-09-24 04:16:14,328][root][INFO] - epoch: 10
[2025-09-24 04:17:02,787][root][INFO] - epoch: 11
[2025-09-24 04:17:51,229][root][INFO] - epoch: 12
[2025-09-24 04:18:39,677][root][INFO] - epoch: 13
[2025-09-24 04:19:28,257][root][INFO] - epoch: 14
[2025-09-24 04:20:16,809][root][INFO] - epoch: 15
[2025-09-24 04:21:05,428][root][INFO] - epoch: 16
[2025-09-24 04:21:53,617][root][INFO] - epoch: 17
[2025-09-24 04:22:42,060][root][INFO] - epoch: 18
[2025-09-24 04:23:30,240][root][INFO] - epoch: 19
[2025-09-24 04:24:18,598][root][INFO] - finished train
[2025-09-24 04:24:18,598][root][INFO] - starting eval
[2025-09-24 04:24:24,758][root][INFO] - finished eval
[2025-09-24 04:24:24,764][root][INFO] - starting train
[2025-09-24 04:24:24,765][root][INFO] - epoch: 0
[2025-09-24 04:25:13,308][root][INFO] - epoch: 1
[2025-09-24 04:26:01,437][root][INFO] - epoch: 2
[2025-09-24 04:26:49,722][root][INFO] - epoch: 3
[2025-09-24 04:27:37,912][root][INFO] - epoch: 4
[2025-09-24 04:28:26,114][root][INFO] - epoch: 5
[2025-09-24 04:29:14,736][root][INFO] - epoch: 6
[2025-09-24 04:30:03,194][root][INFO] - epoch: 7
[2025-09-24 04:30:51,484][root][INFO] - epoch: 8
[2025-09-24 04:31:40,049][root][INFO] - epoch: 9
[2025-09-24 04:32:28,476][root][INFO] - epoch: 10
[2025-09-24 04:33:16,595][root][INFO] - epoch: 11
[2025-09-24 04:34:05,138][root][INFO] - epoch: 12
[2025-09-24 04:34:53,451][root][INFO] - epoch: 13
[2025-09-24 04:35:42,112][root][INFO] - epoch: 14
[2025-09-24 04:36:30,791][root][INFO] - epoch: 15
[2025-09-24 04:37:19,307][root][INFO] - epoch: 16
[2025-09-24 04:38:07,887][root][INFO] - epoch: 17
[2025-09-24 04:38:56,489][root][INFO] - epoch: 18
[2025-09-24 04:39:45,096][root][INFO] - epoch: 19
[2025-09-24 04:40:33,383][root][INFO] - finished train
[2025-09-24 04:40:33,384][root][INFO] - starting eval
[2025-09-24 04:40:39,390][root][INFO] - finished eval
[2025-09-24 04:40:39,396][root][INFO] - starting train
[2025-09-24 04:40:39,396][root][INFO] - epoch: 0
[2025-09-24 04:41:27,443][root][INFO] - epoch: 1
[2025-09-24 04:42:15,635][root][INFO] - epoch: 2
[2025-09-24 04:43:03,774][root][INFO] - epoch: 3
[2025-09-24 04:43:52,102][root][INFO] - epoch: 4
[2025-09-24 04:44:40,760][root][INFO] - epoch: 5
[2025-09-24 04:45:29,042][root][INFO] - epoch: 6
[2025-09-24 04:46:17,170][root][INFO] - epoch: 7
[2025-09-24 04:47:05,433][root][INFO] - epoch: 8
[2025-09-24 04:47:53,631][root][INFO] - epoch: 9
[2025-09-24 04:48:41,855][root][INFO] - epoch: 10
[2025-09-24 04:49:30,195][root][INFO] - epoch: 11
[2025-09-24 04:50:18,555][root][INFO] - epoch: 12
[2025-09-24 04:51:07,081][root][INFO] - epoch: 13
[2025-09-24 04:51:55,752][root][INFO] - epoch: 14
[2025-09-24 04:52:43,922][root][INFO] - epoch: 15
[2025-09-24 04:53:32,450][root][INFO] - epoch: 16
[2025-09-24 04:54:21,075][root][INFO] - epoch: 17
[2025-09-24 04:55:09,427][root][INFO] - epoch: 18
[2025-09-24 04:55:57,946][root][INFO] - epoch: 19
[2025-09-24 04:56:46,477][root][INFO] - finished train
[2025-09-24 04:56:46,477][root][INFO] - starting eval
[2025-09-24 04:56:52,576][root][INFO] - finished eval
[2025-09-24 04:56:52,590][root][INFO] - starting train
[2025-09-24 04:56:52,590][root][INFO] - epoch: 0
[2025-09-24 04:57:40,877][root][INFO] - epoch: 1
[2025-09-24 04:58:29,436][root][INFO] - epoch: 2
[2025-09-24 04:59:17,469][root][INFO] - epoch: 3
[2025-09-24 05:00:05,513][root][INFO] - epoch: 4
[2025-09-24 05:00:54,025][root][INFO] - epoch: 5
[2025-09-24 05:01:42,551][root][INFO] - epoch: 6
[2025-09-24 05:02:30,704][root][INFO] - epoch: 7
[2025-09-24 05:03:19,249][root][INFO] - epoch: 8
[2025-09-24 05:04:07,782][root][INFO] - epoch: 9
[2025-09-24 05:04:56,233][root][INFO] - epoch: 10
[2025-09-24 05:05:44,649][root][INFO] - epoch: 11
[2025-09-24 05:06:32,838][root][INFO] - epoch: 12
[2025-09-24 05:07:21,480][root][INFO] - epoch: 13
[2025-09-24 05:08:10,233][root][INFO] - epoch: 14
[2025-09-24 05:08:58,493][root][INFO] - epoch: 15
[2025-09-24 05:09:46,992][root][INFO] - epoch: 16
[2025-09-24 05:10:35,564][root][INFO] - epoch: 17
[2025-09-24 05:11:23,876][root][INFO] - epoch: 18
[2025-09-24 05:12:12,011][root][INFO] - epoch: 19
[2025-09-24 05:13:00,606][root][INFO] - finished train
[2025-09-24 05:13:00,607][root][INFO] - starting eval
[2025-09-24 05:13:06,530][root][INFO] - finished eval
[2025-09-24 05:13:06,542][root][INFO] - starting train
[2025-09-24 05:13:06,542][root][INFO] - epoch: 0
[2025-09-24 05:13:55,166][root][INFO] - epoch: 1
[2025-09-24 05:14:43,486][root][INFO] - epoch: 2
[2025-09-24 05:15:32,079][root][INFO] - epoch: 3
[2025-09-24 05:16:20,768][root][INFO] - epoch: 4
[2025-09-24 05:17:09,138][root][INFO] - epoch: 5
[2025-09-24 05:17:57,486][root][INFO] - epoch: 6
[2025-09-24 05:18:45,610][root][INFO] - epoch: 7
[2025-09-24 05:19:34,242][root][INFO] - epoch: 8
[2025-09-24 05:20:22,558][root][INFO] - epoch: 9
[2025-09-24 05:21:10,908][root][INFO] - epoch: 10
[2025-09-24 05:21:59,527][root][INFO] - epoch: 11
[2025-09-24 05:22:47,592][root][INFO] - epoch: 12
[2025-09-24 05:23:35,929][root][INFO] - epoch: 13
[2025-09-24 05:24:24,105][root][INFO] - epoch: 14
[2025-09-24 05:25:12,205][root][INFO] - epoch: 15
[2025-09-24 05:26:00,509][root][INFO] - epoch: 16
[2025-09-24 05:26:48,709][root][INFO] - epoch: 17
[2025-09-24 05:27:37,158][root][INFO] - epoch: 18
[2025-09-24 05:28:25,897][root][INFO] - epoch: 19
[2025-09-24 05:29:14,507][root][INFO] - finished train
[2025-09-24 05:29:14,508][root][INFO] - starting eval
[2025-09-24 05:29:20,734][root][INFO] - finished eval
[2025-09-24 05:29:20,747][root][INFO] - starting train
[2025-09-24 05:29:20,747][root][INFO] - epoch: 0
[2025-09-24 05:30:09,002][root][INFO] - epoch: 1
[2025-09-24 05:30:57,078][root][INFO] - epoch: 2
[2025-09-24 05:31:45,736][root][INFO] - epoch: 3
[2025-09-24 05:32:33,834][root][INFO] - epoch: 4
[2025-09-24 05:33:22,306][root][INFO] - epoch: 5
[2025-09-24 05:34:10,812][root][INFO] - epoch: 6
[2025-09-24 05:34:59,050][root][INFO] - epoch: 7
[2025-09-24 05:35:47,241][root][INFO] - epoch: 8
[2025-09-24 05:36:35,537][root][INFO] - epoch: 9
[2025-09-24 05:37:23,708][root][INFO] - epoch: 10
[2025-09-24 05:38:12,081][root][INFO] - epoch: 11
[2025-09-24 05:39:00,686][root][INFO] - epoch: 12
[2025-09-24 05:39:49,141][root][INFO] - epoch: 13
[2025-09-24 05:40:37,624][root][INFO] - epoch: 14
[2025-09-24 05:41:26,062][root][INFO] - epoch: 15
[2025-09-24 05:42:14,554][root][INFO] - epoch: 16
[2025-09-24 05:43:03,103][root][INFO] - epoch: 17
[2025-09-24 05:43:51,557][root][INFO] - epoch: 18
[2025-09-24 05:44:40,178][root][INFO] - epoch: 19
[2025-09-24 05:45:28,358][root][INFO] - finished train
[2025-09-24 05:45:28,358][root][INFO] - starting eval
[2025-09-24 05:45:34,513][root][INFO] - finished eval
[2025-09-24 05:45:34,526][root][INFO] - starting train
[2025-09-24 05:45:34,526][root][INFO] - epoch: 0
[2025-09-24 05:46:22,816][root][INFO] - epoch: 1
[2025-09-24 05:47:11,444][root][INFO] - epoch: 2
[2025-09-24 05:47:59,648][root][INFO] - epoch: 3
[2025-09-24 05:48:48,249][root][INFO] - epoch: 4
[2025-09-24 05:49:36,891][root][INFO] - epoch: 5
[2025-09-24 05:50:25,421][root][INFO] - epoch: 6
[2025-09-24 05:51:13,997][root][INFO] - epoch: 7
[2025-09-24 05:52:02,595][root][INFO] - epoch: 8
[2025-09-24 05:52:51,300][root][INFO] - epoch: 9
[2025-09-24 05:53:39,990][root][INFO] - epoch: 10
[2025-09-24 05:54:28,375][root][INFO] - epoch: 11
[2025-09-24 05:55:16,856][root][INFO] - epoch: 12
[2025-09-24 05:56:05,343][root][INFO] - epoch: 13
[2025-09-24 05:56:53,544][root][INFO] - epoch: 14
[2025-09-24 05:57:42,121][root][INFO] - epoch: 15
[2025-09-24 05:58:30,653][root][INFO] - epoch: 16
[2025-09-24 05:59:19,383][root][INFO] - epoch: 17
[2025-09-24 06:00:08,001][root][INFO] - epoch: 18
[2025-09-24 06:00:56,318][root][INFO] - epoch: 19
[2025-09-24 06:01:44,863][root][INFO] - finished train
[2025-09-24 06:01:44,863][root][INFO] - starting eval
[2025-09-24 06:01:50,674][root][INFO] - finished eval
[2025-09-24 06:01:50,687][root][INFO] - starting train
[2025-09-24 06:01:50,688][root][INFO] - epoch: 0
[2025-09-24 06:02:38,973][root][INFO] - epoch: 1
[2025-09-24 06:03:27,429][root][INFO] - epoch: 2
[2025-09-24 06:04:16,001][root][INFO] - epoch: 3
[2025-09-24 06:05:04,653][root][INFO] - epoch: 4
[2025-09-24 06:05:53,105][root][INFO] - epoch: 5
[2025-09-24 06:06:41,377][root][INFO] - epoch: 6
[2025-09-24 06:07:29,853][root][INFO] - epoch: 7
[2025-09-24 06:08:17,994][root][INFO] - epoch: 8
[2025-09-24 06:09:06,648][root][INFO] - epoch: 9
[2025-09-24 06:09:54,988][root][INFO] - epoch: 10
[2025-09-24 06:10:43,537][root][INFO] - epoch: 11
[2025-09-24 06:11:32,043][root][INFO] - epoch: 12
[2025-09-24 06:12:20,461][root][INFO] - epoch: 13
[2025-09-24 06:13:08,945][root][INFO] - epoch: 14
[2025-09-24 06:13:57,043][root][INFO] - epoch: 15
[2025-09-24 06:14:45,573][root][INFO] - epoch: 16
[2025-09-24 06:15:34,222][root][INFO] - epoch: 17
[2025-09-24 06:16:22,345][root][INFO] - epoch: 18
[2025-09-24 06:17:10,514][root][INFO] - epoch: 19
[2025-09-24 06:17:59,112][root][INFO] - finished train
[2025-09-24 06:17:59,113][root][INFO] - starting eval
[2025-09-24 06:18:05,309][root][INFO] - finished eval
[2025-09-24 06:18:05,322][root][INFO] - starting train
[2025-09-24 06:18:05,322][root][INFO] - epoch: 0
[2025-09-24 06:18:53,343][root][INFO] - epoch: 1
[2025-09-24 06:19:41,755][root][INFO] - epoch: 2
[2025-09-24 06:20:30,361][root][INFO] - epoch: 3
[2025-09-24 06:21:18,670][root][INFO] - epoch: 4
[2025-09-24 06:22:06,897][root][INFO] - epoch: 5
[2025-09-24 06:22:55,174][root][INFO] - epoch: 6
[2025-09-24 06:23:43,688][root][INFO] - epoch: 7
[2025-09-24 06:24:31,833][root][INFO] - epoch: 8
[2025-09-24 06:25:20,441][root][INFO] - epoch: 9
[2025-09-24 06:26:08,902][root][INFO] - epoch: 10
[2025-09-24 06:26:57,315][root][INFO] - epoch: 11
[2025-09-24 06:27:45,882][root][INFO] - epoch: 12
[2025-09-24 06:28:34,541][root][INFO] - epoch: 13
[2025-09-24 06:29:22,671][root][INFO] - epoch: 14
[2025-09-24 06:30:11,287][root][INFO] - epoch: 15
[2025-09-24 06:30:59,573][root][INFO] - epoch: 16
[2025-09-24 06:31:47,944][root][INFO] - epoch: 17
[2025-09-24 06:32:36,242][root][INFO] - epoch: 18
[2025-09-24 06:33:24,385][root][INFO] - epoch: 19
[2025-09-24 06:34:12,921][root][INFO] - finished train
[2025-09-24 06:34:12,921][root][INFO] - starting eval
[2025-09-24 06:34:19,002][root][INFO] - finished eval
[2025-09-24 06:34:19,015][root][INFO] - starting train
[2025-09-24 06:34:19,015][root][INFO] - epoch: 0
[2025-09-24 06:35:07,470][root][INFO] - epoch: 1
[2025-09-24 06:35:56,192][root][INFO] - epoch: 2
[2025-09-24 06:36:44,360][root][INFO] - epoch: 3
[2025-09-24 06:37:32,809][root][INFO] - epoch: 4
[2025-09-24 06:38:20,910][root][INFO] - epoch: 5
[2025-09-24 06:39:09,568][root][INFO] - epoch: 6
[2025-09-24 06:39:58,090][root][INFO] - epoch: 7
[2025-09-24 06:40:46,369][root][INFO] - epoch: 8
[2025-09-24 06:41:35,039][root][INFO] - epoch: 9
[2025-09-24 06:42:23,557][root][INFO] - epoch: 10
[2025-09-24 06:43:12,388][root][INFO] - epoch: 11
[2025-09-24 06:44:00,899][root][INFO] - epoch: 12
[2025-09-24 06:44:49,009][root][INFO] - epoch: 13
[2025-09-24 06:45:37,699][root][INFO] - epoch: 14
[2025-09-24 06:46:26,045][root][INFO] - epoch: 15
[2025-09-24 06:47:14,740][root][INFO] - epoch: 16
[2025-09-24 06:48:03,323][root][INFO] - epoch: 17
[2025-09-24 06:48:51,398][root][INFO] - epoch: 18
[2025-09-24 06:49:39,609][root][INFO] - epoch: 19
[2025-09-24 06:50:27,991][root][INFO] - finished train
[2025-09-24 06:50:27,992][root][INFO] - starting eval
[2025-09-24 06:50:33,829][root][INFO] - finished eval
[2025-09-24 06:50:33,841][root][INFO] - starting train
[2025-09-24 06:50:33,841][root][INFO] - epoch: 0
[2025-09-24 06:51:21,902][root][INFO] - epoch: 1
[2025-09-24 06:52:10,313][root][INFO] - epoch: 2
[2025-09-24 06:52:58,675][root][INFO] - epoch: 3
[2025-09-24 06:53:47,328][root][INFO] - epoch: 4
[2025-09-24 06:54:35,944][root][INFO] - epoch: 5
[2025-09-24 06:55:24,650][root][INFO] - epoch: 6
[2025-09-24 06:56:12,775][root][INFO] - epoch: 7
[2025-09-24 06:57:01,053][root][INFO] - epoch: 8
[2025-09-24 06:57:49,645][root][INFO] - epoch: 9
[2025-09-24 06:58:38,028][root][INFO] - epoch: 10
[2025-09-24 06:59:26,583][root][INFO] - epoch: 11
[2025-09-24 07:00:14,958][root][INFO] - epoch: 12
[2025-09-24 07:01:03,623][root][INFO] - epoch: 13
[2025-09-24 07:01:52,030][root][INFO] - epoch: 14
[2025-09-24 07:02:40,102][root][INFO] - epoch: 15
[2025-09-24 07:03:28,755][root][INFO] - epoch: 16
[2025-09-24 07:04:17,296][root][INFO] - epoch: 17
[2025-09-24 07:05:05,994][root][INFO] - epoch: 18
[2025-09-24 07:05:54,563][root][INFO] - epoch: 19
[2025-09-24 07:06:42,841][root][INFO] - finished train
[2025-09-24 07:06:42,841][root][INFO] - starting eval
[2025-09-24 07:06:48,719][root][INFO] - finished eval
[2025-09-24 07:06:48,731][root][INFO] - starting train
[2025-09-24 07:06:48,731][root][INFO] - epoch: 0
[2025-09-24 07:07:36,853][root][INFO] - epoch: 1
[2025-09-24 07:08:25,564][root][INFO] - epoch: 2
[2025-09-24 07:09:13,681][root][INFO] - epoch: 3
[2025-09-24 07:10:02,031][root][INFO] - epoch: 4
[2025-09-24 07:10:50,518][root][INFO] - epoch: 5
[2025-09-24 07:11:38,803][root][INFO] - epoch: 6
[2025-09-24 07:12:27,344][root][INFO] - epoch: 7
[2025-09-24 07:13:15,850][root][INFO] - epoch: 8
[2025-09-24 07:14:04,323][root][INFO] - epoch: 9
[2025-09-24 07:14:52,512][root][INFO] - epoch: 10
[2025-09-24 07:15:41,135][root][INFO] - epoch: 11
[2025-09-24 07:16:29,339][root][INFO] - epoch: 12
[2025-09-24 07:17:17,520][root][INFO] - epoch: 13
[2025-09-24 07:18:05,648][root][INFO] - epoch: 14
[2025-09-24 07:18:54,235][root][INFO] - epoch: 15
[2025-09-24 07:19:42,329][root][INFO] - epoch: 16
[2025-09-24 07:20:30,646][root][INFO] - epoch: 17
[2025-09-24 07:21:19,211][root][INFO] - epoch: 18
[2025-09-24 07:22:07,847][root][INFO] - epoch: 19
[2025-09-24 07:22:56,031][root][INFO] - finished train
[2025-09-24 07:22:56,032][root][INFO] - starting eval
[2025-09-24 07:23:02,143][root][INFO] - finished eval
[2025-09-24 07:23:02,157][root][INFO] - starting train
[2025-09-24 07:23:02,157][root][INFO] - epoch: 0
[2025-09-24 07:23:50,368][root][INFO] - epoch: 1
[2025-09-24 07:24:38,697][root][INFO] - epoch: 2
[2025-09-24 07:25:27,350][root][INFO] - epoch: 3
[2025-09-24 07:26:15,909][root][INFO] - epoch: 4
[2025-09-24 07:27:04,461][root][INFO] - epoch: 5
[2025-09-24 07:27:52,757][root][INFO] - epoch: 6
[2025-09-24 07:28:41,357][root][INFO] - epoch: 7
[2025-09-24 07:29:29,539][root][INFO] - epoch: 8
[2025-09-24 07:30:17,878][root][INFO] - epoch: 9
[2025-09-24 07:31:06,406][root][INFO] - epoch: 10
[2025-09-24 07:31:54,721][root][INFO] - epoch: 11
[2025-09-24 07:32:42,869][root][INFO] - epoch: 12
[2025-09-24 07:33:31,435][root][INFO] - epoch: 13
[2025-09-24 07:34:19,783][root][INFO] - epoch: 14
[2025-09-24 07:35:08,298][root][INFO] - epoch: 15
[2025-09-24 07:35:56,642][root][INFO] - epoch: 16
[2025-09-24 07:36:45,310][root][INFO] - epoch: 17
[2025-09-24 07:37:33,730][root][INFO] - epoch: 18
[2025-09-24 07:38:22,203][root][INFO] - epoch: 19
[2025-09-24 07:39:10,477][root][INFO] - finished train
[2025-09-24 07:39:10,477][root][INFO] - starting eval
[2025-09-24 07:39:16,463][root][INFO] - finished eval
[2025-09-24 07:39:16,477][root][INFO] - starting train
[2025-09-24 07:39:16,477][root][INFO] - epoch: 0
[2025-09-24 07:40:04,804][root][INFO] - epoch: 1
[2025-09-24 07:40:53,328][root][INFO] - epoch: 2
[2025-09-24 07:41:41,405][root][INFO] - epoch: 3
[2025-09-24 07:42:29,975][root][INFO] - epoch: 4
[2025-09-24 07:43:18,296][root][INFO] - epoch: 5
[2025-09-24 07:44:06,820][root][INFO] - epoch: 6
[2025-09-24 07:44:55,353][root][INFO] - epoch: 7
[2025-09-24 07:45:43,699][root][INFO] - epoch: 8
[2025-09-24 07:46:32,143][root][INFO] - epoch: 9
[2025-09-24 07:47:20,443][root][INFO] - epoch: 10
[2025-09-24 07:48:08,930][root][INFO] - epoch: 11
[2025-09-24 07:48:57,089][root][INFO] - epoch: 12
[2025-09-24 07:49:45,181][root][INFO] - epoch: 13
[2025-09-24 07:50:33,524][root][INFO] - epoch: 14
[2025-09-24 07:51:22,163][root][INFO] - epoch: 15
[2025-09-24 07:52:10,747][root][INFO] - epoch: 16
[2025-09-24 07:52:58,910][root][INFO] - epoch: 17
[2025-09-24 07:53:47,453][root][INFO] - epoch: 18
[2025-09-24 07:54:36,068][root][INFO] - epoch: 19
[2025-09-24 07:55:24,662][root][INFO] - finished train
[2025-09-24 07:55:24,663][root][INFO] - starting eval
[2025-09-24 07:55:30,617][root][INFO] - finished eval
[2025-09-24 07:55:30,631][root][INFO] - starting train
[2025-09-24 07:55:30,631][root][INFO] - epoch: 0
[2025-09-24 07:56:18,861][root][INFO] - epoch: 1
[2025-09-24 07:57:07,144][root][INFO] - epoch: 2
[2025-09-24 07:57:55,494][root][INFO] - epoch: 3
[2025-09-24 07:58:43,593][root][INFO] - epoch: 4
[2025-09-24 07:59:32,275][root][INFO] - epoch: 5
[2025-09-24 08:00:20,346][root][INFO] - epoch: 6
[2025-09-24 08:01:08,810][root][INFO] - epoch: 7
[2025-09-24 08:01:57,207][root][INFO] - epoch: 8
[2025-09-24 08:02:45,236][root][INFO] - epoch: 9
[2025-09-24 08:03:33,304][root][INFO] - epoch: 10
[2025-09-24 08:04:21,589][root][INFO] - epoch: 11
[2025-09-24 08:05:09,740][root][INFO] - epoch: 12
[2025-09-24 08:05:58,230][root][INFO] - epoch: 13
[2025-09-24 08:06:46,560][root][INFO] - epoch: 14
[2025-09-24 08:07:35,171][root][INFO] - epoch: 15
[2025-09-24 08:08:23,849][root][INFO] - epoch: 16
[2025-09-24 08:09:11,911][root][INFO] - epoch: 17
[2025-09-24 08:10:00,324][root][INFO] - epoch: 18
[2025-09-24 08:10:48,415][root][INFO] - epoch: 19
[2025-09-24 08:11:36,568][root][INFO] - finished train
[2025-09-24 08:11:36,568][root][INFO] - starting eval
[2025-09-24 08:11:42,732][root][INFO] - finished eval
[2025-09-24 08:11:42,746][root][INFO] - starting train
[2025-09-24 08:11:42,746][root][INFO] - epoch: 0
[2025-09-24 08:12:31,140][root][INFO] - epoch: 1
[2025-09-24 08:13:19,547][root][INFO] - epoch: 2
[2025-09-24 08:14:07,937][root][INFO] - epoch: 3
[2025-09-24 08:14:56,551][root][INFO] - epoch: 4
[2025-09-24 08:15:45,194][root][INFO] - epoch: 5
[2025-09-24 08:16:33,845][root][INFO] - epoch: 6
[2025-09-24 08:17:22,166][root][INFO] - epoch: 7
[2025-09-24 08:18:10,485][root][INFO] - epoch: 8
[2025-09-24 08:18:58,588][root][INFO] - epoch: 9
[2025-09-24 08:19:46,840][root][INFO] - epoch: 10
[2025-09-24 08:20:35,496][root][INFO] - epoch: 11
[2025-09-24 08:21:23,798][root][INFO] - epoch: 12
[2025-09-24 08:22:12,064][root][INFO] - epoch: 13
[2025-09-24 08:23:00,430][root][INFO] - epoch: 14
[2025-09-24 08:23:49,045][root][INFO] - epoch: 15
[2025-09-24 08:24:37,560][root][INFO] - epoch: 16
[2025-09-24 08:25:26,046][root][INFO] - epoch: 17
[2025-09-24 08:26:14,412][root][INFO] - epoch: 18
[2025-09-24 08:27:02,821][root][INFO] - epoch: 19
[2025-09-24 08:27:51,382][root][INFO] - finished train
[2025-09-24 08:27:51,382][root][INFO] - starting eval
[2025-09-24 08:27:57,256][root][INFO] - finished eval
[2025-09-24 08:27:57,270][root][INFO] - starting train
[2025-09-24 08:27:57,270][root][INFO] - epoch: 0
[2025-09-24 08:28:45,393][root][INFO] - epoch: 1
[2025-09-24 08:29:33,856][root][INFO] - epoch: 2
[2025-09-24 08:30:22,006][root][INFO] - epoch: 3
[2025-09-24 08:31:10,393][root][INFO] - epoch: 4
[2025-09-24 08:31:58,647][root][INFO] - epoch: 5
[2025-09-24 08:32:46,751][root][INFO] - epoch: 6
[2025-09-24 08:33:35,427][root][INFO] - epoch: 7
[2025-09-24 08:34:23,926][root][INFO] - epoch: 8
[2025-09-24 08:35:12,516][root][INFO] - epoch: 9
[2025-09-24 08:36:00,929][root][INFO] - epoch: 10
[2025-09-24 08:36:49,619][root][INFO] - epoch: 11
[2025-09-24 08:37:37,935][root][INFO] - epoch: 12
[2025-09-24 08:38:26,001][root][INFO] - epoch: 13
[2025-09-24 08:39:14,603][root][INFO] - epoch: 14
[2025-09-24 08:40:02,727][root][INFO] - epoch: 15
[2025-09-24 08:40:50,990][root][INFO] - epoch: 16
[2025-09-24 08:41:39,345][root][INFO] - epoch: 17
[2025-09-24 08:42:27,752][root][INFO] - epoch: 18
[2025-09-24 08:43:15,896][root][INFO] - epoch: 19
[2025-09-24 08:44:04,586][root][INFO] - finished train
[2025-09-24 08:44:04,587][root][INFO] - starting eval
[2025-09-24 08:44:10,562][root][INFO] - finished eval
[2025-09-24 08:44:10,575][root][INFO] - starting train
[2025-09-24 08:44:10,575][root][INFO] - epoch: 0
[2025-09-24 08:44:58,594][root][INFO] - epoch: 1
[2025-09-24 08:45:47,153][root][INFO] - epoch: 2
[2025-09-24 08:46:35,289][root][INFO] - epoch: 3
[2025-09-24 08:47:23,934][root][INFO] - epoch: 4
[2025-09-24 08:48:12,472][root][INFO] - epoch: 5
[2025-09-24 08:49:00,944][root][INFO] - epoch: 6
[2025-09-24 08:49:49,483][root][INFO] - epoch: 7
[2025-09-24 08:50:38,114][root][INFO] - epoch: 8
[2025-09-24 08:51:26,676][root][INFO] - epoch: 9
[2025-09-24 08:52:14,926][root][INFO] - epoch: 10
[2025-09-24 08:53:03,102][root][INFO] - epoch: 11
[2025-09-24 08:53:51,643][root][INFO] - epoch: 12
[2025-09-24 08:54:40,208][root][INFO] - epoch: 13
[2025-09-24 08:55:28,838][root][INFO] - epoch: 14
[2025-09-24 08:56:17,467][root][INFO] - epoch: 15
[2025-09-24 08:57:06,143][root][INFO] - epoch: 16
[2025-09-24 08:57:54,784][root][INFO] - epoch: 17
[2025-09-24 08:58:42,819][root][INFO] - epoch: 18
[2025-09-24 08:59:31,174][root][INFO] - epoch: 19
[2025-09-24 09:00:19,611][root][INFO] - finished train
[2025-09-24 09:00:19,611][root][INFO] - starting eval
[2025-09-24 09:00:25,753][root][INFO] - finished eval
[2025-09-24 09:00:25,766][root][INFO] - starting train
[2025-09-24 09:00:25,767][root][INFO] - epoch: 0
[2025-09-24 09:01:14,240][root][INFO] - epoch: 1
[2025-09-24 09:02:02,383][root][INFO] - epoch: 2
[2025-09-24 09:02:50,917][root][INFO] - epoch: 3
[2025-09-24 09:03:39,203][root][INFO] - epoch: 4
[2025-09-24 09:04:27,283][root][INFO] - epoch: 5
[2025-09-24 09:05:15,480][root][INFO] - epoch: 6
[2025-09-24 09:06:03,996][root][INFO] - epoch: 7
[2025-09-24 09:06:52,075][root][INFO] - epoch: 8
[2025-09-24 09:07:40,220][root][INFO] - epoch: 9
[2025-09-24 09:08:28,928][root][INFO] - epoch: 10
[2025-09-24 09:09:17,354][root][INFO] - epoch: 11
[2025-09-24 09:10:05,652][root][INFO] - epoch: 12
[2025-09-24 09:10:53,875][root][INFO] - epoch: 13
[2025-09-24 09:11:42,262][root][INFO] - epoch: 14
[2025-09-24 09:12:30,917][root][INFO] - epoch: 15
[2025-09-24 09:13:19,111][root][INFO] - epoch: 16
[2025-09-24 09:14:07,341][root][INFO] - epoch: 17
[2025-09-24 09:14:56,011][root][INFO] - epoch: 18
[2025-09-24 09:15:44,703][root][INFO] - epoch: 19
[2025-09-24 09:16:33,323][root][INFO] - finished train
[2025-09-24 09:16:33,324][root][INFO] - starting eval
[2025-09-24 09:16:39,119][root][INFO] - finished eval
[2025-09-24 09:16:39,131][root][INFO] - starting train
[2025-09-24 09:16:39,131][root][INFO] - epoch: 0
[2025-09-24 09:17:27,578][root][INFO] - epoch: 1
[2025-09-24 09:18:16,077][root][INFO] - epoch: 2
[2025-09-24 09:19:04,587][root][INFO] - epoch: 3
[2025-09-24 09:19:53,322][root][INFO] - epoch: 4
[2025-09-24 09:20:41,643][root][INFO] - epoch: 5
[2025-09-24 09:21:30,251][root][INFO] - epoch: 6
[2025-09-24 09:22:18,733][root][INFO] - epoch: 7
[2025-09-24 09:23:07,038][root][INFO] - epoch: 8
[2025-09-24 09:23:55,678][root][INFO] - epoch: 9
[2025-09-24 09:24:44,088][root][INFO] - epoch: 10
[2025-09-24 09:25:32,652][root][INFO] - epoch: 11
[2025-09-24 09:26:21,096][root][INFO] - epoch: 12
[2025-09-24 09:27:09,309][root][INFO] - epoch: 13
[2025-09-24 09:27:57,406][root][INFO] - epoch: 14
[2025-09-24 09:28:45,798][root][INFO] - epoch: 15
[2025-09-24 09:29:34,060][root][INFO] - epoch: 16
[2025-09-24 09:30:22,162][root][INFO] - epoch: 17
[2025-09-24 09:31:10,363][root][INFO] - epoch: 18
[2025-09-24 09:31:58,916][root][INFO] - epoch: 19
[2025-09-24 09:32:47,305][root][INFO] - finished train
[2025-09-24 09:32:47,305][root][INFO] - starting eval
[2025-09-24 09:32:53,607][root][INFO] - finished eval
[2025-09-24 09:32:53,619][root][INFO] - starting train
[2025-09-24 09:32:53,619][root][INFO] - epoch: 0
[2025-09-24 09:33:42,107][root][INFO] - epoch: 1
[2025-09-24 09:34:30,606][root][INFO] - epoch: 2
[2025-09-24 09:35:19,006][root][INFO] - epoch: 3
[2025-09-24 09:36:07,138][root][INFO] - epoch: 4
[2025-09-24 09:36:55,643][root][INFO] - epoch: 5
[2025-09-24 09:37:44,222][root][INFO] - epoch: 6
[2025-09-24 09:38:32,834][root][INFO] - epoch: 7
[2025-09-24 09:39:21,293][root][INFO] - epoch: 8
[2025-09-24 09:40:09,895][root][INFO] - epoch: 9
[2025-09-24 09:40:58,444][root][INFO] - epoch: 10
[2025-09-24 09:41:47,276][root][INFO] - epoch: 11
[2025-09-24 09:42:36,217][root][INFO] - epoch: 12
[2025-09-24 09:43:25,219][root][INFO] - epoch: 13
[2025-09-24 09:44:13,778][root][INFO] - epoch: 14
[2025-09-24 09:45:02,192][root][INFO] - epoch: 15
[2025-09-24 09:45:50,505][root][INFO] - epoch: 16
[2025-09-24 09:46:38,833][root][INFO] - epoch: 17
[2025-09-24 09:47:27,211][root][INFO] - epoch: 18
[2025-09-24 09:48:15,785][root][INFO] - epoch: 19
[2025-09-24 09:49:04,219][root][INFO] - finished train
[2025-09-24 09:49:04,220][root][INFO] - starting eval
[2025-09-24 09:49:10,468][root][INFO] - finished eval
[2025-09-24 09:49:10,481][root][INFO] - starting train
[2025-09-24 09:49:10,481][root][INFO] - epoch: 0
[2025-09-24 09:49:59,256][root][INFO] - epoch: 1
[2025-09-24 09:50:47,527][root][INFO] - epoch: 2
[2025-09-24 09:51:36,041][root][INFO] - epoch: 3
[2025-09-24 09:52:24,556][root][INFO] - epoch: 4
[2025-09-24 09:53:13,088][root][INFO] - epoch: 5
[2025-09-24 09:54:01,883][root][INFO] - epoch: 6
[2025-09-24 09:54:50,518][root][INFO] - epoch: 7
[2025-09-24 09:55:38,835][root][INFO] - epoch: 8
[2025-09-24 09:56:27,660][root][INFO] - epoch: 9
[2025-09-24 09:57:16,528][root][INFO] - epoch: 10
[2025-09-24 09:58:05,171][root][INFO] - epoch: 11
[2025-09-24 09:58:53,896][root][INFO] - epoch: 12
[2025-09-24 09:59:42,511][root][INFO] - epoch: 13
[2025-09-24 10:00:30,868][root][INFO] - epoch: 14
[2025-09-24 10:01:19,505][root][INFO] - epoch: 15
[2025-09-24 10:02:08,085][root][INFO] - epoch: 16
[2025-09-24 10:02:56,481][root][INFO] - epoch: 17
[2025-09-24 10:03:44,837][root][INFO] - epoch: 18
[2025-09-24 10:04:33,636][root][INFO] - epoch: 19
[2025-09-24 10:05:22,518][root][INFO] - finished train
[2025-09-24 10:05:22,518][root][INFO] - starting eval
[2025-09-24 10:05:28,997][root][INFO] - finished eval
[2025-09-24 10:05:29,010][root][INFO] - starting train
[2025-09-24 10:05:29,010][root][INFO] - epoch: 0
[2025-09-24 10:06:17,493][root][INFO] - epoch: 1
[2025-09-24 10:07:05,812][root][INFO] - epoch: 2
[2025-09-24 10:07:54,473][root][INFO] - epoch: 3
[2025-09-24 10:08:42,761][root][INFO] - epoch: 4
[2025-09-24 10:09:31,774][root][INFO] - epoch: 5
[2025-09-24 10:10:20,753][root][INFO] - epoch: 6
[2025-09-24 10:11:09,392][root][INFO] - epoch: 7
[2025-09-24 10:11:57,836][root][INFO] - epoch: 8
[2025-09-24 10:12:46,682][root][INFO] - epoch: 9
[2025-09-24 10:13:35,158][root][INFO] - epoch: 10
[2025-09-24 10:14:23,765][root][INFO] - epoch: 11
[2025-09-24 10:15:12,112][root][INFO] - epoch: 12
[2025-09-24 10:16:00,775][root][INFO] - epoch: 13
[2025-09-24 10:16:49,645][root][INFO] - epoch: 14
[2025-09-24 10:17:38,348][root][INFO] - epoch: 15
[2025-09-24 10:18:27,272][root][INFO] - epoch: 16
[2025-09-24 10:19:16,008][root][INFO] - epoch: 17
[2025-09-24 10:20:04,468][root][INFO] - epoch: 18
[2025-09-24 10:20:53,154][root][INFO] - epoch: 19
[2025-09-24 10:21:41,706][root][INFO] - finished train
[2025-09-24 10:21:41,706][root][INFO] - starting eval
[2025-09-24 10:21:48,288][root][INFO] - finished eval
[2025-09-24 10:21:48,290][root][INFO] - Finished
[2025-09-24 10:21:48,290][root][INFO] -  lr: 0.002031104800567423
[2025-09-24 10:21:48,290][root][INFO] -  weight_decay: 0.009015295147444246
