[2025-08-02 03:30:31,039][root][INFO] - ORIGINAL CWD : /home/sota/research/sotaohnuma/coffee
[2025-08-02 03:30:31,039][root][INFO] - RUN CWD      : /home/sota/research/sotaohnuma/coffee/outputs/bean_224/deit_b/base/2025-08-02_03-30-30
[2025-08-02 03:30:31,039][root][INFO] - batch: 92, 
 {'batch_size': 92, '_target_': 'models.deit_b.deit_b'}
[2025-08-02 03:30:31,040][root][INFO] - Start loading train data
[2025-08-02 03:30:31,250][root][INFO] - Start loading val data
[2025-08-02 03:30:31,276][root][INFO] - Start loading test data
[2025-08-02 03:30:31,301][root][INFO] - Finished DataLoader setup
[2025-08-02 03:30:31,302][root][INFO] - Starting Optimize
[2025-08-02 03:30:34,765][root][INFO] - starting train
[2025-08-02 03:30:34,766][root][INFO] - epoch: 0
[2025-08-02 03:51:30,552][root][INFO] - epoch: 1
[2025-08-02 04:12:26,319][root][INFO] - epoch: 2
[2025-08-02 04:33:25,218][root][INFO] - epoch: 3
[2025-08-02 04:54:22,329][root][INFO] - epoch: 4
[2025-08-02 05:15:19,656][root][INFO] - epoch: 5
[2025-08-02 05:36:16,469][root][INFO] - epoch: 6
[2025-08-02 05:57:13,366][root][INFO] - epoch: 7
[2025-08-02 06:18:10,428][root][INFO] - epoch: 8
[2025-08-02 06:39:08,797][root][INFO] - epoch: 9
[2025-08-02 07:00:06,448][root][INFO] - epoch: 10
[2025-08-02 07:21:03,921][root][INFO] - epoch: 11
[2025-08-02 07:42:02,243][root][INFO] - epoch: 12
[2025-08-02 08:02:58,174][root][INFO] - epoch: 13
[2025-08-02 08:23:54,955][root][INFO] - epoch: 14
[2025-08-02 08:44:51,087][root][INFO] - epoch: 15
[2025-08-02 09:05:46,499][root][INFO] - epoch: 16
[2025-08-02 09:26:42,064][root][INFO] - epoch: 17
[2025-08-02 09:47:38,374][root][INFO] - epoch: 18
[2025-08-02 10:08:35,322][root][INFO] - epoch: 19
[2025-08-02 10:29:31,728][root][INFO] - finished train
[2025-08-02 10:29:31,728][root][INFO] - starting eval
[2025-08-02 10:30:41,604][root][INFO] - finished eval
[2025-08-02 10:30:43,855][root][INFO] - starting train
[2025-08-02 10:30:43,855][root][INFO] - epoch: 0
[2025-08-02 10:51:41,953][root][INFO] - epoch: 1
[2025-08-02 11:12:37,534][root][INFO] - epoch: 2
[2025-08-02 11:33:33,949][root][INFO] - epoch: 3
[2025-08-02 11:54:27,650][root][INFO] - epoch: 4
[2025-08-02 12:15:22,509][root][INFO] - epoch: 5
[2025-08-02 12:36:17,504][root][INFO] - epoch: 6
[2025-08-02 12:57:11,631][root][INFO] - epoch: 7
[2025-08-02 13:18:06,421][root][INFO] - epoch: 8
[2025-08-02 13:39:02,381][root][INFO] - epoch: 9
[2025-08-02 13:59:57,994][root][INFO] - epoch: 10
[2025-08-02 14:20:51,936][root][INFO] - epoch: 11
[2025-08-02 14:41:47,136][root][INFO] - epoch: 12
[2025-08-02 15:02:41,129][root][INFO] - epoch: 13
[2025-08-02 15:23:35,677][root][INFO] - epoch: 14
[2025-08-02 15:44:30,089][root][INFO] - epoch: 15
[2025-08-02 16:05:24,900][root][INFO] - epoch: 16
[2025-08-02 16:26:21,334][root][INFO] - epoch: 17
[2025-08-02 16:47:16,823][root][INFO] - epoch: 18
[2025-08-02 17:08:11,826][root][INFO] - epoch: 19
[2025-08-02 17:29:07,442][root][INFO] - finished train
[2025-08-02 17:29:07,443][root][INFO] - starting eval
[2025-08-02 17:30:17,373][root][INFO] - finished eval
[2025-08-02 17:30:19,874][root][INFO] - starting train
[2025-08-02 17:30:19,875][root][INFO] - epoch: 0
[2025-08-02 17:51:17,371][root][INFO] - epoch: 1
[2025-08-02 18:12:15,524][root][INFO] - epoch: 2
[2025-08-02 18:33:12,677][root][INFO] - epoch: 3
[2025-08-02 18:54:09,399][root][INFO] - epoch: 4
[2025-08-02 19:15:06,689][root][INFO] - epoch: 5
[2025-08-02 19:36:03,649][root][INFO] - epoch: 6
[2025-08-02 19:56:59,386][root][INFO] - epoch: 7
[2025-08-02 20:17:57,399][root][INFO] - epoch: 8
[2025-08-02 20:38:53,223][root][INFO] - epoch: 9
[2025-08-02 20:59:50,372][root][INFO] - epoch: 10
[2025-08-02 21:20:47,732][root][INFO] - epoch: 11
[2025-08-02 21:41:44,608][root][INFO] - epoch: 12
[2025-08-02 22:02:42,447][root][INFO] - epoch: 13
[2025-08-02 22:23:40,202][root][INFO] - epoch: 14
[2025-08-02 22:44:37,051][root][INFO] - epoch: 15
[2025-08-02 23:05:34,910][root][INFO] - epoch: 16
[2025-08-02 23:26:31,811][root][INFO] - epoch: 17
[2025-08-02 23:47:28,400][root][INFO] - epoch: 18
[2025-08-03 00:08:25,387][root][INFO] - epoch: 19
[2025-08-03 00:29:23,494][root][INFO] - finished train
[2025-08-03 00:29:23,495][root][INFO] - starting eval
[2025-08-03 00:30:33,357][root][INFO] - finished eval
[2025-08-03 00:30:35,897][root][INFO] - starting train
[2025-08-03 00:30:35,897][root][INFO] - epoch: 0
[2025-08-03 00:51:33,518][root][INFO] - epoch: 1
[2025-08-03 01:12:31,954][root][INFO] - epoch: 2
[2025-08-03 01:33:28,480][root][INFO] - epoch: 3
[2025-08-03 01:54:24,640][root][INFO] - epoch: 4
[2025-08-03 02:15:21,721][root][INFO] - epoch: 5
[2025-08-03 02:36:19,486][root][INFO] - epoch: 6
[2025-08-03 02:57:16,765][root][INFO] - epoch: 7
[2025-08-03 03:18:14,849][root][INFO] - epoch: 8
[2025-08-03 03:39:11,744][root][INFO] - epoch: 9
[2025-08-03 04:00:08,156][root][INFO] - epoch: 10
[2025-08-03 04:21:06,087][root][INFO] - epoch: 11
[2025-08-03 04:42:03,384][root][INFO] - epoch: 12
[2025-08-03 05:03:00,782][root][INFO] - epoch: 13
[2025-08-03 05:23:57,012][root][INFO] - epoch: 14
[2025-08-03 05:44:55,100][root][INFO] - epoch: 15
[2025-08-03 06:05:53,543][root][INFO] - epoch: 16
[2025-08-03 06:26:49,739][root][INFO] - epoch: 17
[2025-08-03 06:47:45,978][root][INFO] - epoch: 18
[2025-08-03 07:08:43,247][root][INFO] - epoch: 19
[2025-08-03 07:29:41,045][root][INFO] - finished train
[2025-08-03 07:29:41,045][root][INFO] - starting eval
[2025-08-03 07:30:50,836][root][INFO] - finished eval
[2025-08-03 07:30:53,220][root][INFO] - starting train
[2025-08-03 07:30:53,220][root][INFO] - epoch: 0
[2025-08-03 07:51:50,720][root][INFO] - epoch: 1
[2025-08-03 08:12:46,989][root][INFO] - epoch: 2
[2025-08-03 08:33:44,720][root][INFO] - epoch: 3
[2025-08-03 08:54:43,014][root][INFO] - epoch: 4
[2025-08-03 09:15:40,160][root][INFO] - epoch: 5
[2025-08-03 09:36:37,826][root][INFO] - epoch: 6
[2025-08-03 09:57:36,437][root][INFO] - epoch: 7
[2025-08-03 10:18:34,893][root][INFO] - epoch: 8
[2025-08-03 10:39:30,910][root][INFO] - epoch: 9
[2025-08-03 11:00:27,738][root][INFO] - epoch: 10
[2025-08-03 11:21:26,872][root][INFO] - epoch: 11
[2025-08-03 11:42:23,942][root][INFO] - epoch: 12
[2025-08-03 12:03:23,342][root][INFO] - epoch: 13
[2025-08-03 12:24:20,895][root][INFO] - epoch: 14
[2025-08-03 12:45:17,747][root][INFO] - epoch: 15
[2025-08-03 13:06:14,632][root][INFO] - epoch: 16
[2025-08-03 13:27:12,011][root][INFO] - epoch: 17
[2025-08-03 13:48:11,832][root][INFO] - epoch: 18
[2025-08-03 14:09:08,559][root][INFO] - epoch: 19
[2025-08-03 14:30:05,962][root][INFO] - finished train
[2025-08-03 14:30:05,962][root][INFO] - starting eval
[2025-08-03 14:31:15,792][root][INFO] - finished eval
[2025-08-03 14:31:18,097][root][INFO] - starting train
[2025-08-03 14:31:18,098][root][INFO] - epoch: 0
[2025-08-03 14:52:15,403][root][INFO] - epoch: 1
[2025-08-03 15:13:12,441][root][INFO] - epoch: 2
[2025-08-03 15:34:08,843][root][INFO] - epoch: 3
[2025-08-03 15:55:05,230][root][INFO] - epoch: 4
[2025-08-03 16:16:02,490][root][INFO] - epoch: 5
[2025-08-03 16:36:58,340][root][INFO] - epoch: 6
[2025-08-03 16:57:56,790][root][INFO] - epoch: 7
[2025-08-03 17:18:53,166][root][INFO] - epoch: 8
[2025-08-03 17:39:50,569][root][INFO] - epoch: 9
[2025-08-03 18:00:49,569][root][INFO] - epoch: 10
[2025-08-03 18:21:46,621][root][INFO] - epoch: 11
[2025-08-03 18:42:43,548][root][INFO] - epoch: 12
[2025-08-03 19:03:40,023][root][INFO] - epoch: 13
[2025-08-03 19:24:36,711][root][INFO] - epoch: 14
[2025-08-03 19:45:33,170][root][INFO] - epoch: 15
[2025-08-03 20:06:29,268][root][INFO] - epoch: 16
[2025-08-03 20:27:26,753][root][INFO] - epoch: 17
[2025-08-03 20:48:23,479][root][INFO] - epoch: 18
[2025-08-03 21:09:21,576][root][INFO] - epoch: 19
[2025-08-03 21:30:17,801][root][INFO] - finished train
[2025-08-03 21:30:17,801][root][INFO] - starting eval
[2025-08-03 21:31:27,744][root][INFO] - finished eval
[2025-08-03 21:31:29,971][root][INFO] - starting train
[2025-08-03 21:31:29,971][root][INFO] - epoch: 0
[2025-08-03 21:52:26,934][root][INFO] - epoch: 1
[2025-08-03 22:13:23,752][root][INFO] - epoch: 2
[2025-08-03 22:34:18,670][root][INFO] - epoch: 3
[2025-08-03 22:55:13,628][root][INFO] - epoch: 4
[2025-08-03 23:16:10,343][root][INFO] - epoch: 5
[2025-08-03 23:37:04,716][root][INFO] - epoch: 6
[2025-08-03 23:57:58,973][root][INFO] - epoch: 7
[2025-08-04 00:18:55,064][root][INFO] - epoch: 8
[2025-08-04 00:39:49,921][root][INFO] - epoch: 9
[2025-08-04 01:00:45,948][root][INFO] - epoch: 10
[2025-08-04 01:21:41,955][root][INFO] - epoch: 11
[2025-08-04 01:42:37,008][root][INFO] - epoch: 12
[2025-08-04 02:03:30,871][root][INFO] - epoch: 13
[2025-08-04 02:24:24,765][root][INFO] - epoch: 14
[2025-08-04 02:45:18,375][root][INFO] - epoch: 15
[2025-08-04 03:06:13,123][root][INFO] - epoch: 16
[2025-08-04 03:27:06,386][root][INFO] - epoch: 17
[2025-08-04 03:48:00,434][root][INFO] - epoch: 18
[2025-08-04 04:08:54,826][root][INFO] - epoch: 19
[2025-08-04 04:29:49,150][root][INFO] - finished train
[2025-08-04 04:29:49,150][root][INFO] - starting eval
[2025-08-04 04:30:59,022][root][INFO] - finished eval
[2025-08-04 04:31:01,161][root][INFO] - starting train
[2025-08-04 04:31:01,162][root][INFO] - epoch: 0
[2025-08-04 04:51:59,850][root][INFO] - epoch: 1
[2025-08-04 05:12:58,141][root][INFO] - epoch: 2
[2025-08-04 05:33:53,671][root][INFO] - epoch: 3
[2025-08-04 05:54:50,422][root][INFO] - epoch: 4
[2025-08-04 06:15:47,616][root][INFO] - epoch: 5
[2025-08-04 06:36:45,668][root][INFO] - epoch: 6
[2025-08-04 06:57:42,136][root][INFO] - epoch: 7
[2025-08-04 07:18:40,112][root][INFO] - epoch: 8
[2025-08-04 07:39:38,510][root][INFO] - epoch: 9
[2025-08-04 08:00:35,663][root][INFO] - epoch: 10
[2025-08-04 08:21:33,010][root][INFO] - epoch: 11
[2025-08-04 08:42:30,838][root][INFO] - epoch: 12
[2025-08-04 09:03:27,782][root][INFO] - epoch: 13
[2025-08-04 09:24:25,408][root][INFO] - epoch: 14
[2025-08-04 09:45:21,964][root][INFO] - epoch: 15
[2025-08-04 10:06:18,846][root][INFO] - epoch: 16
[2025-08-04 10:27:16,014][root][INFO] - epoch: 17
[2025-08-04 10:48:16,073][root][INFO] - epoch: 18
[2025-08-04 11:09:12,616][root][INFO] - epoch: 19
[2025-08-04 11:30:09,339][root][INFO] - finished train
[2025-08-04 11:30:09,339][root][INFO] - starting eval
[2025-08-04 11:31:19,260][root][INFO] - finished eval
[2025-08-04 11:31:21,666][root][INFO] - starting train
[2025-08-04 11:31:21,666][root][INFO] - epoch: 0
[2025-08-04 11:52:17,091][root][INFO] - epoch: 1
[2025-08-04 12:13:14,424][root][INFO] - epoch: 2
[2025-08-04 12:34:09,125][root][INFO] - epoch: 3
[2025-08-04 12:55:01,797][root][INFO] - epoch: 4
[2025-08-04 13:15:55,583][root][INFO] - epoch: 5
[2025-08-04 13:36:50,401][root][INFO] - epoch: 6
[2025-08-04 13:57:45,275][root][INFO] - epoch: 7
[2025-08-04 14:18:40,113][root][INFO] - epoch: 8
[2025-08-04 14:39:36,578][root][INFO] - epoch: 9
[2025-08-04 15:00:31,100][root][INFO] - epoch: 10
[2025-08-04 15:21:27,503][root][INFO] - epoch: 11
[2025-08-04 15:42:22,241][root][INFO] - epoch: 12
[2025-08-04 16:03:19,097][root][INFO] - epoch: 13
[2025-08-04 16:24:14,728][root][INFO] - epoch: 14
[2025-08-04 16:45:11,152][root][INFO] - epoch: 15
[2025-08-04 17:06:07,184][root][INFO] - epoch: 16
[2025-08-04 17:27:00,709][root][INFO] - epoch: 17
[2025-08-04 17:47:57,478][root][INFO] - epoch: 18
[2025-08-04 18:08:52,482][root][INFO] - epoch: 19
[2025-08-04 18:29:47,235][root][INFO] - finished train
[2025-08-04 18:29:47,235][root][INFO] - starting eval
[2025-08-04 18:30:57,119][root][INFO] - finished eval
[2025-08-04 18:30:59,291][root][INFO] - starting train
[2025-08-04 18:30:59,292][root][INFO] - epoch: 0
[2025-08-04 18:51:56,842][root][INFO] - epoch: 1
[2025-08-04 19:12:56,425][root][INFO] - epoch: 2
[2025-08-04 19:33:55,292][root][INFO] - epoch: 3
[2025-08-04 19:54:53,658][root][INFO] - epoch: 4
[2025-08-04 20:15:51,127][root][INFO] - epoch: 5
[2025-08-04 20:36:48,630][root][INFO] - epoch: 6
[2025-08-04 20:57:47,839][root][INFO] - epoch: 7
[2025-08-04 21:18:46,604][root][INFO] - epoch: 8
[2025-08-04 21:39:43,327][root][INFO] - epoch: 9
[2025-08-04 22:00:39,970][root][INFO] - epoch: 10
[2025-08-04 22:21:36,853][root][INFO] - epoch: 11
[2025-08-04 22:42:35,291][root][INFO] - epoch: 12
[2025-08-04 23:03:33,493][root][INFO] - epoch: 13
[2025-08-04 23:24:31,836][root][INFO] - epoch: 14
[2025-08-04 23:45:29,585][root][INFO] - epoch: 15
[2025-08-05 00:06:26,447][root][INFO] - epoch: 16
[2025-08-05 00:27:23,674][root][INFO] - epoch: 17
[2025-08-05 00:48:20,579][root][INFO] - epoch: 18
[2025-08-05 01:09:15,938][root][INFO] - epoch: 19
[2025-08-05 01:30:13,515][root][INFO] - finished train
[2025-08-05 01:30:13,515][root][INFO] - starting eval
[2025-08-05 01:31:23,328][root][INFO] - finished eval
[2025-08-05 01:31:25,518][root][INFO] - starting train
[2025-08-05 01:31:25,518][root][INFO] - epoch: 0
[2025-08-05 01:52:23,738][root][INFO] - epoch: 1
[2025-08-05 02:13:21,191][root][INFO] - epoch: 2
[2025-08-05 02:34:17,416][root][INFO] - epoch: 3
[2025-08-05 02:55:13,552][root][INFO] - epoch: 4
[2025-08-05 03:16:09,821][root][INFO] - epoch: 5
[2025-08-05 03:37:06,500][root][INFO] - epoch: 6
[2025-08-05 03:58:03,405][root][INFO] - epoch: 7
[2025-08-05 04:18:59,745][root][INFO] - epoch: 8
[2025-08-05 04:39:57,617][root][INFO] - epoch: 9
[2025-08-05 05:00:53,363][root][INFO] - epoch: 10
[2025-08-05 05:21:50,025][root][INFO] - epoch: 11
[2025-08-05 05:42:45,424][root][INFO] - epoch: 12
[2025-08-05 06:03:43,297][root][INFO] - epoch: 13
[2025-08-05 06:24:38,852][root][INFO] - epoch: 14
[2025-08-05 06:45:35,252][root][INFO] - epoch: 15
[2025-08-05 07:06:30,404][root][INFO] - epoch: 16
[2025-08-05 07:27:27,939][root][INFO] - epoch: 17
[2025-08-05 07:48:26,001][root][INFO] - epoch: 18
[2025-08-05 08:09:23,276][root][INFO] - epoch: 19
[2025-08-05 08:30:19,521][root][INFO] - finished train
[2025-08-05 08:30:19,521][root][INFO] - starting eval
[2025-08-05 08:31:29,333][root][INFO] - finished eval
[2025-08-05 08:31:31,707][root][INFO] - starting train
[2025-08-05 08:31:31,708][root][INFO] - epoch: 0
[2025-08-05 08:52:29,013][root][INFO] - epoch: 1
[2025-08-05 09:13:27,086][root][INFO] - epoch: 2
[2025-08-05 09:34:23,525][root][INFO] - epoch: 3
[2025-08-05 09:55:22,317][root][INFO] - epoch: 4
[2025-08-05 10:16:20,059][root][INFO] - epoch: 5
[2025-08-05 10:37:17,145][root][INFO] - epoch: 6
[2025-08-05 10:58:13,296][root][INFO] - epoch: 7
[2025-08-05 11:19:10,338][root][INFO] - epoch: 8
[2025-08-05 11:40:08,471][root][INFO] - epoch: 9
[2025-08-05 12:01:05,526][root][INFO] - epoch: 10
[2025-08-05 12:22:02,981][root][INFO] - epoch: 11
[2025-08-05 12:42:59,275][root][INFO] - epoch: 12
[2025-08-05 13:03:55,897][root][INFO] - epoch: 13
[2025-08-05 13:24:52,370][root][INFO] - epoch: 14
[2025-08-05 13:45:49,286][root][INFO] - epoch: 15
[2025-08-05 14:06:45,942][root][INFO] - epoch: 16
[2025-08-05 14:27:45,121][root][INFO] - epoch: 17
[2025-08-05 14:48:43,389][root][INFO] - epoch: 18
[2025-08-05 15:09:41,960][root][INFO] - epoch: 19
[2025-08-05 15:30:38,481][root][INFO] - finished train
[2025-08-05 15:30:38,481][root][INFO] - starting eval
[2025-08-05 15:31:48,334][root][INFO] - finished eval
[2025-08-05 15:31:50,431][root][INFO] - starting train
[2025-08-05 15:31:50,431][root][INFO] - epoch: 0
[2025-08-05 15:52:48,859][root][INFO] - epoch: 1
[2025-08-05 16:13:45,437][root][INFO] - epoch: 2
[2025-08-05 16:34:41,457][root][INFO] - epoch: 3
[2025-08-05 16:55:39,505][root][INFO] - epoch: 4
[2025-08-05 17:16:36,232][root][INFO] - epoch: 5
[2025-08-05 17:37:33,476][root][INFO] - epoch: 6
[2025-08-05 17:58:33,424][root][INFO] - epoch: 7
[2025-08-05 18:19:30,881][root][INFO] - epoch: 8
[2025-08-05 18:40:28,626][root][INFO] - epoch: 9
[2025-08-05 19:01:23,362][root][INFO] - epoch: 10
[2025-08-05 19:22:19,762][root][INFO] - epoch: 11
[2025-08-05 19:43:18,175][root][INFO] - epoch: 12
[2025-08-05 20:04:16,881][root][INFO] - epoch: 13
[2025-08-05 20:25:13,648][root][INFO] - epoch: 14
[2025-08-05 20:46:10,937][root][INFO] - epoch: 15
[2025-08-05 21:07:07,176][root][INFO] - epoch: 16
[2025-08-05 21:28:04,477][root][INFO] - epoch: 17
[2025-08-05 21:49:03,980][root][INFO] - epoch: 18
[2025-08-05 22:10:02,567][root][INFO] - epoch: 19
[2025-08-05 22:31:00,975][root][INFO] - finished train
[2025-08-05 22:31:00,975][root][INFO] - starting eval
[2025-08-05 22:32:10,718][root][INFO] - finished eval
[2025-08-05 22:32:12,682][root][INFO] - starting train
[2025-08-05 22:32:12,683][root][INFO] - epoch: 0
[2025-08-05 22:53:09,386][root][INFO] - epoch: 1
[2025-08-05 23:14:08,736][root][INFO] - epoch: 2
[2025-08-05 23:35:07,206][root][INFO] - epoch: 3
[2025-08-05 23:56:03,973][root][INFO] - epoch: 4
[2025-08-06 00:16:58,754][root][INFO] - epoch: 5
[2025-08-06 00:37:55,286][root][INFO] - epoch: 6
[2025-08-06 00:58:52,380][root][INFO] - epoch: 7
[2025-08-06 01:19:49,401][root][INFO] - epoch: 8
[2025-08-06 01:40:47,528][root][INFO] - epoch: 9
[2025-08-06 02:01:43,194][root][INFO] - epoch: 10
[2025-08-06 02:22:39,665][root][INFO] - epoch: 11
[2025-08-06 02:43:37,842][root][INFO] - epoch: 12
[2025-08-06 03:04:35,357][root][INFO] - epoch: 13
[2025-08-06 03:25:31,588][root][INFO] - epoch: 14
[2025-08-06 03:46:28,918][root][INFO] - epoch: 15
[2025-08-06 04:07:28,090][root][INFO] - epoch: 16
[2025-08-06 04:28:26,730][root][INFO] - epoch: 17
[2025-08-06 04:49:23,852][root][INFO] - epoch: 18
[2025-08-06 05:10:21,512][root][INFO] - epoch: 19
[2025-08-06 05:31:18,292][root][INFO] - finished train
[2025-08-06 05:31:18,293][root][INFO] - starting eval
[2025-08-06 05:32:28,229][root][INFO] - finished eval
[2025-08-06 05:32:30,280][root][INFO] - starting train
[2025-08-06 05:32:30,281][root][INFO] - epoch: 0
[2025-08-06 05:53:27,600][root][INFO] - epoch: 1
[2025-08-06 06:14:26,008][root][INFO] - epoch: 2
[2025-08-06 06:35:22,981][root][INFO] - epoch: 3
[2025-08-06 06:56:18,487][root][INFO] - epoch: 4
[2025-08-06 07:17:11,952][root][INFO] - epoch: 5
[2025-08-06 07:38:07,608][root][INFO] - epoch: 6
[2025-08-06 07:59:06,125][root][INFO] - epoch: 7
[2025-08-06 08:20:02,311][root][INFO] - epoch: 8
[2025-08-06 08:41:00,040][root][INFO] - epoch: 9
[2025-08-06 09:01:57,126][root][INFO] - epoch: 10
[2025-08-06 09:22:54,913][root][INFO] - epoch: 11
[2025-08-06 09:43:52,160][root][INFO] - epoch: 12
[2025-08-06 10:04:50,168][root][INFO] - epoch: 13
[2025-08-06 10:25:46,991][root][INFO] - epoch: 14
[2025-08-06 10:46:44,680][root][INFO] - epoch: 15
[2025-08-06 11:07:40,959][root][INFO] - epoch: 16
[2025-08-06 11:28:38,133][root][INFO] - epoch: 17
[2025-08-06 11:49:36,578][root][INFO] - epoch: 18
[2025-08-06 12:10:33,302][root][INFO] - epoch: 19
[2025-08-06 12:31:32,044][root][INFO] - finished train
[2025-08-06 12:31:32,045][root][INFO] - starting eval
[2025-08-06 12:32:41,746][root][INFO] - finished eval
[2025-08-06 12:32:43,712][root][INFO] - starting train
[2025-08-06 12:32:43,713][root][INFO] - epoch: 0
[2025-08-06 12:53:41,225][root][INFO] - epoch: 1
[2025-08-06 13:14:37,779][root][INFO] - epoch: 2
[2025-08-06 13:35:34,064][root][INFO] - epoch: 3
[2025-08-06 13:56:29,342][root][INFO] - epoch: 4
[2025-08-06 14:17:27,211][root][INFO] - epoch: 5
[2025-08-06 14:38:22,788][root][INFO] - epoch: 6
[2025-08-06 14:59:19,099][root][INFO] - epoch: 7
[2025-08-06 15:20:14,495][root][INFO] - epoch: 8
[2025-08-06 15:41:10,725][root][INFO] - epoch: 9
[2025-08-06 16:02:08,597][root][INFO] - epoch: 10
[2025-08-06 16:23:04,929][root][INFO] - epoch: 11
[2025-08-06 16:44:01,819][root][INFO] - epoch: 12
[2025-08-06 17:04:57,754][root][INFO] - epoch: 13
[2025-08-06 17:25:53,431][root][INFO] - epoch: 14
[2025-08-06 17:46:48,645][root][INFO] - epoch: 15
[2025-08-06 18:07:46,484][root][INFO] - epoch: 16
[2025-08-06 18:28:42,365][root][INFO] - epoch: 17
[2025-08-06 18:49:39,933][root][INFO] - epoch: 18
[2025-08-06 19:10:37,367][root][INFO] - epoch: 19
[2025-08-06 19:31:34,298][root][INFO] - finished train
[2025-08-06 19:31:34,298][root][INFO] - starting eval
[2025-08-06 19:32:44,049][root][INFO] - finished eval
[2025-08-06 19:32:46,282][root][INFO] - starting train
[2025-08-06 19:32:46,282][root][INFO] - epoch: 0
[2025-08-06 19:53:43,192][root][INFO] - epoch: 1
[2025-08-06 20:14:39,864][root][INFO] - epoch: 2
[2025-08-06 20:35:36,790][root][INFO] - epoch: 3
[2025-08-06 20:56:34,693][root][INFO] - epoch: 4
[2025-08-06 21:17:31,340][root][INFO] - epoch: 5
[2025-08-06 21:38:27,622][root][INFO] - epoch: 6
[2025-08-06 21:59:23,207][root][INFO] - epoch: 7
[2025-08-06 22:20:18,565][root][INFO] - epoch: 8
[2025-08-06 22:41:14,226][root][INFO] - epoch: 9
[2025-08-06 23:02:12,285][root][INFO] - epoch: 10
[2025-08-06 23:23:09,069][root][INFO] - epoch: 11
[2025-08-06 23:44:04,396][root][INFO] - epoch: 12
[2025-08-07 00:05:01,530][root][INFO] - epoch: 13
[2025-08-07 00:25:59,680][root][INFO] - epoch: 14
[2025-08-07 00:46:55,937][root][INFO] - epoch: 15
[2025-08-07 01:07:53,113][root][INFO] - epoch: 16
[2025-08-07 01:28:50,290][root][INFO] - epoch: 17
[2025-08-07 01:49:47,559][root][INFO] - epoch: 18
[2025-08-07 02:10:42,876][root][INFO] - epoch: 19
[2025-08-07 02:31:40,374][root][INFO] - finished train
[2025-08-07 02:31:40,375][root][INFO] - starting eval
[2025-08-07 02:32:50,134][root][INFO] - finished eval
[2025-08-07 02:32:52,084][root][INFO] - starting train
[2025-08-07 02:32:52,084][root][INFO] - epoch: 0
[2025-08-07 02:53:50,062][root][INFO] - epoch: 1
[2025-08-07 03:14:46,626][root][INFO] - epoch: 2
[2025-08-07 03:35:44,167][root][INFO] - epoch: 3
[2025-08-07 03:56:41,706][root][INFO] - epoch: 4
[2025-08-07 04:17:38,186][root][INFO] - epoch: 5
[2025-08-07 04:38:35,587][root][INFO] - epoch: 6
[2025-08-07 04:59:33,133][root][INFO] - epoch: 7
[2025-08-07 05:20:30,035][root][INFO] - epoch: 8
[2025-08-07 05:41:28,442][root][INFO] - epoch: 9
[2025-08-07 06:02:24,787][root][INFO] - epoch: 10
[2025-08-07 06:23:21,213][root][INFO] - epoch: 11
[2025-08-07 06:44:18,504][root][INFO] - epoch: 12
[2025-08-07 07:05:15,134][root][INFO] - epoch: 13
[2025-08-07 07:26:12,795][root][INFO] - epoch: 14
[2025-08-07 07:47:11,772][root][INFO] - epoch: 15
[2025-08-07 08:08:09,892][root][INFO] - epoch: 16
[2025-08-07 08:29:06,963][root][INFO] - epoch: 17
[2025-08-07 08:50:03,016][root][INFO] - epoch: 18
[2025-08-07 09:11:01,250][root][INFO] - epoch: 19
[2025-08-07 09:31:59,273][root][INFO] - finished train
[2025-08-07 09:31:59,273][root][INFO] - starting eval
[2025-08-07 09:33:09,087][root][INFO] - finished eval
[2025-08-07 09:33:11,152][root][INFO] - starting train
[2025-08-07 09:33:11,152][root][INFO] - epoch: 0
[2025-08-07 09:54:09,307][root][INFO] - epoch: 1
[2025-08-07 10:15:07,316][root][INFO] - epoch: 2
[2025-08-07 10:36:05,101][root][INFO] - epoch: 3
[2025-08-07 10:57:03,144][root][INFO] - epoch: 4
[2025-08-07 11:18:00,773][root][INFO] - epoch: 5
[2025-08-07 11:38:57,733][root][INFO] - epoch: 6
[2025-08-07 11:59:55,251][root][INFO] - epoch: 7
[2025-08-07 12:20:53,386][root][INFO] - epoch: 8
[2025-08-07 12:41:53,242][root][INFO] - epoch: 9
[2025-08-07 13:02:49,660][root][INFO] - epoch: 10
[2025-08-07 13:23:49,251][root][INFO] - epoch: 11
[2025-08-07 13:44:47,069][root][INFO] - epoch: 12
[2025-08-07 14:05:43,925][root][INFO] - epoch: 13
[2025-08-07 14:26:42,626][root][INFO] - epoch: 14
[2025-08-07 14:47:39,916][root][INFO] - epoch: 15
[2025-08-07 15:08:37,698][root][INFO] - epoch: 16
[2025-08-07 15:29:35,457][root][INFO] - epoch: 17
[2025-08-07 15:50:31,926][root][INFO] - epoch: 18
[2025-08-07 16:11:28,077][root][INFO] - epoch: 19
[2025-08-07 16:32:24,884][root][INFO] - finished train
[2025-08-07 16:32:24,885][root][INFO] - starting eval
[2025-08-07 16:33:34,646][root][INFO] - finished eval
[2025-08-07 16:33:36,722][root][INFO] - starting train
[2025-08-07 16:33:36,723][root][INFO] - epoch: 0
[2025-08-07 16:54:34,944][root][INFO] - epoch: 1
[2025-08-07 17:15:34,442][root][INFO] - epoch: 2
[2025-08-07 17:36:31,364][root][INFO] - epoch: 3
[2025-08-07 17:57:27,758][root][INFO] - epoch: 4
[2025-08-07 18:18:23,575][root][INFO] - epoch: 5
[2025-08-07 18:39:20,973][root][INFO] - epoch: 6
[2025-08-07 19:00:19,006][root][INFO] - epoch: 7
[2025-08-07 19:21:17,175][root][INFO] - epoch: 8
[2025-08-07 19:42:15,658][root][INFO] - epoch: 9
[2025-08-07 20:03:13,550][root][INFO] - epoch: 10
[2025-08-07 20:24:10,319][root][INFO] - epoch: 11
[2025-08-07 20:45:08,323][root][INFO] - epoch: 12
[2025-08-07 21:06:05,210][root][INFO] - epoch: 13
[2025-08-07 21:27:01,856][root][INFO] - epoch: 14
[2025-08-07 21:47:59,561][root][INFO] - epoch: 15
[2025-08-07 22:08:57,859][root][INFO] - epoch: 16
[2025-08-07 22:29:54,498][root][INFO] - epoch: 17
[2025-08-07 22:50:51,207][root][INFO] - epoch: 18
[2025-08-07 23:11:48,205][root][INFO] - epoch: 19
[2025-08-07 23:32:45,152][root][INFO] - finished train
[2025-08-07 23:32:45,152][root][INFO] - starting eval
[2025-08-07 23:33:54,905][root][INFO] - finished eval
[2025-08-07 23:33:57,315][root][INFO] - starting train
[2025-08-07 23:33:57,315][root][INFO] - epoch: 0
[2025-08-07 23:54:55,738][root][INFO] - epoch: 1
[2025-08-08 00:15:53,702][root][INFO] - epoch: 2
[2025-08-08 00:36:49,978][root][INFO] - epoch: 3
[2025-08-08 00:57:47,712][root][INFO] - epoch: 4
[2025-08-08 01:18:45,055][root][INFO] - epoch: 5
[2025-08-08 01:39:41,018][root][INFO] - epoch: 6
[2025-08-08 02:00:35,994][root][INFO] - epoch: 7
[2025-08-08 02:21:31,366][root][INFO] - epoch: 8
[2025-08-08 02:42:26,702][root][INFO] - epoch: 9
[2025-08-08 03:03:23,102][root][INFO] - epoch: 10
[2025-08-08 03:24:18,777][root][INFO] - epoch: 11
[2025-08-08 03:45:15,890][root][INFO] - epoch: 12
[2025-08-08 04:06:12,435][root][INFO] - epoch: 13
[2025-08-08 04:27:11,159][root][INFO] - epoch: 14
[2025-08-08 04:48:07,775][root][INFO] - epoch: 15
[2025-08-08 05:09:04,589][root][INFO] - epoch: 16
[2025-08-08 05:30:00,693][root][INFO] - epoch: 17
[2025-08-08 05:50:57,951][root][INFO] - epoch: 18
[2025-08-08 06:11:55,594][root][INFO] - epoch: 19
[2025-08-08 06:32:51,783][root][INFO] - finished train
[2025-08-08 06:32:51,783][root][INFO] - starting eval
[2025-08-08 06:34:01,606][root][INFO] - finished eval
[2025-08-08 06:34:03,525][root][INFO] - starting train
[2025-08-08 06:34:03,525][root][INFO] - epoch: 0
[2025-08-08 06:55:01,212][root][INFO] - epoch: 1
[2025-08-08 07:15:58,018][root][INFO] - epoch: 2
[2025-08-08 07:36:55,415][root][INFO] - epoch: 3
[2025-08-08 07:57:52,540][root][INFO] - epoch: 4
[2025-08-08 08:18:50,344][root][INFO] - epoch: 5
[2025-08-08 08:39:47,580][root][INFO] - epoch: 6
[2025-08-08 09:00:44,091][root][INFO] - epoch: 7
[2025-08-08 09:21:42,142][root][INFO] - epoch: 8
[2025-08-08 09:42:39,418][root][INFO] - epoch: 9
[2025-08-08 10:03:36,238][root][INFO] - epoch: 10
[2025-08-08 10:24:32,678][root][INFO] - epoch: 11
[2025-08-08 10:45:30,306][root][INFO] - epoch: 12
[2025-08-08 11:06:27,116][root][INFO] - epoch: 13
[2025-08-08 11:27:23,185][root][INFO] - epoch: 14
[2025-08-08 11:48:21,253][root][INFO] - epoch: 15
[2025-08-08 12:09:15,497][root][INFO] - epoch: 16
[2025-08-08 12:30:14,053][root][INFO] - epoch: 17
[2025-08-08 12:51:10,098][root][INFO] - epoch: 18
[2025-08-08 13:12:06,895][root][INFO] - epoch: 19
[2025-08-08 13:33:03,324][root][INFO] - finished train
[2025-08-08 13:33:03,324][root][INFO] - starting eval
[2025-08-08 13:34:13,234][root][INFO] - finished eval
[2025-08-08 13:34:15,219][root][INFO] - starting train
[2025-08-08 13:34:15,219][root][INFO] - epoch: 0
[2025-08-08 13:55:13,726][root][INFO] - epoch: 1
[2025-08-08 14:16:10,805][root][INFO] - epoch: 2
[2025-08-08 14:37:07,742][root][INFO] - epoch: 3
[2025-08-08 14:58:04,733][root][INFO] - epoch: 4
[2025-08-08 15:19:01,554][root][INFO] - epoch: 5
[2025-08-08 15:39:59,376][root][INFO] - epoch: 6
[2025-08-08 16:00:56,159][root][INFO] - epoch: 7
[2025-08-08 16:21:52,046][root][INFO] - epoch: 8
[2025-08-08 16:42:48,597][root][INFO] - epoch: 9
[2025-08-08 17:03:45,927][root][INFO] - epoch: 10
[2025-08-08 17:24:44,373][root][INFO] - epoch: 11
[2025-08-08 17:45:41,599][root][INFO] - epoch: 12
[2025-08-08 18:06:38,645][root][INFO] - epoch: 13
[2025-08-08 18:27:36,039][root][INFO] - epoch: 14
[2025-08-08 18:48:33,198][root][INFO] - epoch: 15
[2025-08-08 19:09:30,300][root][INFO] - epoch: 16
[2025-08-08 19:30:28,945][root][INFO] - epoch: 17
[2025-08-08 19:51:25,176][root][INFO] - epoch: 18
[2025-08-08 20:12:22,503][root][INFO] - epoch: 19
[2025-08-08 20:33:19,504][root][INFO] - finished train
[2025-08-08 20:33:19,505][root][INFO] - starting eval
[2025-08-08 20:34:29,258][root][INFO] - finished eval
[2025-08-08 20:34:31,448][root][INFO] - starting train
[2025-08-08 20:34:31,448][root][INFO] - epoch: 0
[2025-08-08 20:55:30,048][root][INFO] - epoch: 1
[2025-08-08 21:16:25,867][root][INFO] - epoch: 2
[2025-08-08 21:37:22,612][root][INFO] - epoch: 3
[2025-08-08 21:58:17,184][root][INFO] - epoch: 4
[2025-08-08 22:19:15,761][root][INFO] - epoch: 5
[2025-08-08 22:40:13,550][root][INFO] - epoch: 6
[2025-08-08 23:01:10,327][root][INFO] - epoch: 7
[2025-08-08 23:22:06,826][root][INFO] - epoch: 8
[2025-08-08 23:43:02,690][root][INFO] - epoch: 9
[2025-08-09 00:03:58,071][root][INFO] - epoch: 10
[2025-08-09 00:24:54,272][root][INFO] - epoch: 11
[2025-08-09 00:45:51,049][root][INFO] - epoch: 12
[2025-08-09 01:06:46,798][root][INFO] - epoch: 13
[2025-08-09 01:27:43,873][root][INFO] - epoch: 14
[2025-08-09 01:48:40,183][root][INFO] - epoch: 15
[2025-08-09 02:09:36,528][root][INFO] - epoch: 16
[2025-08-09 02:30:33,798][root][INFO] - epoch: 17
[2025-08-09 02:51:29,862][root][INFO] - epoch: 18
[2025-08-09 03:12:25,876][root][INFO] - epoch: 19
[2025-08-09 03:33:23,629][root][INFO] - finished train
[2025-08-09 03:33:23,629][root][INFO] - starting eval
[2025-08-09 03:34:33,558][root][INFO] - finished eval
[2025-08-09 03:34:35,611][root][INFO] - starting train
[2025-08-09 03:34:35,611][root][INFO] - epoch: 0
[2025-08-09 03:55:33,526][root][INFO] - epoch: 1
[2025-08-09 04:16:29,336][root][INFO] - epoch: 2
[2025-08-09 04:37:26,405][root][INFO] - epoch: 3
[2025-08-09 04:58:21,915][root][INFO] - epoch: 4
[2025-08-09 05:19:19,132][root][INFO] - epoch: 5
[2025-08-09 05:40:15,871][root][INFO] - epoch: 6
[2025-08-09 06:01:12,185][root][INFO] - epoch: 7
[2025-08-09 06:22:09,746][root][INFO] - epoch: 8
[2025-08-09 06:43:07,333][root][INFO] - epoch: 9
[2025-08-09 07:04:03,837][root][INFO] - epoch: 10
[2025-08-09 07:24:59,897][root][INFO] - epoch: 11
[2025-08-09 07:45:59,050][root][INFO] - epoch: 12
[2025-08-09 08:06:55,646][root][INFO] - epoch: 13
[2025-08-09 08:27:51,791][root][INFO] - epoch: 14
[2025-08-09 08:48:46,968][root][INFO] - epoch: 15
[2025-08-09 09:09:44,070][root][INFO] - epoch: 16
[2025-08-09 09:30:40,052][root][INFO] - epoch: 17
[2025-08-09 09:51:38,762][root][INFO] - epoch: 18
[2025-08-09 10:12:35,710][root][INFO] - epoch: 19
[2025-08-09 10:33:31,773][root][INFO] - finished train
[2025-08-09 10:33:31,773][root][INFO] - starting eval
[2025-08-09 10:34:41,741][root][INFO] - finished eval
[2025-08-09 10:34:43,908][root][INFO] - starting train
[2025-08-09 10:34:43,909][root][INFO] - epoch: 0
[2025-08-09 10:55:40,074][root][INFO] - epoch: 1
[2025-08-09 11:16:37,863][root][INFO] - epoch: 2
[2025-08-09 11:37:34,277][root][INFO] - epoch: 3
[2025-08-09 11:58:31,449][root][INFO] - epoch: 4
[2025-08-09 12:19:28,513][root][INFO] - epoch: 5
[2025-08-09 12:40:24,860][root][INFO] - epoch: 6
[2025-08-09 13:01:20,776][root][INFO] - epoch: 7
[2025-08-09 13:22:16,954][root][INFO] - epoch: 8
[2025-08-09 13:43:13,037][root][INFO] - epoch: 9
[2025-08-09 14:04:09,458][root][INFO] - epoch: 10
[2025-08-09 14:25:06,806][root][INFO] - epoch: 11
[2025-08-09 14:46:03,580][root][INFO] - epoch: 12
[2025-08-09 15:07:00,304][root][INFO] - epoch: 13
[2025-08-09 15:27:58,879][root][INFO] - epoch: 14
[2025-08-09 15:48:55,829][root][INFO] - epoch: 15
[2025-08-09 16:09:52,335][root][INFO] - epoch: 16
[2025-08-09 16:30:47,925][root][INFO] - epoch: 17
[2025-08-09 16:51:43,686][root][INFO] - epoch: 18
[2025-08-09 17:12:40,564][root][INFO] - epoch: 19
[2025-08-09 17:33:36,600][root][INFO] - finished train
[2025-08-09 17:33:36,600][root][INFO] - starting eval
[2025-08-09 17:34:46,490][root][INFO] - finished eval
[2025-08-09 17:34:48,710][root][INFO] - starting train
[2025-08-09 17:34:48,710][root][INFO] - epoch: 0
[2025-08-09 17:55:45,407][root][INFO] - epoch: 1
[2025-08-09 18:16:40,937][root][INFO] - epoch: 2
[2025-08-09 18:37:38,165][root][INFO] - epoch: 3
[2025-08-09 18:58:35,420][root][INFO] - epoch: 4
[2025-08-09 19:19:29,863][root][INFO] - epoch: 5
[2025-08-09 19:40:25,303][root][INFO] - epoch: 6
[2025-08-09 20:01:20,264][root][INFO] - epoch: 7
[2025-08-09 20:22:15,513][root][INFO] - epoch: 8
[2025-08-09 20:43:09,089][root][INFO] - epoch: 9
[2025-08-09 21:04:04,407][root][INFO] - epoch: 10
[2025-08-09 21:25:01,527][root][INFO] - epoch: 11
[2025-08-09 21:45:57,606][root][INFO] - epoch: 12
[2025-08-09 22:06:53,739][root][INFO] - epoch: 13
[2025-08-09 22:27:50,874][root][INFO] - epoch: 14
[2025-08-09 22:48:45,942][root][INFO] - epoch: 15
[2025-08-09 23:09:40,620][root][INFO] - epoch: 16
[2025-08-09 23:30:36,265][root][INFO] - epoch: 17
[2025-08-09 23:51:32,871][root][INFO] - epoch: 18
[2025-08-10 00:12:28,646][root][INFO] - epoch: 19
[2025-08-10 00:33:24,281][root][INFO] - finished train
[2025-08-10 00:33:24,281][root][INFO] - starting eval
[2025-08-10 00:34:34,202][root][INFO] - finished eval
[2025-08-10 00:34:36,291][root][INFO] - starting train
[2025-08-10 00:34:36,291][root][INFO] - epoch: 0
[2025-08-10 00:55:34,104][root][INFO] - epoch: 1
[2025-08-10 01:16:31,659][root][INFO] - epoch: 2
[2025-08-10 01:37:29,287][root][INFO] - epoch: 3
[2025-08-10 01:58:25,834][root][INFO] - epoch: 4
[2025-08-10 02:19:24,407][root][INFO] - epoch: 5
[2025-08-10 02:40:22,181][root][INFO] - epoch: 6
[2025-08-10 03:01:19,507][root][INFO] - epoch: 7
[2025-08-10 03:22:16,139][root][INFO] - epoch: 8
[2025-08-10 03:43:14,565][root][INFO] - epoch: 9
[2025-08-10 04:04:12,152][root][INFO] - epoch: 10
[2025-08-10 04:25:10,150][root][INFO] - epoch: 11
[2025-08-10 04:46:07,305][root][INFO] - epoch: 12
[2025-08-10 05:07:04,226][root][INFO] - epoch: 13
[2025-08-10 05:28:02,544][root][INFO] - epoch: 14
[2025-08-10 05:49:00,014][root][INFO] - epoch: 15
[2025-08-10 06:09:57,391][root][INFO] - epoch: 16
[2025-08-10 06:30:55,645][root][INFO] - epoch: 17
[2025-08-10 06:51:54,438][root][INFO] - epoch: 18
[2025-08-10 07:12:49,852][root][INFO] - epoch: 19
[2025-08-10 07:33:47,056][root][INFO] - finished train
[2025-08-10 07:33:47,057][root][INFO] - starting eval
[2025-08-10 07:34:57,065][root][INFO] - finished eval
[2025-08-10 07:34:59,359][root][INFO] - starting train
[2025-08-10 07:34:59,359][root][INFO] - epoch: 0
[2025-08-10 07:55:56,446][root][INFO] - epoch: 1
[2025-08-10 08:16:54,877][root][INFO] - epoch: 2
[2025-08-10 08:37:52,034][root][INFO] - epoch: 3
[2025-08-10 08:58:48,705][root][INFO] - epoch: 4
[2025-08-10 09:19:46,506][root][INFO] - epoch: 5
[2025-08-10 09:40:43,355][root][INFO] - epoch: 6
[2025-08-10 10:01:40,470][root][INFO] - epoch: 7
[2025-08-10 10:22:37,825][root][INFO] - epoch: 8
[2025-08-10 10:43:34,181][root][INFO] - epoch: 9
[2025-08-10 11:04:30,616][root][INFO] - epoch: 10
[2025-08-10 11:25:27,872][root][INFO] - epoch: 11
[2025-08-10 11:46:25,252][root][INFO] - epoch: 12
[2025-08-10 12:07:24,639][root][INFO] - epoch: 13
[2025-08-10 12:28:21,539][root][INFO] - epoch: 14
[2025-08-10 12:49:18,824][root][INFO] - epoch: 15
[2025-08-10 13:10:14,964][root][INFO] - epoch: 16
[2025-08-10 13:31:11,836][root][INFO] - epoch: 17
[2025-08-10 13:52:08,042][root][INFO] - epoch: 18
[2025-08-10 14:13:05,948][root][INFO] - epoch: 19
[2025-08-10 14:34:03,863][root][INFO] - finished train
[2025-08-10 14:34:03,864][root][INFO] - starting eval
[2025-08-10 14:35:13,818][root][INFO] - finished eval
[2025-08-10 14:35:16,025][root][INFO] - starting train
[2025-08-10 14:35:16,025][root][INFO] - epoch: 0
[2025-08-10 14:56:13,537][root][INFO] - epoch: 1
[2025-08-10 15:17:10,338][root][INFO] - epoch: 2
[2025-08-10 15:38:07,943][root][INFO] - epoch: 3
[2025-08-10 15:59:05,335][root][INFO] - epoch: 4
[2025-08-10 16:20:02,118][root][INFO] - epoch: 5
[2025-08-10 16:41:00,512][root][INFO] - epoch: 6
[2025-08-10 17:01:56,306][root][INFO] - epoch: 7
[2025-08-10 17:22:52,516][root][INFO] - epoch: 8
[2025-08-10 17:43:50,698][root][INFO] - epoch: 9
[2025-08-10 18:04:47,942][root][INFO] - epoch: 10
[2025-08-10 18:25:44,256][root][INFO] - epoch: 11
[2025-08-10 18:46:41,123][root][INFO] - epoch: 12
[2025-08-10 19:07:39,342][root][INFO] - epoch: 13
[2025-08-10 19:28:36,874][root][INFO] - epoch: 14
[2025-08-10 19:49:35,154][root][INFO] - epoch: 15
[2025-08-10 20:10:33,211][root][INFO] - epoch: 16
[2025-08-10 20:31:31,730][root][INFO] - epoch: 17
[2025-08-10 20:52:28,497][root][INFO] - epoch: 18
[2025-08-10 21:13:24,053][root][INFO] - epoch: 19
[2025-08-10 21:34:20,947][root][INFO] - finished train
[2025-08-10 21:34:20,948][root][INFO] - starting eval
[2025-08-10 21:35:30,839][root][INFO] - finished eval
[2025-08-10 21:35:30,845][root][INFO] - Finished
[2025-08-10 21:35:30,845][root][INFO] -  lr: 2.1320050786826827e-05
[2025-08-10 21:35:30,846][root][INFO] -  weight_decay: 0.00037474178095971074
