[2025-08-28 06:44:32,993][root][INFO] - ORIGINAL CWD : /home/sota/research/sotaohnuma/coffee
[2025-08-28 06:44:32,993][root][INFO] - RUN CWD      : /home/sota/research/sotaohnuma/coffee/outputs/bean_224/swin_t/base/2025-08-28_06-44-32
[2025-08-28 06:44:32,994][root][INFO] - batch: 110, 
 {'batch_size': 110, '_target_': 'models.swin_t.swin_t'}
[2025-08-28 06:44:32,994][root][INFO] - Start loading train data
[2025-08-28 06:44:33,107][root][INFO] - Start loading val data
[2025-08-28 06:44:33,120][root][INFO] - Start loading test data
[2025-08-28 06:44:33,134][root][INFO] - Finished DataLoader setup
[2025-08-28 06:44:33,134][root][INFO] - Starting Optimize
[2025-08-28 06:44:34,466][root][INFO] - starting train
[2025-08-28 06:44:34,466][root][INFO] - epoch: 0
[2025-08-28 06:52:11,006][root][INFO] - epoch: 1
[2025-08-28 06:59:49,330][root][INFO] - epoch: 2
[2025-08-28 07:07:28,882][root][INFO] - epoch: 3
[2025-08-28 07:15:07,478][root][INFO] - epoch: 4
[2025-08-28 07:22:46,883][root][INFO] - epoch: 5
[2025-08-28 07:30:25,218][root][INFO] - epoch: 6
[2025-08-28 07:38:03,225][root][INFO] - epoch: 7
[2025-08-28 07:45:41,559][root][INFO] - epoch: 8
[2025-08-28 07:53:21,103][root][INFO] - epoch: 9
[2025-08-28 08:01:00,240][root][INFO] - epoch: 10
[2025-08-28 08:08:38,064][root][INFO] - epoch: 11
[2025-08-28 08:16:17,480][root][INFO] - epoch: 12
[2025-08-28 08:23:57,249][root][INFO] - epoch: 13
[2025-08-28 08:31:35,434][root][INFO] - epoch: 14
[2025-08-28 08:39:13,794][root][INFO] - epoch: 15
[2025-08-28 08:46:53,990][root][INFO] - epoch: 16
[2025-08-28 08:54:32,629][root][INFO] - epoch: 17
[2025-08-28 09:02:10,002][root][INFO] - epoch: 18
[2025-08-28 09:09:48,747][root][INFO] - epoch: 19
[2025-08-28 09:17:28,181][root][INFO] - finished train
[2025-08-28 09:17:28,182][root][INFO] - starting eval
[2025-08-28 09:17:50,928][root][INFO] - finished eval
[2025-08-28 09:17:51,495][root][INFO] - starting train
[2025-08-28 09:17:51,496][root][INFO] - epoch: 0
[2025-08-28 09:25:31,411][root][INFO] - epoch: 1
[2025-08-28 09:33:10,817][root][INFO] - epoch: 2
[2025-08-28 09:40:49,096][root][INFO] - epoch: 3
[2025-08-28 09:48:25,537][root][INFO] - epoch: 4
[2025-08-28 09:56:03,599][root][INFO] - epoch: 5
[2025-08-28 10:03:41,605][root][INFO] - epoch: 6
[2025-08-28 10:11:22,151][root][INFO] - epoch: 7
[2025-08-28 10:19:00,138][root][INFO] - epoch: 8
[2025-08-28 10:26:38,189][root][INFO] - epoch: 9
[2025-08-28 10:34:18,066][root][INFO] - epoch: 10
[2025-08-28 10:41:57,906][root][INFO] - epoch: 11
[2025-08-28 10:49:38,399][root][INFO] - epoch: 12
[2025-08-28 10:57:17,642][root][INFO] - epoch: 13
[2025-08-28 11:04:55,707][root][INFO] - epoch: 14
[2025-08-28 11:12:34,339][root][INFO] - epoch: 15
[2025-08-28 11:20:13,247][root][INFO] - epoch: 16
[2025-08-28 11:27:51,266][root][INFO] - epoch: 17
[2025-08-28 11:35:29,214][root][INFO] - epoch: 18
[2025-08-28 11:43:07,312][root][INFO] - epoch: 19
[2025-08-28 11:50:47,245][root][INFO] - finished train
[2025-08-28 11:50:47,246][root][INFO] - starting eval
[2025-08-28 11:51:09,932][root][INFO] - finished eval
[2025-08-28 11:51:10,501][root][INFO] - starting train
[2025-08-28 11:51:10,501][root][INFO] - epoch: 0
[2025-08-28 11:58:50,135][root][INFO] - epoch: 1
[2025-08-28 12:06:30,211][root][INFO] - epoch: 2
[2025-08-28 12:14:10,039][root][INFO] - epoch: 3
[2025-08-28 12:21:48,490][root][INFO] - epoch: 4
[2025-08-28 12:29:25,360][root][INFO] - epoch: 5
[2025-08-28 12:37:05,945][root][INFO] - epoch: 6
[2025-08-28 12:44:46,245][root][INFO] - epoch: 7
[2025-08-28 12:52:24,316][root][INFO] - epoch: 8
[2025-08-28 13:00:03,992][root][INFO] - epoch: 9
[2025-08-28 13:07:41,150][root][INFO] - epoch: 10
[2025-08-28 13:15:19,336][root][INFO] - epoch: 11
[2025-08-28 13:22:55,779][root][INFO] - epoch: 12
[2025-08-28 13:30:35,803][root][INFO] - epoch: 13
[2025-08-28 13:38:14,895][root][INFO] - epoch: 14
[2025-08-28 13:45:52,059][root][INFO] - epoch: 15
[2025-08-28 13:53:33,312][root][INFO] - epoch: 16
[2025-08-28 14:01:12,943][root][INFO] - epoch: 17
[2025-08-28 14:08:52,302][root][INFO] - epoch: 18
[2025-08-28 14:16:31,255][root][INFO] - epoch: 19
[2025-08-28 14:24:10,747][root][INFO] - finished train
[2025-08-28 14:24:10,747][root][INFO] - starting eval
[2025-08-28 14:24:33,250][root][INFO] - finished eval
[2025-08-28 14:24:33,841][root][INFO] - starting train
[2025-08-28 14:24:33,841][root][INFO] - epoch: 0
[2025-08-28 14:32:14,485][root][INFO] - epoch: 1
[2025-08-28 14:39:53,286][root][INFO] - epoch: 2
[2025-08-28 14:47:33,895][root][INFO] - epoch: 3
[2025-08-28 14:55:14,421][root][INFO] - epoch: 4
[2025-08-28 15:02:52,470][root][INFO] - epoch: 5
[2025-08-28 15:10:30,404][root][INFO] - epoch: 6
[2025-08-28 15:18:09,478][root][INFO] - epoch: 7
[2025-08-28 15:25:47,650][root][INFO] - epoch: 8
[2025-08-28 15:33:27,065][root][INFO] - epoch: 9
[2025-08-28 15:41:05,807][root][INFO] - epoch: 10
[2025-08-28 15:48:43,670][root][INFO] - epoch: 11
[2025-08-28 15:56:22,987][root][INFO] - epoch: 12
[2025-08-28 16:04:01,567][root][INFO] - epoch: 13
[2025-08-28 16:11:42,258][root][INFO] - epoch: 14
[2025-08-28 16:19:21,450][root][INFO] - epoch: 15
[2025-08-28 16:26:59,278][root][INFO] - epoch: 16
[2025-08-28 16:34:39,219][root][INFO] - epoch: 17
[2025-08-28 16:42:16,272][root][INFO] - epoch: 18
[2025-08-28 16:49:51,949][root][INFO] - epoch: 19
[2025-08-28 16:57:27,601][root][INFO] - finished train
[2025-08-28 16:57:27,601][root][INFO] - starting eval
[2025-08-28 16:57:50,296][root][INFO] - finished eval
[2025-08-28 16:57:50,846][root][INFO] - starting train
[2025-08-28 16:57:50,847][root][INFO] - epoch: 0
[2025-08-28 17:05:25,170][root][INFO] - epoch: 1
[2025-08-28 17:12:59,756][root][INFO] - epoch: 2
[2025-08-28 17:20:35,514][root][INFO] - epoch: 3
[2025-08-28 17:28:10,177][root][INFO] - epoch: 4
[2025-08-28 17:35:44,434][root][INFO] - epoch: 5
[2025-08-28 17:43:18,015][root][INFO] - epoch: 6
[2025-08-28 17:50:52,936][root][INFO] - epoch: 7
[2025-08-28 17:58:27,040][root][INFO] - epoch: 8
[2025-08-28 18:06:00,559][root][INFO] - epoch: 9
[2025-08-28 18:13:34,790][root][INFO] - epoch: 10
[2025-08-28 18:21:10,482][root][INFO] - epoch: 11
[2025-08-28 18:28:44,540][root][INFO] - epoch: 12
[2025-08-28 18:36:20,181][root][INFO] - epoch: 13
[2025-08-28 18:43:55,894][root][INFO] - epoch: 14
[2025-08-28 18:51:28,894][root][INFO] - epoch: 15
[2025-08-28 18:59:02,417][root][INFO] - epoch: 16
[2025-08-28 19:06:36,939][root][INFO] - epoch: 17
[2025-08-28 19:14:11,816][root][INFO] - epoch: 18
[2025-08-28 19:21:46,549][root][INFO] - epoch: 19
[2025-08-28 19:29:19,678][root][INFO] - finished train
[2025-08-28 19:29:19,678][root][INFO] - starting eval
[2025-08-28 19:29:42,342][root][INFO] - finished eval
[2025-08-28 19:29:42,898][root][INFO] - starting train
[2025-08-28 19:29:42,898][root][INFO] - epoch: 0
[2025-08-28 19:37:18,163][root][INFO] - epoch: 1
[2025-08-28 19:44:52,640][root][INFO] - epoch: 2
[2025-08-28 19:52:28,037][root][INFO] - epoch: 3
[2025-08-28 20:00:02,075][root][INFO] - epoch: 4
[2025-08-28 20:07:36,788][root][INFO] - epoch: 5
[2025-08-28 20:15:11,394][root][INFO] - epoch: 6
[2025-08-28 20:22:45,399][root][INFO] - epoch: 7
[2025-08-28 20:30:19,256][root][INFO] - epoch: 8
[2025-08-28 20:37:53,531][root][INFO] - epoch: 9
[2025-08-28 20:45:27,269][root][INFO] - epoch: 10
[2025-08-28 20:53:01,206][root][INFO] - epoch: 11
[2025-08-28 21:00:36,503][root][INFO] - epoch: 12
[2025-08-28 21:08:12,837][root][INFO] - epoch: 13
[2025-08-28 21:15:47,767][root][INFO] - epoch: 14
[2025-08-28 21:23:23,945][root][INFO] - epoch: 15
[2025-08-28 21:30:59,748][root][INFO] - epoch: 16
[2025-08-28 21:38:35,101][root][INFO] - epoch: 17
[2025-08-28 21:46:09,889][root][INFO] - epoch: 18
[2025-08-28 21:53:43,879][root][INFO] - epoch: 19
[2025-08-28 22:01:18,856][root][INFO] - finished train
[2025-08-28 22:01:18,856][root][INFO] - starting eval
[2025-08-28 22:01:41,592][root][INFO] - finished eval
[2025-08-28 22:01:42,186][root][INFO] - starting train
[2025-08-28 22:01:42,186][root][INFO] - epoch: 0
[2025-08-28 22:09:16,991][root][INFO] - epoch: 1
[2025-08-28 22:16:50,665][root][INFO] - epoch: 2
[2025-08-28 22:24:25,018][root][INFO] - epoch: 3
[2025-08-28 22:31:59,543][root][INFO] - epoch: 4
[2025-08-28 22:39:34,146][root][INFO] - epoch: 5
[2025-08-28 22:47:09,610][root][INFO] - epoch: 6
[2025-08-28 22:54:44,482][root][INFO] - epoch: 7
[2025-08-28 23:02:19,629][root][INFO] - epoch: 8
[2025-08-28 23:09:55,416][root][INFO] - epoch: 9
[2025-08-28 23:17:30,054][root][INFO] - epoch: 10
[2025-08-28 23:25:04,398][root][INFO] - epoch: 11
[2025-08-28 23:32:39,208][root][INFO] - epoch: 12
[2025-08-28 23:40:14,154][root][INFO] - epoch: 13
[2025-08-28 23:47:49,905][root][INFO] - epoch: 14
[2025-08-28 23:55:24,175][root][INFO] - epoch: 15
[2025-08-29 00:02:59,794][root][INFO] - epoch: 16
[2025-08-29 00:10:34,251][root][INFO] - epoch: 17
[2025-08-29 00:18:07,914][root][INFO] - epoch: 18
[2025-08-29 00:25:42,052][root][INFO] - epoch: 19
[2025-08-29 00:33:16,410][root][INFO] - finished train
[2025-08-29 00:33:16,410][root][INFO] - starting eval
[2025-08-29 00:33:38,939][root][INFO] - finished eval
[2025-08-29 00:33:39,465][root][INFO] - starting train
[2025-08-29 00:33:39,465][root][INFO] - epoch: 0
[2025-08-29 00:41:14,575][root][INFO] - epoch: 1
[2025-08-29 00:48:50,529][root][INFO] - epoch: 2
[2025-08-29 00:56:27,779][root][INFO] - epoch: 3
[2025-08-29 01:04:03,400][root][INFO] - epoch: 4
[2025-08-29 01:11:37,647][root][INFO] - epoch: 5
[2025-08-29 01:19:12,818][root][INFO] - epoch: 6
[2025-08-29 01:26:47,410][root][INFO] - epoch: 7
[2025-08-29 01:34:21,332][root][INFO] - epoch: 8
[2025-08-29 01:41:57,411][root][INFO] - epoch: 9
[2025-08-29 01:49:30,310][root][INFO] - epoch: 10
[2025-08-29 01:57:06,377][root][INFO] - epoch: 11
[2025-08-29 02:04:42,625][root][INFO] - epoch: 12
[2025-08-29 02:12:16,850][root][INFO] - epoch: 13
[2025-08-29 02:19:52,506][root][INFO] - epoch: 14
[2025-08-29 02:27:27,970][root][INFO] - epoch: 15
[2025-08-29 02:35:03,051][root][INFO] - epoch: 16
[2025-08-29 02:42:37,211][root][INFO] - epoch: 17
[2025-08-29 02:50:12,478][root][INFO] - epoch: 18
[2025-08-29 02:57:47,916][root][INFO] - epoch: 19
[2025-08-29 03:05:23,563][root][INFO] - finished train
[2025-08-29 03:05:23,563][root][INFO] - starting eval
[2025-08-29 03:05:46,172][root][INFO] - finished eval
[2025-08-29 03:05:46,753][root][INFO] - starting train
[2025-08-29 03:05:46,753][root][INFO] - epoch: 0
[2025-08-29 03:13:21,736][root][INFO] - epoch: 1
[2025-08-29 03:20:56,569][root][INFO] - epoch: 2
[2025-08-29 03:28:32,203][root][INFO] - epoch: 3
[2025-08-29 03:36:06,361][root][INFO] - epoch: 4
[2025-08-29 03:43:42,625][root][INFO] - epoch: 5
[2025-08-29 03:51:18,273][root][INFO] - epoch: 6
[2025-08-29 03:58:53,793][root][INFO] - epoch: 7
[2025-08-29 04:06:28,368][root][INFO] - epoch: 8
[2025-08-29 04:14:03,022][root][INFO] - epoch: 9
[2025-08-29 04:21:37,099][root][INFO] - epoch: 10
[2025-08-29 04:29:12,272][root][INFO] - epoch: 11
[2025-08-29 04:36:48,521][root][INFO] - epoch: 12
[2025-08-29 04:44:23,845][root][INFO] - epoch: 13
[2025-08-29 04:51:58,117][root][INFO] - epoch: 14
[2025-08-29 04:59:33,767][root][INFO] - epoch: 15
[2025-08-29 05:07:10,388][root][INFO] - epoch: 16
[2025-08-29 05:14:45,483][root][INFO] - epoch: 17
[2025-08-29 05:22:20,989][root][INFO] - epoch: 18
[2025-08-29 05:29:58,032][root][INFO] - epoch: 19
[2025-08-29 05:37:33,088][root][INFO] - finished train
[2025-08-29 05:37:33,089][root][INFO] - starting eval
[2025-08-29 05:37:55,706][root][INFO] - finished eval
[2025-08-29 05:37:56,270][root][INFO] - starting train
[2025-08-29 05:37:56,271][root][INFO] - epoch: 0
[2025-08-29 05:45:30,243][root][INFO] - epoch: 1
[2025-08-29 05:53:05,211][root][INFO] - epoch: 2
[2025-08-29 06:00:39,729][root][INFO] - epoch: 3
[2025-08-29 06:08:14,309][root][INFO] - epoch: 4
[2025-08-29 06:15:50,125][root][INFO] - epoch: 5
[2025-08-29 06:23:25,615][root][INFO] - epoch: 6
[2025-08-29 06:30:59,928][root][INFO] - epoch: 7
[2025-08-29 06:38:34,968][root][INFO] - epoch: 8
[2025-08-29 06:46:10,937][root][INFO] - epoch: 9
[2025-08-29 06:53:46,669][root][INFO] - epoch: 10
[2025-08-29 07:01:20,128][root][INFO] - epoch: 11
[2025-08-29 07:08:55,421][root][INFO] - epoch: 12
[2025-08-29 07:16:29,812][root][INFO] - epoch: 13
[2025-08-29 07:24:04,376][root][INFO] - epoch: 14
[2025-08-29 07:31:38,585][root][INFO] - epoch: 15
[2025-08-29 07:39:12,710][root][INFO] - epoch: 16
[2025-08-29 07:46:46,866][root][INFO] - epoch: 17
[2025-08-29 07:54:24,354][root][INFO] - epoch: 18
[2025-08-29 08:01:59,366][root][INFO] - epoch: 19
[2025-08-29 08:09:32,910][root][INFO] - finished train
[2025-08-29 08:09:32,910][root][INFO] - starting eval
[2025-08-29 08:09:55,599][root][INFO] - finished eval
[2025-08-29 08:09:56,214][root][INFO] - starting train
[2025-08-29 08:09:56,214][root][INFO] - epoch: 0
[2025-08-29 08:17:31,349][root][INFO] - epoch: 1
[2025-08-29 08:25:06,994][root][INFO] - epoch: 2
[2025-08-29 08:32:41,134][root][INFO] - epoch: 3
[2025-08-29 08:40:17,411][root][INFO] - epoch: 4
[2025-08-29 08:47:50,925][root][INFO] - epoch: 5
[2025-08-29 08:55:25,341][root][INFO] - epoch: 6
[2025-08-29 09:02:59,763][root][INFO] - epoch: 7
[2025-08-29 09:10:34,121][root][INFO] - epoch: 8
[2025-08-29 09:18:10,300][root][INFO] - epoch: 9
[2025-08-29 09:25:43,629][root][INFO] - epoch: 10
[2025-08-29 09:33:17,346][root][INFO] - epoch: 11
[2025-08-29 09:40:52,007][root][INFO] - epoch: 12
[2025-08-29 09:48:27,336][root][INFO] - epoch: 13
[2025-08-29 09:56:02,298][root][INFO] - epoch: 14
[2025-08-29 10:03:37,814][root][INFO] - epoch: 15
[2025-08-29 10:11:13,063][root][INFO] - epoch: 16
[2025-08-29 10:18:47,947][root][INFO] - epoch: 17
[2025-08-29 10:26:23,043][root][INFO] - epoch: 18
[2025-08-29 10:33:56,929][root][INFO] - epoch: 19
[2025-08-29 10:41:31,610][root][INFO] - finished train
[2025-08-29 10:41:31,611][root][INFO] - starting eval
[2025-08-29 10:41:54,115][root][INFO] - finished eval
[2025-08-29 10:41:54,688][root][INFO] - starting train
[2025-08-29 10:41:54,688][root][INFO] - epoch: 0
[2025-08-29 10:49:30,081][root][INFO] - epoch: 1
[2025-08-29 10:57:03,670][root][INFO] - epoch: 2
[2025-08-29 11:04:39,024][root][INFO] - epoch: 3
[2025-08-29 11:12:15,447][root][INFO] - epoch: 4
[2025-08-29 11:19:48,937][root][INFO] - epoch: 5
[2025-08-29 11:27:23,311][root][INFO] - epoch: 6
[2025-08-29 11:34:57,948][root][INFO] - epoch: 7
[2025-08-29 11:42:34,739][root][INFO] - epoch: 8
[2025-08-29 11:50:11,243][root][INFO] - epoch: 9
[2025-08-29 11:57:45,870][root][INFO] - epoch: 10
[2025-08-29 12:05:20,072][root][INFO] - epoch: 11
[2025-08-29 12:12:53,055][root][INFO] - epoch: 12
[2025-08-29 12:20:28,634][root][INFO] - epoch: 13
[2025-08-29 12:28:03,710][root][INFO] - epoch: 14
[2025-08-29 12:35:37,725][root][INFO] - epoch: 15
[2025-08-29 12:43:11,534][root][INFO] - epoch: 16
[2025-08-29 12:50:48,152][root][INFO] - epoch: 17
[2025-08-29 12:58:23,498][root][INFO] - epoch: 18
[2025-08-29 13:05:58,396][root][INFO] - epoch: 19
[2025-08-29 13:13:33,647][root][INFO] - finished train
[2025-08-29 13:13:33,648][root][INFO] - starting eval
[2025-08-29 13:13:56,191][root][INFO] - finished eval
[2025-08-29 13:13:56,734][root][INFO] - starting train
[2025-08-29 13:13:56,734][root][INFO] - epoch: 0
[2025-08-29 13:21:31,676][root][INFO] - epoch: 1
[2025-08-29 13:29:05,798][root][INFO] - epoch: 2
[2025-08-29 13:36:42,056][root][INFO] - epoch: 3
[2025-08-29 13:44:16,451][root][INFO] - epoch: 4
[2025-08-29 13:51:51,848][root][INFO] - epoch: 5
[2025-08-29 13:59:25,733][root][INFO] - epoch: 6
[2025-08-29 14:07:00,847][root][INFO] - epoch: 7
[2025-08-29 14:14:35,606][root][INFO] - epoch: 8
[2025-08-29 14:22:11,550][root][INFO] - epoch: 9
[2025-08-29 14:29:45,822][root][INFO] - epoch: 10
[2025-08-29 14:37:19,790][root][INFO] - epoch: 11
[2025-08-29 14:44:52,821][root][INFO] - epoch: 12
[2025-08-29 14:52:28,077][root][INFO] - epoch: 13
[2025-08-29 15:00:02,964][root][INFO] - epoch: 14
[2025-08-29 15:07:38,707][root][INFO] - epoch: 15
[2025-08-29 15:15:13,562][root][INFO] - epoch: 16
[2025-08-29 15:22:48,655][root][INFO] - epoch: 17
[2025-08-29 15:30:23,598][root][INFO] - epoch: 18
[2025-08-29 15:38:00,000][root][INFO] - epoch: 19
[2025-08-29 15:45:35,546][root][INFO] - finished train
[2025-08-29 15:45:35,547][root][INFO] - starting eval
[2025-08-29 15:45:58,027][root][INFO] - finished eval
[2025-08-29 15:45:58,645][root][INFO] - starting train
[2025-08-29 15:45:58,645][root][INFO] - epoch: 0
[2025-08-29 15:53:32,863][root][INFO] - epoch: 1
[2025-08-29 16:01:07,694][root][INFO] - epoch: 2
[2025-08-29 16:08:43,349][root][INFO] - epoch: 3
[2025-08-29 16:16:18,868][root][INFO] - epoch: 4
[2025-08-29 16:23:54,723][root][INFO] - epoch: 5
[2025-08-29 16:31:30,718][root][INFO] - epoch: 6
[2025-08-29 16:39:06,642][root][INFO] - epoch: 7
[2025-08-29 16:46:42,199][root][INFO] - epoch: 8
[2025-08-29 16:54:17,352][root][INFO] - epoch: 9
[2025-08-29 17:01:52,957][root][INFO] - epoch: 10
[2025-08-29 17:09:27,196][root][INFO] - epoch: 11
[2025-08-29 17:17:01,102][root][INFO] - epoch: 12
[2025-08-29 17:24:36,376][root][INFO] - epoch: 13
[2025-08-29 17:32:12,022][root][INFO] - epoch: 14
[2025-08-29 17:39:47,127][root][INFO] - epoch: 15
[2025-08-29 17:47:24,249][root][INFO] - epoch: 16
[2025-08-29 17:54:58,692][root][INFO] - epoch: 17
[2025-08-29 18:02:32,851][root][INFO] - epoch: 18
[2025-08-29 18:10:07,838][root][INFO] - epoch: 19
[2025-08-29 18:17:44,120][root][INFO] - finished train
[2025-08-29 18:17:44,120][root][INFO] - starting eval
[2025-08-29 18:18:06,857][root][INFO] - finished eval
[2025-08-29 18:18:07,420][root][INFO] - starting train
[2025-08-29 18:18:07,420][root][INFO] - epoch: 0
[2025-08-29 18:25:41,552][root][INFO] - epoch: 1
[2025-08-29 18:33:14,579][root][INFO] - epoch: 2
[2025-08-29 18:40:49,718][root][INFO] - epoch: 3
[2025-08-29 18:48:23,204][root][INFO] - epoch: 4
[2025-08-29 18:55:57,586][root][INFO] - epoch: 5
[2025-08-29 19:03:34,274][root][INFO] - epoch: 6
[2025-08-29 19:11:08,449][root][INFO] - epoch: 7
[2025-08-29 19:18:43,754][root][INFO] - epoch: 8
[2025-08-29 19:26:19,849][root][INFO] - epoch: 9
[2025-08-29 19:33:55,486][root][INFO] - epoch: 10
[2025-08-29 19:41:31,771][root][INFO] - epoch: 11
[2025-08-29 19:49:09,017][root][INFO] - epoch: 12
[2025-08-29 19:56:45,145][root][INFO] - epoch: 13
[2025-08-29 20:04:20,247][root][INFO] - epoch: 14
[2025-08-29 20:11:56,538][root][INFO] - epoch: 15
[2025-08-29 20:19:31,019][root][INFO] - epoch: 16
[2025-08-29 20:27:05,628][root][INFO] - epoch: 17
[2025-08-29 20:34:40,719][root][INFO] - epoch: 18
[2025-08-29 20:42:15,304][root][INFO] - epoch: 19
[2025-08-29 20:49:49,012][root][INFO] - finished train
[2025-08-29 20:49:49,013][root][INFO] - starting eval
[2025-08-29 20:50:11,628][root][INFO] - finished eval
[2025-08-29 20:50:12,191][root][INFO] - starting train
[2025-08-29 20:50:12,191][root][INFO] - epoch: 0
[2025-08-29 20:57:47,773][root][INFO] - epoch: 1
[2025-08-29 21:05:22,344][root][INFO] - epoch: 2
[2025-08-29 21:12:55,874][root][INFO] - epoch: 3
[2025-08-29 21:20:30,680][root][INFO] - epoch: 4
[2025-08-29 21:28:05,363][root][INFO] - epoch: 5
[2025-08-29 21:35:40,893][root][INFO] - epoch: 6
[2025-08-29 21:43:15,538][root][INFO] - epoch: 7
[2025-08-29 21:50:50,839][root][INFO] - epoch: 8
[2025-08-29 21:58:26,405][root][INFO] - epoch: 9
[2025-08-29 22:06:02,164][root][INFO] - epoch: 10
[2025-08-29 22:13:37,225][root][INFO] - epoch: 11
[2025-08-29 22:21:13,224][root][INFO] - epoch: 12
[2025-08-29 22:28:51,555][root][INFO] - epoch: 13
[2025-08-29 22:36:26,554][root][INFO] - epoch: 14
[2025-08-29 22:44:01,774][root][INFO] - epoch: 15
[2025-08-29 22:51:37,187][root][INFO] - epoch: 16
[2025-08-29 22:59:12,346][root][INFO] - epoch: 17
[2025-08-29 23:06:47,944][root][INFO] - epoch: 18
[2025-08-29 23:14:24,079][root][INFO] - epoch: 19
[2025-08-29 23:21:59,461][root][INFO] - finished train
[2025-08-29 23:21:59,461][root][INFO] - starting eval
[2025-08-29 23:22:22,138][root][INFO] - finished eval
[2025-08-29 23:22:22,667][root][INFO] - starting train
[2025-08-29 23:22:22,667][root][INFO] - epoch: 0
[2025-08-29 23:29:59,300][root][INFO] - epoch: 1
[2025-08-29 23:37:34,651][root][INFO] - epoch: 2
[2025-08-29 23:45:08,856][root][INFO] - epoch: 3
[2025-08-29 23:52:43,577][root][INFO] - epoch: 4
[2025-08-30 00:00:18,707][root][INFO] - epoch: 5
[2025-08-30 00:07:54,815][root][INFO] - epoch: 6
[2025-08-30 00:15:31,573][root][INFO] - epoch: 7
[2025-08-30 00:23:06,839][root][INFO] - epoch: 8
[2025-08-30 00:30:41,976][root][INFO] - epoch: 9
[2025-08-30 00:38:17,740][root][INFO] - epoch: 10
[2025-08-30 00:45:52,792][root][INFO] - epoch: 11
[2025-08-30 00:53:27,671][root][INFO] - epoch: 12
[2025-08-30 01:01:02,633][root][INFO] - epoch: 13
[2025-08-30 01:08:39,158][root][INFO] - epoch: 14
[2025-08-30 01:16:14,770][root][INFO] - epoch: 15
[2025-08-30 01:23:50,631][root][INFO] - epoch: 16
[2025-08-30 01:31:25,675][root][INFO] - epoch: 17
[2025-08-30 01:39:00,338][root][INFO] - epoch: 18
[2025-08-30 01:46:35,162][root][INFO] - epoch: 19
[2025-08-30 01:54:11,209][root][INFO] - finished train
[2025-08-30 01:54:11,210][root][INFO] - starting eval
[2025-08-30 01:54:33,900][root][INFO] - finished eval
[2025-08-30 01:54:34,525][root][INFO] - starting train
[2025-08-30 01:54:34,526][root][INFO] - epoch: 0
[2025-08-30 02:02:09,807][root][INFO] - epoch: 1
[2025-08-30 02:09:44,729][root][INFO] - epoch: 2
[2025-08-30 02:17:21,998][root][INFO] - epoch: 3
[2025-08-30 02:24:57,942][root][INFO] - epoch: 4
[2025-08-30 02:32:33,593][root][INFO] - epoch: 5
[2025-08-30 02:40:08,525][root][INFO] - epoch: 6
[2025-08-30 02:47:44,582][root][INFO] - epoch: 7
[2025-08-30 02:55:19,446][root][INFO] - epoch: 8
[2025-08-30 03:02:56,166][root][INFO] - epoch: 9
[2025-08-30 03:10:32,770][root][INFO] - epoch: 10
[2025-08-30 03:18:11,006][root][INFO] - epoch: 11
[2025-08-30 03:25:47,156][root][INFO] - epoch: 12
[2025-08-30 03:33:22,631][root][INFO] - epoch: 13
[2025-08-30 03:40:57,105][root][INFO] - epoch: 14
[2025-08-30 03:48:32,365][root][INFO] - epoch: 15
[2025-08-30 03:56:08,809][root][INFO] - epoch: 16
[2025-08-30 04:03:44,202][root][INFO] - epoch: 17
[2025-08-30 04:11:21,049][root][INFO] - epoch: 18
[2025-08-30 04:18:58,882][root][INFO] - epoch: 19
[2025-08-30 04:26:34,133][root][INFO] - finished train
[2025-08-30 04:26:34,134][root][INFO] - starting eval
[2025-08-30 04:26:56,697][root][INFO] - finished eval
[2025-08-30 04:26:57,263][root][INFO] - starting train
[2025-08-30 04:26:57,263][root][INFO] - epoch: 0
[2025-08-30 04:34:32,834][root][INFO] - epoch: 1
[2025-08-30 04:42:09,909][root][INFO] - epoch: 2
[2025-08-30 04:49:45,371][root][INFO] - epoch: 3
[2025-08-30 04:57:19,595][root][INFO] - epoch: 4
[2025-08-30 05:04:54,753][root][INFO] - epoch: 5
[2025-08-30 05:12:32,472][root][INFO] - epoch: 6
[2025-08-30 05:20:08,078][root][INFO] - epoch: 7
[2025-08-30 05:27:44,320][root][INFO] - epoch: 8
[2025-08-30 05:35:20,869][root][INFO] - epoch: 9
[2025-08-30 05:42:55,571][root][INFO] - epoch: 10
[2025-08-30 05:50:30,991][root][INFO] - epoch: 11
[2025-08-30 05:58:08,695][root][INFO] - epoch: 12
[2025-08-30 06:05:45,652][root][INFO] - epoch: 13
[2025-08-30 06:13:22,459][root][INFO] - epoch: 14
[2025-08-30 06:20:58,072][root][INFO] - epoch: 15
[2025-08-30 06:28:33,187][root][INFO] - epoch: 16
[2025-08-30 06:36:09,315][root][INFO] - epoch: 17
[2025-08-30 06:43:45,342][root][INFO] - epoch: 18
[2025-08-30 06:51:19,680][root][INFO] - epoch: 19
[2025-08-30 06:58:55,236][root][INFO] - finished train
[2025-08-30 06:58:55,236][root][INFO] - starting eval
[2025-08-30 06:59:17,740][root][INFO] - finished eval
[2025-08-30 06:59:18,309][root][INFO] - starting train
[2025-08-30 06:59:18,309][root][INFO] - epoch: 0
[2025-08-30 07:06:54,664][root][INFO] - epoch: 1
[2025-08-30 07:14:32,498][root][INFO] - epoch: 2
[2025-08-30 07:22:08,627][root][INFO] - epoch: 3
[2025-08-30 07:29:43,555][root][INFO] - epoch: 4
[2025-08-30 07:37:18,574][root][INFO] - epoch: 5
[2025-08-30 07:44:54,448][root][INFO] - epoch: 6
[2025-08-30 07:52:29,016][root][INFO] - epoch: 7
[2025-08-30 08:00:04,653][root][INFO] - epoch: 8
[2025-08-30 08:07:38,026][root][INFO] - epoch: 9
[2025-08-30 08:15:14,292][root][INFO] - epoch: 10
[2025-08-30 08:22:50,337][root][INFO] - epoch: 11
[2025-08-30 08:30:25,218][root][INFO] - epoch: 12
[2025-08-30 08:38:01,704][root][INFO] - epoch: 13
[2025-08-30 08:45:36,602][root][INFO] - epoch: 14
[2025-08-30 08:53:10,378][root][INFO] - epoch: 15
[2025-08-30 09:00:44,984][root][INFO] - epoch: 16
[2025-08-30 09:08:20,059][root][INFO] - epoch: 17
[2025-08-30 09:15:54,419][root][INFO] - epoch: 18
[2025-08-30 09:23:27,497][root][INFO] - epoch: 19
[2025-08-30 09:31:01,541][root][INFO] - finished train
[2025-08-30 09:31:01,541][root][INFO] - starting eval
[2025-08-30 09:31:24,258][root][INFO] - finished eval
[2025-08-30 09:31:24,861][root][INFO] - starting train
[2025-08-30 09:31:24,862][root][INFO] - epoch: 0
[2025-08-30 09:38:59,875][root][INFO] - epoch: 1
[2025-08-30 09:46:35,598][root][INFO] - epoch: 2
[2025-08-30 09:54:12,337][root][INFO] - epoch: 3
[2025-08-30 10:01:48,208][root][INFO] - epoch: 4
[2025-08-30 10:09:23,508][root][INFO] - epoch: 5
[2025-08-30 10:16:58,940][root][INFO] - epoch: 6
[2025-08-30 10:24:33,829][root][INFO] - epoch: 7
[2025-08-30 10:32:10,314][root][INFO] - epoch: 8
[2025-08-30 10:39:44,981][root][INFO] - epoch: 9
[2025-08-30 10:47:18,815][root][INFO] - epoch: 10
[2025-08-30 10:54:53,758][root][INFO] - epoch: 11
[2025-08-30 11:02:29,102][root][INFO] - epoch: 12
[2025-08-30 11:10:05,859][root][INFO] - epoch: 13
[2025-08-30 11:17:41,548][root][INFO] - epoch: 14
[2025-08-30 11:25:17,413][root][INFO] - epoch: 15
[2025-08-30 11:32:54,628][root][INFO] - epoch: 16
[2025-08-30 11:40:30,381][root][INFO] - epoch: 17
[2025-08-30 11:48:06,129][root][INFO] - epoch: 18
[2025-08-30 11:55:42,822][root][INFO] - epoch: 19
[2025-08-30 12:03:18,029][root][INFO] - finished train
[2025-08-30 12:03:18,029][root][INFO] - starting eval
[2025-08-30 12:03:40,467][root][INFO] - finished eval
[2025-08-30 12:03:41,036][root][INFO] - starting train
[2025-08-30 12:03:41,036][root][INFO] - epoch: 0
[2025-08-30 12:11:15,755][root][INFO] - epoch: 1
[2025-08-30 12:18:53,337][root][INFO] - epoch: 2
[2025-08-30 12:26:29,557][root][INFO] - epoch: 3
[2025-08-30 12:34:04,966][root][INFO] - epoch: 4
[2025-08-30 12:41:41,758][root][INFO] - epoch: 5
[2025-08-30 12:49:18,311][root][INFO] - epoch: 6
[2025-08-30 12:56:54,641][root][INFO] - epoch: 7
[2025-08-30 13:04:30,022][root][INFO] - epoch: 8
[2025-08-30 13:12:05,981][root][INFO] - epoch: 9
[2025-08-30 13:19:40,949][root][INFO] - epoch: 10
[2025-08-30 13:27:16,151][root][INFO] - epoch: 11
[2025-08-30 13:34:50,870][root][INFO] - epoch: 12
[2025-08-30 13:42:26,753][root][INFO] - epoch: 13
[2025-08-30 13:50:02,816][root][INFO] - epoch: 14
[2025-08-30 13:57:37,311][root][INFO] - epoch: 15
[2025-08-30 14:05:12,004][root][INFO] - epoch: 16
[2025-08-30 14:12:47,347][root][INFO] - epoch: 17
[2025-08-30 14:20:21,787][root][INFO] - epoch: 18
[2025-08-30 14:27:58,213][root][INFO] - epoch: 19
[2025-08-30 14:35:32,745][root][INFO] - finished train
[2025-08-30 14:35:32,745][root][INFO] - starting eval
[2025-08-30 14:35:55,439][root][INFO] - finished eval
[2025-08-30 14:35:55,971][root][INFO] - starting train
[2025-08-30 14:35:55,971][root][INFO] - epoch: 0
[2025-08-30 14:43:30,598][root][INFO] - epoch: 1
[2025-08-30 14:51:05,356][root][INFO] - epoch: 2
[2025-08-30 14:58:40,368][root][INFO] - epoch: 3
[2025-08-30 15:06:15,483][root][INFO] - epoch: 4
[2025-08-30 15:13:49,699][root][INFO] - epoch: 5
[2025-08-30 15:21:25,761][root][INFO] - epoch: 6
[2025-08-30 15:29:01,564][root][INFO] - epoch: 7
[2025-08-30 15:36:36,461][root][INFO] - epoch: 8
[2025-08-30 15:44:12,661][root][INFO] - epoch: 9
[2025-08-30 15:51:48,778][root][INFO] - epoch: 10
[2025-08-30 15:59:23,583][root][INFO] - epoch: 11
[2025-08-30 16:06:59,363][root][INFO] - epoch: 12
[2025-08-30 16:14:34,253][root][INFO] - epoch: 13
[2025-08-30 16:22:09,853][root][INFO] - epoch: 14
[2025-08-30 16:29:45,841][root][INFO] - epoch: 15
[2025-08-30 16:37:19,870][root][INFO] - epoch: 16
[2025-08-30 16:44:55,063][root][INFO] - epoch: 17
[2025-08-30 16:52:31,742][root][INFO] - epoch: 18
[2025-08-30 17:00:08,582][root][INFO] - epoch: 19
[2025-08-30 17:07:43,789][root][INFO] - finished train
[2025-08-30 17:07:43,789][root][INFO] - starting eval
[2025-08-30 17:08:06,379][root][INFO] - finished eval
[2025-08-30 17:08:06,950][root][INFO] - starting train
[2025-08-30 17:08:06,950][root][INFO] - epoch: 0
[2025-08-30 17:15:41,942][root][INFO] - epoch: 1
[2025-08-30 17:23:16,921][root][INFO] - epoch: 2
[2025-08-30 17:30:52,695][root][INFO] - epoch: 3
[2025-08-30 17:38:28,819][root][INFO] - epoch: 4
[2025-08-30 17:46:04,100][root][INFO] - epoch: 5
[2025-08-30 17:53:39,786][root][INFO] - epoch: 6
[2025-08-30 18:01:14,364][root][INFO] - epoch: 7
[2025-08-30 18:08:50,352][root][INFO] - epoch: 8
[2025-08-30 18:16:26,115][root][INFO] - epoch: 9
[2025-08-30 18:24:00,761][root][INFO] - epoch: 10
[2025-08-30 18:31:35,326][root][INFO] - epoch: 11
[2025-08-30 18:39:11,608][root][INFO] - epoch: 12
[2025-08-30 18:46:47,771][root][INFO] - epoch: 13
[2025-08-30 18:54:23,441][root][INFO] - epoch: 14
[2025-08-30 19:01:59,576][root][INFO] - epoch: 15
[2025-08-30 19:09:36,739][root][INFO] - epoch: 16
[2025-08-30 19:17:12,362][root][INFO] - epoch: 17
[2025-08-30 19:24:46,807][root][INFO] - epoch: 18
[2025-08-30 19:32:23,778][root][INFO] - epoch: 19
[2025-08-30 19:39:57,902][root][INFO] - finished train
[2025-08-30 19:39:57,903][root][INFO] - starting eval
[2025-08-30 19:40:20,425][root][INFO] - finished eval
[2025-08-30 19:40:20,991][root][INFO] - starting train
[2025-08-30 19:40:20,992][root][INFO] - epoch: 0
[2025-08-30 19:47:55,711][root][INFO] - epoch: 1
[2025-08-30 19:55:31,982][root][INFO] - epoch: 2
[2025-08-30 20:03:08,553][root][INFO] - epoch: 3
[2025-08-30 20:10:43,216][root][INFO] - epoch: 4
[2025-08-30 20:18:17,412][root][INFO] - epoch: 5
[2025-08-30 20:25:53,147][root][INFO] - epoch: 6
[2025-08-30 20:33:27,693][root][INFO] - epoch: 7
[2025-08-30 20:41:03,018][root][INFO] - epoch: 8
[2025-08-30 20:48:36,254][root][INFO] - epoch: 9
[2025-08-30 20:56:11,941][root][INFO] - epoch: 10
[2025-08-30 21:03:47,747][root][INFO] - epoch: 11
[2025-08-30 21:11:22,130][root][INFO] - epoch: 12
[2025-08-30 21:18:57,953][root][INFO] - epoch: 13
[2025-08-30 21:26:32,025][root][INFO] - epoch: 14
[2025-08-30 21:34:06,861][root][INFO] - epoch: 15
[2025-08-30 21:41:43,168][root][INFO] - epoch: 16
[2025-08-30 21:49:17,348][root][INFO] - epoch: 17
[2025-08-30 21:56:53,463][root][INFO] - epoch: 18
[2025-08-30 22:04:28,097][root][INFO] - epoch: 19
[2025-08-30 22:12:03,234][root][INFO] - finished train
[2025-08-30 22:12:03,234][root][INFO] - starting eval
[2025-08-30 22:12:25,916][root][INFO] - finished eval
[2025-08-30 22:12:26,488][root][INFO] - starting train
[2025-08-30 22:12:26,488][root][INFO] - epoch: 0
[2025-08-30 22:20:01,476][root][INFO] - epoch: 1
[2025-08-30 22:27:36,596][root][INFO] - epoch: 2
[2025-08-30 22:35:11,592][root][INFO] - epoch: 3
[2025-08-30 22:42:47,468][root][INFO] - epoch: 4
[2025-08-30 22:50:22,473][root][INFO] - epoch: 5
[2025-08-30 22:57:58,052][root][INFO] - epoch: 6
[2025-08-30 23:05:32,539][root][INFO] - epoch: 7
[2025-08-30 23:13:08,061][root][INFO] - epoch: 8
[2025-08-30 23:20:44,940][root][INFO] - epoch: 9
[2025-08-30 23:28:20,139][root][INFO] - epoch: 10
[2025-08-30 23:35:54,658][root][INFO] - epoch: 11
[2025-08-30 23:43:29,974][root][INFO] - epoch: 12
[2025-08-30 23:51:05,784][root][INFO] - epoch: 13
[2025-08-30 23:58:42,106][root][INFO] - epoch: 14
[2025-08-31 00:06:17,902][root][INFO] - epoch: 15
[2025-08-31 00:13:53,729][root][INFO] - epoch: 16
[2025-08-31 00:21:28,725][root][INFO] - epoch: 17
[2025-08-31 00:29:03,023][root][INFO] - epoch: 18
[2025-08-31 00:36:38,450][root][INFO] - epoch: 19
[2025-08-31 00:44:13,377][root][INFO] - finished train
[2025-08-31 00:44:13,377][root][INFO] - starting eval
[2025-08-31 00:44:35,825][root][INFO] - finished eval
[2025-08-31 00:44:36,391][root][INFO] - starting train
[2025-08-31 00:44:36,392][root][INFO] - epoch: 0
[2025-08-31 00:52:11,961][root][INFO] - epoch: 1
[2025-08-31 00:59:47,162][root][INFO] - epoch: 2
[2025-08-31 01:07:21,894][root][INFO] - epoch: 3
[2025-08-31 01:14:56,606][root][INFO] - epoch: 4
[2025-08-31 01:22:31,166][root][INFO] - epoch: 5
[2025-08-31 01:30:05,564][root][INFO] - epoch: 6
[2025-08-31 01:37:41,811][root][INFO] - epoch: 7
[2025-08-31 01:45:17,063][root][INFO] - epoch: 8
[2025-08-31 01:52:53,659][root][INFO] - epoch: 9
[2025-08-31 02:00:31,039][root][INFO] - epoch: 10
[2025-08-31 02:08:06,708][root][INFO] - epoch: 11
[2025-08-31 02:15:41,909][root][INFO] - epoch: 12
[2025-08-31 02:23:17,170][root][INFO] - epoch: 13
[2025-08-31 02:30:52,771][root][INFO] - epoch: 14
[2025-08-31 02:38:27,544][root][INFO] - epoch: 15
[2025-08-31 02:46:02,444][root][INFO] - epoch: 16
[2025-08-31 02:53:39,262][root][INFO] - epoch: 17
[2025-08-31 03:01:15,845][root][INFO] - epoch: 18
[2025-08-31 03:08:52,747][root][INFO] - epoch: 19
[2025-08-31 03:16:27,835][root][INFO] - finished train
[2025-08-31 03:16:27,836][root][INFO] - starting eval
[2025-08-31 03:16:50,549][root][INFO] - finished eval
[2025-08-31 03:16:51,128][root][INFO] - starting train
[2025-08-31 03:16:51,128][root][INFO] - epoch: 0
[2025-08-31 03:24:26,322][root][INFO] - epoch: 1
[2025-08-31 03:32:01,854][root][INFO] - epoch: 2
[2025-08-31 03:39:36,642][root][INFO] - epoch: 3
[2025-08-31 03:47:14,221][root][INFO] - epoch: 4
[2025-08-31 03:54:50,884][root][INFO] - epoch: 5
[2025-08-31 04:02:26,868][root][INFO] - epoch: 6
[2025-08-31 04:10:02,606][root][INFO] - epoch: 7
[2025-08-31 04:17:39,515][root][INFO] - epoch: 8
[2025-08-31 04:25:14,856][root][INFO] - epoch: 9
[2025-08-31 04:32:50,731][root][INFO] - epoch: 10
[2025-08-31 04:40:28,474][root][INFO] - epoch: 11
[2025-08-31 04:48:05,578][root][INFO] - epoch: 12
[2025-08-31 04:55:40,313][root][INFO] - epoch: 13
[2025-08-31 05:03:14,325][root][INFO] - epoch: 14
[2025-08-31 05:10:50,033][root][INFO] - epoch: 15
[2025-08-31 05:18:25,496][root][INFO] - epoch: 16
[2025-08-31 05:26:00,891][root][INFO] - epoch: 17
[2025-08-31 05:33:35,219][root][INFO] - epoch: 18
[2025-08-31 05:41:09,336][root][INFO] - epoch: 19
[2025-08-31 05:48:46,097][root][INFO] - finished train
[2025-08-31 05:48:46,098][root][INFO] - starting eval
[2025-08-31 05:49:08,691][root][INFO] - finished eval
[2025-08-31 05:49:09,276][root][INFO] - starting train
[2025-08-31 05:49:09,276][root][INFO] - epoch: 0
[2025-08-31 05:56:44,494][root][INFO] - epoch: 1
[2025-08-31 06:04:17,891][root][INFO] - epoch: 2
[2025-08-31 06:11:54,265][root][INFO] - epoch: 3
[2025-08-31 06:19:30,194][root][INFO] - epoch: 4
[2025-08-31 06:27:05,875][root][INFO] - epoch: 5
[2025-08-31 06:34:40,170][root][INFO] - epoch: 6
[2025-08-31 06:42:15,295][root][INFO] - epoch: 7
[2025-08-31 06:49:51,330][root][INFO] - epoch: 8
[2025-08-31 06:57:26,483][root][INFO] - epoch: 9
[2025-08-31 07:05:03,478][root][INFO] - epoch: 10
[2025-08-31 07:12:38,020][root][INFO] - epoch: 11
[2025-08-31 07:20:13,080][root][INFO] - epoch: 12
[2025-08-31 07:27:48,929][root][INFO] - epoch: 13
[2025-08-31 07:35:25,806][root][INFO] - epoch: 14
[2025-08-31 07:42:59,377][root][INFO] - epoch: 15
[2025-08-31 07:50:35,167][root][INFO] - epoch: 16
[2025-08-31 07:58:09,803][root][INFO] - epoch: 17
[2025-08-31 08:05:44,715][root][INFO] - epoch: 18
[2025-08-31 08:13:21,750][root][INFO] - epoch: 19
[2025-08-31 08:20:56,926][root][INFO] - finished train
[2025-08-31 08:20:56,926][root][INFO] - starting eval
[2025-08-31 08:21:19,502][root][INFO] - finished eval
[2025-08-31 08:21:20,083][root][INFO] - starting train
[2025-08-31 08:21:20,083][root][INFO] - epoch: 0
[2025-08-31 08:28:56,676][root][INFO] - epoch: 1
[2025-08-31 08:36:33,782][root][INFO] - epoch: 2
[2025-08-31 08:44:09,828][root][INFO] - epoch: 3
[2025-08-31 08:51:46,839][root][INFO] - epoch: 4
[2025-08-31 08:59:24,261][root][INFO] - epoch: 5
[2025-08-31 09:06:58,268][root][INFO] - epoch: 6
[2025-08-31 09:14:32,420][root][INFO] - epoch: 7
[2025-08-31 09:22:08,629][root][INFO] - epoch: 8
[2025-08-31 09:29:44,691][root][INFO] - epoch: 9
[2025-08-31 09:37:20,106][root][INFO] - epoch: 10
[2025-08-31 09:44:56,235][root][INFO] - epoch: 11
[2025-08-31 09:52:32,183][root][INFO] - epoch: 12
[2025-08-31 10:00:07,825][root][INFO] - epoch: 13
[2025-08-31 10:07:43,817][root][INFO] - epoch: 14
[2025-08-31 10:15:18,764][root][INFO] - epoch: 15
[2025-08-31 10:22:53,570][root][INFO] - epoch: 16
[2025-08-31 10:30:27,424][root][INFO] - epoch: 17
[2025-08-31 10:38:03,641][root][INFO] - epoch: 18
[2025-08-31 10:45:39,343][root][INFO] - epoch: 19
[2025-08-31 10:53:14,692][root][INFO] - finished train
[2025-08-31 10:53:14,692][root][INFO] - starting eval
[2025-08-31 10:53:37,353][root][INFO] - finished eval
[2025-08-31 10:53:37,357][root][INFO] - Finished
[2025-08-31 10:53:37,357][root][INFO] -  lr: 2.09172546855847e-05
[2025-08-31 10:53:37,357][root][INFO] -  weight_decay: 5.342763791285684e-05
