[2025-09-03 21:52:57,240][root][INFO] - ORIGINAL CWD : /home/sota/research/sotaohnuma/coffee
[2025-09-03 21:52:57,241][root][INFO] - RUN CWD      : /home/sota/research/sotaohnuma/coffee/outputs/bean_224/swin_s/base/2025-09-03_21-52-57
[2025-09-03 21:52:57,241][root][INFO] - batch: 66, 
 {'batch_size': 66, '_target_': 'models.swin_s.swin_s', 'lr': 1.37e-05, 'weight_decay': 0.0081}
[2025-09-03 21:52:57,241][root][INFO] - lr: 1.37e-05, 
 {'_target_': 'models.swin_s.swin_s', 'lr': 1.37e-05, 'weight_decay': 0.0081}
[2025-09-03 21:52:57,241][root][INFO] - weight_decay: 0.0081, 
 {'_target_': 'models.swin_s.swin_s', 'weight_decay': 0.0081}
[2025-09-03 21:52:58,860][root][INFO] - Start loading train data
[2025-09-03 21:52:58,972][root][INFO] - Start loading val data
[2025-09-03 21:52:58,985][root][INFO] - Start loading test data
[2025-09-03 21:52:59,223][root][INFO] - Finished DataLoader setup
[2025-09-03 21:52:59,224][root][INFO] - Start: 0
[2025-09-03 22:06:09,450][root][INFO] - [01/100] train 78.267%/0.4661 | val 95.097%/0.1388
[2025-09-03 22:06:09,709][root][INFO] - Start: 1
[2025-09-03 22:19:28,047][root][INFO] - [02/100] train 95.462%/0.1184 | val 96.361%/0.0916
[2025-09-03 22:19:30,266][root][INFO] - Start: 2
[2025-09-03 22:32:47,713][root][INFO] - [03/100] train 97.481%/0.0671 | val 96.708%/0.0907
[2025-09-03 22:32:50,043][root][INFO] - Start: 3
[2025-09-03 22:46:06,478][root][INFO] - [04/100] train 98.717%/0.0343 | val 96.486%/0.1117
[2025-09-03 22:46:06,479][root][INFO] - Start: 4
[2025-09-03 22:59:21,002][root][INFO] - [05/100] train 99.427%/0.0163 | val 96.319%/0.1592
[2025-09-03 22:59:21,002][root][INFO] - Start: 5
[2025-09-03 23:12:35,373][root][INFO] - [06/100] train 99.634%/0.0109 | val 97.236%/0.1480
[2025-09-03 23:12:37,572][root][INFO] - Start: 6
[2025-09-03 23:25:51,864][root][INFO] - [07/100] train 99.762%/0.0073 | val 97.347%/0.1459
[2025-09-03 23:25:54,038][root][INFO] - Start: 7
[2025-09-03 23:39:12,063][root][INFO] - [08/100] train 99.807%/0.0059 | val 97.542%/0.1267
[2025-09-03 23:39:14,388][root][INFO] - Start: 8
[2025-09-03 23:52:31,165][root][INFO] - [09/100] train 99.830%/0.0052 | val 96.389%/0.1761
[2025-09-03 23:52:31,165][root][INFO] - Start: 9
[2025-09-04 00:05:47,887][root][INFO] - [10/100] train 99.866%/0.0040 | val 96.278%/0.2140
[2025-09-04 00:05:47,888][root][INFO] - Start: 10
[2025-09-04 00:19:02,895][root][INFO] - [11/100] train 99.819%/0.0051 | val 96.847%/0.1703
[2025-09-04 00:19:02,896][root][INFO] - Start: 11
[2025-09-04 00:32:17,434][root][INFO] - [12/100] train 99.891%/0.0032 | val 97.431%/0.1401
[2025-09-04 00:32:17,435][root][INFO] - Start: 12
[2025-09-04 00:45:35,486][root][INFO] - [13/100] train 99.932%/0.0024 | val 95.986%/0.2168
[2025-09-04 00:45:35,487][root][INFO] - Start: 13
[2025-09-04 00:58:53,410][root][INFO] - [14/100] train 99.906%/0.0032 | val 96.528%/0.1998
[2025-09-04 00:58:53,410][root][INFO] - Start: 14
[2025-09-04 01:12:07,890][root][INFO] - [15/100] train 99.932%/0.0021 | val 97.778%/0.1637
[2025-09-04 01:12:10,490][root][INFO] - Start: 15
[2025-09-04 01:25:29,629][root][INFO] - [16/100] train 99.927%/0.0023 | val 97.306%/0.1959
[2025-09-04 01:25:29,629][root][INFO] - Start: 16
[2025-09-04 01:38:46,506][root][INFO] - [17/100] train 99.962%/0.0013 | val 97.444%/0.1199
[2025-09-04 01:38:46,506][root][INFO] - Start: 17
[2025-09-04 01:52:02,956][root][INFO] - [18/100] train 99.925%/0.0023 | val 96.431%/0.1984
[2025-09-04 01:52:02,957][root][INFO] - Start: 18
[2025-09-04 02:05:20,837][root][INFO] - [19/100] train 99.920%/0.0026 | val 97.806%/0.1402
[2025-09-04 02:05:22,990][root][INFO] - Start: 19
[2025-09-04 02:18:40,821][root][INFO] - [20/100] train 99.990%/0.0004 | val 97.472%/0.1879
[2025-09-04 02:18:40,822][root][INFO] - Start: 20
[2025-09-04 02:31:56,806][root][INFO] - [21/100] train 99.953%/0.0016 | val 97.750%/0.1607
[2025-09-04 02:31:56,806][root][INFO] - Start: 21
[2025-09-04 02:45:11,492][root][INFO] - [22/100] train 99.931%/0.0020 | val 96.917%/0.2216
[2025-09-04 02:45:11,492][root][INFO] - Start: 22
[2025-09-04 02:58:28,844][root][INFO] - [23/100] train 99.977%/0.0006 | val 97.028%/0.2678
[2025-09-04 02:58:28,845][root][INFO] - Start: 23
[2025-09-04 03:11:49,850][root][INFO] - [24/100] train 99.955%/0.0014 | val 96.528%/0.2404
[2025-09-04 03:11:49,850][root][INFO] - Start: 24
[2025-09-04 03:25:10,837][root][INFO] - [25/100] train 99.955%/0.0015 | val 97.736%/0.1420
[2025-09-04 03:25:10,837][root][INFO] - Start: 25
[2025-09-04 03:38:27,695][root][INFO] - [26/100] train 99.993%/0.0003 | val 97.125%/0.2002
[2025-09-04 03:38:27,695][root][INFO] - Start: 26
[2025-09-04 03:51:41,942][root][INFO] - [27/100] train 99.964%/0.0013 | val 97.194%/0.2255
[2025-09-04 03:51:41,942][root][INFO] - Start: 27
[2025-09-04 04:04:58,417][root][INFO] - [28/100] train 99.964%/0.0010 | val 96.736%/0.2392
[2025-09-04 04:04:58,418][root][INFO] - Start: 28
[2025-09-04 04:18:14,247][root][INFO] - [29/100] train 99.976%/0.0008 | val 96.653%/0.2524
[2025-09-04 04:18:14,247][root][INFO] - Start: 29
[2025-09-04 04:31:32,730][root][INFO] - [30/100] train 99.986%/0.0006 | val 97.208%/0.2111
[2025-09-04 04:31:32,730][root][INFO] - Start: 30
[2025-09-04 04:44:47,336][root][INFO] - [31/100] train 99.979%/0.0005 | val 97.722%/0.2152
[2025-09-04 04:44:47,337][root][INFO] - Start: 31
[2025-09-04 04:58:05,604][root][INFO] - [32/100] train 99.976%/0.0007 | val 97.458%/0.1675
[2025-09-04 04:58:05,605][root][INFO] - Start: 32
[2025-09-04 05:11:20,764][root][INFO] - [33/100] train 99.995%/0.0003 | val 96.833%/0.2461
[2025-09-04 05:11:20,764][root][INFO] - Start: 33
[2025-09-04 05:24:39,779][root][INFO] - [34/100] train 99.990%/0.0005 | val 97.319%/0.2322
[2025-09-04 05:24:39,779][root][INFO] - Start: 34
[2025-09-04 05:37:56,756][root][INFO] - [35/100] train 99.955%/0.0012 | val 97.389%/0.1823
[2025-09-04 05:37:56,757][root][INFO] - Start: 35
[2025-09-04 05:51:11,702][root][INFO] - [36/100] train 99.995%/0.0001 | val 97.347%/0.2141
[2025-09-04 05:51:11,702][root][INFO] - Start: 36
[2025-09-04 06:04:24,328][root][INFO] - [37/100] train 99.979%/0.0009 | val 96.500%/0.2389
[2025-09-04 06:04:24,328][root][INFO] - Start: 37
[2025-09-04 06:17:37,528][root][INFO] - [38/100] train 99.983%/0.0005 | val 96.778%/0.2651
[2025-09-04 06:17:37,529][root][INFO] - Start: 38
[2025-09-04 06:30:49,218][root][INFO] - [39/100] train 99.974%/0.0007 | val 96.681%/0.2745
[2025-09-04 06:30:49,219][root][INFO] - Start: 39
[2025-09-04 06:44:04,100][root][INFO] - [40/100] train 99.981%/0.0005 | val 96.792%/0.2988
[2025-09-04 06:44:04,100][root][INFO] - Start: 40
[2025-09-04 06:57:16,314][root][INFO] - [41/100] train 99.990%/0.0006 | val 96.917%/0.2329
[2025-09-04 06:57:16,315][root][INFO] - Start: 41
[2025-09-04 07:10:30,119][root][INFO] - [42/100] train 99.993%/0.0004 | val 96.181%/0.2814
[2025-09-04 07:10:30,119][root][INFO] - Start: 42
[2025-09-04 07:23:48,122][root][INFO] - [43/100] train 100.000%/0.0000 | val 97.222%/0.2323
[2025-09-04 07:23:48,123][root][INFO] - Start: 43
[2025-09-04 07:37:05,344][root][INFO] - [44/100] train 99.988%/0.0004 | val 96.500%/0.2919
[2025-09-04 07:37:05,344][root][INFO] - Start: 44
[2025-09-04 07:50:23,475][root][INFO] - [45/100] train 99.990%/0.0003 | val 97.625%/0.2450
[2025-09-04 07:50:23,475][root][INFO] - Start: 45
[2025-09-04 08:03:38,458][root][INFO] - [46/100] train 99.990%/0.0004 | val 96.514%/0.2727
[2025-09-04 08:03:38,458][root][INFO] - Start: 46
[2025-09-04 08:16:53,742][root][INFO] - [47/100] train 100.000%/0.0000 | val 97.014%/0.2612
[2025-09-04 08:16:53,743][root][INFO] - Start: 47
[2025-09-04 08:30:10,244][root][INFO] - [48/100] train 99.972%/0.0009 | val 97.139%/0.1951
[2025-09-04 08:30:10,244][root][INFO] - Start: 48
[2025-09-04 08:43:28,304][root][INFO] - [49/100] train 100.000%/0.0000 | val 97.097%/0.2271
[2025-09-04 08:43:28,304][root][INFO] - Start: 49
[2025-09-04 08:56:45,598][root][INFO] - [50/100] train 99.990%/0.0003 | val 97.236%/0.2324
[2025-09-04 08:56:45,599][root][INFO] - Start: 50
[2025-09-04 09:10:04,597][root][INFO] - [51/100] train 99.998%/0.0000 | val 96.917%/0.2579
[2025-09-04 09:10:04,598][root][INFO] - Start: 51
[2025-09-04 09:23:23,918][root][INFO] - [52/100] train 100.000%/0.0000 | val 97.306%/0.2540
[2025-09-04 09:23:23,918][root][INFO] - Start: 52
[2025-09-04 09:36:42,744][root][INFO] - [53/100] train 99.984%/0.0005 | val 97.403%/0.2382
[2025-09-04 09:36:42,745][root][INFO] - Start: 53
[2025-09-04 09:49:58,152][root][INFO] - [54/100] train 99.997%/0.0002 | val 96.778%/0.2944
[2025-09-04 09:49:58,152][root][INFO] - Start: 54
[2025-09-04 10:03:19,916][root][INFO] - [55/100] train 99.988%/0.0002 | val 96.764%/0.3136
[2025-09-04 10:03:19,916][root][INFO] - Start: 55
[2025-09-04 10:16:34,644][root][INFO] - [56/100] train 99.998%/0.0001 | val 96.667%/0.3160
[2025-09-04 10:16:34,645][root][INFO] - Start: 56
[2025-09-04 10:29:50,558][root][INFO] - [57/100] train 100.000%/0.0000 | val 96.722%/0.3190
[2025-09-04 10:29:50,559][root][INFO] - Start: 57
[2025-09-04 10:43:09,675][root][INFO] - [58/100] train 100.000%/0.0000 | val 97.000%/0.3085
[2025-09-04 10:43:09,675][root][INFO] - Start: 58
[2025-09-04 10:56:26,662][root][INFO] - [59/100] train 100.000%/0.0000 | val 96.875%/0.3271
[2025-09-04 10:56:26,662][root][INFO] - Start: 59
[2025-09-04 11:09:38,985][root][INFO] - [60/100] train 100.000%/0.0000 | val 97.139%/0.3161
[2025-09-04 11:09:38,985][root][INFO] - Start: 60
[2025-09-04 11:22:54,314][root][INFO] - [61/100] train 100.000%/0.0000 | val 97.389%/0.3164
[2025-09-04 11:22:54,314][root][INFO] - Start: 61
[2025-09-04 11:36:09,591][root][INFO] - [62/100] train 100.000%/0.0000 | val 97.181%/0.3355
[2025-09-04 11:36:09,591][root][INFO] - Start: 62
[2025-09-04 11:49:22,539][root][INFO] - [63/100] train 99.998%/0.0003 | val 96.931%/0.3227
[2025-09-04 11:49:22,539][root][INFO] - Start: 63
[2025-09-04 12:02:38,200][root][INFO] - [64/100] train 100.000%/0.0000 | val 96.653%/0.3568
[2025-09-04 12:02:38,201][root][INFO] - Start: 64
[2025-09-04 12:15:56,888][root][INFO] - [65/100] train 99.990%/0.0003 | val 97.181%/0.2848
[2025-09-04 12:15:56,889][root][INFO] - Start: 65
[2025-09-04 12:29:11,769][root][INFO] - [66/100] train 100.000%/0.0000 | val 97.097%/0.3086
[2025-09-04 12:29:11,769][root][INFO] - Start: 66
[2025-09-04 12:42:29,946][root][INFO] - [67/100] train 100.000%/0.0000 | val 96.958%/0.3239
[2025-09-04 12:42:29,947][root][INFO] - Start: 67
[2025-09-04 12:55:47,408][root][INFO] - [68/100] train 100.000%/0.0000 | val 97.403%/0.2910
[2025-09-04 12:55:47,408][root][INFO] - Start: 68
[2025-09-04 13:09:06,543][root][INFO] - [69/100] train 100.000%/0.0000 | val 97.125%/0.3122
[2025-09-04 13:09:06,543][root][INFO] - Start: 69
[2025-09-04 13:22:22,354][root][INFO] - [70/100] train 99.993%/0.0002 | val 97.639%/0.2654
[2025-09-04 13:22:22,354][root][INFO] - Start: 70
[2025-09-04 13:35:43,320][root][INFO] - [71/100] train 100.000%/0.0000 | val 97.889%/0.2556
[2025-09-04 13:35:46,001][root][INFO] - Start: 71
[2025-09-04 13:49:01,898][root][INFO] - [72/100] train 99.998%/0.0000 | val 97.083%/0.3084
[2025-09-04 13:49:01,899][root][INFO] - Start: 72
[2025-09-04 14:02:14,039][root][INFO] - [73/100] train 100.000%/0.0000 | val 97.319%/0.2972
[2025-09-04 14:02:14,040][root][INFO] - Start: 73
[2025-09-04 14:15:34,616][root][INFO] - [74/100] train 100.000%/0.0000 | val 97.403%/0.2906
[2025-09-04 14:15:34,616][root][INFO] - Start: 74
[2025-09-04 14:28:54,425][root][INFO] - [75/100] train 100.000%/0.0000 | val 97.389%/0.3017
[2025-09-04 14:28:54,425][root][INFO] - Start: 75
[2025-09-04 14:42:14,205][root][INFO] - [76/100] train 99.995%/0.0001 | val 96.500%/0.3607
[2025-09-04 14:42:14,205][root][INFO] - Start: 76
[2025-09-04 14:55:31,118][root][INFO] - [77/100] train 99.998%/0.0000 | val 97.264%/0.2926
[2025-09-04 14:55:31,118][root][INFO] - Start: 77
[2025-09-04 15:08:51,819][root][INFO] - [78/100] train 100.000%/0.0000 | val 97.250%/0.2947
[2025-09-04 15:08:51,819][root][INFO] - Start: 78
[2025-09-04 15:22:09,553][root][INFO] - [79/100] train 100.000%/0.0000 | val 97.597%/0.2698
[2025-09-04 15:22:09,554][root][INFO] - Start: 79
[2025-09-04 15:35:23,484][root][INFO] - [80/100] train 99.998%/0.0000 | val 97.069%/0.3121
[2025-09-04 15:35:23,485][root][INFO] - Start: 80
[2025-09-04 15:48:40,953][root][INFO] - [81/100] train 100.000%/0.0000 | val 96.764%/0.3414
[2025-09-04 15:48:40,953][root][INFO] - Start: 81
[2025-09-04 16:01:57,525][root][INFO] - [82/100] train 100.000%/0.0000 | val 96.333%/0.3899
[2025-09-04 16:01:57,525][root][INFO] - Start: 82
[2025-09-04 16:15:15,599][root][INFO] - [83/100] train 100.000%/0.0000 | val 96.458%/0.3798
[2025-09-04 16:15:15,600][root][INFO] - Start: 83
[2025-09-04 16:28:28,949][root][INFO] - [84/100] train 100.000%/0.0000 | val 97.208%/0.3171
[2025-09-04 16:28:28,949][root][INFO] - Start: 84
[2025-09-04 16:41:46,627][root][INFO] - [85/100] train 100.000%/0.0000 | val 97.111%/0.3234
[2025-09-04 16:41:46,627][root][INFO] - Start: 85
[2025-09-04 16:55:04,544][root][INFO] - [86/100] train 100.000%/0.0000 | val 96.972%/0.3391
[2025-09-04 16:55:04,545][root][INFO] - Start: 86
[2025-09-04 17:08:18,016][root][INFO] - [87/100] train 100.000%/0.0000 | val 97.042%/0.3366
[2025-09-04 17:08:18,016][root][INFO] - Start: 87
[2025-09-04 17:21:34,617][root][INFO] - [88/100] train 100.000%/0.0000 | val 96.556%/0.3800
[2025-09-04 17:21:34,617][root][INFO] - Start: 88
[2025-09-04 17:34:53,810][root][INFO] - [89/100] train 100.000%/0.0000 | val 96.958%/0.3518
[2025-09-04 17:34:53,810][root][INFO] - Start: 89
[2025-09-04 17:48:10,658][root][INFO] - [90/100] train 100.000%/0.0000 | val 96.986%/0.3512
[2025-09-04 17:48:10,658][root][INFO] - Start: 90
[2025-09-04 18:01:28,747][root][INFO] - [91/100] train 100.000%/0.0000 | val 97.014%/0.3471
[2025-09-04 18:01:28,747][root][INFO] - Start: 91
[2025-09-04 18:14:45,497][root][INFO] - [92/100] train 100.000%/0.0000 | val 97.153%/0.3392
[2025-09-04 18:14:45,497][root][INFO] - Start: 92
[2025-09-04 18:28:02,162][root][INFO] - [93/100] train 100.000%/0.0000 | val 97.111%/0.3431
[2025-09-04 18:28:02,163][root][INFO] - Start: 93
[2025-09-04 18:41:21,685][root][INFO] - [94/100] train 100.000%/0.0000 | val 97.000%/0.3560
[2025-09-04 18:41:21,685][root][INFO] - Start: 94
[2025-09-04 18:54:38,747][root][INFO] - [95/100] train 100.000%/0.0000 | val 97.000%/0.3594
[2025-09-04 18:54:38,747][root][INFO] - Start: 95
[2025-09-04 19:07:52,764][root][INFO] - [96/100] train 100.000%/0.0000 | val 96.917%/0.3671
[2025-09-04 19:07:52,764][root][INFO] - Start: 96
[2025-09-04 19:21:12,262][root][INFO] - [97/100] train 100.000%/0.0000 | val 96.917%/0.3694
[2025-09-04 19:21:12,263][root][INFO] - Start: 97
[2025-09-04 19:34:27,339][root][INFO] - [98/100] train 100.000%/0.0000 | val 96.917%/0.3689
[2025-09-04 19:34:27,339][root][INFO] - Start: 98
[2025-09-04 19:47:42,782][root][INFO] - [99/100] train 100.000%/0.0000 | val 96.917%/0.3683
[2025-09-04 19:47:42,782][root][INFO] - Start: 99
[2025-09-04 20:00:58,060][root][INFO] - [100/100] train 99.998%/0.0003 | val 96.917%/0.3682
[2025-09-04 20:01:34,746][root][INFO] - 
[Test Evaluation]
[2025-09-04 20:01:34,746][root][INFO] -  Accuracy : 0.982
[2025-09-04 20:01:34,746][root][INFO] -  Precision: 0.970
[2025-09-04 20:01:34,746][root][INFO] -  Recall   : 0.994
[2025-09-04 20:01:34,746][root][INFO] -  F1       : 0.982
[2025-09-04 20:01:34,746][root][INFO] -  Auc      : 0.998
