[2025-07-25 08:44:59,442][root][INFO] - ORIGINAL CWD : /home/sota/research/sotaohnuma/coffee
[2025-07-25 08:44:59,443][root][INFO] - RUN CWD      : /home/sota/research/sotaohnuma/coffee/outputs/bean_224/resnet50/base/2025-07-25_08-44-59
[2025-07-25 08:44:59,443][root][INFO] - batch: 137, 
 {'batch_size': 137, '_target_': 'models.resnet50.resnet50'}
[2025-07-25 08:44:59,444][root][INFO] - Start loading train data
[2025-07-25 08:44:59,682][root][INFO] - Start loading val data
[2025-07-25 08:44:59,712][root][INFO] - Start loading test data
[2025-07-25 08:44:59,738][root][INFO] - Finished DataLoader setup
[2025-07-25 08:44:59,738][root][INFO] - Starting Optimize
[2025-07-25 08:45:01,538][root][INFO] - starting train
[2025-07-25 08:45:01,538][root][INFO] - epoch: 0
[2025-07-25 08:50:36,712][root][INFO] - epoch: 1
[2025-07-25 08:56:13,874][root][INFO] - epoch: 2
[2025-07-25 09:01:51,089][root][INFO] - epoch: 3
[2025-07-25 09:07:30,138][root][INFO] - epoch: 4
[2025-07-25 09:13:08,261][root][INFO] - epoch: 5
[2025-07-25 09:18:45,842][root][INFO] - epoch: 6
[2025-07-25 09:24:24,387][root][INFO] - epoch: 7
[2025-07-25 09:30:02,067][root][INFO] - epoch: 8
[2025-07-25 09:35:39,512][root][INFO] - epoch: 9
[2025-07-25 09:41:15,750][root][INFO] - epoch: 10
[2025-07-25 09:46:52,329][root][INFO] - epoch: 11
[2025-07-25 09:52:29,921][root][INFO] - epoch: 12
[2025-07-25 09:58:07,619][root][INFO] - epoch: 13
[2025-07-25 10:03:45,499][root][INFO] - epoch: 14
[2025-07-25 10:09:24,150][root][INFO] - epoch: 15
[2025-07-25 10:15:01,791][root][INFO] - epoch: 16
[2025-07-25 10:20:38,500][root][INFO] - epoch: 17
[2025-07-25 10:26:15,089][root][INFO] - epoch: 18
[2025-07-25 10:31:52,498][root][INFO] - epoch: 19
[2025-07-25 10:37:29,544][root][INFO] - finished train
[2025-07-25 10:37:29,544][root][INFO] - starting eval
[2025-07-25 10:37:49,190][root][INFO] - finished eval
[2025-07-25 10:37:51,059][root][INFO] - starting train
[2025-07-25 10:37:51,060][root][INFO] - epoch: 0
[2025-07-25 10:43:28,879][root][INFO] - epoch: 1
[2025-07-25 10:49:06,514][root][INFO] - epoch: 2
[2025-07-25 10:54:45,213][root][INFO] - epoch: 3
[2025-07-25 11:00:22,247][root][INFO] - epoch: 4
[2025-07-25 11:06:01,073][root][INFO] - epoch: 5
[2025-07-25 11:11:40,107][root][INFO] - epoch: 6
[2025-07-25 11:17:19,245][root][INFO] - epoch: 7
[2025-07-25 11:22:57,441][root][INFO] - epoch: 8
[2025-07-25 11:28:36,294][root][INFO] - epoch: 9
[2025-07-25 11:34:15,304][root][INFO] - epoch: 10
[2025-07-25 11:39:53,294][root][INFO] - epoch: 11
[2025-07-25 11:45:33,296][root][INFO] - epoch: 12
[2025-07-25 11:51:13,415][root][INFO] - epoch: 13
[2025-07-25 11:56:52,288][root][INFO] - epoch: 14
[2025-07-25 12:02:31,472][root][INFO] - epoch: 15
[2025-07-25 12:08:09,261][root][INFO] - epoch: 16
[2025-07-25 12:13:46,817][root][INFO] - epoch: 17
[2025-07-25 12:19:23,354][root][INFO] - epoch: 18
[2025-07-25 12:25:00,135][root][INFO] - epoch: 19
[2025-07-25 12:30:38,950][root][INFO] - finished train
[2025-07-25 12:30:38,951][root][INFO] - starting eval
[2025-07-25 12:30:54,007][root][INFO] - finished eval
[2025-07-25 12:30:55,765][root][INFO] - starting train
[2025-07-25 12:30:55,766][root][INFO] - epoch: 0
[2025-07-25 12:36:32,108][root][INFO] - epoch: 1
[2025-07-25 12:42:09,250][root][INFO] - epoch: 2
[2025-07-25 12:47:45,550][root][INFO] - epoch: 3
[2025-07-25 12:53:22,899][root][INFO] - epoch: 4
[2025-07-25 12:59:00,795][root][INFO] - epoch: 5
[2025-07-25 13:04:38,467][root][INFO] - epoch: 6
[2025-07-25 13:10:15,270][root][INFO] - epoch: 7
[2025-07-25 13:15:52,227][root][INFO] - epoch: 8
[2025-07-25 13:21:29,417][root][INFO] - epoch: 9
[2025-07-25 13:27:06,678][root][INFO] - epoch: 10
[2025-07-25 13:32:44,164][root][INFO] - epoch: 11
[2025-07-25 13:38:22,591][root][INFO] - epoch: 12
[2025-07-25 13:44:00,885][root][INFO] - epoch: 13
[2025-07-25 13:49:38,672][root][INFO] - epoch: 14
[2025-07-25 13:55:17,890][root][INFO] - epoch: 15
[2025-07-25 14:00:56,650][root][INFO] - epoch: 16
[2025-07-25 14:06:35,703][root][INFO] - epoch: 17
[2025-07-25 14:12:12,458][root][INFO] - epoch: 18
[2025-07-25 14:17:50,747][root][INFO] - epoch: 19
[2025-07-25 14:23:29,115][root][INFO] - finished train
[2025-07-25 14:23:29,115][root][INFO] - starting eval
[2025-07-25 14:23:47,691][root][INFO] - finished eval
[2025-07-25 14:23:49,761][root][INFO] - starting train
[2025-07-25 14:23:49,762][root][INFO] - epoch: 0
[2025-07-25 14:29:28,579][root][INFO] - epoch: 1
[2025-07-25 14:35:07,199][root][INFO] - epoch: 2
[2025-07-25 14:40:46,754][root][INFO] - epoch: 3
[2025-07-25 14:46:25,981][root][INFO] - epoch: 4
[2025-07-25 14:52:06,168][root][INFO] - epoch: 5
[2025-07-25 14:57:44,932][root][INFO] - epoch: 6
[2025-07-25 15:03:23,619][root][INFO] - epoch: 7
[2025-07-25 15:09:02,540][root][INFO] - epoch: 8
[2025-07-25 15:14:41,700][root][INFO] - epoch: 9
[2025-07-25 15:20:21,469][root][INFO] - epoch: 10
[2025-07-25 15:26:00,691][root][INFO] - epoch: 11
[2025-07-25 15:31:39,978][root][INFO] - epoch: 12
[2025-07-25 15:37:19,290][root][INFO] - epoch: 13
[2025-07-25 15:42:58,816][root][INFO] - epoch: 14
[2025-07-25 15:48:38,324][root][INFO] - epoch: 15
[2025-07-25 15:54:16,551][root][INFO] - epoch: 16
[2025-07-25 15:59:54,671][root][INFO] - epoch: 17
[2025-07-25 16:05:32,858][root][INFO] - epoch: 18
[2025-07-25 16:11:10,027][root][INFO] - epoch: 19
[2025-07-25 16:16:47,683][root][INFO] - finished train
[2025-07-25 16:16:47,684][root][INFO] - starting eval
[2025-07-25 16:17:03,920][root][INFO] - finished eval
[2025-07-25 16:17:06,087][root][INFO] - starting train
[2025-07-25 16:17:06,088][root][INFO] - epoch: 0
[2025-07-25 16:22:43,501][root][INFO] - epoch: 1
[2025-07-25 16:28:22,289][root][INFO] - epoch: 2
[2025-07-25 16:34:00,592][root][INFO] - epoch: 3
[2025-07-25 16:39:39,611][root][INFO] - epoch: 4
[2025-07-25 16:45:19,180][root][INFO] - epoch: 5
[2025-07-25 16:50:59,238][root][INFO] - epoch: 6
[2025-07-25 16:56:39,421][root][INFO] - epoch: 7
[2025-07-25 17:02:18,122][root][INFO] - epoch: 8
[2025-07-25 17:07:55,964][root][INFO] - epoch: 9
[2025-07-25 17:13:34,877][root][INFO] - epoch: 10
[2025-07-25 17:19:14,259][root][INFO] - epoch: 11
[2025-07-25 17:24:54,646][root][INFO] - epoch: 12
[2025-07-25 17:30:34,856][root][INFO] - epoch: 13
[2025-07-25 17:36:14,268][root][INFO] - epoch: 14
[2025-07-25 17:41:53,732][root][INFO] - epoch: 15
[2025-07-25 17:47:32,605][root][INFO] - epoch: 16
[2025-07-25 17:53:11,727][root][INFO] - epoch: 17
[2025-07-25 17:58:50,300][root][INFO] - epoch: 18
[2025-07-25 18:04:29,793][root][INFO] - epoch: 19
[2025-07-25 18:10:08,384][root][INFO] - finished train
[2025-07-25 18:10:08,385][root][INFO] - starting eval
[2025-07-25 18:10:25,389][root][INFO] - finished eval
[2025-07-25 18:10:26,976][root][INFO] - starting train
[2025-07-25 18:10:26,977][root][INFO] - epoch: 0
[2025-07-25 18:16:05,699][root][INFO] - epoch: 1
[2025-07-25 18:21:45,389][root][INFO] - epoch: 2
[2025-07-25 18:27:24,989][root][INFO] - epoch: 3
[2025-07-25 18:33:04,628][root][INFO] - epoch: 4
[2025-07-25 18:38:43,558][root][INFO] - epoch: 5
[2025-07-25 18:44:22,860][root][INFO] - epoch: 6
[2025-07-25 18:50:01,726][root][INFO] - epoch: 7
[2025-07-25 18:55:40,668][root][INFO] - epoch: 8
[2025-07-25 19:01:19,640][root][INFO] - epoch: 9
[2025-07-25 19:06:57,893][root][INFO] - epoch: 10
[2025-07-25 19:12:35,892][root][INFO] - epoch: 11
[2025-07-25 19:18:13,896][root][INFO] - epoch: 12
[2025-07-25 19:23:52,583][root][INFO] - epoch: 13
[2025-07-25 19:29:30,709][root][INFO] - epoch: 14
[2025-07-25 19:35:08,934][root][INFO] - epoch: 15
[2025-07-25 19:40:47,376][root][INFO] - epoch: 16
[2025-07-25 19:46:25,727][root][INFO] - epoch: 17
[2025-07-25 19:52:04,106][root][INFO] - epoch: 18
[2025-07-25 19:57:42,916][root][INFO] - epoch: 19
[2025-07-25 20:03:21,019][root][INFO] - finished train
[2025-07-25 20:03:21,020][root][INFO] - starting eval
[2025-07-25 20:03:37,618][root][INFO] - finished eval
[2025-07-25 20:03:39,595][root][INFO] - starting train
[2025-07-25 20:03:39,596][root][INFO] - epoch: 0
[2025-07-25 20:09:17,528][root][INFO] - epoch: 1
[2025-07-25 20:14:56,089][root][INFO] - epoch: 2
[2025-07-25 20:20:34,406][root][INFO] - epoch: 3
[2025-07-25 20:26:12,440][root][INFO] - epoch: 4
[2025-07-25 20:31:49,094][root][INFO] - epoch: 5
[2025-07-25 20:37:25,441][root][INFO] - epoch: 6
[2025-07-25 20:43:01,838][root][INFO] - epoch: 7
[2025-07-25 20:48:38,536][root][INFO] - epoch: 8
[2025-07-25 20:54:14,829][root][INFO] - epoch: 9
[2025-07-25 20:59:51,730][root][INFO] - epoch: 10
[2025-07-25 21:05:29,238][root][INFO] - epoch: 11
[2025-07-25 21:11:06,869][root][INFO] - epoch: 12
[2025-07-25 21:16:43,614][root][INFO] - epoch: 13
[2025-07-25 21:22:20,098][root][INFO] - epoch: 14
[2025-07-25 21:27:57,627][root][INFO] - epoch: 15
[2025-07-25 21:33:34,659][root][INFO] - epoch: 16
[2025-07-25 21:39:12,048][root][INFO] - epoch: 17
[2025-07-25 21:44:48,693][root][INFO] - epoch: 18
[2025-07-25 21:50:25,455][root][INFO] - epoch: 19
[2025-07-25 21:56:02,419][root][INFO] - finished train
[2025-07-25 21:56:02,419][root][INFO] - starting eval
[2025-07-25 21:56:19,208][root][INFO] - finished eval
[2025-07-25 21:56:20,913][root][INFO] - starting train
[2025-07-25 21:56:20,914][root][INFO] - epoch: 0
[2025-07-25 22:01:59,721][root][INFO] - epoch: 1
[2025-07-25 22:07:38,217][root][INFO] - epoch: 2
[2025-07-25 22:13:17,033][root][INFO] - epoch: 3
[2025-07-25 22:18:55,957][root][INFO] - epoch: 4
[2025-07-25 22:24:34,786][root][INFO] - epoch: 5
[2025-07-25 22:30:13,998][root][INFO] - epoch: 6
[2025-07-25 22:35:52,080][root][INFO] - epoch: 7
[2025-07-25 22:41:31,271][root][INFO] - epoch: 8
[2025-07-25 22:47:09,200][root][INFO] - epoch: 9
[2025-07-25 22:52:46,036][root][INFO] - epoch: 10
[2025-07-25 22:58:23,823][root][INFO] - epoch: 11
[2025-07-25 23:04:01,990][root][INFO] - epoch: 12
[2025-07-25 23:09:40,285][root][INFO] - epoch: 13
[2025-07-25 23:15:18,670][root][INFO] - epoch: 14
[2025-07-25 23:20:57,286][root][INFO] - epoch: 15
[2025-07-25 23:26:35,741][root][INFO] - epoch: 16
[2025-07-25 23:32:13,924][root][INFO] - epoch: 17
[2025-07-25 23:37:52,440][root][INFO] - epoch: 18
[2025-07-25 23:43:29,883][root][INFO] - epoch: 19
[2025-07-25 23:49:06,571][root][INFO] - finished train
[2025-07-25 23:49:06,572][root][INFO] - starting eval
[2025-07-25 23:49:21,584][root][INFO] - finished eval
[2025-07-25 23:49:23,029][root][INFO] - starting train
[2025-07-25 23:49:23,029][root][INFO] - epoch: 0
[2025-07-25 23:54:59,303][root][INFO] - epoch: 1
[2025-07-26 00:00:36,474][root][INFO] - epoch: 2
[2025-07-26 00:06:14,205][root][INFO] - epoch: 3
[2025-07-26 00:11:51,058][root][INFO] - epoch: 4
[2025-07-26 00:17:28,285][root][INFO] - epoch: 5
[2025-07-26 00:23:05,432][root][INFO] - epoch: 6
[2025-07-26 00:28:41,999][root][INFO] - epoch: 7
[2025-07-26 00:34:19,473][root][INFO] - epoch: 8
[2025-07-26 00:39:56,701][root][INFO] - epoch: 9
[2025-07-26 00:45:33,134][root][INFO] - epoch: 10
[2025-07-26 00:51:09,876][root][INFO] - epoch: 11
[2025-07-26 00:56:47,023][root][INFO] - epoch: 12
[2025-07-26 01:02:22,536][root][INFO] - epoch: 13
[2025-07-26 01:07:58,135][root][INFO] - epoch: 14
[2025-07-26 01:13:32,883][root][INFO] - epoch: 15
[2025-07-26 01:19:07,608][root][INFO] - epoch: 16
[2025-07-26 01:24:42,591][root][INFO] - epoch: 17
[2025-07-26 01:30:17,292][root][INFO] - epoch: 18
[2025-07-26 01:35:52,327][root][INFO] - epoch: 19
[2025-07-26 01:41:27,146][root][INFO] - finished train
[2025-07-26 01:41:27,146][root][INFO] - starting eval
[2025-07-26 01:41:41,077][root][INFO] - finished eval
[2025-07-26 01:41:42,580][root][INFO] - starting train
[2025-07-26 01:41:42,580][root][INFO] - epoch: 0
[2025-07-26 01:47:17,449][root][INFO] - epoch: 1
[2025-07-26 01:52:52,215][root][INFO] - epoch: 2
[2025-07-26 01:58:27,043][root][INFO] - epoch: 3
[2025-07-26 02:04:01,514][root][INFO] - epoch: 4
[2025-07-26 02:09:36,321][root][INFO] - epoch: 5
[2025-07-26 02:15:10,897][root][INFO] - epoch: 6
[2025-07-26 02:20:45,765][root][INFO] - epoch: 7
[2025-07-26 02:26:20,455][root][INFO] - epoch: 8
[2025-07-26 02:31:54,677][root][INFO] - epoch: 9
[2025-07-26 02:37:29,554][root][INFO] - epoch: 10
[2025-07-26 02:43:03,697][root][INFO] - epoch: 11
[2025-07-26 02:48:38,325][root][INFO] - epoch: 12
[2025-07-26 02:54:13,404][root][INFO] - epoch: 13
[2025-07-26 02:59:47,680][root][INFO] - epoch: 14
[2025-07-26 03:05:22,145][root][INFO] - epoch: 15
[2025-07-26 03:10:56,518][root][INFO] - epoch: 16
[2025-07-26 03:16:31,271][root][INFO] - epoch: 17
[2025-07-26 03:22:05,739][root][INFO] - epoch: 18
[2025-07-26 03:27:40,470][root][INFO] - epoch: 19
[2025-07-26 03:33:15,285][root][INFO] - finished train
[2025-07-26 03:33:15,286][root][INFO] - starting eval
[2025-07-26 03:33:28,846][root][INFO] - finished eval
[2025-07-26 03:33:30,543][root][INFO] - starting train
[2025-07-26 03:33:30,544][root][INFO] - epoch: 0
[2025-07-26 03:39:05,175][root][INFO] - epoch: 1
[2025-07-26 03:44:39,634][root][INFO] - epoch: 2
[2025-07-26 03:50:13,905][root][INFO] - epoch: 3
[2025-07-26 03:55:48,326][root][INFO] - epoch: 4
[2025-07-26 04:01:22,642][root][INFO] - epoch: 5
[2025-07-26 04:06:56,990][root][INFO] - epoch: 6
[2025-07-26 04:12:31,628][root][INFO] - epoch: 7
[2025-07-26 04:18:05,988][root][INFO] - epoch: 8
[2025-07-26 04:23:40,260][root][INFO] - epoch: 9
[2025-07-26 04:29:14,573][root][INFO] - epoch: 10
[2025-07-26 04:34:48,900][root][INFO] - epoch: 11
[2025-07-26 04:40:23,011][root][INFO] - epoch: 12
[2025-07-26 04:45:57,508][root][INFO] - epoch: 13
[2025-07-26 04:51:31,622][root][INFO] - epoch: 14
[2025-07-26 04:57:05,872][root][INFO] - epoch: 15
[2025-07-26 05:02:39,791][root][INFO] - epoch: 16
[2025-07-26 05:08:13,658][root][INFO] - epoch: 17
[2025-07-26 05:13:47,404][root][INFO] - epoch: 18
[2025-07-26 05:19:21,017][root][INFO] - epoch: 19
[2025-07-26 05:24:54,585][root][INFO] - finished train
[2025-07-26 05:24:54,586][root][INFO] - starting eval
[2025-07-26 05:25:08,135][root][INFO] - finished eval
[2025-07-26 05:25:09,114][root][INFO] - starting train
[2025-07-26 05:25:09,114][root][INFO] - epoch: 0
[2025-07-26 05:30:42,848][root][INFO] - epoch: 1
[2025-07-26 05:36:16,677][root][INFO] - epoch: 2
[2025-07-26 05:41:50,515][root][INFO] - epoch: 3
[2025-07-26 05:47:24,469][root][INFO] - epoch: 4
[2025-07-26 05:52:58,459][root][INFO] - epoch: 5
[2025-07-26 05:58:32,444][root][INFO] - epoch: 6
[2025-07-26 06:04:06,614][root][INFO] - epoch: 7
[2025-07-26 06:09:40,734][root][INFO] - epoch: 8
[2025-07-26 06:15:14,842][root][INFO] - epoch: 9
[2025-07-26 06:20:48,951][root][INFO] - epoch: 10
[2025-07-26 06:26:22,841][root][INFO] - epoch: 11
[2025-07-26 06:31:56,909][root][INFO] - epoch: 12
[2025-07-26 06:37:30,981][root][INFO] - epoch: 13
[2025-07-26 06:43:04,842][root][INFO] - epoch: 14
[2025-07-26 06:48:38,930][root][INFO] - epoch: 15
[2025-07-26 06:54:12,979][root][INFO] - epoch: 16
[2025-07-26 06:59:46,988][root][INFO] - epoch: 17
[2025-07-26 07:05:21,207][root][INFO] - epoch: 18
[2025-07-26 07:10:55,285][root][INFO] - epoch: 19
[2025-07-26 07:16:29,375][root][INFO] - finished train
[2025-07-26 07:16:29,375][root][INFO] - starting eval
[2025-07-26 07:16:42,828][root][INFO] - finished eval
[2025-07-26 07:16:43,746][root][INFO] - starting train
[2025-07-26 07:16:43,747][root][INFO] - epoch: 0
[2025-07-26 07:22:17,567][root][INFO] - epoch: 1
[2025-07-26 07:27:51,150][root][INFO] - epoch: 2
[2025-07-26 07:33:24,908][root][INFO] - epoch: 3
[2025-07-26 07:38:58,427][root][INFO] - epoch: 4
[2025-07-26 07:44:32,328][root][INFO] - epoch: 5
[2025-07-26 07:50:06,200][root][INFO] - epoch: 6
[2025-07-26 07:55:40,164][root][INFO] - epoch: 7
[2025-07-26 08:01:14,093][root][INFO] - epoch: 8
