[2025-09-24 01:38:54,763][root][INFO] - ORIGINAL CWD : /home/sota/research/sotaohnuma/coffee
[2025-09-24 01:38:54,764][root][INFO] - RUN CWD      : /home/sota/research/sotaohnuma/coffee/outputs/bean_224/cnn_student/base/2025-09-24_01-38-54
[2025-09-24 01:38:54,764][root][INFO] - batch: 688, 
 {'_target_': 'models.cnn_student.cnn_student', 'batch_size': 688, 'lr': 0.0001, 'weight_decay': 0.0005}
[2025-09-24 01:38:54,764][root][INFO] - lr: 0.0001, 
 {'_target_': 'models.cnn_student.cnn_student', 'lr': 0.0001, 'weight_decay': 0.0005}
[2025-09-24 01:38:54,764][root][INFO] - weight_decay: 0.0005, 
 {'_target_': 'models.cnn_student.cnn_student', 'weight_decay': 0.0005}
[2025-09-24 01:38:55,101][root][INFO] - Start loading train data
[2025-09-24 01:38:55,210][root][INFO] - Start loading val data
[2025-09-24 01:38:55,223][root][INFO] - Start loading test data
[2025-09-24 01:38:55,236][root][INFO] - Finished DataLoader setup
[2025-09-24 01:38:55,236][root][INFO] - Start: 0
[2025-09-24 01:39:50,766][root][INFO] - [01/100] train 50.000%/0.7171 | val 50.000%/0.7078
[2025-09-24 01:39:50,771][root][INFO] - Start: 1
[2025-09-24 01:40:45,327][root][INFO] - [02/100] train 50.000%/0.6945 | val 50.000%/0.6841
[2025-09-24 01:40:45,327][root][INFO] - Start: 2
[2025-09-24 01:41:40,282][root][INFO] - [03/100] train 56.052%/0.6759 | val 60.500%/0.6654
[2025-09-24 01:41:40,286][root][INFO] - Start: 3
[2025-09-24 01:42:35,747][root][INFO] - [04/100] train 61.882%/0.6573 | val 61.736%/0.6473
[2025-09-24 01:42:35,751][root][INFO] - Start: 4
[2025-09-24 01:43:30,946][root][INFO] - [05/100] train 61.700%/0.6455 | val 63.806%/0.6358
[2025-09-24 01:43:30,950][root][INFO] - Start: 5
[2025-09-24 01:44:26,589][root][INFO] - [06/100] train 62.861%/0.6369 | val 65.222%/0.6240
[2025-09-24 01:44:26,593][root][INFO] - Start: 6
[2025-09-24 01:45:22,260][root][INFO] - [07/100] train 63.731%/0.6288 | val 66.194%/0.6141
[2025-09-24 01:45:22,264][root][INFO] - Start: 7
[2025-09-24 01:46:17,932][root][INFO] - [08/100] train 64.491%/0.6220 | val 67.236%/0.6055
[2025-09-24 01:46:17,936][root][INFO] - Start: 8
[2025-09-24 01:47:13,886][root][INFO] - [09/100] train 65.425%/0.6141 | val 68.236%/0.5994
[2025-09-24 01:47:13,890][root][INFO] - Start: 9
[2025-09-24 01:48:09,509][root][INFO] - [10/100] train 66.273%/0.6050 | val 66.236%/0.6024
[2025-09-24 01:48:09,509][root][INFO] - Start: 10
[2025-09-24 01:49:04,574][root][INFO] - [11/100] train 67.477%/0.5931 | val 69.139%/0.5778
[2025-09-24 01:49:04,578][root][INFO] - Start: 11
[2025-09-24 01:50:00,532][root][INFO] - [12/100] train 69.160%/0.5792 | val 69.167%/0.5667
[2025-09-24 01:50:00,536][root][INFO] - Start: 12
[2025-09-24 01:50:56,211][root][INFO] - [13/100] train 71.495%/0.5600 | val 50.000%/1.4522
[2025-09-24 01:50:56,211][root][INFO] - Start: 13
[2025-09-24 01:51:51,710][root][INFO] - [14/100] train 73.488%/0.5418 | val 73.736%/0.5342
[2025-09-24 01:51:51,714][root][INFO] - Start: 14
[2025-09-24 01:52:47,357][root][INFO] - [15/100] train 74.863%/0.5276 | val 61.653%/0.7046
[2025-09-24 01:52:47,357][root][INFO] - Start: 15
[2025-09-24 01:53:42,873][root][INFO] - [16/100] train 76.207%/0.5115 | val 77.028%/0.4938
[2025-09-24 01:53:42,877][root][INFO] - Start: 16
[2025-09-24 01:54:38,550][root][INFO] - [17/100] train 77.009%/0.5023 | val 76.292%/0.4906
[2025-09-24 01:54:38,550][root][INFO] - Start: 17
[2025-09-24 01:55:34,543][root][INFO] - [18/100] train 77.861%/0.4907 | val 71.514%/0.5132
[2025-09-24 01:55:34,544][root][INFO] - Start: 18
[2025-09-24 01:56:30,455][root][INFO] - [19/100] train 78.274%/0.4832 | val 68.778%/0.5465
[2025-09-24 01:56:30,456][root][INFO] - Start: 19
[2025-09-24 01:57:26,370][root][INFO] - [20/100] train 78.931%/0.4732 | val 80.639%/0.4514
[2025-09-24 01:57:26,373][root][INFO] - Start: 20
[2025-09-24 01:58:22,148][root][INFO] - [21/100] train 79.715%/0.4614 | val 68.375%/0.5703
[2025-09-24 01:58:22,148][root][INFO] - Start: 21
[2025-09-24 01:59:17,788][root][INFO] - [22/100] train 80.106%/0.4541 | val 57.917%/0.7566
[2025-09-24 01:59:17,788][root][INFO] - Start: 22
[2025-09-24 02:00:13,043][root][INFO] - [23/100] train 80.523%/0.4465 | val 64.028%/0.7120
[2025-09-24 02:00:13,043][root][INFO] - Start: 23
[2025-09-24 02:01:08,988][root][INFO] - [24/100] train 80.628%/0.4420 | val 74.681%/0.4799
[2025-09-24 02:01:08,988][root][INFO] - Start: 24
[2025-09-24 02:02:04,728][root][INFO] - [25/100] train 80.896%/0.4345 | val 64.431%/0.6083
[2025-09-24 02:02:04,729][root][INFO] - Start: 25
[2025-09-24 02:03:00,693][root][INFO] - [26/100] train 81.165%/0.4304 | val 62.181%/0.6588
[2025-09-24 02:03:00,694][root][INFO] - Start: 26
[2025-09-24 02:03:57,047][root][INFO] - [27/100] train 81.557%/0.4238 | val 59.181%/0.8781
[2025-09-24 02:03:57,048][root][INFO] - Start: 27
[2025-09-24 02:04:52,478][root][INFO] - [28/100] train 81.644%/0.4197 | val 55.861%/1.3130
[2025-09-24 02:04:52,478][root][INFO] - Start: 28
[2025-09-24 02:05:47,851][root][INFO] - [29/100] train 81.931%/0.4148 | val 68.583%/0.5871
[2025-09-24 02:05:47,851][root][INFO] - Start: 29
[2025-09-24 02:06:44,063][root][INFO] - [30/100] train 82.163%/0.4093 | val 80.028%/0.4158
[2025-09-24 02:06:44,063][root][INFO] - Start: 30
[2025-09-24 02:07:39,937][root][INFO] - [31/100] train 82.127%/0.4074 | val 65.111%/0.6599
[2025-09-24 02:07:39,937][root][INFO] - Start: 31
[2025-09-24 02:08:36,248][root][INFO] - [32/100] train 82.236%/0.4049 | val 79.444%/0.4235
[2025-09-24 02:08:36,248][root][INFO] - Start: 32
[2025-09-24 02:09:31,711][root][INFO] - [33/100] train 82.488%/0.4009 | val 69.569%/0.6098
[2025-09-24 02:09:31,712][root][INFO] - Start: 33
[2025-09-24 02:10:27,727][root][INFO] - [34/100] train 82.580%/0.3985 | val 68.125%/0.5816
[2025-09-24 02:10:27,727][root][INFO] - Start: 34
[2025-09-24 02:11:25,120][root][INFO] - [35/100] train 82.887%/0.3938 | val 67.736%/0.6347
[2025-09-24 02:11:25,121][root][INFO] - Start: 35
[2025-09-24 02:12:21,201][root][INFO] - [36/100] train 82.976%/0.3902 | val 63.819%/0.6882
[2025-09-24 02:12:21,201][root][INFO] - Start: 36
[2025-09-24 02:13:17,448][root][INFO] - [37/100] train 82.984%/0.3913 | val 76.167%/0.4730
[2025-09-24 02:13:17,448][root][INFO] - Start: 37
[2025-09-24 02:14:14,560][root][INFO] - [38/100] train 83.201%/0.3855 | val 61.653%/0.7804
[2025-09-24 02:14:14,560][root][INFO] - Start: 38
[2025-09-24 02:15:11,272][root][INFO] - [39/100] train 83.347%/0.3831 | val 81.778%/0.3892
[2025-09-24 02:15:11,276][root][INFO] - Start: 39
[2025-09-24 02:16:07,950][root][INFO] - [40/100] train 83.446%/0.3796 | val 84.250%/0.3655
[2025-09-24 02:16:07,953][root][INFO] - Start: 40
[2025-09-24 02:17:04,533][root][INFO] - [41/100] train 83.526%/0.3777 | val 78.931%/0.4243
[2025-09-24 02:17:04,533][root][INFO] - Start: 41
[2025-09-24 02:18:00,723][root][INFO] - [42/100] train 83.743%/0.3754 | val 71.639%/0.5199
[2025-09-24 02:18:00,723][root][INFO] - Start: 42
[2025-09-24 02:18:58,159][root][INFO] - [43/100] train 83.722%/0.3729 | val 81.667%/0.3867
[2025-09-24 02:18:58,160][root][INFO] - Start: 43
[2025-09-24 02:19:54,690][root][INFO] - [44/100] train 83.729%/0.3722 | val 84.667%/0.3566
[2025-09-24 02:19:54,694][root][INFO] - Start: 44
[2025-09-24 02:20:51,768][root][INFO] - [45/100] train 83.771%/0.3723 | val 59.653%/0.9344
[2025-09-24 02:20:51,768][root][INFO] - Start: 45
[2025-09-24 02:21:47,841][root][INFO] - [46/100] train 84.128%/0.3684 | val 74.153%/0.5019
[2025-09-24 02:21:47,842][root][INFO] - Start: 46
[2025-09-24 02:22:45,499][root][INFO] - [47/100] train 84.201%/0.3669 | val 70.514%/0.5579
[2025-09-24 02:22:45,499][root][INFO] - Start: 47
[2025-09-24 02:23:44,484][root][INFO] - [48/100] train 84.083%/0.3652 | val 68.694%/0.6366
[2025-09-24 02:23:44,485][root][INFO] - Start: 48
[2025-09-24 02:24:44,205][root][INFO] - [49/100] train 84.241%/0.3615 | val 62.681%/0.8933
[2025-09-24 02:24:44,205][root][INFO] - Start: 49
[2025-09-24 02:25:46,072][root][INFO] - [50/100] train 84.238%/0.3620 | val 60.514%/0.9708
[2025-09-24 02:25:46,073][root][INFO] - Start: 50
[2025-09-24 02:26:45,250][root][INFO] - [51/100] train 84.352%/0.3600 | val 70.056%/0.5891
[2025-09-24 02:26:45,251][root][INFO] - Start: 51
[2025-09-24 02:27:47,273][root][INFO] - [52/100] train 84.503%/0.3577 | val 84.542%/0.3509
[2025-09-24 02:27:47,274][root][INFO] - Start: 52
[2025-09-24 02:28:47,709][root][INFO] - [53/100] train 84.427%/0.3585 | val 84.486%/0.3530
[2025-09-24 02:28:47,709][root][INFO] - Start: 53
[2025-09-24 02:29:49,319][root][INFO] - [54/100] train 84.609%/0.3551 | val 76.236%/0.4449
[2025-09-24 02:29:49,319][root][INFO] - Start: 54
[2025-09-24 02:30:51,085][root][INFO] - [55/100] train 84.818%/0.3527 | val 74.639%/0.4661
[2025-09-24 02:30:51,085][root][INFO] - Start: 55
[2025-09-24 02:31:53,930][root][INFO] - [56/100] train 84.743%/0.3523 | val 81.917%/0.3752
[2025-09-24 02:31:53,930][root][INFO] - Start: 56
[2025-09-24 02:32:55,720][root][INFO] - [57/100] train 84.719%/0.3538 | val 83.375%/0.3663
[2025-09-24 02:32:55,721][root][INFO] - Start: 57
[2025-09-24 02:33:55,874][root][INFO] - [58/100] train 84.665%/0.3517 | val 85.736%/0.3373
[2025-09-24 02:33:55,880][root][INFO] - Start: 58
[2025-09-24 02:34:55,767][root][INFO] - [59/100] train 85.035%/0.3496 | val 85.778%/0.3388
[2025-09-24 02:34:55,772][root][INFO] - Start: 59
[2025-09-24 02:35:55,227][root][INFO] - [60/100] train 85.009%/0.3472 | val 78.625%/0.4178
[2025-09-24 02:35:55,227][root][INFO] - Start: 60
[2025-09-24 02:36:54,365][root][INFO] - [61/100] train 84.918%/0.3492 | val 75.514%/0.4541
[2025-09-24 02:36:54,365][root][INFO] - Start: 61
[2025-09-24 02:37:53,897][root][INFO] - [62/100] train 85.073%/0.3468 | val 85.542%/0.3390
[2025-09-24 02:37:53,898][root][INFO] - Start: 62
[2025-09-24 02:38:53,975][root][INFO] - [63/100] train 85.241%/0.3436 | val 82.528%/0.3644
[2025-09-24 02:38:53,975][root][INFO] - Start: 63
[2025-09-24 02:39:57,636][root][INFO] - [64/100] train 85.307%/0.3441 | val 84.458%/0.3473
[2025-09-24 02:39:57,637][root][INFO] - Start: 64
[2025-09-24 02:40:56,281][root][INFO] - [65/100] train 85.194%/0.3425 | val 76.139%/0.4499
[2025-09-24 02:40:56,281][root][INFO] - Start: 65
[2025-09-24 02:41:54,709][root][INFO] - [66/100] train 85.257%/0.3423 | val 85.444%/0.3337
[2025-09-24 02:41:54,709][root][INFO] - Start: 66
[2025-09-24 02:42:54,726][root][INFO] - [67/100] train 85.292%/0.3415 | val 83.569%/0.3489
[2025-09-24 02:42:54,726][root][INFO] - Start: 67
[2025-09-24 02:44:00,373][root][INFO] - [68/100] train 85.325%/0.3411 | val 68.417%/0.6127
[2025-09-24 02:44:00,374][root][INFO] - Start: 68
[2025-09-24 02:45:00,311][root][INFO] - [69/100] train 85.181%/0.3417 | val 85.694%/0.3330
[2025-09-24 02:45:00,311][root][INFO] - Start: 69
[2025-09-24 02:46:02,224][root][INFO] - [70/100] train 85.252%/0.3410 | val 80.861%/0.3915
[2025-09-24 02:46:02,224][root][INFO] - Start: 70
[2025-09-24 02:47:04,363][root][INFO] - [71/100] train 85.271%/0.3402 | val 83.333%/0.3598
[2025-09-24 02:47:04,364][root][INFO] - Start: 71
[2025-09-24 02:48:02,448][root][INFO] - [72/100] train 85.431%/0.3380 | val 81.389%/0.3831
[2025-09-24 02:48:02,448][root][INFO] - Start: 72
[2025-09-24 02:49:00,734][root][INFO] - [73/100] train 85.465%/0.3384 | val 79.333%/0.4017
[2025-09-24 02:49:00,735][root][INFO] - Start: 73
[2025-09-24 02:50:00,672][root][INFO] - [74/100] train 85.505%/0.3370 | val 85.653%/0.3281
[2025-09-24 02:50:00,673][root][INFO] - Start: 74
[2025-09-24 02:51:00,412][root][INFO] - [75/100] train 85.401%/0.3371 | val 85.264%/0.3316
[2025-09-24 02:51:00,413][root][INFO] - Start: 75
[2025-09-24 02:52:05,939][root][INFO] - [76/100] train 85.578%/0.3361 | val 82.125%/0.3672
[2025-09-24 02:52:05,939][root][INFO] - Start: 76
[2025-09-24 02:53:08,534][root][INFO] - [77/100] train 85.536%/0.3365 | val 83.639%/0.3550
[2025-09-24 02:53:08,535][root][INFO] - Start: 77
[2025-09-24 02:54:09,045][root][INFO] - [78/100] train 85.641%/0.3350 | val 79.722%/0.3965
[2025-09-24 02:54:09,045][root][INFO] - Start: 78
[2025-09-24 02:55:07,675][root][INFO] - [79/100] train 85.587%/0.3346 | val 84.569%/0.3416
[2025-09-24 02:55:07,675][root][INFO] - Start: 79
[2025-09-24 02:56:07,632][root][INFO] - [80/100] train 85.686%/0.3349 | val 76.806%/0.4369
[2025-09-24 02:56:07,632][root][INFO] - Start: 80
[2025-09-24 02:57:10,846][root][INFO] - [81/100] train 85.679%/0.3340 | val 83.750%/0.3522
[2025-09-24 02:57:10,847][root][INFO] - Start: 81
[2025-09-24 02:58:11,053][root][INFO] - [82/100] train 85.682%/0.3337 | val 85.792%/0.3274
[2025-09-24 02:58:11,057][root][INFO] - Start: 82
[2025-09-24 02:59:11,469][root][INFO] - [83/100] train 85.694%/0.3342 | val 85.444%/0.3299
[2025-09-24 02:59:11,469][root][INFO] - Start: 83
[2025-09-24 03:00:14,263][root][INFO] - [84/100] train 85.578%/0.3338 | val 85.542%/0.3286
[2025-09-24 03:00:14,264][root][INFO] - Start: 84
[2025-09-24 03:01:15,133][root][INFO] - [85/100] train 85.615%/0.3343 | val 82.597%/0.3656
[2025-09-24 03:01:15,133][root][INFO] - Start: 85
[2025-09-24 03:02:15,789][root][INFO] - [86/100] train 85.637%/0.3345 | val 84.625%/0.3386
[2025-09-24 03:02:15,790][root][INFO] - Start: 86
[2025-09-24 03:03:17,547][root][INFO] - [87/100] train 85.764%/0.3331 | val 85.111%/0.3342
[2025-09-24 03:03:17,548][root][INFO] - Start: 87
[2025-09-24 03:04:16,890][root][INFO] - [88/100] train 85.661%/0.3326 | val 85.792%/0.3255
[2025-09-24 03:04:16,890][root][INFO] - Start: 88
[2025-09-24 03:05:17,299][root][INFO] - [89/100] train 85.705%/0.3322 | val 85.347%/0.3288
[2025-09-24 03:05:17,299][root][INFO] - Start: 89
[2025-09-24 03:06:16,968][root][INFO] - [90/100] train 85.750%/0.3318 | val 85.861%/0.3251
[2025-09-24 03:06:16,973][root][INFO] - Start: 90
[2025-09-24 03:07:17,133][root][INFO] - [91/100] train 85.790%/0.3320 | val 85.944%/0.3242
[2025-09-24 03:07:17,140][root][INFO] - Start: 91
[2025-09-24 03:08:20,675][root][INFO] - [92/100] train 85.667%/0.3333 | val 85.833%/0.3247
[2025-09-24 03:08:20,675][root][INFO] - Start: 92
[2025-09-24 03:09:22,700][root][INFO] - [93/100] train 85.821%/0.3321 | val 85.611%/0.3281
[2025-09-24 03:09:22,700][root][INFO] - Start: 93
[2025-09-24 03:10:20,931][root][INFO] - [94/100] train 85.783%/0.3319 | val 85.944%/0.3245
[2025-09-24 03:10:20,932][root][INFO] - Start: 94
[2025-09-24 03:11:18,757][root][INFO] - [95/100] train 85.745%/0.3323 | val 85.944%/0.3241
[2025-09-24 03:11:18,757][root][INFO] - Start: 95
[2025-09-24 03:12:17,632][root][INFO] - [96/100] train 85.750%/0.3321 | val 85.903%/0.3245
[2025-09-24 03:12:17,632][root][INFO] - Start: 96
[2025-09-24 03:13:18,500][root][INFO] - [97/100] train 85.793%/0.3319 | val 86.014%/0.3232
[2025-09-24 03:13:18,504][root][INFO] - Start: 97
[2025-09-24 03:14:21,719][root][INFO] - [98/100] train 85.859%/0.3324 | val 86.028%/0.3232
[2025-09-24 03:14:21,726][root][INFO] - Start: 98
[2025-09-24 03:15:23,376][root][INFO] - [99/100] train 85.762%/0.3316 | val 85.958%/0.3234
[2025-09-24 03:15:23,377][root][INFO] - Start: 99
[2025-09-24 03:16:21,997][root][INFO] - [100/100] train 85.717%/0.3325 | val 85.806%/0.3247
[2025-09-24 03:16:29,956][root][INFO] - 
[Test Evaluation]
[2025-09-24 03:16:29,956][root][INFO] -  Accuracy : 0.855
[2025-09-24 03:16:29,957][root][INFO] -  Precision: 0.844
[2025-09-24 03:16:29,957][root][INFO] -  Recall   : 0.872
[2025-09-24 03:16:29,957][root][INFO] -  F1       : 0.858
[2025-09-24 03:16:29,957][root][INFO] -  Auc      : 0.943
