[2025-09-16 13:52:52,134][root][INFO] - ORIGINAL CWD : /home/sota/research/sotaohnuma/coffee
[2025-09-16 13:52:52,134][root][INFO] - RUN CWD      : /home/sota/research/sotaohnuma/coffee/outputs/bean_224/tiny_vit_np/base/2025-09-16_13-52-51
[2025-09-16 13:52:52,135][root][INFO] - batch: 134, 
 {'batch_size': 134, '_target_': 'models.tiny_vit_np.tiny_vit_np', 'lr': 0.0011, 'weight_decay': 0.0016}
[2025-09-16 13:52:52,135][root][INFO] - lr: 0.0011, 
 {'_target_': 'models.tiny_vit_np.tiny_vit_np', 'lr': 0.0011, 'weight_decay': 0.0016}
[2025-09-16 13:52:52,135][root][INFO] - weight_decay: 0.0016, 
 {'_target_': 'models.tiny_vit_np.tiny_vit_np', 'weight_decay': 0.0016}
[2025-09-16 13:52:52,922][root][INFO] - Start loading train data
[2025-09-16 13:52:53,032][root][INFO] - Start loading val data
[2025-09-16 13:52:53,045][root][INFO] - Start loading test data
[2025-09-16 13:52:53,058][root][INFO] - Finished DataLoader setup
[2025-09-16 13:52:53,059][root][INFO] - Start: 0
[2025-09-16 13:57:33,645][root][INFO] - [01/100] train 70.741%/0.5423 | val 81.903%/0.4017
[2025-09-16 13:57:33,700][root][INFO] - Start: 1
[2025-09-16 14:02:18,252][root][INFO] - [02/100] train 88.526%/0.2719 | val 84.819%/0.3514
[2025-09-16 14:02:18,865][root][INFO] - Start: 2
[2025-09-16 14:07:03,369][root][INFO] - [03/100] train 92.741%/0.1832 | val 91.833%/0.2121
[2025-09-16 14:07:03,638][root][INFO] - Start: 3
[2025-09-16 14:11:48,292][root][INFO] - [04/100] train 94.615%/0.1389 | val 74.556%/1.0141
[2025-09-16 14:11:48,292][root][INFO] - Start: 4
[2025-09-16 14:16:33,748][root][INFO] - [05/100] train 95.580%/0.1159 | val 91.083%/0.2132
[2025-09-16 14:16:33,748][root][INFO] - Start: 5
[2025-09-16 14:21:19,677][root][INFO] - [06/100] train 96.366%/0.0968 | val 93.208%/0.2024
[2025-09-16 14:21:19,899][root][INFO] - Start: 6
[2025-09-16 14:26:06,100][root][INFO] - [07/100] train 96.733%/0.0863 | val 93.514%/0.1892
[2025-09-16 14:26:06,312][root][INFO] - Start: 7
[2025-09-16 14:30:52,577][root][INFO] - [08/100] train 96.785%/0.0863 | val 89.278%/0.2826
[2025-09-16 14:30:52,577][root][INFO] - Start: 8
[2025-09-16 14:35:38,090][root][INFO] - [09/100] train 63.863%/0.5363 | val 50.000%/0.6940
[2025-09-16 14:35:38,091][root][INFO] - Start: 9
[2025-09-16 14:40:23,910][root][INFO] - [10/100] train 52.458%/0.6900 | val 56.000%/0.6898
[2025-09-16 14:40:23,911][root][INFO] - Start: 10
[2025-09-16 14:45:10,441][root][INFO] - [11/100] train 52.953%/0.6898 | val 49.931%/0.6930
[2025-09-16 14:45:10,441][root][INFO] - Start: 11
[2025-09-16 14:49:56,025][root][INFO] - [12/100] train 52.384%/0.6910 | val 53.083%/0.6863
[2025-09-16 14:49:56,026][root][INFO] - Start: 12
[2025-09-16 14:54:40,544][root][INFO] - [13/100] train 55.116%/0.6853 | val 57.181%/0.6781
[2025-09-16 14:54:40,544][root][INFO] - Start: 13
[2025-09-16 14:59:26,387][root][INFO] - [14/100] train 55.229%/0.6849 | val 57.167%/0.6788
[2025-09-16 14:59:26,387][root][INFO] - Start: 14
[2025-09-16 15:04:11,881][root][INFO] - [15/100] train 56.734%/0.6790 | val 59.931%/0.6696
[2025-09-16 15:04:11,881][root][INFO] - Start: 15
[2025-09-16 15:08:57,454][root][INFO] - [16/100] train 56.373%/0.6810 | val 59.014%/0.6722
[2025-09-16 15:08:57,454][root][INFO] - Start: 16
[2025-09-16 15:13:42,837][root][INFO] - [17/100] train 56.806%/0.6788 | val 58.736%/0.6729
[2025-09-16 15:13:42,838][root][INFO] - Start: 17
[2025-09-16 15:18:29,078][root][INFO] - [18/100] train 56.656%/0.6784 | val 59.403%/0.6702
[2025-09-16 15:18:29,079][root][INFO] - Start: 18
[2025-09-16 15:23:13,567][root][INFO] - [19/100] train 56.615%/0.6796 | val 58.639%/0.6685
[2025-09-16 15:23:13,568][root][INFO] - Start: 19
[2025-09-16 15:27:56,995][root][INFO] - [20/100] train 56.818%/0.6789 | val 59.556%/0.6686
[2025-09-16 15:27:56,996][root][INFO] - Start: 20
[2025-09-16 15:32:42,914][root][INFO] - [21/100] train 56.797%/0.6787 | val 58.056%/0.6761
[2025-09-16 15:32:42,914][root][INFO] - Start: 21
[2025-09-16 15:37:26,673][root][INFO] - [22/100] train 56.073%/0.6811 | val 55.000%/0.6833
[2025-09-16 15:37:26,673][root][INFO] - Start: 22
[2025-09-16 15:42:12,574][root][INFO] - [23/100] train 56.280%/0.6810 | val 58.778%/0.6684
[2025-09-16 15:42:12,574][root][INFO] - Start: 23
[2025-09-16 15:46:58,296][root][INFO] - [24/100] train 53.639%/0.6887 | val 59.847%/0.6689
[2025-09-16 15:46:58,297][root][INFO] - Start: 24
[2025-09-16 15:51:43,418][root][INFO] - [25/100] train 58.141%/0.6737 | val 56.125%/0.6816
[2025-09-16 15:51:43,418][root][INFO] - Start: 25
[2025-09-16 15:56:27,174][root][INFO] - [26/100] train 56.538%/0.6794 | val 60.583%/0.6628
[2025-09-16 15:56:27,174][root][INFO] - Start: 26
[2025-09-16 16:01:12,731][root][INFO] - [27/100] train 57.490%/0.6750 | val 59.819%/0.6626
[2025-09-16 16:01:12,731][root][INFO] - Start: 27
[2025-09-16 16:05:58,062][root][INFO] - [28/100] train 57.238%/0.6765 | val 54.903%/0.6850
[2025-09-16 16:05:58,063][root][INFO] - Start: 28
[2025-09-16 16:10:42,758][root][INFO] - [29/100] train 57.552%/0.6755 | val 59.014%/0.6695
[2025-09-16 16:10:42,758][root][INFO] - Start: 29
[2025-09-16 16:15:28,176][root][INFO] - [30/100] train 56.958%/0.6793 | val 52.444%/0.6922
[2025-09-16 16:15:28,176][root][INFO] - Start: 30
[2025-09-16 16:20:12,932][root][INFO] - [31/100] train 56.698%/0.6782 | val 60.208%/0.6678
[2025-09-16 16:20:12,933][root][INFO] - Start: 31
[2025-09-16 16:24:57,950][root][INFO] - [32/100] train 57.050%/0.6775 | val 59.306%/0.6680
[2025-09-16 16:24:57,950][root][INFO] - Start: 32
[2025-09-16 16:29:44,515][root][INFO] - [33/100] train 57.123%/0.6768 | val 59.486%/0.6652
[2025-09-16 16:29:44,515][root][INFO] - Start: 33
[2025-09-16 16:34:29,401][root][INFO] - [34/100] train 56.865%/0.6782 | val 58.778%/0.6703
[2025-09-16 16:34:29,402][root][INFO] - Start: 34
[2025-09-16 16:39:15,094][root][INFO] - [35/100] train 53.427%/0.6884 | val 55.847%/0.6826
[2025-09-16 16:39:15,095][root][INFO] - Start: 35
[2025-09-16 16:44:00,586][root][INFO] - [36/100] train 53.023%/0.6892 | val 53.444%/0.6913
[2025-09-16 16:44:00,586][root][INFO] - Start: 36
[2025-09-16 16:48:45,352][root][INFO] - [37/100] train 51.108%/0.6927 | val 51.819%/0.6921
[2025-09-16 16:48:45,352][root][INFO] - Start: 37
[2025-09-16 16:53:30,639][root][INFO] - [38/100] train 51.095%/0.6927 | val 51.597%/0.6921
[2025-09-16 16:53:30,639][root][INFO] - Start: 38
[2025-09-16 16:58:15,162][root][INFO] - [39/100] train 51.313%/0.6927 | val 51.347%/0.6923
[2025-09-16 16:58:15,163][root][INFO] - Start: 39
[2025-09-16 17:03:00,296][root][INFO] - [40/100] train 51.023%/0.6929 | val 53.583%/0.6904
[2025-09-16 17:03:00,296][root][INFO] - Start: 40
[2025-09-16 17:07:44,990][root][INFO] - [41/100] train 52.476%/0.6912 | val 56.639%/0.6854
[2025-09-16 17:07:44,990][root][INFO] - Start: 41
[2025-09-16 17:12:30,322][root][INFO] - [42/100] train 54.177%/0.6880 | val 58.486%/0.6755
[2025-09-16 17:12:30,322][root][INFO] - Start: 42
[2025-09-16 17:17:14,785][root][INFO] - [43/100] train 58.061%/0.6745 | val 56.917%/0.6826
[2025-09-16 17:17:14,786][root][INFO] - Start: 43
[2025-09-16 17:22:00,809][root][INFO] - [44/100] train 57.186%/0.6781 | val 51.944%/0.6993
[2025-09-16 17:22:00,810][root][INFO] - Start: 44
[2025-09-16 17:26:46,521][root][INFO] - [45/100] train 54.816%/0.6863 | val 58.417%/0.6771
[2025-09-16 17:26:46,521][root][INFO] - Start: 45
[2025-09-16 17:31:30,149][root][INFO] - [46/100] train 56.571%/0.6795 | val 58.875%/0.6743
[2025-09-16 17:31:30,149][root][INFO] - Start: 46
[2025-09-16 17:36:15,174][root][INFO] - [47/100] train 57.766%/0.6753 | val 59.514%/0.6679
[2025-09-16 17:36:15,174][root][INFO] - Start: 47
[2025-09-16 17:41:00,233][root][INFO] - [48/100] train 57.285%/0.6768 | val 57.708%/0.6765
[2025-09-16 17:41:00,234][root][INFO] - Start: 48
[2025-09-16 17:45:45,195][root][INFO] - [49/100] train 58.590%/0.6716 | val 60.583%/0.6617
[2025-09-16 17:45:45,195][root][INFO] - Start: 49
[2025-09-16 17:50:29,779][root][INFO] - [50/100] train 57.233%/0.6767 | val 56.125%/0.6829
[2025-09-16 17:50:29,779][root][INFO] - Start: 50
[2025-09-16 17:55:16,165][root][INFO] - [51/100] train 59.477%/0.6676 | val 60.972%/0.6568
[2025-09-16 17:55:16,165][root][INFO] - Start: 51
[2025-09-16 18:00:02,462][root][INFO] - [52/100] train 60.215%/0.6628 | val 61.014%/0.6576
[2025-09-16 18:00:02,463][root][INFO] - Start: 52
[2025-09-16 18:04:47,409][root][INFO] - [53/100] train 58.901%/0.6679 | val 60.319%/0.6600
[2025-09-16 18:04:47,410][root][INFO] - Start: 53
[2025-09-16 18:09:32,603][root][INFO] - [54/100] train 59.363%/0.6665 | val 60.403%/0.6604
[2025-09-16 18:09:32,604][root][INFO] - Start: 54
[2025-09-16 18:14:17,215][root][INFO] - [55/100] train 59.467%/0.6663 | val 62.097%/0.6536
[2025-09-16 18:14:17,215][root][INFO] - Start: 55
[2025-09-16 18:19:02,104][root][INFO] - [56/100] train 58.738%/0.6692 | val 59.750%/0.6638
[2025-09-16 18:19:02,104][root][INFO] - Start: 56
[2025-09-16 18:23:48,259][root][INFO] - [57/100] train 58.908%/0.6696 | val 61.847%/0.6542
[2025-09-16 18:23:48,260][root][INFO] - Start: 57
[2025-09-16 18:28:33,518][root][INFO] - [58/100] train 59.212%/0.6681 | val 60.431%/0.6622
[2025-09-16 18:28:33,518][root][INFO] - Start: 58
[2025-09-16 18:33:18,338][root][INFO] - [59/100] train 58.752%/0.6689 | val 61.403%/0.6546
[2025-09-16 18:33:18,338][root][INFO] - Start: 59
[2025-09-16 18:38:01,493][root][INFO] - [60/100] train 58.335%/0.6702 | val 61.278%/0.6566
[2025-09-16 18:38:01,494][root][INFO] - Start: 60
[2025-09-16 18:42:46,098][root][INFO] - [61/100] train 58.825%/0.6692 | val 60.431%/0.6595
[2025-09-16 18:42:46,098][root][INFO] - Start: 61
[2025-09-16 18:47:31,669][root][INFO] - [62/100] train 59.405%/0.6652 | val 61.569%/0.6498
[2025-09-16 18:47:31,669][root][INFO] - Start: 62
[2025-09-16 18:52:15,958][root][INFO] - [63/100] train 59.875%/0.6622 | val 62.847%/0.6445
[2025-09-16 18:52:15,958][root][INFO] - Start: 63
[2025-09-16 18:57:01,044][root][INFO] - [64/100] train 59.642%/0.6637 | val 61.597%/0.6519
[2025-09-16 18:57:01,045][root][INFO] - Start: 64
[2025-09-16 19:01:45,812][root][INFO] - [65/100] train 59.889%/0.6628 | val 62.681%/0.6484
[2025-09-16 19:01:45,812][root][INFO] - Start: 65
[2025-09-16 19:06:31,721][root][INFO] - [66/100] train 60.007%/0.6636 | val 61.736%/0.6518
[2025-09-16 19:06:31,722][root][INFO] - Start: 66
[2025-09-16 19:11:17,232][root][INFO] - [67/100] train 59.130%/0.6655 | val 61.028%/0.6569
[2025-09-16 19:11:17,232][root][INFO] - Start: 67
[2025-09-16 19:16:01,914][root][INFO] - [68/100] train 59.613%/0.6651 | val 61.319%/0.6565
[2025-09-16 19:16:01,914][root][INFO] - Start: 68
[2025-09-16 19:20:47,947][root][INFO] - [69/100] train 59.168%/0.6667 | val 60.889%/0.6585
[2025-09-16 19:20:47,948][root][INFO] - Start: 69
[2025-09-16 19:25:32,153][root][INFO] - [70/100] train 59.429%/0.6648 | val 60.264%/0.6597
[2025-09-16 19:25:32,153][root][INFO] - Start: 70
[2025-09-16 19:30:18,347][root][INFO] - [71/100] train 59.677%/0.6642 | val 62.944%/0.6516
[2025-09-16 19:30:18,348][root][INFO] - Start: 71
[2025-09-16 19:35:03,367][root][INFO] - [72/100] train 59.998%/0.6639 | val 62.000%/0.6527
[2025-09-16 19:35:03,367][root][INFO] - Start: 72
[2025-09-16 19:39:48,407][root][INFO] - [73/100] train 60.281%/0.6613 | val 62.264%/0.6481
[2025-09-16 19:39:48,408][root][INFO] - Start: 73
[2025-09-16 19:44:34,362][root][INFO] - [74/100] train 60.837%/0.6582 | val 62.639%/0.6470
[2025-09-16 19:44:34,362][root][INFO] - Start: 74
[2025-09-16 19:49:19,530][root][INFO] - [75/100] train 60.731%/0.6567 | val 63.250%/0.6466
[2025-09-16 19:49:19,530][root][INFO] - Start: 75
[2025-09-16 19:54:04,042][root][INFO] - [76/100] train 60.405%/0.6602 | val 62.375%/0.6457
[2025-09-16 19:54:04,042][root][INFO] - Start: 76
[2025-09-16 19:58:49,500][root][INFO] - [77/100] train 60.684%/0.6584 | val 62.028%/0.6503
[2025-09-16 19:58:49,501][root][INFO] - Start: 77
[2025-09-16 20:03:35,662][root][INFO] - [78/100] train 60.703%/0.6574 | val 62.278%/0.6466
[2025-09-16 20:03:35,662][root][INFO] - Start: 78
[2025-09-16 20:08:20,013][root][INFO] - [79/100] train 61.028%/0.6558 | val 62.653%/0.6432
[2025-09-16 20:08:20,013][root][INFO] - Start: 79
[2025-09-16 20:13:05,264][root][INFO] - [80/100] train 61.352%/0.6547 | val 62.528%/0.6459
[2025-09-16 20:13:05,264][root][INFO] - Start: 80
[2025-09-16 20:17:48,869][root][INFO] - [81/100] train 61.312%/0.6545 | val 63.306%/0.6456
[2025-09-16 20:17:48,869][root][INFO] - Start: 81
[2025-09-16 20:22:34,649][root][INFO] - [82/100] train 61.457%/0.6542 | val 63.014%/0.6429
[2025-09-16 20:22:34,649][root][INFO] - Start: 82
[2025-09-16 20:27:19,065][root][INFO] - [83/100] train 61.120%/0.6559 | val 62.486%/0.6442
[2025-09-16 20:27:19,065][root][INFO] - Start: 83
[2025-09-16 20:32:03,660][root][INFO] - [84/100] train 61.519%/0.6543 | val 62.375%/0.6436
[2025-09-16 20:32:03,660][root][INFO] - Start: 84
[2025-09-16 20:36:48,520][root][INFO] - [85/100] train 61.187%/0.6554 | val 62.458%/0.6439
[2025-09-16 20:36:48,520][root][INFO] - Start: 85
[2025-09-16 20:41:33,777][root][INFO] - [86/100] train 61.705%/0.6515 | val 63.153%/0.6378
[2025-09-16 20:41:33,777][root][INFO] - Start: 86
[2025-09-16 20:46:19,674][root][INFO] - [87/100] train 61.398%/0.6523 | val 63.181%/0.6382
[2025-09-16 20:46:19,674][root][INFO] - Start: 87
[2025-09-16 20:51:04,285][root][INFO] - [88/100] train 61.953%/0.6506 | val 63.417%/0.6358
[2025-09-16 20:51:04,286][root][INFO] - Start: 88
[2025-09-16 20:55:50,382][root][INFO] - [89/100] train 61.714%/0.6505 | val 63.208%/0.6368
[2025-09-16 20:55:50,383][root][INFO] - Start: 89
[2025-09-16 21:00:35,502][root][INFO] - [90/100] train 61.790%/0.6500 | val 63.083%/0.6397
[2025-09-16 21:00:35,502][root][INFO] - Start: 90
[2025-09-16 21:05:20,856][root][INFO] - [91/100] train 61.727%/0.6509 | val 62.847%/0.6404
[2025-09-16 21:05:20,856][root][INFO] - Start: 91
[2025-09-16 21:10:06,116][root][INFO] - [92/100] train 61.679%/0.6513 | val 63.208%/0.6384
[2025-09-16 21:10:06,116][root][INFO] - Start: 92
[2025-09-16 21:14:50,827][root][INFO] - [93/100] train 61.931%/0.6495 | val 63.792%/0.6368
[2025-09-16 21:14:50,827][root][INFO] - Start: 93
[2025-09-16 21:19:35,806][root][INFO] - [94/100] train 61.998%/0.6492 | val 63.153%/0.6383
[2025-09-16 21:19:35,806][root][INFO] - Start: 94
[2025-09-16 21:24:20,124][root][INFO] - [95/100] train 61.993%/0.6491 | val 63.264%/0.6385
[2025-09-16 21:24:20,124][root][INFO] - Start: 95
[2025-09-16 21:29:06,137][root][INFO] - [96/100] train 62.156%/0.6493 | val 63.111%/0.6367
[2025-09-16 21:29:06,137][root][INFO] - Start: 96
[2025-09-16 21:33:51,413][root][INFO] - [97/100] train 62.108%/0.6492 | val 63.042%/0.6379
[2025-09-16 21:33:51,414][root][INFO] - Start: 97
[2025-09-16 21:38:36,662][root][INFO] - [98/100] train 62.026%/0.6490 | val 63.278%/0.6379
[2025-09-16 21:38:36,662][root][INFO] - Start: 98
[2025-09-16 21:43:22,548][root][INFO] - [99/100] train 61.866%/0.6494 | val 63.083%/0.6380
[2025-09-16 21:43:22,548][root][INFO] - Start: 99
[2025-09-16 21:48:07,649][root][INFO] - [100/100] train 61.934%/0.6493 | val 63.347%/0.6374
[2025-09-16 21:48:18,365][root][INFO] - 
[Test Evaluation]
[2025-09-16 21:48:18,365][root][INFO] -  Accuracy : 0.942
[2025-09-16 21:48:18,365][root][INFO] -  Precision: 0.915
[2025-09-16 21:48:18,365][root][INFO] -  Recall   : 0.974
[2025-09-16 21:48:18,365][root][INFO] -  F1       : 0.944
[2025-09-16 21:48:18,365][root][INFO] -  Auc      : 0.988
