[2025-08-02 03:30:16,858][root][INFO] - ORIGINAL CWD : /home/sota/research/sotaohnuma/coffee
[2025-08-02 03:30:16,859][root][INFO] - RUN CWD      : /home/sota/research/sotaohnuma/coffee/outputs/bean_224/deit_b/base/2025-08-02_03-30-16
[2025-08-02 03:30:16,859][root][INFO] - batch: 92, 
 {'batch_size': 92, '_target_': 'models.deit_b.deit_b'}
[2025-08-02 03:30:16,859][root][INFO] - Start loading train data
[2025-08-02 03:30:16,988][root][INFO] - Start loading val data
[2025-08-02 03:30:17,002][root][INFO] - Start loading test data
[2025-08-02 03:30:17,018][root][INFO] - Finished DataLoader setup
[2025-08-02 03:30:17,018][root][INFO] - Starting Optimize
[2025-08-02 03:30:19,942][root][INFO] - starting train
[2025-08-02 03:30:19,942][root][INFO] - epoch: 0
[2025-08-02 03:51:17,430][root][INFO] - epoch: 1
[2025-08-02 04:12:19,401][root][INFO] - epoch: 2
[2025-08-02 04:33:21,443][root][INFO] - epoch: 3
[2025-08-02 04:54:20,983][root][INFO] - epoch: 4
[2025-08-02 05:15:21,452][root][INFO] - epoch: 5
[2025-08-02 05:36:21,386][root][INFO] - epoch: 6
[2025-08-02 05:57:21,831][root][INFO] - epoch: 7
[2025-08-02 06:18:20,848][root][INFO] - epoch: 8
[2025-08-02 06:39:22,283][root][INFO] - epoch: 9
[2025-08-02 07:00:21,623][root][INFO] - epoch: 10
[2025-08-02 07:21:22,354][root][INFO] - epoch: 11
[2025-08-02 07:42:21,735][root][INFO] - epoch: 12
[2025-08-02 08:03:22,860][root][INFO] - epoch: 13
[2025-08-02 08:24:23,752][root][INFO] - epoch: 14
[2025-08-02 08:45:25,921][root][INFO] - epoch: 15
[2025-08-02 09:06:28,378][root][INFO] - epoch: 16
[2025-08-02 09:27:29,881][root][INFO] - epoch: 17
[2025-08-02 09:48:30,572][root][INFO] - epoch: 18
[2025-08-02 10:09:31,940][root][INFO] - epoch: 19
[2025-08-02 10:30:31,490][root][INFO] - finished train
[2025-08-02 10:30:31,491][root][INFO] - starting eval
[2025-08-02 10:31:41,312][root][INFO] - finished eval
[2025-08-02 10:31:43,831][root][INFO] - starting train
[2025-08-02 10:31:43,831][root][INFO] - epoch: 0
[2025-08-02 10:52:47,610][root][INFO] - epoch: 1
[2025-08-02 11:13:51,401][root][INFO] - epoch: 2
[2025-08-02 11:34:53,063][root][INFO] - epoch: 3
[2025-08-02 11:55:57,297][root][INFO] - epoch: 4
[2025-08-02 12:16:59,615][root][INFO] - epoch: 5
[2025-08-02 12:38:02,161][root][INFO] - epoch: 6
[2025-08-02 12:59:05,138][root][INFO] - epoch: 7
[2025-08-02 13:20:08,099][root][INFO] - epoch: 8
[2025-08-02 13:41:08,732][root][INFO] - epoch: 9
[2025-08-02 14:02:10,977][root][INFO] - epoch: 10
[2025-08-02 14:23:13,259][root][INFO] - epoch: 11
[2025-08-02 14:44:16,301][root][INFO] - epoch: 12
[2025-08-02 15:05:18,320][root][INFO] - epoch: 13
[2025-08-02 15:26:20,596][root][INFO] - epoch: 14
[2025-08-02 15:47:22,900][root][INFO] - epoch: 15
[2025-08-02 16:08:26,261][root][INFO] - epoch: 16
[2025-08-02 16:29:28,059][root][INFO] - epoch: 17
[2025-08-02 16:50:28,354][root][INFO] - epoch: 18
[2025-08-02 17:11:31,580][root][INFO] - epoch: 19
[2025-08-02 17:32:33,642][root][INFO] - finished train
[2025-08-02 17:32:33,642][root][INFO] - starting eval
[2025-08-02 17:33:43,584][root][INFO] - finished eval
[2025-08-02 17:33:46,099][root][INFO] - starting train
[2025-08-02 17:33:46,100][root][INFO] - epoch: 0
[2025-08-02 17:54:46,302][root][INFO] - epoch: 1
[2025-08-02 18:15:47,003][root][INFO] - epoch: 2
[2025-08-02 18:36:48,513][root][INFO] - epoch: 3
[2025-08-02 18:57:48,594][root][INFO] - epoch: 4
[2025-08-02 19:18:48,932][root][INFO] - epoch: 5
[2025-08-02 19:39:49,824][root][INFO] - epoch: 6
[2025-08-02 20:00:51,254][root][INFO] - epoch: 7
[2025-08-02 20:21:52,235][root][INFO] - epoch: 8
[2025-08-02 20:42:53,568][root][INFO] - epoch: 9
[2025-08-02 21:03:54,941][root][INFO] - epoch: 10
[2025-08-02 21:24:57,118][root][INFO] - epoch: 11
[2025-08-02 21:45:57,958][root][INFO] - epoch: 12
[2025-08-02 22:06:59,141][root][INFO] - epoch: 13
[2025-08-02 22:27:58,746][root][INFO] - epoch: 14
[2025-08-02 22:49:00,090][root][INFO] - epoch: 15
[2025-08-02 23:10:00,933][root][INFO] - epoch: 16
[2025-08-02 23:31:02,089][root][INFO] - epoch: 17
[2025-08-02 23:52:05,915][root][INFO] - epoch: 18
[2025-08-03 00:13:08,006][root][INFO] - epoch: 19
[2025-08-03 00:34:10,531][root][INFO] - finished train
[2025-08-03 00:34:10,531][root][INFO] - starting eval
[2025-08-03 00:35:20,361][root][INFO] - finished eval
[2025-08-03 00:35:22,743][root][INFO] - starting train
[2025-08-03 00:35:22,743][root][INFO] - epoch: 0
[2025-08-03 00:56:23,478][root][INFO] - epoch: 1
[2025-08-03 01:17:22,953][root][INFO] - epoch: 2
[2025-08-03 01:38:22,495][root][INFO] - epoch: 3
[2025-08-03 01:59:20,456][root][INFO] - epoch: 4
[2025-08-03 02:20:19,181][root][INFO] - epoch: 5
[2025-08-03 02:41:17,558][root][INFO] - epoch: 6
[2025-08-03 03:02:15,406][root][INFO] - epoch: 7
[2025-08-03 03:23:11,977][root][INFO] - epoch: 8
[2025-08-03 03:44:12,428][root][INFO] - epoch: 9
[2025-08-03 04:05:11,041][root][INFO] - epoch: 10
[2025-08-03 04:26:10,074][root][INFO] - epoch: 11
[2025-08-03 04:47:07,066][root][INFO] - epoch: 12
[2025-08-03 05:08:07,143][root][INFO] - epoch: 13
[2025-08-03 05:29:02,491][root][INFO] - epoch: 14
[2025-08-03 05:50:01,897][root][INFO] - epoch: 15
[2025-08-03 06:10:59,734][root][INFO] - epoch: 16
[2025-08-03 06:31:56,478][root][INFO] - epoch: 17
[2025-08-03 06:52:53,478][root][INFO] - epoch: 18
[2025-08-03 07:13:51,652][root][INFO] - epoch: 19
[2025-08-03 07:34:49,293][root][INFO] - finished train
[2025-08-03 07:34:49,294][root][INFO] - starting eval
[2025-08-03 07:35:59,192][root][INFO] - finished eval
[2025-08-03 07:36:01,646][root][INFO] - starting train
[2025-08-03 07:36:01,646][root][INFO] - epoch: 0
[2025-08-03 07:57:03,259][root][INFO] - epoch: 1
[2025-08-03 08:18:04,851][root][INFO] - epoch: 2
[2025-08-03 08:39:05,625][root][INFO] - epoch: 3
[2025-08-03 09:00:08,372][root][INFO] - epoch: 4
[2025-08-03 09:21:09,299][root][INFO] - epoch: 5
[2025-08-03 09:42:10,193][root][INFO] - epoch: 6
[2025-08-03 10:03:12,671][root][INFO] - epoch: 7
[2025-08-03 10:24:14,093][root][INFO] - epoch: 8
[2025-08-03 10:45:14,680][root][INFO] - epoch: 9
[2025-08-03 11:06:15,619][root][INFO] - epoch: 10
[2025-08-03 11:27:16,273][root][INFO] - epoch: 11
[2025-08-03 11:48:17,213][root][INFO] - epoch: 12
[2025-08-03 12:09:19,817][root][INFO] - epoch: 13
[2025-08-03 12:30:22,254][root][INFO] - epoch: 14
[2025-08-03 12:51:25,248][root][INFO] - epoch: 15
[2025-08-03 13:12:27,468][root][INFO] - epoch: 16
[2025-08-03 13:33:28,561][root][INFO] - epoch: 17
[2025-08-03 13:54:29,208][root][INFO] - epoch: 18
[2025-08-03 14:15:31,895][root][INFO] - epoch: 19
[2025-08-03 14:36:33,195][root][INFO] - finished train
[2025-08-03 14:36:33,195][root][INFO] - starting eval
[2025-08-03 14:37:43,007][root][INFO] - finished eval
[2025-08-03 14:37:45,368][root][INFO] - starting train
[2025-08-03 14:37:45,368][root][INFO] - epoch: 0
[2025-08-03 14:58:45,678][root][INFO] - epoch: 1
[2025-08-03 15:19:47,846][root][INFO] - epoch: 2
[2025-08-03 15:40:48,401][root][INFO] - epoch: 3
[2025-08-03 16:01:49,014][root][INFO] - epoch: 4
[2025-08-03 16:22:49,122][root][INFO] - epoch: 5
[2025-08-03 16:43:52,469][root][INFO] - epoch: 6
[2025-08-03 17:04:51,619][root][INFO] - epoch: 7
[2025-08-03 17:25:52,008][root][INFO] - epoch: 8
[2025-08-03 17:46:52,345][root][INFO] - epoch: 9
[2025-08-03 18:07:52,549][root][INFO] - epoch: 10
[2025-08-03 18:28:53,158][root][INFO] - epoch: 11
[2025-08-03 18:49:53,868][root][INFO] - epoch: 12
[2025-08-03 19:10:54,039][root][INFO] - epoch: 13
[2025-08-03 19:31:53,894][root][INFO] - epoch: 14
[2025-08-03 19:52:54,984][root][INFO] - epoch: 15
[2025-08-03 20:13:55,463][root][INFO] - epoch: 16
[2025-08-03 20:34:55,081][root][INFO] - epoch: 17
[2025-08-03 20:55:56,620][root][INFO] - epoch: 18
[2025-08-03 21:16:58,568][root][INFO] - epoch: 19
[2025-08-03 21:37:58,156][root][INFO] - finished train
[2025-08-03 21:37:58,156][root][INFO] - starting eval
[2025-08-03 21:39:07,932][root][INFO] - finished eval
[2025-08-03 21:39:10,087][root][INFO] - starting train
[2025-08-03 21:39:10,087][root][INFO] - epoch: 0
[2025-08-03 22:00:11,764][root][INFO] - epoch: 1
[2025-08-03 22:21:13,968][root][INFO] - epoch: 2
[2025-08-03 22:42:15,072][root][INFO] - epoch: 3
[2025-08-03 23:03:15,307][root][INFO] - epoch: 4
[2025-08-03 23:24:15,062][root][INFO] - epoch: 5
[2025-08-03 23:45:15,077][root][INFO] - epoch: 6
[2025-08-04 00:06:15,810][root][INFO] - epoch: 7
[2025-08-04 00:27:17,488][root][INFO] - epoch: 8
[2025-08-04 00:48:17,144][root][INFO] - epoch: 9
[2025-08-04 01:09:19,241][root][INFO] - epoch: 10
[2025-08-04 01:30:20,788][root][INFO] - epoch: 11
[2025-08-04 01:51:21,117][root][INFO] - epoch: 12
[2025-08-04 02:12:23,270][root][INFO] - epoch: 13
[2025-08-04 02:33:23,688][root][INFO] - epoch: 14
[2025-08-04 02:54:24,075][root][INFO] - epoch: 15
[2025-08-04 03:15:23,686][root][INFO] - epoch: 16
[2025-08-04 03:36:24,343][root][INFO] - epoch: 17
[2025-08-04 03:57:24,471][root][INFO] - epoch: 18
[2025-08-04 04:18:25,940][root][INFO] - epoch: 19
[2025-08-04 04:39:26,913][root][INFO] - finished train
[2025-08-04 04:39:26,913][root][INFO] - starting eval
[2025-08-04 04:40:36,913][root][INFO] - finished eval
[2025-08-04 04:40:39,405][root][INFO] - starting train
[2025-08-04 04:40:39,405][root][INFO] - epoch: 0
[2025-08-04 05:01:38,407][root][INFO] - epoch: 1
[2025-08-04 05:22:38,578][root][INFO] - epoch: 2
[2025-08-04 05:43:37,794][root][INFO] - epoch: 3
[2025-08-04 06:04:37,436][root][INFO] - epoch: 4
[2025-08-04 06:25:36,273][root][INFO] - epoch: 5
[2025-08-04 06:46:35,541][root][INFO] - epoch: 6
[2025-08-04 07:07:35,995][root][INFO] - epoch: 7
[2025-08-04 07:28:35,092][root][INFO] - epoch: 8
[2025-08-04 07:49:33,624][root][INFO] - epoch: 9
[2025-08-04 08:10:32,225][root][INFO] - epoch: 10
[2025-08-04 08:31:31,707][root][INFO] - epoch: 11
[2025-08-04 08:52:30,305][root][INFO] - epoch: 12
[2025-08-04 09:13:31,318][root][INFO] - epoch: 13
[2025-08-04 09:34:30,179][root][INFO] - epoch: 14
[2025-08-04 09:55:30,032][root][INFO] - epoch: 15
[2025-08-04 10:16:29,889][root][INFO] - epoch: 16
[2025-08-04 10:37:29,525][root][INFO] - epoch: 17
[2025-08-04 10:58:29,317][root][INFO] - epoch: 18
[2025-08-04 11:19:29,654][root][INFO] - epoch: 19
[2025-08-04 11:40:29,570][root][INFO] - finished train
[2025-08-04 11:40:29,571][root][INFO] - starting eval
[2025-08-04 11:41:39,288][root][INFO] - finished eval
[2025-08-04 11:41:41,504][root][INFO] - starting train
[2025-08-04 11:41:41,504][root][INFO] - epoch: 0
[2025-08-04 12:02:44,744][root][INFO] - epoch: 1
[2025-08-04 12:23:45,451][root][INFO] - epoch: 2
[2025-08-04 12:44:47,698][root][INFO] - epoch: 3
[2025-08-04 13:05:48,849][root][INFO] - epoch: 4
[2025-08-04 13:26:50,154][root][INFO] - epoch: 5
[2025-08-04 13:47:50,385][root][INFO] - epoch: 6
[2025-08-04 14:08:51,366][root][INFO] - epoch: 7
[2025-08-04 14:29:52,062][root][INFO] - epoch: 8
[2025-08-04 14:50:52,745][root][INFO] - epoch: 9
[2025-08-04 15:11:54,198][root][INFO] - epoch: 10
[2025-08-04 15:32:54,907][root][INFO] - epoch: 11
[2025-08-04 15:53:57,022][root][INFO] - epoch: 12
[2025-08-04 16:14:57,420][root][INFO] - epoch: 13
[2025-08-04 16:35:58,509][root][INFO] - epoch: 14
[2025-08-04 16:56:59,795][root][INFO] - epoch: 15
[2025-08-04 17:18:02,039][root][INFO] - epoch: 16
[2025-08-04 17:39:03,820][root][INFO] - epoch: 17
[2025-08-04 18:00:03,803][root][INFO] - epoch: 18
[2025-08-04 18:21:04,432][root][INFO] - epoch: 19
[2025-08-04 18:42:05,747][root][INFO] - finished train
[2025-08-04 18:42:05,747][root][INFO] - starting eval
[2025-08-04 18:43:15,802][root][INFO] - finished eval
[2025-08-04 18:43:17,743][root][INFO] - starting train
[2025-08-04 18:43:17,743][root][INFO] - epoch: 0
[2025-08-04 19:04:18,353][root][INFO] - epoch: 1
[2025-08-04 19:25:17,865][root][INFO] - epoch: 2
[2025-08-04 19:46:18,142][root][INFO] - epoch: 3
[2025-08-04 20:07:17,386][root][INFO] - epoch: 4
[2025-08-04 20:28:17,241][root][INFO] - epoch: 5
[2025-08-04 20:49:17,102][root][INFO] - epoch: 6
[2025-08-04 21:10:16,626][root][INFO] - epoch: 7
[2025-08-04 21:31:15,727][root][INFO] - epoch: 8
[2025-08-04 21:52:15,805][root][INFO] - epoch: 9
[2025-08-04 22:13:15,991][root][INFO] - epoch: 10
[2025-08-04 22:34:14,461][root][INFO] - epoch: 11
[2025-08-04 22:55:13,839][root][INFO] - epoch: 12
[2025-08-04 23:16:12,400][root][INFO] - epoch: 13
[2025-08-04 23:37:10,179][root][INFO] - epoch: 14
[2025-08-04 23:58:09,739][root][INFO] - epoch: 15
[2025-08-05 00:19:08,106][root][INFO] - epoch: 16
[2025-08-05 00:40:07,029][root][INFO] - epoch: 17
[2025-08-05 01:01:06,031][root][INFO] - epoch: 18
[2025-08-05 01:22:06,199][root][INFO] - epoch: 19
[2025-08-05 01:43:05,488][root][INFO] - finished train
[2025-08-05 01:43:05,488][root][INFO] - starting eval
[2025-08-05 01:44:15,468][root][INFO] - finished eval
[2025-08-05 01:44:17,695][root][INFO] - starting train
[2025-08-05 01:44:17,695][root][INFO] - epoch: 0
[2025-08-05 02:05:19,523][root][INFO] - epoch: 1
[2025-08-05 02:26:19,777][root][INFO] - epoch: 2
[2025-08-05 02:47:20,161][root][INFO] - epoch: 3
[2025-08-05 03:08:21,314][root][INFO] - epoch: 4
[2025-08-05 03:29:22,732][root][INFO] - epoch: 5
[2025-08-05 03:50:25,111][root][INFO] - epoch: 6
[2025-08-05 04:11:26,605][root][INFO] - epoch: 7
[2025-08-05 04:32:27,717][root][INFO] - epoch: 8
[2025-08-05 04:53:28,870][root][INFO] - epoch: 9
[2025-08-05 05:14:31,547][root][INFO] - epoch: 10
[2025-08-05 05:35:31,197][root][INFO] - epoch: 11
[2025-08-05 05:56:31,831][root][INFO] - epoch: 12
[2025-08-05 06:17:32,846][root][INFO] - epoch: 13
[2025-08-05 06:38:34,784][root][INFO] - epoch: 14
[2025-08-05 06:59:35,093][root][INFO] - epoch: 15
[2025-08-05 07:20:35,402][root][INFO] - epoch: 16
[2025-08-05 07:41:34,253][root][INFO] - epoch: 17
[2025-08-05 08:02:34,691][root][INFO] - epoch: 18
[2025-08-05 08:23:35,709][root][INFO] - epoch: 19
[2025-08-05 08:44:38,718][root][INFO] - finished train
[2025-08-05 08:44:38,719][root][INFO] - starting eval
[2025-08-05 08:45:48,795][root][INFO] - finished eval
[2025-08-05 08:45:51,096][root][INFO] - starting train
[2025-08-05 08:45:51,096][root][INFO] - epoch: 0
[2025-08-05 09:06:52,164][root][INFO] - epoch: 1
[2025-08-05 09:27:52,687][root][INFO] - epoch: 2
[2025-08-05 09:48:53,030][root][INFO] - epoch: 3
[2025-08-05 10:09:53,762][root][INFO] - epoch: 4
[2025-08-05 10:30:54,461][root][INFO] - epoch: 5
[2025-08-05 10:51:56,397][root][INFO] - epoch: 6
[2025-08-05 11:12:55,316][root][INFO] - epoch: 7
[2025-08-05 11:33:57,692][root][INFO] - epoch: 8
[2025-08-05 11:54:57,877][root][INFO] - epoch: 9
[2025-08-05 12:15:58,571][root][INFO] - epoch: 10
[2025-08-05 12:37:00,554][root][INFO] - epoch: 11
[2025-08-05 12:58:02,757][root][INFO] - epoch: 12
[2025-08-05 13:19:05,092][root][INFO] - epoch: 13
[2025-08-05 13:40:06,026][root][INFO] - epoch: 14
[2025-08-05 14:01:07,095][root][INFO] - epoch: 15
[2025-08-05 14:22:06,450][root][INFO] - epoch: 16
[2025-08-05 14:43:06,484][root][INFO] - epoch: 17
[2025-08-05 15:04:06,352][root][INFO] - epoch: 18
[2025-08-05 15:25:07,490][root][INFO] - epoch: 19
[2025-08-05 15:46:07,844][root][INFO] - finished train
[2025-08-05 15:46:07,844][root][INFO] - starting eval
[2025-08-05 15:47:17,568][root][INFO] - finished eval
[2025-08-05 15:47:19,586][root][INFO] - starting train
[2025-08-05 15:47:19,587][root][INFO] - epoch: 0
[2025-08-05 16:08:21,601][root][INFO] - epoch: 1
[2025-08-05 16:29:23,188][root][INFO] - epoch: 2
[2025-08-05 16:50:24,150][root][INFO] - epoch: 3
[2025-08-05 17:11:24,725][root][INFO] - epoch: 4
[2025-08-05 17:32:25,100][root][INFO] - epoch: 5
[2025-08-05 17:53:27,185][root][INFO] - epoch: 6
[2025-08-05 18:14:29,000][root][INFO] - epoch: 7
[2025-08-05 18:35:31,274][root][INFO] - epoch: 8
[2025-08-05 18:56:31,962][root][INFO] - epoch: 9
[2025-08-05 19:17:34,927][root][INFO] - epoch: 10
[2025-08-05 19:38:36,416][root][INFO] - epoch: 11
[2025-08-05 19:59:37,250][root][INFO] - epoch: 12
[2025-08-05 20:20:40,196][root][INFO] - epoch: 13
[2025-08-05 20:41:40,935][root][INFO] - epoch: 14
[2025-08-05 21:02:42,028][root][INFO] - epoch: 15
[2025-08-05 21:23:41,190][root][INFO] - epoch: 16
[2025-08-05 21:44:41,453][root][INFO] - epoch: 17
[2025-08-05 22:05:42,398][root][INFO] - epoch: 18
[2025-08-05 22:26:43,437][root][INFO] - epoch: 19
[2025-08-05 22:47:44,881][root][INFO] - finished train
[2025-08-05 22:47:44,881][root][INFO] - starting eval
[2025-08-05 22:48:54,930][root][INFO] - finished eval
[2025-08-05 22:48:57,098][root][INFO] - starting train
[2025-08-05 22:48:57,098][root][INFO] - epoch: 0
[2025-08-05 23:09:58,596][root][INFO] - epoch: 1
[2025-08-05 23:30:59,113][root][INFO] - epoch: 2
[2025-08-05 23:52:00,762][root][INFO] - epoch: 3
[2025-08-06 00:13:00,538][root][INFO] - epoch: 4
[2025-08-06 00:34:00,713][root][INFO] - epoch: 5
[2025-08-06 00:55:01,675][root][INFO] - epoch: 6
[2025-08-06 01:16:01,617][root][INFO] - epoch: 7
[2025-08-06 01:37:00,735][root][INFO] - epoch: 8
[2025-08-06 01:58:01,311][root][INFO] - epoch: 9
[2025-08-06 02:19:01,724][root][INFO] - epoch: 10
[2025-08-06 02:40:00,997][root][INFO] - epoch: 11
[2025-08-06 03:01:02,462][root][INFO] - epoch: 12
[2025-08-06 03:22:03,428][root][INFO] - epoch: 13
[2025-08-06 03:43:03,654][root][INFO] - epoch: 14
[2025-08-06 04:04:03,721][root][INFO] - epoch: 15
[2025-08-06 04:25:04,673][root][INFO] - epoch: 16
[2025-08-06 04:46:05,619][root][INFO] - epoch: 17
[2025-08-06 05:07:05,597][root][INFO] - epoch: 18
[2025-08-06 05:28:05,693][root][INFO] - epoch: 19
[2025-08-06 05:49:05,290][root][INFO] - finished train
[2025-08-06 05:49:05,290][root][INFO] - starting eval
[2025-08-06 05:50:15,022][root][INFO] - finished eval
[2025-08-06 05:50:17,116][root][INFO] - starting train
[2025-08-06 05:50:17,116][root][INFO] - epoch: 0
[2025-08-06 06:11:18,448][root][INFO] - epoch: 1
[2025-08-06 06:32:19,058][root][INFO] - epoch: 2
[2025-08-06 06:53:20,503][root][INFO] - epoch: 3
[2025-08-06 07:14:20,343][root][INFO] - epoch: 4
[2025-08-06 07:35:18,533][root][INFO] - epoch: 5
[2025-08-06 07:56:19,172][root][INFO] - epoch: 6
[2025-08-06 08:17:19,530][root][INFO] - epoch: 7
[2025-08-06 08:38:18,169][root][INFO] - epoch: 8
[2025-08-06 08:59:16,907][root][INFO] - epoch: 9
[2025-08-06 09:20:18,090][root][INFO] - epoch: 10
[2025-08-06 09:41:16,528][root][INFO] - epoch: 11
[2025-08-06 10:02:15,351][root][INFO] - epoch: 12
[2025-08-06 10:23:15,227][root][INFO] - epoch: 13
[2025-08-06 10:44:15,448][root][INFO] - epoch: 14
[2025-08-06 11:05:15,061][root][INFO] - epoch: 15
[2025-08-06 11:26:13,083][root][INFO] - epoch: 16
[2025-08-06 11:47:13,432][root][INFO] - epoch: 17
[2025-08-06 12:08:13,334][root][INFO] - epoch: 18
[2025-08-06 12:29:13,640][root][INFO] - epoch: 19
[2025-08-06 12:50:15,674][root][INFO] - finished train
[2025-08-06 12:50:15,674][root][INFO] - starting eval
[2025-08-06 12:51:25,693][root][INFO] - finished eval
[2025-08-06 12:51:28,236][root][INFO] - starting train
[2025-08-06 12:51:28,236][root][INFO] - epoch: 0
[2025-08-06 13:12:29,570][root][INFO] - epoch: 1
[2025-08-06 13:33:30,627][root][INFO] - epoch: 2
[2025-08-06 13:54:33,268][root][INFO] - epoch: 3
[2025-08-06 14:15:33,822][root][INFO] - epoch: 4
[2025-08-06 14:36:33,396][root][INFO] - epoch: 5
[2025-08-06 14:57:32,943][root][INFO] - epoch: 6
[2025-08-06 15:18:33,389][root][INFO] - epoch: 7
[2025-08-06 15:39:33,778][root][INFO] - epoch: 8
[2025-08-06 16:00:32,954][root][INFO] - epoch: 9
[2025-08-06 16:21:32,907][root][INFO] - epoch: 10
[2025-08-06 16:42:32,292][root][INFO] - epoch: 11
[2025-08-06 17:03:32,001][root][INFO] - epoch: 12
[2025-08-06 17:24:30,896][root][INFO] - epoch: 13
[2025-08-06 17:45:29,978][root][INFO] - epoch: 14
[2025-08-06 18:06:30,772][root][INFO] - epoch: 15
[2025-08-06 18:27:30,945][root][INFO] - epoch: 16
[2025-08-06 18:48:32,090][root][INFO] - epoch: 17
[2025-08-06 19:09:33,220][root][INFO] - epoch: 18
[2025-08-06 19:30:34,530][root][INFO] - epoch: 19
[2025-08-06 19:51:34,507][root][INFO] - finished train
[2025-08-06 19:51:34,507][root][INFO] - starting eval
[2025-08-06 19:52:44,378][root][INFO] - finished eval
[2025-08-06 19:52:46,525][root][INFO] - starting train
[2025-08-06 19:52:46,525][root][INFO] - epoch: 0
[2025-08-06 20:13:47,540][root][INFO] - epoch: 1
[2025-08-06 20:34:51,817][root][INFO] - epoch: 2
[2025-08-06 20:55:54,472][root][INFO] - epoch: 3
[2025-08-06 21:16:58,332][root][INFO] - epoch: 4
[2025-08-06 21:38:00,846][root][INFO] - epoch: 5
[2025-08-06 21:59:04,832][root][INFO] - epoch: 6
[2025-08-06 22:20:05,721][root][INFO] - epoch: 7
[2025-08-06 22:41:08,460][root][INFO] - epoch: 8
[2025-08-06 23:02:09,666][root][INFO] - epoch: 9
[2025-08-06 23:23:12,274][root][INFO] - epoch: 10
[2025-08-06 23:44:14,349][root][INFO] - epoch: 11
[2025-08-07 00:05:15,857][root][INFO] - epoch: 12
[2025-08-07 00:26:16,470][root][INFO] - epoch: 13
[2025-08-07 00:47:18,495][root][INFO] - epoch: 14
[2025-08-07 01:08:20,830][root][INFO] - epoch: 15
[2025-08-07 01:29:22,529][root][INFO] - epoch: 16
[2025-08-07 01:50:23,933][root][INFO] - epoch: 17
[2025-08-07 02:11:25,960][root][INFO] - epoch: 18
[2025-08-07 02:32:28,436][root][INFO] - epoch: 19
[2025-08-07 02:53:31,907][root][INFO] - finished train
[2025-08-07 02:53:31,907][root][INFO] - starting eval
[2025-08-07 02:54:41,751][root][INFO] - finished eval
[2025-08-07 02:54:43,842][root][INFO] - starting train
[2025-08-07 02:54:43,842][root][INFO] - epoch: 0
[2025-08-07 03:15:46,812][root][INFO] - epoch: 1
[2025-08-07 03:36:49,505][root][INFO] - epoch: 2
[2025-08-07 03:57:50,451][root][INFO] - epoch: 3
[2025-08-07 04:18:51,904][root][INFO] - epoch: 4
[2025-08-07 04:39:51,382][root][INFO] - epoch: 5
[2025-08-07 05:00:51,316][root][INFO] - epoch: 6
[2025-08-07 05:21:49,853][root][INFO] - epoch: 7
[2025-08-07 05:42:49,998][root][INFO] - epoch: 8
[2025-08-07 06:03:49,641][root][INFO] - epoch: 9
[2025-08-07 06:24:49,052][root][INFO] - epoch: 10
[2025-08-07 06:45:48,472][root][INFO] - epoch: 11
[2025-08-07 07:06:48,644][root][INFO] - epoch: 12
[2025-08-07 07:27:47,239][root][INFO] - epoch: 13
[2025-08-07 07:48:46,066][root][INFO] - epoch: 14
[2025-08-07 08:09:44,625][root][INFO] - epoch: 15
[2025-08-07 08:30:44,046][root][INFO] - epoch: 16
[2025-08-07 08:51:44,270][root][INFO] - epoch: 17
[2025-08-07 09:12:44,877][root][INFO] - epoch: 18
[2025-08-07 09:33:45,540][root][INFO] - epoch: 19
[2025-08-07 09:54:46,397][root][INFO] - finished train
[2025-08-07 09:54:46,398][root][INFO] - starting eval
[2025-08-07 09:55:56,235][root][INFO] - finished eval
[2025-08-07 09:55:58,620][root][INFO] - starting train
[2025-08-07 09:55:58,620][root][INFO] - epoch: 0
[2025-08-07 10:17:00,475][root][INFO] - epoch: 1
[2025-08-07 10:38:02,948][root][INFO] - epoch: 2
[2025-08-07 10:59:04,477][root][INFO] - epoch: 3
[2025-08-07 11:20:06,168][root][INFO] - epoch: 4
[2025-08-07 11:41:08,441][root][INFO] - epoch: 5
[2025-08-07 12:02:10,806][root][INFO] - epoch: 6
[2025-08-07 12:23:13,623][root][INFO] - epoch: 7
[2025-08-07 12:44:14,964][root][INFO] - epoch: 8
[2025-08-07 13:05:16,833][root][INFO] - epoch: 9
[2025-08-07 13:26:18,616][root][INFO] - epoch: 10
[2025-08-07 13:47:22,630][root][INFO] - epoch: 11
[2025-08-07 14:08:24,944][root][INFO] - epoch: 12
[2025-08-07 14:29:27,312][root][INFO] - epoch: 13
[2025-08-07 14:50:28,847][root][INFO] - epoch: 14
[2025-08-07 15:11:30,019][root][INFO] - epoch: 15
[2025-08-07 15:32:32,250][root][INFO] - epoch: 16
[2025-08-07 15:53:34,474][root][INFO] - epoch: 17
[2025-08-07 16:14:37,131][root][INFO] - epoch: 18
[2025-08-07 16:35:40,690][root][INFO] - epoch: 19
[2025-08-07 16:56:43,514][root][INFO] - finished train
[2025-08-07 16:56:43,514][root][INFO] - starting eval
[2025-08-07 16:57:53,397][root][INFO] - finished eval
[2025-08-07 16:57:55,433][root][INFO] - starting train
[2025-08-07 16:57:55,433][root][INFO] - epoch: 0
[2025-08-07 17:18:56,583][root][INFO] - epoch: 1
[2025-08-07 17:39:58,139][root][INFO] - epoch: 2
[2025-08-07 18:00:59,077][root][INFO] - epoch: 3
[2025-08-07 18:22:00,212][root][INFO] - epoch: 4
[2025-08-07 18:43:00,047][root][INFO] - epoch: 5
[2025-08-07 19:04:00,301][root][INFO] - epoch: 6
[2025-08-07 19:24:59,348][root][INFO] - epoch: 7
[2025-08-07 19:46:00,672][root][INFO] - epoch: 8
[2025-08-07 20:07:02,334][root][INFO] - epoch: 9
[2025-08-07 20:28:02,895][root][INFO] - epoch: 10
[2025-08-07 20:49:03,503][root][INFO] - epoch: 11
[2025-08-07 21:10:04,331][root][INFO] - epoch: 12
[2025-08-07 21:31:04,896][root][INFO] - epoch: 13
[2025-08-07 21:52:06,505][root][INFO] - epoch: 14
[2025-08-07 22:13:07,080][root][INFO] - epoch: 15
[2025-08-07 22:34:08,165][root][INFO] - epoch: 16
[2025-08-07 22:55:08,624][root][INFO] - epoch: 17
[2025-08-07 23:16:10,172][root][INFO] - epoch: 18
[2025-08-07 23:37:11,286][root][INFO] - epoch: 19
[2025-08-07 23:58:12,310][root][INFO] - finished train
[2025-08-07 23:58:12,310][root][INFO] - starting eval
[2025-08-07 23:59:22,084][root][INFO] - finished eval
[2025-08-07 23:59:24,165][root][INFO] - starting train
[2025-08-07 23:59:24,165][root][INFO] - epoch: 0
[2025-08-08 00:20:24,404][root][INFO] - epoch: 1
[2025-08-08 00:41:25,709][root][INFO] - epoch: 2
[2025-08-08 01:02:25,432][root][INFO] - epoch: 3
[2025-08-08 01:23:25,316][root][INFO] - epoch: 4
[2025-08-08 01:44:24,307][root][INFO] - epoch: 5
[2025-08-08 02:05:23,974][root][INFO] - epoch: 6
[2025-08-08 02:26:25,533][root][INFO] - epoch: 7
[2025-08-08 02:47:26,463][root][INFO] - epoch: 8
[2025-08-08 03:08:26,870][root][INFO] - epoch: 9
[2025-08-08 03:29:26,233][root][INFO] - epoch: 10
[2025-08-08 03:50:26,172][root][INFO] - epoch: 11
[2025-08-08 04:11:25,403][root][INFO] - epoch: 12
[2025-08-08 04:32:24,443][root][INFO] - epoch: 13
[2025-08-08 04:53:24,659][root][INFO] - epoch: 14
[2025-08-08 05:14:23,919][root][INFO] - epoch: 15
[2025-08-08 05:35:24,104][root][INFO] - epoch: 16
[2025-08-08 05:56:24,518][root][INFO] - epoch: 17
[2025-08-08 06:17:25,332][root][INFO] - epoch: 18
[2025-08-08 06:38:25,594][root][INFO] - epoch: 19
[2025-08-08 06:59:26,872][root][INFO] - finished train
[2025-08-08 06:59:26,872][root][INFO] - starting eval
[2025-08-08 07:00:36,797][root][INFO] - finished eval
[2025-08-08 07:00:39,379][root][INFO] - starting train
[2025-08-08 07:00:39,380][root][INFO] - epoch: 0
[2025-08-08 07:21:40,190][root][INFO] - epoch: 1
[2025-08-08 07:42:41,359][root][INFO] - epoch: 2
[2025-08-08 08:03:41,243][root][INFO] - epoch: 3
[2025-08-08 08:24:42,602][root][INFO] - epoch: 4
[2025-08-08 08:45:44,970][root][INFO] - epoch: 5
[2025-08-08 09:06:45,693][root][INFO] - epoch: 6
[2025-08-08 09:27:46,535][root][INFO] - epoch: 7
[2025-08-08 09:48:47,757][root][INFO] - epoch: 8
[2025-08-08 10:09:49,878][root][INFO] - epoch: 9
[2025-08-08 10:30:51,493][root][INFO] - epoch: 10
[2025-08-08 10:51:51,323][root][INFO] - epoch: 11
[2025-08-08 11:12:51,914][root][INFO] - epoch: 12
[2025-08-08 11:33:53,338][root][INFO] - epoch: 13
[2025-08-08 11:54:55,188][root][INFO] - epoch: 14
[2025-08-08 12:15:56,610][root][INFO] - epoch: 15
[2025-08-08 12:36:58,322][root][INFO] - epoch: 16
[2025-08-08 12:57:58,011][root][INFO] - epoch: 17
[2025-08-08 13:18:58,735][root][INFO] - epoch: 18
[2025-08-08 13:39:58,636][root][INFO] - epoch: 19
[2025-08-08 14:00:59,467][root][INFO] - finished train
[2025-08-08 14:00:59,467][root][INFO] - starting eval
[2025-08-08 14:02:09,402][root][INFO] - finished eval
[2025-08-08 14:02:11,472][root][INFO] - starting train
[2025-08-08 14:02:11,473][root][INFO] - epoch: 0
[2025-08-08 14:23:12,524][root][INFO] - epoch: 1
[2025-08-08 14:44:13,087][root][INFO] - epoch: 2
[2025-08-08 15:05:14,406][root][INFO] - epoch: 3
[2025-08-08 15:26:14,514][root][INFO] - epoch: 4
[2025-08-08 15:47:15,008][root][INFO] - epoch: 5
[2025-08-08 16:08:17,610][root][INFO] - epoch: 6
[2025-08-08 16:29:18,283][root][INFO] - epoch: 7
[2025-08-08 16:50:19,001][root][INFO] - epoch: 8
[2025-08-08 17:11:19,931][root][INFO] - epoch: 9
[2025-08-08 17:32:20,791][root][INFO] - epoch: 10
[2025-08-08 17:53:21,826][root][INFO] - epoch: 11
[2025-08-08 18:14:21,385][root][INFO] - epoch: 12
[2025-08-08 18:35:21,272][root][INFO] - epoch: 13
[2025-08-08 18:56:22,239][root][INFO] - epoch: 14
[2025-08-08 19:17:24,276][root][INFO] - epoch: 15
[2025-08-08 19:38:25,442][root][INFO] - epoch: 16
[2025-08-08 19:59:26,078][root][INFO] - epoch: 17
[2025-08-08 20:20:27,983][root][INFO] - epoch: 18
[2025-08-08 20:41:30,965][root][INFO] - epoch: 19
[2025-08-08 21:02:31,100][root][INFO] - finished train
[2025-08-08 21:02:31,100][root][INFO] - starting eval
[2025-08-08 21:03:40,897][root][INFO] - finished eval
[2025-08-08 21:03:43,029][root][INFO] - starting train
[2025-08-08 21:03:43,029][root][INFO] - epoch: 0
[2025-08-08 21:24:43,876][root][INFO] - epoch: 1
[2025-08-08 21:45:43,536][root][INFO] - epoch: 2
[2025-08-08 22:06:44,355][root][INFO] - epoch: 3
[2025-08-08 22:27:45,764][root][INFO] - epoch: 4
[2025-08-08 22:48:48,701][root][INFO] - epoch: 5
[2025-08-08 23:09:48,974][root][INFO] - epoch: 6
[2025-08-08 23:30:50,019][root][INFO] - epoch: 7
[2025-08-08 23:51:49,913][root][INFO] - epoch: 8
[2025-08-09 00:12:50,161][root][INFO] - epoch: 9
[2025-08-09 00:33:49,956][root][INFO] - epoch: 10
[2025-08-09 00:54:50,869][root][INFO] - epoch: 11
[2025-08-09 01:15:51,447][root][INFO] - epoch: 12
[2025-08-09 01:36:52,340][root][INFO] - epoch: 13
[2025-08-09 01:57:53,518][root][INFO] - epoch: 14
[2025-08-09 02:18:54,171][root][INFO] - epoch: 15
[2025-08-09 02:39:54,263][root][INFO] - epoch: 16
[2025-08-09 03:00:55,582][root][INFO] - epoch: 17
[2025-08-09 03:21:56,331][root][INFO] - epoch: 18
[2025-08-09 03:42:57,254][root][INFO] - epoch: 19
[2025-08-09 04:03:58,139][root][INFO] - finished train
[2025-08-09 04:03:58,140][root][INFO] - starting eval
[2025-08-09 04:05:08,066][root][INFO] - finished eval
[2025-08-09 04:05:10,219][root][INFO] - starting train
[2025-08-09 04:05:10,219][root][INFO] - epoch: 0
[2025-08-09 04:26:11,389][root][INFO] - epoch: 1
[2025-08-09 04:47:12,639][root][INFO] - epoch: 2
[2025-08-09 05:08:12,497][root][INFO] - epoch: 3
[2025-08-09 05:29:13,130][root][INFO] - epoch: 4
[2025-08-09 05:50:13,848][root][INFO] - epoch: 5
[2025-08-09 06:11:15,984][root][INFO] - epoch: 6
[2025-08-09 06:32:17,880][root][INFO] - epoch: 7
[2025-08-09 06:53:19,101][root][INFO] - epoch: 8
[2025-08-09 07:14:19,827][root][INFO] - epoch: 9
[2025-08-09 07:35:20,220][root][INFO] - epoch: 10
[2025-08-09 07:56:22,841][root][INFO] - epoch: 11
[2025-08-09 08:17:24,831][root][INFO] - epoch: 12
[2025-08-09 08:38:25,540][root][INFO] - epoch: 13
[2025-08-09 08:59:27,239][root][INFO] - epoch: 14
[2025-08-09 09:20:28,785][root][INFO] - epoch: 15
[2025-08-09 09:41:29,309][root][INFO] - epoch: 16
[2025-08-09 10:02:30,426][root][INFO] - epoch: 17
[2025-08-09 10:23:31,172][root][INFO] - epoch: 18
[2025-08-09 10:44:31,485][root][INFO] - epoch: 19
[2025-08-09 11:05:31,464][root][INFO] - finished train
[2025-08-09 11:05:31,464][root][INFO] - starting eval
[2025-08-09 11:06:41,432][root][INFO] - finished eval
[2025-08-09 11:06:43,312][root][INFO] - starting train
[2025-08-09 11:06:43,312][root][INFO] - epoch: 0
[2025-08-09 11:27:43,717][root][INFO] - epoch: 1
[2025-08-09 11:48:44,796][root][INFO] - epoch: 2
[2025-08-09 12:09:45,570][root][INFO] - epoch: 3
[2025-08-09 12:30:46,614][root][INFO] - epoch: 4
[2025-08-09 12:51:47,354][root][INFO] - epoch: 5
[2025-08-09 13:12:47,652][root][INFO] - epoch: 6
[2025-08-09 13:33:48,274][root][INFO] - epoch: 7
[2025-08-09 13:54:49,555][root][INFO] - epoch: 8
[2025-08-09 14:15:50,656][root][INFO] - epoch: 9
[2025-08-09 14:36:52,244][root][INFO] - epoch: 10
[2025-08-09 14:57:53,531][root][INFO] - epoch: 11
[2025-08-09 15:18:56,176][root][INFO] - epoch: 12
[2025-08-09 15:39:56,286][root][INFO] - epoch: 13
[2025-08-09 16:00:55,708][root][INFO] - epoch: 14
[2025-08-09 16:21:57,087][root][INFO] - epoch: 15
[2025-08-09 16:42:58,648][root][INFO] - epoch: 16
[2025-08-09 17:04:00,301][root][INFO] - epoch: 17
[2025-08-09 17:24:59,524][root][INFO] - epoch: 18
[2025-08-09 17:45:59,496][root][INFO] - epoch: 19
[2025-08-09 18:07:00,640][root][INFO] - finished train
[2025-08-09 18:07:00,640][root][INFO] - starting eval
[2025-08-09 18:08:10,548][root][INFO] - finished eval
[2025-08-09 18:08:12,716][root][INFO] - starting train
[2025-08-09 18:08:12,716][root][INFO] - epoch: 0
[2025-08-09 18:29:13,071][root][INFO] - epoch: 1
[2025-08-09 18:50:13,115][root][INFO] - epoch: 2
[2025-08-09 19:11:12,567][root][INFO] - epoch: 3
[2025-08-09 19:32:11,842][root][INFO] - epoch: 4
[2025-08-09 19:53:11,953][root][INFO] - epoch: 5
[2025-08-09 20:14:12,610][root][INFO] - epoch: 6
[2025-08-09 20:35:12,435][root][INFO] - epoch: 7
[2025-08-09 20:56:10,228][root][INFO] - epoch: 8
[2025-08-09 21:17:07,993][root][INFO] - epoch: 9
[2025-08-09 21:38:08,826][root][INFO] - epoch: 10
[2025-08-09 21:59:08,829][root][INFO] - epoch: 11
[2025-08-09 22:20:06,572][root][INFO] - epoch: 12
[2025-08-09 22:41:05,351][root][INFO] - epoch: 13
[2025-08-09 23:02:05,026][root][INFO] - epoch: 14
[2025-08-09 23:23:05,579][root][INFO] - epoch: 15
[2025-08-09 23:44:05,558][root][INFO] - epoch: 16
[2025-08-10 00:05:05,413][root][INFO] - epoch: 17
[2025-08-10 00:26:05,985][root][INFO] - epoch: 18
[2025-08-10 00:47:06,099][root][INFO] - epoch: 19
[2025-08-10 01:08:05,903][root][INFO] - finished train
[2025-08-10 01:08:05,903][root][INFO] - starting eval
[2025-08-10 01:09:15,761][root][INFO] - finished eval
[2025-08-10 01:09:18,515][root][INFO] - starting train
[2025-08-10 01:09:18,515][root][INFO] - epoch: 0
[2025-08-10 01:30:18,585][root][INFO] - epoch: 1
[2025-08-10 01:51:21,826][root][INFO] - epoch: 2
[2025-08-10 02:12:23,686][root][INFO] - epoch: 3
[2025-08-10 02:33:25,409][root][INFO] - epoch: 4
[2025-08-10 02:54:27,387][root][INFO] - epoch: 5
[2025-08-10 03:15:27,884][root][INFO] - epoch: 6
[2025-08-10 03:36:30,204][root][INFO] - epoch: 7
[2025-08-10 03:57:31,952][root][INFO] - epoch: 8
[2025-08-10 04:18:32,447][root][INFO] - epoch: 9
[2025-08-10 04:39:35,384][root][INFO] - epoch: 10
[2025-08-10 05:00:37,607][root][INFO] - epoch: 11
[2025-08-10 05:21:38,178][root][INFO] - epoch: 12
[2025-08-10 05:42:38,899][root][INFO] - epoch: 13
[2025-08-10 06:03:39,993][root][INFO] - epoch: 14
[2025-08-10 06:24:41,312][root][INFO] - epoch: 15
[2025-08-10 06:45:42,684][root][INFO] - epoch: 16
[2025-08-10 07:06:45,047][root][INFO] - epoch: 17
[2025-08-10 07:27:45,173][root][INFO] - epoch: 18
[2025-08-10 07:48:46,332][root][INFO] - epoch: 19
[2025-08-10 08:09:47,002][root][INFO] - finished train
[2025-08-10 08:09:47,002][root][INFO] - starting eval
[2025-08-10 08:10:56,917][root][INFO] - finished eval
[2025-08-10 08:10:58,854][root][INFO] - starting train
[2025-08-10 08:10:58,854][root][INFO] - epoch: 0
[2025-08-10 08:32:02,189][root][INFO] - epoch: 1
[2025-08-10 08:53:04,994][root][INFO] - epoch: 2
[2025-08-10 09:14:08,354][root][INFO] - epoch: 3
[2025-08-10 09:35:10,090][root][INFO] - epoch: 4
[2025-08-10 09:56:12,824][root][INFO] - epoch: 5
[2025-08-10 10:17:14,146][root][INFO] - epoch: 6
[2025-08-10 10:38:14,190][root][INFO] - epoch: 7
[2025-08-10 10:59:15,028][root][INFO] - epoch: 8
[2025-08-10 11:20:16,424][root][INFO] - epoch: 9
[2025-08-10 11:41:17,445][root][INFO] - epoch: 10
[2025-08-10 12:02:18,446][root][INFO] - epoch: 11
[2025-08-10 12:23:18,948][root][INFO] - epoch: 12
[2025-08-10 12:44:20,281][root][INFO] - epoch: 13
[2025-08-10 13:05:21,066][root][INFO] - epoch: 14
[2025-08-10 13:26:23,574][root][INFO] - epoch: 15
[2025-08-10 13:47:24,869][root][INFO] - epoch: 16
[2025-08-10 14:08:26,797][root][INFO] - epoch: 17
[2025-08-10 14:29:28,436][root][INFO] - epoch: 18
[2025-08-10 14:50:29,802][root][INFO] - epoch: 19
[2025-08-10 15:11:31,561][root][INFO] - finished train
[2025-08-10 15:11:31,561][root][INFO] - starting eval
[2025-08-10 15:12:41,643][root][INFO] - finished eval
[2025-08-10 15:12:43,873][root][INFO] - starting train
[2025-08-10 15:12:43,873][root][INFO] - epoch: 0
[2025-08-10 15:33:44,650][root][INFO] - epoch: 1
[2025-08-10 15:54:46,323][root][INFO] - epoch: 2
[2025-08-10 16:15:46,287][root][INFO] - epoch: 3
[2025-08-10 16:36:46,933][root][INFO] - epoch: 4
[2025-08-10 16:57:47,049][root][INFO] - epoch: 5
[2025-08-10 17:18:46,245][root][INFO] - epoch: 6
[2025-08-10 17:39:45,294][root][INFO] - epoch: 7
[2025-08-10 18:00:44,589][root][INFO] - epoch: 8
[2025-08-10 18:21:45,854][root][INFO] - epoch: 9
[2025-08-10 18:42:45,541][root][INFO] - epoch: 10
[2025-08-10 19:03:45,229][root][INFO] - epoch: 11
[2025-08-10 19:24:46,187][root][INFO] - epoch: 12
[2025-08-10 19:45:45,339][root][INFO] - epoch: 13
[2025-08-10 20:06:45,019][root][INFO] - epoch: 14
[2025-08-10 20:27:45,344][root][INFO] - epoch: 15
[2025-08-10 20:48:43,959][root][INFO] - epoch: 16
[2025-08-10 21:09:44,462][root][INFO] - epoch: 17
[2025-08-10 21:30:46,087][root][INFO] - epoch: 18
[2025-08-10 21:51:45,369][root][INFO] - epoch: 19
[2025-08-10 22:12:44,367][root][INFO] - finished train
[2025-08-10 22:12:44,367][root][INFO] - starting eval
[2025-08-10 22:13:54,465][root][INFO] - finished eval
[2025-08-10 22:13:54,470][root][INFO] - Finished
[2025-08-10 22:13:54,471][root][INFO] -  lr: 1.0579540226219465e-05
[2025-08-10 22:13:54,471][root][INFO] -  weight_decay: 0.0002751306573625452
